cmov.csv
"STORE","UPC","WEEK","MOVE","QTY","PRICE","SALE","PROFIT","OK","PRICE_HEX","PROFIT_HEX"
8,2100061223,83,247,1,1.16,"",28.79,1,"3FF28F5C28F5C28F","403CCA3D70A3D70A"
8,2100061223,84,167,1,1.16,"",28.79,1,"3FF28F5C28F5C28F","403CCA3D70A3D70A"
8,2100061223,85,246,1,1.16,"",28.79,1,"3FF28F5C28F5C28F","403CCA3D70A3D70A"
8,2100061223,86,250,1,1.16,"",28.79,1,"3FF28F5C28F5C28F","403CCA3D70A3D70A"
8,2100061223,87,328,1,1.16,"",23.45,1,"3FF28F5C28F5C28F","4037733333333333"
8,2100061223,88,289,1,0.99,"B",19.39,1,"3FEFAE147AE147AE","403363D70A3D70A4"
8,2100061223,89,315,1,0.99,"B",16.57,1,"3FEFAE147AE147AE","403091EB851EB852"
8,2100061223,90,325,1,0.99,"B",16.36,1,"3FEFAE147AE147AE","40305C28F5C28F5C"
8,2100061223,91,669,1,0.99,"B",16.36,1,"3FEFAE147AE147AE","40305C28F5C28F5C"
8,2100061223,92,361,1,0.99,"B",16.36,1,"3FEFAE147AE147AE","40305C28F5C28F5C"
8,2100061223,93,204,1,1.16,"",28.62,1,"3FF28F5C28F5C28F","403C9EB851EB851F"
8,2100061223,94,212,1,1.16,"",28.62,1,"3FF28F5C28F5C28F","403C9EB851EB851F"
8,2100061223,95,254,1,1.16,"",28.62,1,"3FF28F5C28F5C28F","403C9EB851EB851F"
8,2100061223,96,168,1,1.16,"",27.16,1,"3FF28F5C28F5C28F","403B28F5C28F5C29"
8,2100061223,97,194,1,1.16,"",23.62,1,"3FF28F5C28F5C28F","40379EB851EB851F"
8,2100061223,98,200,1,1.16,"",23.45,1,"3FF28F5C28F5C28F","4037733333333333"
8,2100061223,99,197,1,1.21,"",26.61,1,"3FF35C28F5C28F5C","403A9C28F5C28F5C"
8,2100061223,100,217,1,1.21,"",30.08,1,"3FF35C28F5C28F5C","403E147AE147AE14"
8,2100061223,101,269,1,1.21,"",31.16,1,"3FF35C28F5C28F5C","403F28F5C28F5C29"
8,2100061223,102,1219,1,0.89,"B",6.85,1,"3FEC7AE147AE147B","401B666666666666"
8,2100061223,103,755,1,0.89,"B",6.85,1,"3FEC7AE147AE147B","401B666666666666"
8,2100061223,104,332,1,0.89,"",6.85,1,"3FEC7AE147AE147B","401B666666666666"
8,2100061223,105,195,1,1.21,"",31.49,1,"3FF35C28F5C28F5C","403F7D70A3D70A3D"
8,2100061223,106,158,1,1.21,"",31.49,1,"3FF35C28F5C28F5C","403F7D70A3D70A3D"
8,2100061223,107,349,1,1.09,"S",22.66,1,"3FF170A3D70A3D71","4036A8F5C28F5C29"
8,2100061223,108,179,1,1.21,"",29.83,1,"3FF35C28F5C28F5C","403DD47AE147AE14"
8,2100061223,109,233,1,1.21,"",29.67,1,"3FF35C28F5C28F5C","403DAB851EB851EC"
8,2100061223,110,267,1,1.21,"",29.67,1,"3FF35C28F5C28F5C","403DAB851EB851EC"
8,2100061223,111,526,1,1.21,"",29.67,1,"3FF35C28F5C28F5C","403DAB851EB851EC"
8,2100061223,112,2807,1,0.89,"B",3.6,1,"3FEC7AE147AE147B","400CCCCCCCCCCCCD"
8,2100061223,113,461,1,0.89,"B",10.45,1,"3FEC7AE147AE147B","4024E66666666666"
8,2100061223,114,341,1,1.21,"",34.13,1,"3FF35C28F5C28F5C","404110A3D70A3D71"
8,2100061223,115,848,1,1.21,"",34.13,1,"3FF35C28F5C28F5C","404110A3D70A3D71"
8,2100061223,116,2848,1,0.99,"B",14.34,1,"3FEFAE147AE147AE","402CAE147AE147AE"
8,2100061223,117,868,1,0.99,"B",14.34,1,"3FEFAE147AE147AE","402CAE147AE147AE"
8,2100061223,118,326,1,0.99,"B",10.51,1,"3FEFAE147AE147AE","4025051EB851EB85"
8,2100061223,119,163,1,1.21,"",26.78,1,"3FF35C28F5C28F5C","403AC7AE147AE148"
8,2100061223,120,414,1,1.19,"B",26.72,1,"3FF30A3D70A3D70A","403AB851EB851EB8"
8,2100061223,121,353,1,1.19,"",26.81,1,"3FF30A3D70A3D70A","403ACF5C28F5C28F"
8,2100061223,122,146,1,1.21,"",28.02,1,"3FF35C28F5C28F5C","403C051EB851EB85"
8,2100061223,123,184,1,1.21,"",28.02,1,"3FF35C28F5C28F5C","403C051EB851EB85"
8,2100061223,124,155,1,1.21,"",28.02,1,"3FF35C28F5C28F5C","403C051EB851EB85"
8,2100061223,125,156,1,1.21,"",29.92,1,"3FF35C28F5C28F5C","403DEB851EB851EC"
8,2100061223,126,202,1,1.21,"",29.92,1,"3FF35C28F5C28F5C","403DEB851EB851EC"
8,2100061223,127,208,1,1.19,"",28.74,1,"3FF30A3D70A3D70A","403CBD70A3D70A3D"
8,2100061223,128,217,1,1.19,"",30.42,1,"3FF30A3D70A3D70A","403E6B851EB851EC"
8,2100061223,129,406,1,0.99,"",23.43,1,"3FEFAE147AE147AE","40376E147AE147AE"
8,2100061223,130,481,1,0.99,"B",23.43,1,"3FEFAE147AE147AE","40376E147AE147AE"
8,2100061223,131,271,1,0.99,"B",23.43,1,"3FEFAE147AE147AE","40376E147AE147AE"
8,2100061223,132,1006,1,0.99,"B",16.36,1,"3FEFAE147AE147AE","40305C28F5C28F5C"
8,2100061223,133,1127,1,0.99,"B",16.36,1,"3FEFAE147AE147AE","40305C28F5C28F5C"
8,2100061223,134,274,1,0.99,"B",16.36,1,"3FEFAE147AE147AE","40305C28F5C28F5C"
8,2100061223,135,228,1,1.19,"",30.42,1,"3FF30A3D70A3D70A","403E6B851EB851EC"
8,2100061223,136,630,1,0.99,"B",16.36,1,"3FEFAE147AE147AE","40305C28F5C28F5C"
8,2100061223,137,373,1,0.99,"",16.36,1,"3FEFAE147AE147AE","40305C28F5C28F5C"
8,2100061223,138,226,1,1.19,"",30.42,1,"3FF30A3D70A3D70A","403E6B851EB851EC"
8,2100061223,139,196,1,1.19,"",30.42,1,"3FF30A3D70A3D70A","403E6B851EB851EC"
8,2100061223,140,174,1,1.19,"",30.42,1,"3FF30A3D70A3D70A","403E6B851EB851EC"
8,2100061223,141,245,1,1.12,"",26.07,1,"3FF1EB851EB851EC","403A11EB851EB852"
8,2100061223,142,752,1,1.09,"B",24.04,1,"3FF170A3D70A3D71","40380A3D70A3D70A"
8,2100061223,143,678,1,1.09,"B",24.04,1,"3FF170A3D70A3D71","40380A3D70A3D70A"
8,2100061223,144,196,1,1.12,"",26.16,1,"3FF1EB851EB851EC","403A28F5C28F5C29"
8,2100061223,145,209,1,1.12,"",26.16,1,"3FF1EB851EB851EC","403A28F5C28F5C29"
8,2100061223,146,239,1,1.12,"",26.25,1,"3FF1EB851EB851EC","403A400000000000"
8,2100061223,147,222,1,1.12,"",26.25,1,"3FF1EB851EB851EC","403A400000000000"
8,2100061223,148,245,1,1.12,"",26.25,1,"3FF1EB851EB851EC","403A400000000000"
8,2100061223,149,281,1,1.12,"",26.25,1,"3FF1EB851EB851EC","403A400000000000"
8,2100061223,150,246,1,1.12,"",26.07,1,"3FF1EB851EB851EC","403A11EB851EB852"
8,2100061223,151,541,1,1.12,"B",26.25,1,"3FF1EB851EB851EC","403A400000000000"
8,2100061223,152,425,1,1.12,"B",26.25,1,"3FF1EB851EB851EC","403A400000000000"
8,2100061223,153,271,1,1.12,"",26.25,1,"3FF1EB851EB851EC","403A400000000000"
8,2100061223,154,207,1,1.12,"",26.25,1,"3FF1EB851EB851EC","403A400000000000"
8,2100061223,155,187,1,1.12,"",26.25,1,"3FF1EB851EB851EC","403A400000000000"
8,2100061223,156,191,1,1.12,"",26.25,1,"3FF1EB851EB851EC","403A400000000000"
8,2100061223,157,209,1,1.12,"",26.25,1,"3FF1EB851EB851EC","403A400000000000"
8,2100061223,158,250,1,1.12,"",26.25,1,"3FF1EB851EB851EC","403A400000000000"
8,2100061223,159,227,1,1.12,"",26.25,1,"3FF1EB851EB851EC","403A400000000000"
8,2100061223,160,230,1,1.12,"",26.25,1,"3FF1EB851EB851EC","403A400000000000"
8,2100061223,161,230,1,1.12,"",26.25,1,"3FF1EB851EB851EC","403A400000000000"
8,2100061223,162,1530,1,0.99,"B",16.57,1,"3FEFAE147AE147AE","403091EB851EB852"
8,2100061223,163,2549,1,0.99,"B",16.57,1,"3FEFAE147AE147AE","403091EB851EB852"
8,2100061223,164,366,1,0.99,"B",16.57,1,"3FEFAE147AE147AE","403091EB851EB852"
8,2100061223,165,358,1,1.12,"",26.25,1,"3FF1EB851EB851EC","403A400000000000"
8,2100061223,166,600,1,1.12,"",26.25,1,"3FF1EB851EB851EC","403A400000000000"
8,2100061223,167,2839,1,1.12,"",26.25,1,"3FF1EB851EB851EC","403A400000000000"
8,2100061223,168,153,1,1.12,"",26.25,1,"3FF1EB851EB851EC","403A400000000000"
8,2100061223,169,180,1,1.12,"",26.25,1,"3FF1EB851EB851EC","403A400000000000"
8,2100061223,170,121,1,1.12,"",26.25,1,"3FF1EB851EB851EC","403A400000000000"
8,2100061223,171,552,1,1.09,"B",24.22,1,"3FF170A3D70A3D71","40383851EB851EB8"
8,2100061223,172,482,1,1.09,"B",24.22,1,"3FF170A3D70A3D71","40383851EB851EB8"
8,2100061223,173,165,1,1.12,"",26.25,1,"3FF1EB851EB851EC","403A400000000000"
8,2100061223,174,178,1,1.12,"",26.25,1,"3FF1EB851EB851EC","403A400000000000"
8,2100061223,175,185,1,1.09,"B",24.22,1,"3FF170A3D70A3D71","40383851EB851EB8"
8,2100061223,176,220,1,1.09,"B",24.22,1,"3FF170A3D70A3D71","40383851EB851EB8"
8,2100061223,177,207,1,1.09,"B",24.22,1,"3FF170A3D70A3D71","40383851EB851EB8"
8,2100061223,178,201,1,1.09,"B",24.22,1,"3FF170A3D70A3D71","40383851EB851EB8"
8,2100061223,179,191,1,1.12,"",26.25,1,"3FF1EB851EB851EC","403A400000000000"
8,2100061223,180,351,1,0.99,"B",16.57,1,"3FEFAE147AE147AE","403091EB851EB852"
8,2100061223,181,1647,1,0.99,"B",16.57,1,"3FEFAE147AE147AE","403091EB851EB852"
8,2100061223,182,291,1,1.12,"",26.25,1,"3FF1EB851EB851EC","403A400000000000"
8,2100061223,183,241,1,1.12,"",26.25,1,"3FF1EB851EB851EC","403A400000000000"
8,2100061223,184,247,1,0.99,"B",16.57,1,"3FEFAE147AE147AE","403091EB851EB852"
8,2100061223,185,288,1,0.99,"B",16.57,1,"3FEFAE147AE147AE","403091EB851EB852"
8,2100061223,186,233,1,1.12,"B",26.25,1,"3FF1EB851EB851EC","403A400000000000"
8,2100061223,187,181,1,1.12,"B",26.25,1,"3FF1EB851EB851EC","403A400000000000"
8,2100061223,188,508,1,0.99,"S",16.57,1,"3FEFAE147AE147AE","403091EB851EB852"
8,2100061223,189,344,1,1.12,"",26.25,1,"3FF1EB851EB851EC","403A400000000000"
8,2100061223,190,146,1,1.12,"",26.25,1,"3FF1EB851EB851EC","403A400000000000"
8,2100061223,191,165,1,1.25,"",33.92,1,"3FF4000000000000","4040F5C28F5C28F6"
8,2100061223,192,211,1,1.25,"",33.92,1,"3FF4000000000000","4040F5C28F5C28F6"
8,2100061223,193,504,1,0.99,"S",16.56,1,"3FEFAE147AE147AE","40308F5C28F5C28F"
8,2100061223,194,331,1,1.24,"S",33.38,1,"3FF3D70A3D70A3D7","4040B0A3D70A3D71"
8,2100061223,195,154,1,1.25,"",32.96,1,"3FF4000000000000","40407AE147AE147B"
8,2100061223,196,169,1,1.25,"",29.84,1,"3FF4000000000000","403DD70A3D70A3D7"
8,2100061223,197,232,1,1.25,"",29.44,1,"3FF4000000000000","403D70A3D70A3D71"
8,2100061223,198,177,1,1.25,"",29.28,1,"3FF4000000000000","403D47AE147AE148"
8,2100061223,199,183,1,1.25,"",30.8,1,"3FF4000000000000","403ECCCCCCCCCCCD"
8,2100061223,200,225,1,1.25,"",33.92,1,"3FF4000000000000","4040F5C28F5C28F6"
8,2100061223,201,472,1,1.09,"B",24.22,1,"3FF170A3D70A3D71","40383851EB851EB8"
8,2100061223,202,344,1,1.11,"B",25.58,1,"3FF1C28F5C28F5C3","4039947AE147AE14"
8,2100061223,203,236,1,1.25,"",33.92,1,"3FF4000000000000","4040F5C28F5C28F6"
8,2100061223,204,163,1,1.25,"",33.92,1,"3FF4000000000000","4040F5C28F5C28F6"
8,2100061223,205,553,1,0.99,"S",16.56,1,"3FEFAE147AE147AE","40308F5C28F5C28F"
8,2100061223,206,139,1,1.23,"",32.84,1,"3FF3AE147AE147AE","40406B851EB851EC"
8,2100061223,207,155,1,1.17,"B",29.4,1,"3FF2B851EB851EB8","403D666666666666"
8,2100061223,208,127,1,1.24,"",33.38,1,"3FF3D70A3D70A3D7","4040B0A3D70A3D71"
8,2100061223,209,163,1,1.22,"B",32.29,1,"3FF3851EB851EB85","4040251EB851EB85"
8,2100061223,210,654,1,0.99,"B",16.56,1,"3FEFAE147AE147AE","40308F5C28F5C28F"
8,2100061223,211,432,1,1.01,"B",18.21,1,"3FF028F5C28F5C29","403235C28F5C28F6"
8,2100061223,212,152,1,1.25,"",33.92,1,"3FF4000000000000","4040F5C28F5C28F6"
8,2100061223,213,178,1,1.25,"",33.92,1,"3FF4000000000000","4040F5C28F5C28F6"
8,2100061223,214,306,1,1,"S",17.4,1,"3FF0000000000000","4031666666666666"
8,2100061223,215,233,1,1.25,"",33.92,1,"3FF4000000000000","4040F5C28F5C28F6"
8,2100061223,216,424,1,1.25,"",60.08,1,"3FF4000000000000","404E0A3D70A3D70A"
8,2100061223,217,2097,1,0.54,"B",-52.96,1,"3FE147AE147AE148","C04A7AE147AE147B"
8,2100061223,218,429,1,1.25,"",33.92,1,"3FF4000000000000","4040F5C28F5C28F6"
8,2100061223,219,170,1,1.25,"",33.92,1,"3FF4000000000000","4040F5C28F5C28F6"
8,2100061223,220,155,1,1.25,"",33.92,1,"3FF4000000000000","4040F5C28F5C28F6"
8,2100061223,221,567,1,0.99,"S",16.56,1,"3FEFAE147AE147AE","40308F5C28F5C28F"
8,2100061223,222,179,1,1.23,"S",32.84,1,"3FF3AE147AE147AE","40406B851EB851EC"
8,2100061223,223,136,1,1.19,"",30.58,1,"3FF30A3D70A3D70A","403E947AE147AE14"
8,2100061223,224,161,1,1.19,"",30.58,1,"3FF30A3D70A3D70A","403E947AE147AE14"
8,2100061223,225,136,1,1.19,"",30.58,1,"3FF30A3D70A3D70A","403E947AE147AE14"
8,2100061223,226,161,1,1.19,"",30.58,1,"3FF30A3D70A3D70A","403E947AE147AE14"
8,2100061223,227,272,1,0.99,"",16.56,1,"3FEFAE147AE147AE","40308F5C28F5C28F"
8,2100061223,228,167,1,1.19,"",30.58,1,"3FF30A3D70A3D70A","403E947AE147AE14"
8,2100061223,229,162,1,1.19,"",30.58,1,"3FF30A3D70A3D70A","403E947AE147AE14"
8,2100061223,230,2463,1,0.5,"",-65.2,1,"3FE0000000000000","C0504CCCCCCCCCCD"
8,2100061223,231,240,1,1.12,"",26.25,1,"3FF1EB851EB851EC","403A400000000000"
8,2100061223,232,115,1,1.19,"",30.58,1,"3FF30A3D70A3D70A","403E947AE147AE14"
8,2100061223,233,121,1,1.19,"",30.58,1,"3FF30A3D70A3D70A","403E947AE147AE14"
8,2100061223,234,129,1,1.19,"",30.58,1,"3FF30A3D70A3D70A","403E947AE147AE14"
8,2100061223,235,258,1,0.99,"",24.64,1,"3FEFAE147AE147AE","4038A3D70A3D70A4"
8,2100061223,236,186,1,1.18,"S",38.47,1,"3FF2E147AE147AE1","40433C28F5C28F5C"
8,2100061223,237,124,1,1.19,"",38.99,1,"3FF30A3D70A3D70A","40437EB851EB851F"
8,2100061223,238,342,1,0.99,"S",26.66,1,"3FEFAE147AE147AE","403AA8F5C28F5C29"
8,2100061223,239,188,1,1.18,"S",38.47,1,"3FF2E147AE147AE1","40433C28F5C28F5C"
8,2100061223,240,157,1,1.19,"",38.99,1,"3FF30A3D70A3D70A","40437EB851EB851F"
8,2100061223,241,117,1,1.19,"",38.99,1,"3FF30A3D70A3D70A","40437EB851EB851F"
8,2100061223,242,157,1,1.19,"",38.99,1,"3FF30A3D70A3D70A","40437EB851EB851F"
8,2100061223,243,322,1,0.99,"",26.66,1,"3FEFAE147AE147AE","403AA8F5C28F5C29"
8,2100061223,244,200,1,1.18,"S",38.47,1,"3FF2E147AE147AE1","40433C28F5C28F5C"
8,2100061223,245,119,1,1.19,"",38.99,1,"3FF30A3D70A3D70A","40437EB851EB851F"
8,2100061223,246,123,1,1.19,"",38.99,1,"3FF30A3D70A3D70A","40437EB851EB851F"
8,2100061223,247,164,1,1.19,"",38.48,1,"3FF30A3D70A3D70A","40433D70A3D70A3D"
8,2100061223,248,164,1,1.19,"",35.37,1,"3FF30A3D70A3D70A","4041AF5C28F5C28F"
8,2100061223,249,487,1,0.99,"",25.85,1,"3FEFAE147AE147AE","4039D9999999999A"
8,2100061223,250,141,1,1.17,"S",30.51,1,"3FF2B851EB851EB8","403E828F5C28F5C3"
8,2100061223,251,166,1,1.19,"",30.58,1,"3FF30A3D70A3D70A","403E947AE147AE14"
8,2100061223,252,129,1,1.19,"",30.58,1,"3FF30A3D70A3D70A","403E947AE147AE14"
8,2100061223,253,238,1,1.19,"",30.48,1,"3FF30A3D70A3D70A","403E7AE147AE147B"
8,2100061223,254,127,1,0.98,"",11.44,1,"3FEF5C28F5C28F5C","4026E147AE147AE1"
8,2100061223,255,839,1,0.98,"S",11.29,1,"3FEF5C28F5C28F5C","4026947AE147AE14"
8,2100061223,256,132,1,1.15,"S",27.65,1,"3FF2666666666666","403BA66666666666"
8,2100061223,257,1153,1,0.89,"S",6.95,1,"3FEC7AE147AE147B","401BCCCCCCCCCCCD"
8,2100061223,258,199,1,1.13,"S",29.32,1,"3FF2147AE147AE14","403D51EB851EB852"
8,2100061223,259,149,1,1.16,"",28.35,1,"3FF28F5C28F5C28F","403C59999999999A"
8,2100061223,260,623,1,0.99,"S",14.54,1,"3FEFAE147AE147AE","402D147AE147AE14"
8,2100061223,261,377,1,0.99,"S",15.66,1,"3FEFAE147AE147AE","402F51EB851EB852"
8,2100061223,262,188,1,1.15,"S",29.77,1,"3FF2666666666666","403DC51EB851EB85"
8,2100061223,263,208,1,1.16,"",30.07,1,"3FF28F5C28F5C28F","403E11EB851EB852"
8,2100061223,264,2017,1,0.79,"",10.25,1,"3FE947AE147AE148","4024800000000000"
8,2100061223,265,322,1,1,"S",23.22,1,"3FF0000000000000","40373851EB851EB8"
8,2100061223,266,343,1,1.16,"",28.87,1,"3FF28F5C28F5C28F","403CDEB851EB851F"
8,2100061223,267,156,1,1.16,"",28.46,1,"3FF28F5C28F5C28F","403C75C28F5C28F6"
8,2100061223,268,185,1,1.16,"",28.7,1,"3FF28F5C28F5C28F","403CB33333333333"
8,2100061223,269,2620,1,0.79,"B",5.83,1,"3FE947AE147AE148","401751EB851EB852"
8,2100061223,270,265,1,1.15,"B",28.18,1,"3FF2666666666666","403C2E147AE147AE"
8,2100061223,271,156,1,1.16,"",28.46,1,"3FF28F5C28F5C28F","403C75C28F5C28F6"
8,2100061223,272,185,1,1.16,"",28.7,1,"3FF28F5C28F5C28F","403CB33333333333"
8,2100061223,273,184,1,1.14,"S",26.3,1,"3FF23D70A3D70A3D","403A4CCCCCCCCCCD"
8,2100061223,274,123,1,1.16,"",27.41,1,"3FF28F5C28F5C28F","403B68F5C28F5C29"
8,2100061223,275,123,1,1.16,"",27.45,1,"3FF28F5C28F5C28F","403B733333333333"
8,2100061223,276,149,1,1.16,"",27.92,1,"3FF28F5C28F5C28F","403BEB851EB851EC"
8,2100061223,277,203,1,1.16,"",28.43,1,"3FF28F5C28F5C28F","403C6E147AE147AE"
8,2100061223,278,1032,1,0.79,"B",18.66,1,"3FE947AE147AE148","4032A8F5C28F5C29"
8,2100061223,279,1245,1,0.79,"B",17.75,1,"3FE947AE147AE148","4031C00000000000"
8,2100061223,280,147,1,1.14,"B",29.03,1,"3FF23D70A3D70A3D","403D07AE147AE148"
8,2100061223,281,154,1,1.16,"",29.65,1,"3FF28F5C28F5C28F","403DA66666666666"
8,2100061223,282,144,1,1.16,"",30.18,1,"3FF28F5C28F5C28F","403E2E147AE147AE"
8,2100061223,283,233,1,1.19,"",31.24,1,"3FF30A3D70A3D70A","403F3D70A3D70A3D"
8,2100061223,284,818,1,0.79,"S",-6.89,1,"3FE947AE147AE148","C01B8F5C28F5C28F"
8,2100061223,285,176,1,1.14,"S",22.73,1,"3FF23D70A3D70A3D","4036BAE147AE147B"
8,2100061223,286,132,1,1.19,"",25.39,1,"3FF30A3D70A3D70A","403963D70A3D70A4"
8,2100061223,287,202,1,1.19,"",24.03,1,"3FF30A3D70A3D70A","403807AE147AE148"
8,2100061223,288,203,1,1.19,"",23.85,1,"3FF30A3D70A3D70A","4037D9999999999A"
8,2100061223,289,157,1,1.12,"",24.68,1,"3FF1EB851EB851EC","4038AE147AE147AE"
8,2100061223,290,541,1,0.99,"B",20.88,1,"3FEFAE147AE147AE","4034E147AE147AE1"
8,2100061223,291,217,1,1.01,"B",18.31,1,"3FF028F5C28F5C29","40324F5C28F5C28F"
8,2100061223,292,130,1,1.19,"",25.87,1,"3FF30A3D70A3D70A","4039DEB851EB851F"
8,2100061223,293,147,1,1.21,"",26.05,1,"3FF35C28F5C28F5C","403A0CCCCCCCCCCD"
8,2100061223,294,117,1,1.29,"",29.44,1,"3FF4A3D70A3D70A4","403D70A3D70A3D71"
8,2100061223,295,162,1,1.29,"",28.97,1,"3FF4A3D70A3D70A4","403CF851EB851EB8"
8,2100061223,296,146,1,1.19,"",23.12,1,"3FF30A3D70A3D70A","40371EB851EB851F"
8,2100061223,297,701,1,0.99,"B",7.17,1,"3FEFAE147AE147AE","401CAE147AE147AE"
8,2100061223,298,185,1,0.99,"B",13.17,1,"3FEFAE147AE147AE","402A570A3D70A3D7"
8,2100061223,299,288,1,1.09,"B",30.36,1,"3FF170A3D70A3D71","403E5C28F5C28F5C"
8,2100061223,300,121,1,1.11,"B",30.09,1,"3FF1C28F5C28F5C3","403E170A3D70A3D7"
8,2100061223,301,142,1,1.29,"",36.86,1,"3FF4A3D70A3D70A4","40426E147AE147AE"
8,2100061223,302,297,1,1,"B",41.28,1,"3FF0000000000000","4044A3D70A3D70A4"
8,2100061223,303,346,1,0.94,"B",32.86,1,"3FEE147AE147AE14","40406E147AE147AE"
8,2100061223,304,147,1,1.29,"",28.75,1,"3FF4A3D70A3D70A4","403CC00000000000"
8,2100061223,305,144,1,1.29,"",28.75,1,"3FF4A3D70A3D70A4","403CC00000000000"
8,2100061223,306,176,1,1.29,"",28.75,1,"3FF4A3D70A3D70A4","403CC00000000000"
8,2100061223,307,200,1,1.29,"",28.75,1,"3FF4A3D70A3D70A4","403CC00000000000"
8,2100061223,308,197,1,1.29,"",28.75,1,"3FF4A3D70A3D70A4","403CC00000000000"
8,2100061223,309,223,1,1.29,"",35.52,1,"3FF4A3D70A3D70A4","4041C28F5C28F5C3"
8,2100061223,310,4186,1,0.71,"B",17.42,1,"3FE6B851EB851EB8","40316B851EB851EC"
8,2100061223,311,329,1,0.93,"",33.04,1,"3FEDC28F5C28F5C3","4040851EB851EB85"
8,2100061223,312,210,1,0.99,"B",22.43,1,"3FEFAE147AE147AE","40366E147AE147AE"
8,2100061223,313,254,1,1.08,"B",35.5,1,"3FF147AE147AE148","4041C00000000000"
