cmov.csv
"STORE","UPC","WEEK","MOVE","QTY","PRICE","SALE","PROFIT","OK","PRICE_HEX","PROFIT_HEX"
8,2100061223,314,2114,1,0.79,"B",25.48,1,"3FE947AE147AE148","40397AE147AE147B"
8,2100061223,315,2495,1,0.79,"B",25.41,1,"3FE947AE147AE148","403968F5C28F5C29"
8,2100061223,316,750,1,0.98,"S",6.68,1,"3FEF5C28F5C28F5C","401AB851EB851EB8"
8,2100061223,317,248,1,1.02,"",10.34,1,"3FF051EB851EB852","4024AE147AE147AE"
8,2100061223,318,107,1,1.24,"",34.63,1,"3FF3D70A3D70A3D7","404150A3D70A3D71"
8,2100061223,319,539,1,0.99,"S",32.42,1,"3FEFAE147AE147AE","404035C28F5C28F6"
8,2100061223,320,217,1,1.28,"",39.23,1,"3FF47AE147AE147B","40439D70A3D70A3D"
8,2100061223,321,141,1,1.29,"",28.75,1,"3FF4A3D70A3D70A4","403CC00000000000"
8,2100061223,322,197,1,1.29,"",28.75,1,"3FF4A3D70A3D70A4","403CC00000000000"
8,2100061223,323,174,1,1.29,"",28.75,1,"3FF4A3D70A3D70A4","403CC00000000000"
8,2100061223,324,101,1,1.29,"",28.75,1,"3FF4A3D70A3D70A4","403CC00000000000"
8,2100061223,325,138,1,1.29,"",28.75,1,"3FF4A3D70A3D70A4","403CC00000000000"
8,2100061223,326,175,1,1.29,"",28.75,1,"3FF4A3D70A3D70A4","403CC00000000000"
8,2100061223,327,173,1,1.29,"",28.75,1,"3FF4A3D70A3D70A4","403CC00000000000"
8,2100061223,328,283,1,0.99,"S",32.64,1,"3FEFAE147AE147AE","404051EB851EB852"
8,2100061223,329,384,1,0.99,"B",37.53,1,"3FEFAE147AE147AE","4042C3D70A3D70A4"
8,2100061223,330,1029,1,0.89,"B",33.82,1,"3FEC7AE147AE147B","4040E8F5C28F5C29"
8,2100061223,331,128,1,1.28,"",49.26,1,"3FF47AE147AE147B","4048A147AE147AE1"
8,2100061223,332,593,1,0.99,"S",25.35,1,"3FEFAE147AE147AE","403959999999999A"
8,2100061223,333,124,1,1.27,"",38.19,1,"3FF451EB851EB852","40431851EB851EB8"
8,2100061223,334,193,1,1.29,"",28.75,1,"3FF4A3D70A3D70A4","403CC00000000000"
8,2100061223,335,218,1,1.29,"",35.68,1,"3FF4A3D70A3D70A4","4041D70A3D70A3D7"
8,2100061223,336,978,1,0.79,"S",25.44,1,"3FE947AE147AE148","403970A3D70A3D71"
8,2100061223,337,201,1,1.27,"",46.46,1,"3FF451EB851EB852","40473AE147AE147B"
8,2100061223,338,143,1,1.29,"",28.75,1,"3FF4A3D70A3D70A4","403CC00000000000"
8,2100061223,339,186,1,1.29,"",28.75,1,"3FF4A3D70A3D70A4","403CC00000000000"
8,2100061223,340,195,1,1.29,"",28.75,1,"3FF4A3D70A3D70A4","403CC00000000000"
8,2100061223,341,130,1,1.29,"",28.75,1,"3FF4A3D70A3D70A4","403CC00000000000"
8,2100061223,342,1215,1,0.79,"S",19.5,1,"3FE947AE147AE148","4033800000000000"
8,2100061223,343,322,1,0.98,"S",34.31,1,"3FEF5C28F5C28F5C","404127AE147AE148"
8,2100061223,344,128,1,1.29,"",28.75,1,"3FF4A3D70A3D70A4","403CC00000000000"
8,2100061223,345,148,1,1.29,"",28.75,1,"3FF4A3D70A3D70A4","403CC00000000000"
8,2100061223,346,164,1,1.29,"",28.75,1,"3FF4A3D70A3D70A4","403CC00000000000"
8,2100061223,347,142,1,1.29,"",28.75,1,"3FF4A3D70A3D70A4","403CC00000000000"
8,2100061223,348,145,1,1.29,"",28.75,1,"3FF4A3D70A3D70A4","403CC00000000000"
8,2100061223,349,189,1,1.29,"",28.75,1,"3FF4A3D70A3D70A4","403CC00000000000"
8,2100061223,350,201,1,1.29,"",28.75,1,"3FF4A3D70A3D70A4","403CC00000000000"
8,2100061223,351,635,1,0.99,"S",19.7,1,"3FEFAE147AE147AE","4033B33333333333"
8,2100061223,352,198,1,1.28,"",29.43,1,"3FF47AE147AE147B","403D6E147AE147AE"
8,2100061223,353,155,1,1.29,"",28.75,1,"3FF4A3D70A3D70A4","403CC00000000000"
8,2100061223,354,562,1,0.99,"S",11.14,1,"3FEFAE147AE147AE","402647AE147AE148"
8,2100061223,355,122,1,1.28,"",38.16,1,"3FF47AE147AE147B","4043147AE147AE14"
8,2100061223,356,126,1,1.29,"",28.75,1,"3FF4A3D70A3D70A4","403CC00000000000"
8,2100061223,357,126,1,1.29,"",28.75,1,"3FF4A3D70A3D70A4","403CC00000000000"
8,2100061223,358,167,1,1.32,"",30.59,1,"3FF51EB851EB851F","403E970A3D70A3D7"
8,2100061223,359,168,1,1.39,"",33.88,1,"3FF63D70A3D70A3D","4040F0A3D70A3D71"
8,2100061223,360,179,1,1.39,"",34.18,1,"3FF63D70A3D70A3D","4041170A3D70A3D7"
8,2100061223,361,124,1,1.39,"",35.36,1,"3FF63D70A3D70A3D","4041AE147AE147AE"
8,2100061223,362,109,1,1.39,"",34.48,1,"3FF63D70A3D70A3D","40413D70A3D70A3D"
8,2100061223,363,164,1,1.39,"",33.64,1,"3FF63D70A3D70A3D","4040D1EB851EB852"
8,2100061223,364,2323,1,0.89,"S",2.73,1,"3FEC7AE147AE147B","4005D70A3D70A3D7"
8,2100061223,365,275,1,1.09,"",25.26,1,"3FF170A3D70A3D71","4039428F5C28F5C3"
8,2100061223,366,211,1,1.39,"",35.56,1,"3FF63D70A3D70A3D","4041C7AE147AE148"
8,2100061223,367,433,1,1.39,"",37.02,1,"3FF63D70A3D70A3D","4042828F5C28F5C3"
8,2100061223,368,3149,1,1.29,"S",38.46,1,"3FF4A3D70A3D70A4","40433AE147AE147B"
8,2100061223,369,339,1,1.38,"",35.55,1,"3FF6147AE147AE14","4041C66666666666"
8,2100061223,370,134,1,1.39,"",32.8,1,"3FF63D70A3D70A3D","4040666666666666"
8,2100061223,371,137,1,1.39,"",35.69,1,"3FF63D70A3D70A3D","4041D851EB851EB8"
8,2100061223,372,732,1,0.99,"B",25.05,1,"3FEFAE147AE147AE","40390CCCCCCCCCCD"
8,2100061223,373,424,1,0.99,"B",21.76,1,"3FEFAE147AE147AE","4035C28F5C28F5C3"
8,2100061223,374,158,1,1.37,"",40.44,1,"3FF5EB851EB851EC","40443851EB851EB8"
8,2100061223,375,158,1,1.37,"",40.44,1,"3FF5EB851EB851EC","40443851EB851EB8"
8,2100061223,376,138,1,1.39,"",29.22,1,"3FF63D70A3D70A3D","403D3851EB851EB8"
8,2100061223,377,179,1,1.39,"",28.56,1,"3FF63D70A3D70A3D","403C8F5C28F5C28F"
8,2100061223,378,102,1,1.39,"",28.56,1,"3FF63D70A3D70A3D","403C8F5C28F5C28F"
8,2100061223,379,158,1,1.39,"",28.97,1,"3FF63D70A3D70A3D","403CF851EB851EB8"
8,2100061223,380,305,1,1.39,"",38.7,1,"3FF63D70A3D70A3D","404359999999999A"
8,2100061223,381,305,1,1.39,"",38.7,1,"3FF63D70A3D70A3D","404359999999999A"
8,2100061223,382,1904,1,1.3,"B",33.48,1,"3FF4CCCCCCCCCCCD","4040BD70A3D70A3D"
8,2100061223,383,124,1,1.25,"",34.78,1,"3FF4000000000000","404163D70A3D70A4"
8,2100061223,384,141,1,1.39,"",37.19,1,"3FF63D70A3D70A3D","40429851EB851EB8"
8,2100061223,385,393,1,1.29,"S",32.32,1,"3FF4A3D70A3D70A4","404028F5C28F5C29"
8,2100061223,386,602,1,1.29,"S",46,1,"3FF4A3D70A3D70A4","4047000000000000"
9,2100061223,1,781,1,0.99,"B",16.46,1,"3FEFAE147AE147AE","403075C28F5C28F6"
9,2100061223,2,371,1,0.99,"B",16.46,1,"3FEFAE147AE147AE","403075C28F5C28F6"
9,2100061223,3,428,1,0.99,"B",17.68,1,"3FEFAE147AE147AE","4031AE147AE147AE"
9,2100061223,4,574,1,0.99,"",17.68,1,"3FEFAE147AE147AE","4031AE147AE147AE"
9,2100061223,5,795,1,0.89,"B",7.75,1,"3FEC7AE147AE147B","401F000000000000"
9,2100061223,6,190,1,1.17,"",28.12,1,"3FF2B851EB851EB8","403C1EB851EB851F"
9,2100061223,7,226,1,1.17,"",29.23,1,"3FF2B851EB851EB8","403D3AE147AE147B"
9,2100061223,8,498,1,0.99,"B",16.36,1,"3FEFAE147AE147AE","40305C28F5C28F5C"
9,2100061223,9,278,1,0.99,"B",16.36,1,"3FEFAE147AE147AE","40305C28F5C28F5C"
9,2100061223,10,723,1,0.99,"",16.36,1,"3FEFAE147AE147AE","40305C28F5C28F5C"
9,2100061223,11,200,1,0.99,"",16.36,1,"3FEFAE147AE147AE","40305C28F5C28F5C"
9,2100061223,12,162,1,1.17,"",29.23,1,"3FF2B851EB851EB8","403D3AE147AE147B"
9,2100061223,13,249,1,1.17,"",29.23,1,"3FF2B851EB851EB8","403D3AE147AE147B"
9,2100061223,14,889,1,0.99,"B",16.36,1,"3FEFAE147AE147AE","40305C28F5C28F5C"
9,2100061223,15,862,1,0.99,"B",16.36,1,"3FEFAE147AE147AE","40305C28F5C28F5C"
9,2100061223,16,482,1,0.99,"B",16.36,1,"3FEFAE147AE147AE","40305C28F5C28F5C"
9,2100061223,17,106,1,1.17,"",29.23,1,"3FF2B851EB851EB8","403D3AE147AE147B"
9,2100061223,18,152,1,1.17,"",29.23,1,"3FF2B851EB851EB8","403D3AE147AE147B"
9,2100061223,19,249,1,1.17,"",29.23,1,"3FF2B851EB851EB8","403D3AE147AE147B"
9,2100061223,20,518,1,0.99,"",16.36,1,"3FEFAE147AE147AE","40305C28F5C28F5C"
9,2100061223,21,249,1,0.99,"B",16.36,1,"3FEFAE147AE147AE","40305C28F5C28F5C"
9,2100061223,22,147,1,1.17,"",29.23,1,"3FF2B851EB851EB8","403D3AE147AE147B"
9,2100061223,23,202,1,1.17,"",29.23,1,"3FF2B851EB851EB8","403D3AE147AE147B"
9,2100061223,24,199,1,1.17,"",24.1,1,"3FF2B851EB851EB8","403819999999999A"
9,2100061223,25,159,1,1.17,"",24.1,1,"3FF2B851EB851EB8","403819999999999A"
9,2100061223,26,158,1,1.17,"",24.1,1,"3FF2B851EB851EB8","403819999999999A"
9,2100061223,27,195,1,1.17,"",24.1,1,"3FF2B851EB851EB8","403819999999999A"
9,2100061223,28,160,1,1.27,"",30.08,1,"3FF451EB851EB852","403E147AE147AE14"
9,2100061223,29,242,1,1.17,"",29.23,1,"3FF2B851EB851EB8","403D3AE147AE147B"
9,2100061223,30,760,1,0.99,"B",16.36,1,"3FEFAE147AE147AE","40305C28F5C28F5C"
9,2100061223,31,513,1,0.99,"B",16.36,1,"3FEFAE147AE147AE","40305C28F5C28F5C"
9,2100061223,32,139,1,1.17,"",29.23,1,"3FF2B851EB851EB8","403D3AE147AE147B"
9,2100061223,33,599,1,0.99,"",23.33,1,"3FEFAE147AE147AE","4037547AE147AE14"
9,2100061223,34,181,1,1.17,"",35.13,1,"3FF2B851EB851EB8","404190A3D70A3D71"
9,2100061223,35,195,1,1.17,"",31.79,1,"3FF2B851EB851EB8","403FCA3D70A3D70A"
9,2100061223,36,206,1,1.17,"",31.79,1,"3FF2B851EB851EB8","403FCA3D70A3D70A"
9,2100061223,37,160,1,1.17,"",31.79,1,"3FF2B851EB851EB8","403FCA3D70A3D70A"
9,2100061223,38,931,1,0.89,"B",7.98,1,"3FEC7AE147AE147B","401FEB851EB851EC"
9,2100061223,39,313,1,0.89,"B",7.98,1,"3FEC7AE147AE147B","401FEB851EB851EC"
9,2100061223,40,307,1,0.89,"",7.98,1,"3FEC7AE147AE147B","401FEB851EB851EC"
9,2100061223,41,140,1,1.21,"",27.27,1,"3FF35C28F5C28F5C","403B451EB851EB85"
9,2100061223,42,219,1,1.21,"",27.27,1,"3FF35C28F5C28F5C","403B451EB851EB85"
9,2100061223,43,157,1,1.21,"",26.61,1,"3FF35C28F5C28F5C","403A9C28F5C28F5C"
9,2100061223,44,163,1,1.21,"",26.61,1,"3FF35C28F5C28F5C","403A9C28F5C28F5C"
9,2100061223,45,165,1,1.21,"",26.61,1,"3FF35C28F5C28F5C","403A9C28F5C28F5C"
9,2100061223,46,163,1,1.21,"",26.61,1,"3FF35C28F5C28F5C","403A9C28F5C28F5C"
9,2100061223,47,155,1,1.21,"",28.84,1,"3FF35C28F5C28F5C","403CD70A3D70A3D7"
9,2100061223,48,266,1,1.21,"",28.84,1,"3FF35C28F5C28F5C","403CD70A3D70A3D7"
9,2100061223,49,760,1,0.99,"B",15.86,1,"3FEFAE147AE147AE","402FB851EB851EB8"
9,2100061223,50,454,1,0.99,"B",16.06,1,"3FEFAE147AE147AE","40300F5C28F5C28F"
9,2100061223,51,352,1,0.99,"",16.06,1,"3FEFAE147AE147AE","40300F5C28F5C28F"
9,2100061223,52,156,1,1.21,"",31.32,1,"3FF35C28F5C28F5C","403F51EB851EB852"
9,2100061223,53,136,1,1.21,"",31.32,1,"3FF35C28F5C28F5C","403F51EB851EB852"
9,2100061223,54,151,1,1.21,"",31.49,1,"3FF35C28F5C28F5C","403F7D70A3D70A3D"
9,2100061223,55,179,1,1.21,"",31.49,1,"3FF35C28F5C28F5C","403F7D70A3D70A3D"
9,2100061223,56,2303,1,0.65,"S",27.38,1,"3FE4CCCCCCCCCCCD","403B6147AE147AE1"
9,2100061223,57,127,1,1.21,"",31.57,1,"3FF35C28F5C28F5C","403F91EB851EB852"
9,2100061223,58,973,1,0.99,"B",16.36,1,"3FEFAE147AE147AE","40305C28F5C28F5C"
9,2100061223,59,164,1,0.99,"",16.36,1,"3FEFAE147AE147AE","40305C28F5C28F5C"
9,2100061223,60,200,1,1.21,"",31.57,1,"3FF35C28F5C28F5C","403F91EB851EB852"
9,2100061223,61,184,1,1.21,"",31.57,1,"3FF35C28F5C28F5C","403F91EB851EB852"
9,2100061223,62,1135,1,0.89,"B",11.12,1,"3FEC7AE147AE147B","40263D70A3D70A3D"
9,2100061223,63,205,1,1.21,"B",32.48,1,"3FF35C28F5C28F5C","40403D70A3D70A3D"
9,2100061223,64,499,1,0.99,"B",16.97,1,"3FEFAE147AE147AE","4030F851EB851EB8"
9,2100061223,65,281,1,0.99,"B",16.97,1,"3FEFAE147AE147AE","4030F851EB851EB8"
9,2100061223,66,152,1,1.21,"B",32.07,1,"3FF35C28F5C28F5C","404008F5C28F5C29"
9,2100061223,67,420,1,0.89,"B",11.46,1,"3FEC7AE147AE147B","4026EB851EB851EC"
9,2100061223,68,137,1,1.21,"",34.88,1,"3FF35C28F5C28F5C","404170A3D70A3D71"
9,2100061223,69,127,1,1.21,"",34.88,1,"3FF35C28F5C28F5C","404170A3D70A3D71"
9,2100061223,70,133,1,1.21,"",34.88,1,"3FF35C28F5C28F5C","404170A3D70A3D71"
9,2100061223,71,110,1,1.21,"",34.88,1,"3FF35C28F5C28F5C","404170A3D70A3D71"
9,2100061223,72,112,1,1.21,"",34.88,1,"3FF35C28F5C28F5C","404170A3D70A3D71"
9,2100061223,73,101,1,1.21,"",34.88,1,"3FF35C28F5C28F5C","404170A3D70A3D71"
9,2100061223,74,111,1,1.21,"",31.57,1,"3FF35C28F5C28F5C","403F91EB851EB852"
9,2100061223,75,140,1,1.21,"",31.57,1,"3FF35C28F5C28F5C","403F91EB851EB852"
9,2100061223,76,336,1,1.21,"",31.57,1,"3FF35C28F5C28F5C","403F91EB851EB852"
9,2100061223,77,774,1,0.89,"B",7.98,1,"3FEC7AE147AE147B","401FEB851EB851EC"
9,2100061223,78,224,1,0.89,"B",7.98,1,"3FEC7AE147AE147B","401FEB851EB851EC"
9,2100061223,79,145,1,1.21,"",32.15,1,"3FF35C28F5C28F5C","4040133333333333"
9,2100061223,80,109,1,1.21,"",31.74,1,"3FF35C28F5C28F5C","403FBD70A3D70A3D"
9,2100061223,81,111,1,1.21,"",31.74,1,"3FF35C28F5C28F5C","403FBD70A3D70A3D"
9,2100061223,82,158,1,1.21,"",31.74,1,"3FF35C28F5C28F5C","403FBD70A3D70A3D"
9,2100061223,83,881,1,0.99,"B",16.46,1,"3FEFAE147AE147AE","403075C28F5C28F6"
9,2100061223,84,301,1,0.99,"",19.39,1,"3FEFAE147AE147AE","403363D70A3D70A4"
9,2100061223,85,247,1,0.99,"B",19.39,1,"3FEFAE147AE147AE","403363D70A3D70A4"
9,2100061223,86,231,1,0.99,"B",16.57,1,"3FEFAE147AE147AE","403091EB851EB852"
9,2100061223,87,201,1,0.99,"B",16.36,1,"3FEFAE147AE147AE","40305C28F5C28F5C"
9,2100061223,88,517,1,0.99,"B",16.36,1,"3FEFAE147AE147AE","40305C28F5C28F5C"
9,2100061223,89,245,1,0.99,"B",16.36,1,"3FEFAE147AE147AE","40305C28F5C28F5C"
9,2100061223,90,115,1,1.21,"",31.57,1,"3FF35C28F5C28F5C","403F91EB851EB852"
9,2100061223,91,122,1,1.21,"",31.57,1,"3FF35C28F5C28F5C","403F91EB851EB852"
9,2100061223,92,141,1,1.21,"",31.57,1,"3FF35C28F5C28F5C","403F91EB851EB852"
9,2100061223,93,136,1,1.21,"",30.17,1,"3FF35C28F5C28F5C","403E2B851EB851EC"
9,2100061223,94,163,1,1.21,"",26.78,1,"3FF35C28F5C28F5C","403AC7AE147AE148"
9,2100061223,95,145,1,1.21,"",26.61,1,"3FF35C28F5C28F5C","403A9C28F5C28F5C"
9,2100061223,96,147,1,1.25,"",28.96,1,"3FF4000000000000","403CF5C28F5C28F6"
9,2100061223,97,159,1,1.31,"",35.42,1,"3FF4F5C28F5C28F6","4041B5C28F5C28F6"
9,2100061223,98,263,1,1.31,"",36.41,1,"3FF4F5C28F5C28F6","4042347AE147AE14"
9,2100061223,99,937,1,0.89,"B",6.85,1,"3FEC7AE147AE147B","401B666666666666"
9,2100061223,100,782,1,0.89,"B",6.85,1,"3FEC7AE147AE147B","401B666666666666"
9,2100061223,101,290,1,0.89,"",6.85,1,"3FEC7AE147AE147B","401B666666666666"
9,2100061223,102,122,1,1.31,"",36.72,1,"3FF4F5C28F5C28F6","40425C28F5C28F5C"
9,2100061223,103,109,1,1.25,"",33.68,1,"3FF4000000000000","4040D70A3D70A3D7"
9,2100061223,104,251,1,1.09,"S",22.66,1,"3FF170A3D70A3D71","4036A8F5C28F5C29"
9,2100061223,105,147,1,1.25,"",32.08,1,"3FF4000000000000","40400A3D70A3D70A"
9,2100061223,106,155,1,1.25,"",31.92,1,"3FF4000000000000","403FEB851EB851EC"
9,2100061223,107,140,1,1.25,"",31.92,1,"3FF4000000000000","403FEB851EB851EC"
9,2100061223,108,244,1,1.25,"",31.92,1,"3FF4000000000000","403FEB851EB851EC"
9,2100061223,109,1196,1,0.89,"B",3.6,1,"3FEC7AE147AE147B","400CCCCCCCCCCCCD"
9,2100061223,110,240,1,0.89,"B",10.45,1,"3FEC7AE147AE147B","4024E66666666666"
9,2100061223,111,214,1,1.25,"",36.24,1,"3FF4000000000000","40421EB851EB851F"
9,2100061223,112,335,1,1.25,"",36.24,1,"3FF4000000000000","40421EB851EB851F"
9,2100061223,113,1105,1,0.99,"B",14.34,1,"3FEFAE147AE147AE","402CAE147AE147AE"
9,2100061223,114,319,1,0.99,"B",14.34,1,"3FEFAE147AE147AE","402CAE147AE147AE"
9,2100061223,115,160,1,0.99,"B",10.51,1,"3FEFAE147AE147AE","4025051EB851EB85"
9,2100061223,116,118,1,1.25,"",29.12,1,"3FF4000000000000","403D1EB851EB851F"
9,2100061223,117,322,1,1.19,"B",26.72,1,"3FF30A3D70A3D70A","403AB851EB851EB8"
9,2100061223,118,198,1,1.19,"",26.81,1,"3FF30A3D70A3D70A","403ACF5C28F5C28F"
9,2100061223,119,111,1,1.25,"",30.32,1,"3FF4000000000000","403E51EB851EB852"
9,2100061223,120,119,1,1.25,"",30.32,1,"3FF4000000000000","403E51EB851EB852"
9,2100061223,121,167,1,1.25,"",30.32,1,"3FF4000000000000","403E51EB851EB852"
9,2100061223,122,113,1,1.25,"",32.16,1,"3FF4000000000000","4040147AE147AE14"
9,2100061223,123,92,1,1.25,"",32.16,1,"3FF4000000000000","4040147AE147AE14"
9,2100061223,124,104,1,1.22,"",30.49,1,"3FF3851EB851EB85","403E7D70A3D70A3D"
9,2100061223,125,137,1,1.22,"",32.13,1,"3FF3851EB851EB85","404010A3D70A3D71"
9,2100061223,126,198,1,0.99,"",23.43,1,"3FEFAE147AE147AE","40376E147AE147AE"
9,2100061223,127,250,1,0.99,"B",23.43,1,"3FEFAE147AE147AE","40376E147AE147AE"
9,2100061223,128,165,1,0.99,"B",23.43,1,"3FEFAE147AE147AE","40376E147AE147AE"
9,2100061223,129,388,1,0.99,"B",16.36,1,"3FEFAE147AE147AE","40305C28F5C28F5C"
9,2100061223,130,487,1,0.99,"B",16.36,1,"3FEFAE147AE147AE","40305C28F5C28F5C"
9,2100061223,131,228,1,0.99,"B",16.36,1,"3FEFAE147AE147AE","40305C28F5C28F5C"
9,2100061223,132,183,1,1.22,"",32.13,1,"3FF3851EB851EB85","404010A3D70A3D71"
9,2100061223,133,429,1,0.99,"B",16.36,1,"3FEFAE147AE147AE","40305C28F5C28F5C"
9,2100061223,134,265,1,0.99,"",16.36,1,"3FEFAE147AE147AE","40305C28F5C28F5C"
9,2100061223,135,117,1,1.22,"",32.13,1,"3FF3851EB851EB85","404010A3D70A3D71"
9,2100061223,136,112,1,1.22,"",32.13,1,"3FF3851EB851EB85","404010A3D70A3D71"
9,2100061223,137,139,1,1.22,"",32.13,1,"3FF3851EB851EB85","404010A3D70A3D71"
9,2100061223,138,166,1,1.22,"",32.13,1,"3FF3851EB851EB85","404010A3D70A3D71"
9,2100061223,139,341,1,1.09,"B",24.04,1,"3FF170A3D70A3D71","40380A3D70A3D70A"
9,2100061223,140,349,1,1.09,"B",24.04,1,"3FF170A3D70A3D71","40380A3D70A3D70A"
9,2100061223,141,18,1,1.22,"",32.21,1,"3FF3851EB851EB85","40401AE147AE147B"
9,2100061223,142,84,1,1.22,"",32.21,1,"3FF3851EB851EB85","40401AE147AE147B"
9,2100061223,143,118,1,1.22,"",32.3,1,"3FF3851EB851EB85","4040266666666666"
9,2100061223,144,112,1,1.22,"",32.3,1,"3FF3851EB851EB85","4040266666666666"
9,2100061223,145,132,1,1.22,"",32.3,1,"3FF3851EB851EB85","4040266666666666"
9,2100061223,146,139,1,1.22,"",32.3,1,"3FF3851EB851EB85","4040266666666666"
9,2100061223,147,119,1,1.22,"",32.13,1,"3FF3851EB851EB85","404010A3D70A3D71"
9,2100061223,148,280,1,1.19,"B",30.59,1,"3FF30A3D70A3D70A","403E970A3D70A3D7"
9,2100061223,149,262,1,1.19,"B",30.59,1,"3FF30A3D70A3D70A","403E970A3D70A3D7"
9,2100061223,150,92,1,1.22,"",32.3,1,"3FF3851EB851EB85","4040266666666666"
9,2100061223,151,130,1,1.22,"",32.3,1,"3FF3851EB851EB85","4040266666666666"
9,2100061223,152,85,1,1.22,"",32.3,1,"3FF3851EB851EB85","4040266666666666"
9,2100061223,153,179,1,1.22,"",32.3,1,"3FF3851EB851EB85","4040266666666666"
9,2100061223,154,73,1,1.22,"",32.3,1,"3FF3851EB851EB85","4040266666666666"
9,2100061223,155,837,1,0.99,"B",16.57,1,"3FEFAE147AE147AE","403091EB851EB852"
9,2100061223,156,1119,1,0.99,"B",16.57,1,"3FEFAE147AE147AE","403091EB851EB852"
9,2100061223,157,175,1,0.99,"B",16.57,1,"3FEFAE147AE147AE","403091EB851EB852"
9,2100061223,158,756,1,1.19,"B",30.59,1,"3FF30A3D70A3D70A","403E970A3D70A3D7"
9,2100061223,159,216,1,1.19,"",30.59,1,"3FF30A3D70A3D70A","403E970A3D70A3D7"
9,2100061223,160,371,1,1.09,"B",24.22,1,"3FF170A3D70A3D71","40383851EB851EB8"
