cmov.csv
"STORE","UPC","WEEK","MOVE","QTY","PRICE","SALE","PROFIT","OK","PRICE_HEX","PROFIT_HEX"
9,2100061223,161,237,1,1.09,"B",24.22,1,"3FF170A3D70A3D71","40383851EB851EB8"
9,2100061223,162,139,1,1.09,"B",24.22,1,"3FF170A3D70A3D71","40383851EB851EB8"
9,2100061223,163,110,1,1.09,"B",24.22,1,"3FF170A3D70A3D71","40383851EB851EB8"
9,2100061223,164,157,1,1.09,"B",24.22,1,"3FF170A3D70A3D71","40383851EB851EB8"
9,2100061223,165,111,1,1.09,"B",24.22,1,"3FF170A3D70A3D71","40383851EB851EB8"
9,2100061223,166,112,1,0.99,"B",16.57,1,"3FEFAE147AE147AE","403091EB851EB852"
9,2100061223,167,855,1,0.99,"B",16.57,1,"3FEFAE147AE147AE","403091EB851EB852"
9,2100061223,168,101,1,1.15,"",28.17,1,"3FF2666666666666","403C2B851EB851EC"
9,2100061223,169,220,1,0.99,"B",16.56,1,"3FEFAE147AE147AE","40308F5C28F5C28F"
9,2100061223,170,235,1,1.02,"B",19.01,1,"3FF051EB851EB852","4033028F5C28F5C3"
9,2100061223,171,125,1,1.19,"B",30.58,1,"3FF30A3D70A3D70A","403E947AE147AE14"
9,2100061223,172,115,1,1.2,"B",31.16,1,"3FF3333333333333","403F28F5C28F5C29"
9,2100061223,173,262,1,0.99,"S",16.56,1,"3FEFAE147AE147AE","40308F5C28F5C28F"
9,2100061223,174,155,1,1.22,"",32.29,1,"3FF3851EB851EB85","4040251EB851EB85"
9,2100061223,175,83,1,1.17,"",29.4,1,"3FF2B851EB851EB8","403D666666666666"
9,2100061223,176,106,1,1.09,"",24.22,1,"3FF170A3D70A3D71","40383851EB851EB8"
9,2100061223,177,103,1,1.09,"",24.22,1,"3FF170A3D70A3D71","40383851EB851EB8"
9,2100061223,178,317,1,0.99,"S",16.56,1,"3FEFAE147AE147AE","40308F5C28F5C28F"
9,2100061223,179,182,1,1.09,"",24.22,1,"3FF170A3D70A3D71","40383851EB851EB8"
9,2100061223,180,81,1,1.09,"",22.75,1,"3FF170A3D70A3D71","4036C00000000000"
9,2100061223,181,131,1,1.09,"",19.54,1,"3FF170A3D70A3D71","40338A3D70A3D70A"
9,2100061223,182,107,1,1.09,"",19.08,1,"3FF170A3D70A3D71","4033147AE147AE14"
9,2100061223,183,139,1,1.09,"",18.89,1,"3FF170A3D70A3D71","4032E3D70A3D70A4"
9,2100061223,184,106,1,1.09,"",21.19,1,"3FF170A3D70A3D71","403530A3D70A3D71"
9,2100061223,185,104,1,1.09,"",24.22,1,"3FF170A3D70A3D71","40383851EB851EB8"
9,2100061223,186,180,1,1.09,"",24.22,1,"3FF170A3D70A3D71","40383851EB851EB8"
9,2100061223,187,187,1,1.09,"",24.22,1,"3FF170A3D70A3D71","40383851EB851EB8"
9,2100061223,188,145,1,1.09,"",24.22,1,"3FF170A3D70A3D71","40383851EB851EB8"
9,2100061223,189,119,1,1.09,"",24.22,1,"3FF170A3D70A3D71","40383851EB851EB8"
9,2100061223,190,409,1,0.99,"S",16.56,1,"3FEFAE147AE147AE","40308F5C28F5C28F"
9,2100061223,191,125,1,1.08,"",23.51,1,"3FF147AE147AE148","4037828F5C28F5C3"
9,2100061223,192,100,1,1.06,"B",22.07,1,"3FF0F5C28F5C28F6","403611EB851EB852"
9,2100061223,193,101,1,1.08,"",23.51,1,"3FF147AE147AE148","4037828F5C28F5C3"
9,2100061223,194,113,1,1.06,"B",22.07,1,"3FF0F5C28F5C28F6","403611EB851EB852"
9,2100061223,195,258,1,0.99,"B",16.56,1,"3FEFAE147AE147AE","40308F5C28F5C28F"
9,2100061223,196,260,1,0.99,"B",16.56,1,"3FEFAE147AE147AE","40308F5C28F5C28F"
9,2100061223,197,98,1,1.09,"",24.22,1,"3FF170A3D70A3D71","40383851EB851EB8"
9,2100061223,198,109,1,1.09,"",24.22,1,"3FF170A3D70A3D71","40383851EB851EB8"
9,2100061223,199,156,1,0.96,"S",13.95,1,"3FEEB851EB851EB8","402BE66666666666"
9,2100061223,200,166,1,1.09,"",24.22,1,"3FF170A3D70A3D71","40383851EB851EB8"
9,2100061223,201,219,1,1.09,"",56.6,1,"3FF170A3D70A3D71","404C4CCCCCCCCCCD"
9,2100061223,202,2798,1,0.5,"B",-54.4,1,"3FE0000000000000","C04B333333333333"
9,2100061223,203,821,1,0.54,"B",-52.96,1,"3FE147AE147AE148","C04A7AE147AE147B"
9,2100061223,204,167,1,1.09,"",24.22,1,"3FF170A3D70A3D71","40383851EB851EB8"
9,2100061223,205,101,1,1.09,"",24.22,1,"3FF170A3D70A3D71","40383851EB851EB8"
9,2100061223,206,79,1,1.09,"",24.22,1,"3FF170A3D70A3D71","40383851EB851EB8"
9,2100061223,207,371,1,0.99,"S",16.56,1,"3FEFAE147AE147AE","40308F5C28F5C28F"
9,2100061223,208,72,1,1.15,"",28.17,1,"3FF2666666666666","403C2B851EB851EC"
9,2100061223,209,81,1,1.33,"",37.89,1,"3FF547AE147AE148","4042F1EB851EB852"
9,2100061223,210,64,1,1.33,"",37.89,1,"3FF547AE147AE148","4042F1EB851EB852"
9,2100061223,211,81,1,1.33,"",37.89,1,"3FF547AE147AE148","4042F1EB851EB852"
9,2100061223,212,64,1,1.33,"",37.89,1,"3FF547AE147AE148","4042F1EB851EB852"
9,2100061223,213,169,1,0.99,"S",16.56,1,"3FEFAE147AE147AE","40308F5C28F5C28F"
9,2100061223,214,80,1,1.32,"S",37.42,1,"3FF51EB851EB851F","4042B5C28F5C28F6"
9,2100061223,215,70,1,1.33,"",37.89,1,"3FF547AE147AE148","4042F1EB851EB852"
9,2100061223,216,1579,1,0.5,"",-65.2,1,"3FE0000000000000","C0504CCCCCCCCCCD"
9,2100061223,217,118,1,1.3,"",36.46,1,"3FF4CCCCCCCCCCCD","40423AE147AE147B"
9,2100061223,218,58,1,1.33,"",37.89,1,"3FF547AE147AE148","4042F1EB851EB852"
9,2100061223,219,87,1,1.33,"",37.89,1,"3FF547AE147AE148","4042F1EB851EB852"
9,2100061223,220,68,1,1.33,"",37.89,1,"3FF547AE147AE148","4042F1EB851EB852"
9,2100061223,221,332,1,0.99,"S",24.64,1,"3FEFAE147AE147AE","4038A3D70A3D70A4"
9,2100061223,222,78,1,1.33,"",45.41,1,"3FF547AE147AE148","4046B47AE147AE14"
9,2100061223,223,51,1,1.33,"",45.41,1,"3FF547AE147AE148","4046B47AE147AE14"
9,2100061223,224,245,1,0.99,"S",26.66,1,"3FEFAE147AE147AE","403AA8F5C28F5C29"
9,2100061223,225,73,1,1.32,"S",45,1,"3FF51EB851EB851F","4046800000000000"
9,2100061223,226,76,1,1.33,"",45.41,1,"3FF547AE147AE148","4046B47AE147AE14"
9,2100061223,227,78,1,1.33,"",45.41,1,"3FF547AE147AE148","4046B47AE147AE14"
9,2100061223,228,66,1,1.33,"",45.41,1,"3FF547AE147AE148","4046B47AE147AE14"
9,2100061223,229,232,1,0.99,"S",26.66,1,"3FEFAE147AE147AE","403AA8F5C28F5C29"
9,2100061223,230,109,1,1.31,"S",44.58,1,"3FF4F5C28F5C28F6","40464A3D70A3D70A"
9,2100061223,231,56,1,1.33,"",45.41,1,"3FF547AE147AE148","4046B47AE147AE14"
9,2100061223,232,58,1,1.33,"",45.41,1,"3FF547AE147AE148","4046B47AE147AE14"
9,2100061223,233,105,1,1.33,"",45.33,1,"3FF547AE147AE148","4046AA3D70A3D70A"
9,2100061223,234,93,1,1.33,"",42.1,1,"3FF547AE147AE148","40450CCCCCCCCCCD"
9,2100061223,235,184,1,0.99,"S",25.85,1,"3FEFAE147AE147AE","4039D9999999999A"
9,2100061223,236,85,1,1.3,"S",38.46,1,"3FF4CCCCCCCCCCCD","40433AE147AE147B"
9,2100061223,237,60,1,1.33,"",37.89,1,"3FF547AE147AE148","4042F1EB851EB852"
9,2100061223,238,60,1,1.33,"",37.89,1,"3FF547AE147AE148","4042F1EB851EB852"
9,2100061223,239,82,1,1.33,"",37.72,1,"3FF547AE147AE148","4042DC28F5C28F5C"
9,2100061223,240,137,1,0.93,"",6.12,1,"3FEDC28F5C28F5C3","40187AE147AE147B"
9,2100061223,241,186,1,0.99,"S",11.84,1,"3FEFAE147AE147AE","4027AE147AE147AE"
9,2100061223,242,63,1,1.31,"S",35.99,1,"3FF4F5C28F5C28F6","4041FEB851EB851F"
9,2100061223,243,83,1,1.33,"",38.42,1,"3FF547AE147AE148","404335C28F5C28F6"
9,2100061223,244,54,1,1.33,"",39.72,1,"3FF547AE147AE148","4043DC28F5C28F5C"
9,2100061223,245,39,1,1.33,"",37.46,1,"3FF547AE147AE148","4042BAE147AE147B"
9,2100061223,246,430,1,0.99,"S",14.45,1,"3FEFAE147AE147AE","402CE66666666666"
9,2100061223,247,53,1,1.31,"S",36.34,1,"3FF4F5C28F5C28F6","40422B851EB851EC"
9,2100061223,248,55,1,1.33,"",38.89,1,"3FF547AE147AE148","404371EB851EB852"
9,2100061223,249,57,1,1.33,"",38.98,1,"3FF547AE147AE148","40437D70A3D70A3D"
9,2100061223,250,699,1,1.09,"",34.62,1,"3FF170A3D70A3D71","40414F5C28F5C28F"
9,2100061223,251,125,1,1.24,"S",37.44,1,"3FF3D70A3D70A3D7","4042B851EB851EB8"
9,2100061223,252,112,1,1.33,"",37.96,1,"3FF547AE147AE148","4042FAE147AE147B"
9,2100061223,253,86,1,1.33,"",37.51,1,"3FF547AE147AE148","4042C147AE147AE1"
9,2100061223,254,92,1,1.33,"",37.77,1,"3FF547AE147AE148","4042E28F5C28F5C3"
9,2100061223,255,740,1,0.79,"B",4.78,1,"3FE947AE147AE148","40131EB851EB851F"
9,2100061223,256,147,1,1.31,"B",37.37,1,"3FF4F5C28F5C28F6","4042AF5C28F5C28F"
9,2100061223,257,86,1,1.33,"",37.51,1,"3FF547AE147AE148","4042C147AE147AE1"
9,2100061223,258,92,1,1.33,"",37.77,1,"3FF547AE147AE148","4042E28F5C28F5C3"
9,2100061223,259,128,1,1.31,"S",35.9,1,"3FF4F5C28F5C28F6","4041F33333333333"
9,2100061223,260,818,1,0.89,"",5.45,1,"3FEC7AE147AE147B","4015CCCCCCCCCCCD"
9,2100061223,261,148,1,1.33,"",36.78,1,"3FF547AE147AE148","404263D70A3D70A4"
9,2100061223,262,157,1,1.33,"",37.13,1,"3FF547AE147AE148","404290A3D70A3D71"
9,2100061223,263,118,1,1.33,"",37.61,1,"3FF547AE147AE148","4042CE147AE147AE"
9,2100061223,264,784,1,0.79,"B",20.21,1,"3FE947AE147AE148","403435C28F5C28F6"
9,2100061223,265,1163,1,0.79,"B",15.62,1,"3FE947AE147AE148","402F3D70A3D70A3D"
9,2100061223,266,196,1,1.15,"B",29.61,1,"3FF2666666666666","403D9C28F5C28F5C"
9,2100061223,267,141,1,1.19,"",31.42,1,"3FF30A3D70A3D70A","403F6B851EB851EC"
9,2100061223,268,108,1,1.19,"",31.42,1,"3FF30A3D70A3D70A","403F6B851EB851EC"
9,2100061223,269,180,1,1.19,"",31.09,1,"3FF30A3D70A3D70A","403F170A3D70A3D7"
9,2100061223,270,1146,1,0.79,"S",-6.53,1,"3FE947AE147AE148","C01A1EB851EB851F"
9,2100061223,271,257,1,1.16,"S",24.19,1,"3FF28F5C28F5C28F","403830A3D70A3D71"
9,2100061223,272,172,1,1.19,"",25.35,1,"3FF30A3D70A3D70A","403959999999999A"
9,2100061223,273,217,1,1.19,"",24.03,1,"3FF30A3D70A3D70A","403807AE147AE148"
9,2100061223,274,175,1,1.19,"",24.12,1,"3FF30A3D70A3D70A","40381EB851EB851F"
9,2100061223,275,160,1,1.12,"",24.31,1,"3FF1EB851EB851EC","40384F5C28F5C28F"
9,2100061223,276,598,1,0.99,"B",20.72,1,"3FEFAE147AE147AE","4034B851EB851EB8"
9,2100061223,277,296,1,1.01,"B",17.99,1,"3FF028F5C28F5C29","4031FD70A3D70A3D"
9,2100061223,278,208,1,1.19,"",25.88,1,"3FF30A3D70A3D70A","4039E147AE147AE1"
9,2100061223,279,191,1,1.21,"",26.12,1,"3FF35C28F5C28F5C","403A1EB851EB851F"
9,2100061223,280,144,1,1.29,"",29.4,1,"3FF4A3D70A3D70A4","403D666666666666"
9,2100061223,281,132,1,1.29,"",28.97,1,"3FF4A3D70A3D70A4","403CF851EB851EB8"
9,2100061223,282,127,1,1.21,"",24.17,1,"3FF35C28F5C28F5C","40382B851EB851EC"
9,2100061223,283,659,1,0.99,"B",7.17,1,"3FEFAE147AE147AE","401CAE147AE147AE"
9,2100061223,284,294,1,1,"B",16.24,1,"3FF0000000000000","40303D70A3D70A3D"
9,2100061223,285,228,1,1.09,"B",30.36,1,"3FF170A3D70A3D71","403E5C28F5C28F5C"
9,2100061223,286,122,1,1.15,"B",29.82,1,"3FF2666666666666","403DD1EB851EB852"
9,2100061223,287,177,1,1.29,"",35.69,1,"3FF4A3D70A3D70A4","4041D851EB851EB8"
9,2100061223,288,412,1,0.97,"B",39.55,1,"3FEF0A3D70A3D70A","4043C66666666666"
9,2100061223,289,477,1,0.96,"B",32.28,1,"3FEEB851EB851EB8","404023D70A3D70A4"
9,2100061223,290,128,1,1.29,"",28.75,1,"3FF4A3D70A3D70A4","403CC00000000000"
9,2100061223,291,165,1,1.29,"",28.75,1,"3FF4A3D70A3D70A4","403CC00000000000"
9,2100061223,292,175,1,1.29,"",28.75,1,"3FF4A3D70A3D70A4","403CC00000000000"
9,2100061223,293,191,1,1.29,"",28.75,1,"3FF4A3D70A3D70A4","403CC00000000000"
9,2100061223,294,178,1,1.29,"",28.75,1,"3FF4A3D70A3D70A4","403CC00000000000"
9,2100061223,295,191,1,1.29,"",32.77,1,"3FF4A3D70A3D70A4","4040628F5C28F5C3"
9,2100061223,296,2702,1,0.7,"B",16.97,1,"3FE6666666666666","4030F851EB851EB8"
9,2100061223,297,213,1,0.99,"",36.22,1,"3FEFAE147AE147AE","40421C28F5C28F5C"
9,2100061223,298,232,1,0.99,"B",22.32,1,"3FEFAE147AE147AE","403651EB851EB852"
9,2100061223,299,187,1,1.05,"B",30.5,1,"3FF0CCCCCCCCCCCD","403E800000000000"
9,2100061223,300,986,1,0.79,"B",25.53,1,"3FE947AE147AE148","403987AE147AE148"
9,2100061223,301,1422,1,0.79,"B",25.39,1,"3FE947AE147AE148","403963D70A3D70A4"
9,2100061223,302,478,1,0.99,"S",6.79,1,"3FEFAE147AE147AE","401B28F5C28F5C29"
9,2100061223,303,179,1,1.03,"",11.37,1,"3FF07AE147AE147B","4026BD70A3D70A3D"
9,2100061223,304,153,1,1.24,"",34.71,1,"3FF3D70A3D70A3D7","40415AE147AE147B"
9,2100061223,305,562,1,0.99,"S",32.42,1,"3FEFAE147AE147AE","404035C28F5C28F6"
9,2100061223,306,177,1,1.28,"",40.72,1,"3FF47AE147AE147B","40445C28F5C28F5C"
9,2100061223,307,155,1,1.29,"",28.75,1,"3FF4A3D70A3D70A4","403CC00000000000"
9,2100061223,308,162,1,1.29,"",28.75,1,"3FF4A3D70A3D70A4","403CC00000000000"
9,2100061223,309,170,1,1.29,"",28.75,1,"3FF4A3D70A3D70A4","403CC00000000000"
9,2100061223,310,184,1,1.29,"",28.75,1,"3FF4A3D70A3D70A4","403CC00000000000"
9,2100061223,311,167,1,1.29,"",28.75,1,"3FF4A3D70A3D70A4","403CC00000000000"
9,2100061223,312,167,1,1.29,"",28.75,1,"3FF4A3D70A3D70A4","403CC00000000000"
9,2100061223,313,167,1,1.29,"",28.75,1,"3FF4A3D70A3D70A4","403CC00000000000"
9,2100061223,314,535,1,0.99,"S",32.5,1,"3FEFAE147AE147AE","4040400000000000"
9,2100061223,315,295,1,1.01,"B",38.55,1,"3FF028F5C28F5C29","4043466666666666"
9,2100061223,316,883,1,0.89,"B",33.82,1,"3FEC7AE147AE147B","4040E8F5C28F5C29"
9,2100061223,317,93,1,1.25,"",49.74,1,"3FF4000000000000","4048DEB851EB851F"
9,2100061223,318,389,1,0.99,"S",25.35,1,"3FEFAE147AE147AE","403959999999999A"
9,2100061223,319,157,1,1.27,"",38.34,1,"3FF451EB851EB852","40432B851EB851EC"
9,2100061223,320,90,1,1.29,"",28.75,1,"3FF4A3D70A3D70A4","403CC00000000000"
9,2100061223,321,197,1,1.29,"",35.38,1,"3FF4A3D70A3D70A4","4041B0A3D70A3D71"
9,2100061223,322,959,1,0.79,"S",25.49,1,"3FE947AE147AE148","40397D70A3D70A3D"
9,2100061223,323,148,1,1.23,"",47.61,1,"3FF3AE147AE147AE","4047CE147AE147AE"
9,2100061223,324,78,1,1.27,"",28.04,1,"3FF451EB851EB852","403C0A3D70A3D70A"
9,2100061223,325,145,1,1.29,"",28.75,1,"3FF4A3D70A3D70A4","403CC00000000000"
9,2100061223,326,140,1,1.29,"",28.75,1,"3FF4A3D70A3D70A4","403CC00000000000"
9,2100061223,327,141,1,1.29,"",28.75,1,"3FF4A3D70A3D70A4","403CC00000000000"
9,2100061223,328,1306,1,0.79,"S",16.51,1,"3FE947AE147AE148","4030828F5C28F5C3"
9,2100061223,329,89,1,1.03,"",29.62,1,"3FF07AE147AE147B","403D9EB851EB851F"
9,2100061223,330,94,1,1.29,"",28.75,1,"3FF4A3D70A3D70A4","403CC00000000000"
9,2100061223,331,108,1,1.29,"",28.75,1,"3FF4A3D70A3D70A4","403CC00000000000"
9,2100061223,332,123,1,1.29,"",28.75,1,"3FF4A3D70A3D70A4","403CC00000000000"
9,2100061223,333,113,1,1.29,"",28.75,1,"3FF4A3D70A3D70A4","403CC00000000000"
9,2100061223,334,129,1,1.29,"",28.75,1,"3FF4A3D70A3D70A4","403CC00000000000"
9,2100061223,335,121,1,1.29,"",28.75,1,"3FF4A3D70A3D70A4","403CC00000000000"
9,2100061223,336,105,1,1.29,"",28.75,1,"3FF4A3D70A3D70A4","403CC00000000000"
9,2100061223,337,399,1,0.99,"S",19.83,1,"3FEFAE147AE147AE","4033D47AE147AE14"
9,2100061223,338,151,1,1.28,"",35,1,"3FF47AE147AE147B","4041800000000000"
9,2100061223,339,151,1,1.29,"",28.75,1,"3FF4A3D70A3D70A4","403CC00000000000"
9,2100061223,340,629,1,0.99,"S",10.79,1,"3FEFAE147AE147AE","4025947AE147AE14"
9,2100061223,341,134,1,1.28,"",36.46,1,"3FF47AE147AE147B","40423AE147AE147B"
9,2100061223,342,154,1,1.29,"",28.75,1,"3FF4A3D70A3D70A4","403CC00000000000"
9,2100061223,343,154,1,1.29,"",28.75,1,"3FF4A3D70A3D70A4","403CC00000000000"
9,2100061223,344,116,1,1.31,"",30.15,1,"3FF4F5C28F5C28F6","403E266666666666"
9,2100061223,345,106,1,1.39,"",33.88,1,"3FF63D70A3D70A3D","4040F0A3D70A3D71"
9,2100061223,346,130,1,1.39,"",34.18,1,"3FF63D70A3D70A3D","4041170A3D70A3D7"
9,2100061223,347,181,1,1.39,"",35.29,1,"3FF63D70A3D70A3D","4041A51EB851EB85"
9,2100061223,348,154,1,1.39,"",34.25,1,"3FF63D70A3D70A3D","4041200000000000"
9,2100061223,349,193,1,1.39,"",33.31,1,"3FF63D70A3D70A3D","4040A7AE147AE148"
9,2100061223,350,1297,1,0.89,"S",0.89,1,"3FEC7AE147AE147B","3FEC7AE147AE147B"
9,2100061223,351,193,1,1.17,"",30.55,1,"3FF2B851EB851EB8","403E8CCCCCCCCCCD"
9,2100061223,352,156,1,1.39,"",36.58,1,"3FF63D70A3D70A3D","40424A3D70A3D70A"
9,2100061223,353,218,1,1.39,"",36.85,1,"3FF63D70A3D70A3D","40426CCCCCCCCCCD"
9,2100061223,354,1945,1,1.29,"S",38.45,1,"3FF4A3D70A3D70A4","404339999999999A"
9,2100061223,355,230,1,1.39,"",35.87,1,"3FF63D70A3D70A3D","4041EF5C28F5C28F"
9,2100061223,356,112,1,1.39,"",32.8,1,"3FF63D70A3D70A3D","4040666666666666"
9,2100061223,357,114,1,1.39,"",35,1,"3FF63D70A3D70A3D","4041800000000000"
9,2100061223,358,524,1,0.99,"B",25.1,1,"3FEFAE147AE147AE","403919999999999A"
9,2100061223,359,386,1,0.99,"B",21.85,1,"3FEFAE147AE147AE","4035D9999999999A"
9,2100061223,360,121,1,1.38,"",37.4,1,"3FF6147AE147AE14","4042B33333333333"
9,2100061223,361,121,1,1.38,"",37.4,1,"3FF6147AE147AE14","4042B33333333333"
9,2100061223,362,148,1,1.39,"",29.05,1,"3FF63D70A3D70A3D","403D0CCCCCCCCCCD"
9,2100061223,363,116,1,1.39,"",28.56,1,"3FF63D70A3D70A3D","403C8F5C28F5C28F"
9,2100061223,364,92,1,1.39,"",28.56,1,"3FF63D70A3D70A3D","403C8F5C28F5C28F"
9,2100061223,365,154,1,1.39,"",29.55,1,"3FF63D70A3D70A3D","403D8CCCCCCCCCCD"
9,2100061223,366,157,1,1.39,"",38.18,1,"3FF63D70A3D70A3D","4043170A3D70A3D7"
9,2100061223,367,157,1,1.39,"",38.18,1,"3FF63D70A3D70A3D","4043170A3D70A3D7"
9,2100061223,368,1334,1,1.35,"B",35.86,1,"3FF599999999999A","4041EE147AE147AE"
9,2100061223,369,128,1,1.39,"",41.24,1,"3FF63D70A3D70A3D","40449EB851EB851F"
9,2100061223,370,161,1,1.38,"",36.74,1,"3FF6147AE147AE14","40425EB851EB851F"
9,2100061223,371,541,1,1.29,"S",32.32,1,"3FF4A3D70A3D70A4","404028F5C28F5C29"
9,2100061223,372,569,1,1.29,"S",45.85,1,"3FF4A3D70A3D70A4","4046ECCCCCCCCCCD"
12,2100061223,1,422,1,0.99,"B",16.46,1,"3FEFAE147AE147AE","403075C28F5C28F6"
12,2100061223,2,223,1,0.99,"B",16.46,1,"3FEFAE147AE147AE","403075C28F5C28F6"
12,2100061223,3,241,1,0.99,"B",17.68,1,"3FEFAE147AE147AE","4031AE147AE147AE"
12,2100061223,4,171,1,0.99,"",17.68,1,"3FEFAE147AE147AE","4031AE147AE147AE"
12,2100061223,5,519,1,0.89,"B",7.75,1,"3FEC7AE147AE147B","401F000000000000"
12,2100061223,6,113,1,1.29,"",34.81,1,"3FF4A3D70A3D70A4","404167AE147AE148"
12,2100061223,7,205,1,1.29,"",35.81,1,"3FF4A3D70A3D70A4","4041E7AE147AE148"
12,2100061223,8,410,1,0.99,"B",16.36,1,"3FEFAE147AE147AE","40305C28F5C28F5C"
12,2100061223,9,494,1,0.99,"B",16.36,1,"3FEFAE147AE147AE","40305C28F5C28F5C"
12,2100061223,10,537,1,0.99,"",16.36,1,"3FEFAE147AE147AE","40305C28F5C28F5C"
12,2100061223,11,185,1,0.99,"",16.36,1,"3FEFAE147AE147AE","40305C28F5C28F5C"
12,2100061223,12,142,1,1.29,"",35.81,1,"3FF4A3D70A3D70A4","4041E7AE147AE148"
12,2100061223,13,188,1,1.29,"",35.81,1,"3FF4A3D70A3D70A4","4041E7AE147AE148"
12,2100061223,14,737,1,0.99,"B",16.36,1,"3FEFAE147AE147AE","40305C28F5C28F5C"
12,2100061223,15,376,1,0.99,"B",16.36,1,"3FEFAE147AE147AE","40305C28F5C28F5C"
12,2100061223,16,365,1,0.99,"B",16.36,1,"3FEFAE147AE147AE","40305C28F5C28F5C"
12,2100061223,17,105,1,1.29,"",35.81,1,"3FF4A3D70A3D70A4","4041E7AE147AE148"
12,2100061223,18,127,1,1.29,"",35.81,1,"3FF4A3D70A3D70A4","4041E7AE147AE148"
12,2100061223,19,303,1,1.29,"",35.81,1,"3FF4A3D70A3D70A4","4041E7AE147AE148"
12,2100061223,20,533,1,0.99,"",16.36,1,"3FEFAE147AE147AE","40305C28F5C28F5C"
