cmov.csv
"STORE","UPC","WEEK","MOVE","QTY","PRICE","SALE","PROFIT","OK","PRICE_HEX","PROFIT_HEX"
12,2100061223,21,384,1,0.99,"B",16.36,1,"3FEFAE147AE147AE","40305C28F5C28F5C"
12,2100061223,22,155,1,1.29,"",35.81,1,"3FF4A3D70A3D70A4","4041E7AE147AE148"
12,2100061223,23,195,1,1.29,"",35.81,1,"3FF4A3D70A3D70A4","4041E7AE147AE148"
12,2100061223,24,109,1,1.29,"",31.16,1,"3FF4A3D70A3D70A4","403F28F5C28F5C29"
12,2100061223,25,144,1,1.29,"",31.16,1,"3FF4A3D70A3D70A4","403F28F5C28F5C29"
12,2100061223,26,101,1,1.29,"",31.16,1,"3FF4A3D70A3D70A4","403F28F5C28F5C29"
12,2100061223,27,157,1,1.29,"",31.16,1,"3FF4A3D70A3D70A4","403F28F5C28F5C29"
12,2100061223,28,137,1,1.27,"",30.08,1,"3FF451EB851EB852","403E147AE147AE14"
12,2100061223,29,198,1,1.29,"",35.81,1,"3FF4A3D70A3D70A4","4041E7AE147AE148"
12,2100061223,30,593,1,0.99,"B",16.36,1,"3FEFAE147AE147AE","40305C28F5C28F5C"
12,2100061223,31,119,1,1.29,"",35.81,1,"3FF4A3D70A3D70A4","4041E7AE147AE148"
12,2100061223,32,116,1,1.29,"",35.81,1,"3FF4A3D70A3D70A4","4041E7AE147AE148"
12,2100061223,33,97,1,1.29,"",35.81,1,"3FF4A3D70A3D70A4","4041E7AE147AE148"
12,2100061223,34,246,1,1.09,"B",24.04,1,"3FF170A3D70A3D71","40380A3D70A3D70A"
12,2100061223,35,177,1,1.09,"B",24.04,1,"3FF170A3D70A3D71","40380A3D70A3D70A"
12,2100061223,36,551,1,0.99,"",23.33,1,"3FEFAE147AE147AE","4037547AE147AE14"
12,2100061223,37,116,1,1.29,"",41.16,1,"3FF4A3D70A3D70A4","4044947AE147AE14"
12,2100061223,38,139,1,1.29,"",38.14,1,"3FF4A3D70A3D70A4","404311EB851EB852"
12,2100061223,39,130,1,1.29,"",38.14,1,"3FF4A3D70A3D70A4","404311EB851EB852"
12,2100061223,40,567,1,0.89,"B",7.98,1,"3FEC7AE147AE147B","401FEB851EB851EC"
12,2100061223,41,229,1,0.89,"B",7.98,1,"3FEC7AE147AE147B","401FEB851EB851EC"
12,2100061223,42,172,1,0.89,"",7.98,1,"3FEC7AE147AE147B","401FEB851EB851EC"
12,2100061223,43,111,1,1.29,"",31.78,1,"3FF4A3D70A3D70A4","403FC7AE147AE148"
12,2100061223,44,166,1,1.29,"",31.78,1,"3FF4A3D70A3D70A4","403FC7AE147AE148"
12,2100061223,45,138,1,1.29,"",31.16,1,"3FF4A3D70A3D70A4","403F28F5C28F5C29"
12,2100061223,46,130,1,1.29,"",31.16,1,"3FF4A3D70A3D70A4","403F28F5C28F5C29"
12,2100061223,47,174,1,1.29,"",31.16,1,"3FF4A3D70A3D70A4","403F28F5C28F5C29"
12,2100061223,48,154,1,1.29,"",31.16,1,"3FF4A3D70A3D70A4","403F28F5C28F5C29"
12,2100061223,49,179,1,1.29,"",33.26,1,"3FF4A3D70A3D70A4","4040A147AE147AE1"
12,2100061223,50,166,1,1.29,"",33.26,1,"3FF4A3D70A3D70A4","4040A147AE147AE1"
12,2100061223,51,637,1,0.99,"B",15.86,1,"3FEFAE147AE147AE","402FB851EB851EB8"
12,2100061223,52,321,1,0.99,"B",16.06,1,"3FEFAE147AE147AE","40300F5C28F5C28F"
12,2100061223,53,225,1,0.99,"",16.06,1,"3FEFAE147AE147AE","40300F5C28F5C28F"
12,2100061223,54,137,1,1.29,"",35.58,1,"3FF4A3D70A3D70A4","4041CA3D70A3D70A"
12,2100061223,55,123,1,1.29,"",35.58,1,"3FF4A3D70A3D70A4","4041CA3D70A3D70A"
12,2100061223,56,148,1,1.29,"",35.74,1,"3FF4A3D70A3D70A4","4041DEB851EB851F"
12,2100061223,57,178,1,1.29,"",35.74,1,"3FF4A3D70A3D70A4","4041DEB851EB851F"
12,2100061223,58,1676,1,0.65,"S",27.38,1,"3FE4CCCCCCCCCCCD","403B6147AE147AE1"
12,2100061223,59,112,1,1.29,"",35.81,1,"3FF4A3D70A3D70A4","4041E7AE147AE148"
12,2100061223,60,766,1,0.99,"B",16.36,1,"3FEFAE147AE147AE","40305C28F5C28F5C"
12,2100061223,61,211,1,0.99,"",16.36,1,"3FEFAE147AE147AE","40305C28F5C28F5C"
12,2100061223,62,137,1,1.29,"",35.81,1,"3FF4A3D70A3D70A4","4041E7AE147AE148"
12,2100061223,63,174,1,1.29,"",35.81,1,"3FF4A3D70A3D70A4","4041E7AE147AE148"
12,2100061223,64,870,1,0.89,"B",11.12,1,"3FEC7AE147AE147B","40263D70A3D70A3D"
12,2100061223,65,367,1,1.29,"B",36.67,1,"3FF4A3D70A3D70A4","404255C28F5C28F6"
12,2100061223,66,513,1,0.99,"B",16.97,1,"3FEFAE147AE147AE","4030F851EB851EB8"
12,2100061223,67,269,1,0.99,"B",16.97,1,"3FEFAE147AE147AE","4030F851EB851EB8"
12,2100061223,68,112,1,1.3,"B",36.77,1,"3FF4CCCCCCCCCCCD","4042628F5C28F5C3"
12,2100061223,69,433,1,0.89,"B",11.46,1,"3FEC7AE147AE147B","4026EB851EB851EC"
12,2100061223,70,119,1,1.3,"",39.38,1,"3FF4CCCCCCCCCCCD","4043B0A3D70A3D71"
12,2100061223,71,146,1,1.3,"",39.38,1,"3FF4CCCCCCCCCCCD","4043B0A3D70A3D71"
12,2100061223,72,126,1,1.33,"",40.75,1,"3FF547AE147AE148","4044600000000000"
12,2100061223,73,128,1,1.33,"",40.75,1,"3FF547AE147AE148","4044600000000000"
12,2100061223,74,132,1,1.33,"",40.75,1,"3FF547AE147AE148","4044600000000000"
12,2100061223,75,90,1,1.33,"",40.75,1,"3FF547AE147AE148","4044600000000000"
12,2100061223,76,83,1,1.33,"",37.74,1,"3FF547AE147AE148","4042DEB851EB851F"
12,2100061223,77,134,1,1.33,"",37.74,1,"3FF547AE147AE148","4042DEB851EB851F"
12,2100061223,78,175,1,1.33,"",37.74,1,"3FF547AE147AE148","4042DEB851EB851F"
12,2100061223,79,819,1,0.89,"B",7.98,1,"3FEC7AE147AE147B","401FEB851EB851EC"
12,2100061223,80,313,1,0.89,"B",7.98,1,"3FEC7AE147AE147B","401FEB851EB851EC"
12,2100061223,81,160,1,1.33,"",38.27,1,"3FF547AE147AE148","4043228F5C28F5C3"
12,2100061223,82,89,1,1.33,"",37.89,1,"3FF547AE147AE148","4042F1EB851EB852"
12,2100061223,83,100,1,1.33,"",37.89,1,"3FF547AE147AE148","4042F1EB851EB852"
12,2100061223,84,116,1,1.33,"",37.89,1,"3FF547AE147AE148","4042F1EB851EB852"
12,2100061223,85,114,1,1.33,"",37.89,1,"3FF547AE147AE148","4042F1EB851EB852"
12,2100061223,86,227,1,1.33,"",33.23,1,"3FF547AE147AE148","40409D70A3D70A3D"
12,2100061223,87,348,1,0.99,"",19.39,1,"3FEFAE147AE147AE","403363D70A3D70A4"
12,2100061223,88,185,1,0.99,"B",19.39,1,"3FEFAE147AE147AE","403363D70A3D70A4"
12,2100061223,89,227,1,0.99,"B",16.57,1,"3FEFAE147AE147AE","403091EB851EB852"
12,2100061223,90,243,1,0.99,"B",16.36,1,"3FEFAE147AE147AE","40305C28F5C28F5C"
12,2100061223,91,417,1,0.99,"B",16.36,1,"3FEFAE147AE147AE","40305C28F5C28F5C"
12,2100061223,92,196,1,0.99,"B",16.36,1,"3FEFAE147AE147AE","40305C28F5C28F5C"
12,2100061223,93,103,1,1.33,"",37.74,1,"3FF547AE147AE148","4042DEB851EB851F"
12,2100061223,94,120,1,1.33,"",37.74,1,"3FF547AE147AE148","4042DEB851EB851F"
12,2100061223,95,98,1,1.33,"",37.74,1,"3FF547AE147AE148","4042DEB851EB851F"
12,2100061223,96,134,1,1.33,"",36.47,1,"3FF547AE147AE148","40423C28F5C28F5C"
12,2100061223,97,113,1,1.33,"",33.38,1,"3FF547AE147AE148","4040B0A3D70A3D71"
12,2100061223,98,99,1,1.33,"",33.23,1,"3FF547AE147AE148","40409D70A3D70A3D"
12,2100061223,99,115,1,1.38,"",35.65,1,"3FF6147AE147AE14","4041D33333333333"
12,2100061223,100,99,1,1.44,"",41.25,1,"3FF70A3D70A3D70A","4044A00000000000"
12,2100061223,101,628,1,0.89,"B",6.85,1,"3FEC7AE147AE147B","401B666666666666"
12,2100061223,102,113,1,0.89,"",6.85,1,"3FEC7AE147AE147B","401B666666666666"
12,2100061223,103,101,1,1.44,"",42.43,1,"3FF70A3D70A3D70A","4045370A3D70A3D7"
12,2100061223,104,110,1,1.38,"",39.93,1,"3FF6147AE147AE14","4043F70A3D70A3D7"
12,2100061223,105,253,1,1.09,"S",22.66,1,"3FF170A3D70A3D71","4036A8F5C28F5C29"
12,2100061223,106,127,1,1.38,"",38.48,1,"3FF6147AE147AE14","40433D70A3D70A3D"
12,2100061223,107,104,1,1.38,"",38.33,1,"3FF6147AE147AE14","40432A3D70A3D70A"
12,2100061223,108,93,1,1.38,"",38.33,1,"3FF6147AE147AE14","40432A3D70A3D70A"
12,2100061223,109,201,1,1.38,"",38.33,1,"3FF6147AE147AE14","40432A3D70A3D70A"
12,2100061223,110,1120,1,0.89,"B",3.6,1,"3FEC7AE147AE147B","400CCCCCCCCCCCCD"
12,2100061223,111,279,1,0.89,"B",10.45,1,"3FEC7AE147AE147B","4024E66666666666"
12,2100061223,112,155,1,1.38,"",42.25,1,"3FF6147AE147AE14","4045200000000000"
12,2100061223,113,307,1,1.38,"",42.25,1,"3FF6147AE147AE14","4045200000000000"
12,2100061223,114,744,1,0.99,"B",14.34,1,"3FEFAE147AE147AE","402CAE147AE147AE"
12,2100061223,115,309,1,0.99,"B",14.34,1,"3FEFAE147AE147AE","402CAE147AE147AE"
12,2100061223,116,167,1,0.99,"B",10.51,1,"3FEFAE147AE147AE","4025051EB851EB85"
12,2100061223,117,91,1,1.38,"",35.8,1,"3FF6147AE147AE14","4041E66666666666"
12,2100061223,118,252,1,1.19,"B",26.72,1,"3FF30A3D70A3D70A","403AB851EB851EB8"
12,2100061223,119,149,1,1.19,"",26.81,1,"3FF30A3D70A3D70A","403ACF5C28F5C28F"
12,2100061223,120,106,1,1.38,"",36.88,1,"3FF6147AE147AE14","404270A3D70A3D71"
12,2100061223,121,120,1,1.38,"",36.88,1,"3FF6147AE147AE14","404270A3D70A3D71"
12,2100061223,122,108,1,1.38,"",36.88,1,"3FF6147AE147AE14","404270A3D70A3D71"
12,2100061223,123,110,1,1.38,"",38.55,1,"3FF6147AE147AE14","4043466666666666"
12,2100061223,124,122,1,1.38,"",38.55,1,"3FF6147AE147AE14","4043466666666666"
12,2100061223,125,79,1,1.35,"",37.19,1,"3FF599999999999A","40429851EB851EB8"
12,2100061223,126,151,1,1.35,"",38.67,1,"3FF599999999999A","404355C28F5C28F6"
12,2100061223,127,311,1,0.99,"",23.43,1,"3FEFAE147AE147AE","40376E147AE147AE"
12,2100061223,128,321,1,0.99,"B",23.43,1,"3FEFAE147AE147AE","40376E147AE147AE"
12,2100061223,129,168,1,0.99,"B",23.43,1,"3FEFAE147AE147AE","40376E147AE147AE"
12,2100061223,130,460,1,0.99,"B",16.36,1,"3FEFAE147AE147AE","40305C28F5C28F5C"
12,2100061223,131,610,1,0.99,"B",16.36,1,"3FEFAE147AE147AE","40305C28F5C28F5C"
12,2100061223,132,177,1,0.99,"B",16.36,1,"3FEFAE147AE147AE","40305C28F5C28F5C"
12,2100061223,133,175,1,1.35,"",38.67,1,"3FF599999999999A","404355C28F5C28F6"
12,2100061223,134,557,1,0.99,"B",16.36,1,"3FEFAE147AE147AE","40305C28F5C28F5C"
12,2100061223,135,215,1,0.99,"",16.36,1,"3FEFAE147AE147AE","40305C28F5C28F5C"
12,2100061223,136,118,1,1.35,"",38.67,1,"3FF599999999999A","404355C28F5C28F6"
12,2100061223,137,115,1,1.35,"",38.67,1,"3FF599999999999A","404355C28F5C28F6"
12,2100061223,138,76,1,1.35,"",38.67,1,"3FF599999999999A","404355C28F5C28F6"
12,2100061223,139,112,1,1.32,"",37.27,1,"3FF51EB851EB851F","4042A28F5C28F5C3"
12,2100061223,140,114,1,1.32,"",37.27,1,"3FF51EB851EB851F","4042A28F5C28F5C3"
12,2100061223,141,462,1,1.09,"B",24.04,1,"3FF170A3D70A3D71","40380A3D70A3D70A"
12,2100061223,142,262,1,1.09,"B",24.04,1,"3FF170A3D70A3D71","40380A3D70A3D70A"
12,2100061223,143,127,1,1.32,"",37.35,1,"3FF51EB851EB851F","4042ACCCCCCCCCCD"
12,2100061223,144,91,1,1.32,"",37.35,1,"3FF51EB851EB851F","4042ACCCCCCCCCCD"
12,2100061223,145,119,1,1.32,"",37.42,1,"3FF51EB851EB851F","4042B5C28F5C28F6"
12,2100061223,146,107,1,1.32,"",37.42,1,"3FF51EB851EB851F","4042B5C28F5C28F6"
12,2100061223,147,80,1,1.32,"",37.42,1,"3FF51EB851EB851F","4042B5C28F5C28F6"
12,2100061223,148,119,1,1.32,"",37.42,1,"3FF51EB851EB851F","4042B5C28F5C28F6"
12,2100061223,149,95,1,1.32,"",37.27,1,"3FF51EB851EB851F","4042A28F5C28F5C3"
12,2100061223,150,341,1,1.19,"B",30.59,1,"3FF30A3D70A3D70A","403E970A3D70A3D7"
12,2100061223,151,234,1,1.19,"B",30.59,1,"3FF30A3D70A3D70A","403E970A3D70A3D7"
12,2100061223,152,91,1,1.32,"",37.42,1,"3FF51EB851EB851F","4042B5C28F5C28F6"
12,2100061223,153,118,1,1.32,"",37.42,1,"3FF51EB851EB851F","4042B5C28F5C28F6"
12,2100061223,154,106,1,1.32,"",37.42,1,"3FF51EB851EB851F","4042B5C28F5C28F6"
12,2100061223,155,116,1,1.32,"",37.42,1,"3FF51EB851EB851F","4042B5C28F5C28F6"
12,2100061223,156,24,1,1.32,"",37.42,1,"3FF51EB851EB851F","4042B5C28F5C28F6"
12,2100061223,157,779,1,0.99,"B",16.57,1,"3FEFAE147AE147AE","403091EB851EB852"
12,2100061223,158,1177,1,0.99,"B",16.57,1,"3FEFAE147AE147AE","403091EB851EB852"
12,2100061223,159,336,1,0.99,"B",16.57,1,"3FEFAE147AE147AE","403091EB851EB852"
12,2100061223,160,549,1,1.19,"B",30.59,1,"3FF30A3D70A3D70A","403E970A3D70A3D7"
12,2100061223,161,272,1,1.19,"",30.59,1,"3FF30A3D70A3D70A","403E970A3D70A3D7"
12,2100061223,162,382,1,1.09,"B",24.22,1,"3FF170A3D70A3D71","40383851EB851EB8"
12,2100061223,163,220,1,1.09,"B",24.22,1,"3FF170A3D70A3D71","40383851EB851EB8"
12,2100061223,164,204,1,1.09,"B",24.22,1,"3FF170A3D70A3D71","40383851EB851EB8"
12,2100061223,165,122,1,1.09,"B",24.22,1,"3FF170A3D70A3D71","40383851EB851EB8"
12,2100061223,166,151,1,1.09,"B",24.22,1,"3FF170A3D70A3D71","40383851EB851EB8"
12,2100061223,167,142,1,1.09,"B",24.22,1,"3FF170A3D70A3D71","40383851EB851EB8"
12,2100061223,168,162,1,0.99,"B",16.56,1,"3FEFAE147AE147AE","40308F5C28F5C28F"
12,2100061223,169,1112,1,0.99,"B",16.56,1,"3FEFAE147AE147AE","40308F5C28F5C28F"
12,2100061223,170,81,1,1.32,"",37.42,1,"3FF51EB851EB851F","4042B5C28F5C28F6"
12,2100061223,171,171,1,1.16,"",28.79,1,"3FF28F5C28F5C28F","403CCA3D70A3D70A"
12,2100061223,172,405,1,0.99,"B",16.56,1,"3FEFAE147AE147AE","40308F5C28F5C28F"
12,2100061223,173,167,1,1.08,"B",23.51,1,"3FF147AE147AE148","4037828F5C28F5C3"
12,2100061223,174,245,1,1.19,"B",30.58,1,"3FF30A3D70A3D70A","403E947AE147AE14"
12,2100061223,175,223,1,1.22,"B",32.29,1,"3FF3851EB851EB85","4040251EB851EB85"
12,2100061223,176,528,1,0.99,"",16.56,1,"3FEFAE147AE147AE","40308F5C28F5C28F"
12,2100061223,177,129,1,1.32,"S",37.42,1,"3FF51EB851EB851F","4042B5C28F5C28F6"
12,2100061223,178,90,1,1.29,"",35.96,1,"3FF4A3D70A3D70A4","4041FAE147AE147B"
12,2100061223,179,103,1,1.25,"",33.92,1,"3FF4000000000000","4040F5C28F5C28F6"
12,2100061223,180,78,1,1.25,"",33.92,1,"3FF4000000000000","4040F5C28F5C28F6"
12,2100061223,181,443,1,0.99,"S",16.56,1,"3FEFAE147AE147AE","40308F5C28F5C28F"
12,2100061223,182,114,1,1.25,"",33.92,1,"3FF4000000000000","4040F5C28F5C28F6"
12,2100061223,183,92,1,1.25,"",32.4,1,"3FF4000000000000","4040333333333333"
12,2100061223,184,119,1,1.25,"",29.84,1,"3FF4000000000000","403DD70A3D70A3D7"
12,2100061223,185,102,1,1.25,"",29.36,1,"3FF4000000000000","403D5C28F5C28F5C"
12,2100061223,186,111,1,1.25,"",29.28,1,"3FF4000000000000","403D47AE147AE148"
12,2100061223,187,83,1,1.25,"",31.28,1,"3FF4000000000000","403F47AE147AE148"
12,2100061223,188,112,1,1.25,"",33.92,1,"3FF4000000000000","4040F5C28F5C28F6"
12,2100061223,189,326,1,1.09,"B",24.22,1,"3FF170A3D70A3D71","40383851EB851EB8"
12,2100061223,190,212,1,1.11,"B",25.58,1,"3FF1C28F5C28F5C3","4039947AE147AE14"
12,2100061223,191,113,1,1.25,"",33.92,1,"3FF4000000000000","4040F5C28F5C28F6"
12,2100061223,192,95,1,1.25,"",33.92,1,"3FF4000000000000","4040F5C28F5C28F6"
12,2100061223,193,607,1,0.99,"S",16.56,1,"3FEFAE147AE147AE","40308F5C28F5C28F"
12,2100061223,194,98,1,1.21,"",31.73,1,"3FF35C28F5C28F5C","403FBAE147AE147B"
12,2100061223,195,94,1,1.18,"B",30,1,"3FF2E147AE147AE1","403E000000000000"
12,2100061223,196,109,1,1.23,"",32.84,1,"3FF3AE147AE147AE","40406B851EB851EC"
12,2100061223,197,115,1,1.22,"B",32.29,1,"3FF3851EB851EB85","4040251EB851EB85"
12,2100061223,198,465,1,0.99,"B",16.56,1,"3FEFAE147AE147AE","40308F5C28F5C28F"
12,2100061223,199,192,1,1.02,"B",19.01,1,"3FF051EB851EB852","4033028F5C28F5C3"
12,2100061223,200,87,1,1.25,"",33.92,1,"3FF4000000000000","4040F5C28F5C28F6"
12,2100061223,201,86,1,1.25,"",33.92,1,"3FF4000000000000","4040F5C28F5C28F6"
12,2100061223,202,256,1,0.98,"S",15.71,1,"3FEF5C28F5C28F5C","402F6B851EB851EC"
12,2100061223,203,111,1,1.25,"",33.92,1,"3FF4000000000000","4040F5C28F5C28F6"
12,2100061223,204,173,1,1.25,"",61.44,1,"3FF4000000000000","404EB851EB851EB8"
12,2100061223,205,2416,1,0.5,"",-53.8,1,"3FE0000000000000","C04AE66666666666"
12,2100061223,206,831,1,0.58,"B",-42.41,1,"3FE28F5C28F5C28F","C045347AE147AE14"
12,2100061223,207,233,1,1.25,"",33.92,1,"3FF4000000000000","4040F5C28F5C28F6"
12,2100061223,208,172,1,1.25,"",33.92,1,"3FF4000000000000","4040F5C28F5C28F6"
12,2100061223,209,184,1,1.25,"",33.92,1,"3FF4000000000000","4040F5C28F5C28F6"
12,2100061223,210,573,1,0.99,"",16.56,1,"3FEFAE147AE147AE","40308F5C28F5C28F"
12,2100061223,211,86,1,1.26,"S",34.44,1,"3FF428F5C28F5C29","40413851EB851EB8"
12,2100061223,212,74,1,1.33,"",37.89,1,"3FF547AE147AE148","4042F1EB851EB852"
12,2100061223,213,101,1,1.33,"",37.89,1,"3FF547AE147AE148","4042F1EB851EB852"
12,2100061223,214,74,1,1.33,"",37.89,1,"3FF547AE147AE148","4042F1EB851EB852"
12,2100061223,215,101,1,1.33,"",37.89,1,"3FF547AE147AE148","4042F1EB851EB852"
12,2100061223,216,220,1,0.99,"S",16.56,1,"3FEFAE147AE147AE","40308F5C28F5C28F"
12,2100061223,217,86,1,1.32,"S",37.42,1,"3FF51EB851EB851F","4042B5C28F5C28F6"
12,2100061223,218,106,1,1.33,"",37.89,1,"3FF547AE147AE148","4042F1EB851EB852"
12,2100061223,219,1897,1,0.5,"",-65.2,1,"3FE0000000000000","C0504CCCCCCCCCCD"
12,2100061223,220,134,1,1.15,"",28.17,1,"3FF2666666666666","403C2B851EB851EC"
12,2100061223,221,79,1,1.33,"",37.89,1,"3FF547AE147AE148","4042F1EB851EB852"
12,2100061223,222,95,1,1.33,"",37.89,1,"3FF547AE147AE148","4042F1EB851EB852"
12,2100061223,223,95,1,1.33,"",37.89,1,"3FF547AE147AE148","4042F1EB851EB852"
12,2100061223,224,410,1,0.99,"",25.75,1,"3FEFAE147AE147AE","4039C00000000000"
12,2100061223,225,106,1,1.3,"S",44.15,1,"3FF4CCCCCCCCCCCD","4046133333333333"
12,2100061223,226,87,1,1.33,"",45.41,1,"3FF547AE147AE148","4046B47AE147AE14"
12,2100061223,227,309,1,1,"",27.4,1,"3FF0000000000000","403B666666666666"
12,2100061223,228,105,1,1.31,"S",44.58,1,"3FF4F5C28F5C28F6","40464A3D70A3D70A"
12,2100061223,229,115,1,1.33,"",45.41,1,"3FF547AE147AE148","4046B47AE147AE14"
12,2100061223,230,100,1,1.33,"",45.41,1,"3FF547AE147AE148","4046B47AE147AE14"
12,2100061223,231,83,1,1.33,"",45.41,1,"3FF547AE147AE148","4046B47AE147AE14"
12,2100061223,232,302,1,0.99,"S",26.66,1,"3FEFAE147AE147AE","403AA8F5C28F5C29"
12,2100061223,233,135,1,1.32,"S",45,1,"3FF51EB851EB851F","4046800000000000"
12,2100061223,234,88,1,1.33,"",45.41,1,"3FF547AE147AE148","4046B47AE147AE14"
12,2100061223,235,100,1,1.33,"",45.41,1,"3FF547AE147AE148","4046B47AE147AE14"
12,2100061223,236,118,1,1.33,"",44.96,1,"3FF547AE147AE148","40467AE147AE147B"
12,2100061223,237,100,1,1.33,"",42.25,1,"3FF547AE147AE148","4045200000000000"
12,2100061223,238,507,1,0.99,"",25.85,1,"3FEFAE147AE147AE","4039D9999999999A"
12,2100061223,239,105,1,1.29,"S",37.75,1,"3FF4A3D70A3D70A4","4042E00000000000"
12,2100061223,240,82,1,1.33,"",37.89,1,"3FF547AE147AE148","4042F1EB851EB852"
12,2100061223,241,86,1,1.33,"",37.89,1,"3FF547AE147AE148","4042F1EB851EB852"
12,2100061223,242,106,1,1.33,"",37.81,1,"3FF547AE147AE148","4042E7AE147AE148"
12,2100061223,243,133,1,0.94,"",6.9,1,"3FEE147AE147AE14","401B99999999999A"
12,2100061223,244,807,1,0.98,"S",11.14,1,"3FEF5C28F5C28F5C","402647AE147AE148"
12,2100061223,245,95,1,1.26,"S",33.39,1,"3FF428F5C28F5C29","4040B1EB851EB852"
12,2100061223,246,86,1,1.33,"",37.8,1,"3FF547AE147AE148","4042E66666666666"
12,2100061223,247,100,1,1.33,"",39.77,1,"3FF547AE147AE148","4043E28F5C28F5C3"
12,2100061223,248,90,1,1.33,"",37.41,1,"3FF547AE147AE148","4042B47AE147AE14"
12,2100061223,249,396,1,0.99,"S",14.5,1,"3FEFAE147AE147AE","402D000000000000"
12,2100061223,250,108,1,1.31,"S",36.51,1,"3FF4F5C28F5C28F6","40424147AE147AE1"
