cmov.csv
"STORE","UPC","WEEK","MOVE","QTY","PRICE","SALE","PROFIT","OK","PRICE_HEX","PROFIT_HEX"
12,2100061223,251,128,1,1.33,"",39.12,1,"3FF547AE147AE148","40438F5C28F5C28F"
12,2100061223,252,107,1,1.33,"",39,1,"3FF547AE147AE148","4043800000000000"
12,2100061223,253,922,1,1.09,"",34.7,1,"3FF170A3D70A3D71","404159999999999A"
12,2100061223,254,202,1,1.21,"S",37.24,1,"3FF35C28F5C28F5C","40429EB851EB851F"
12,2100061223,255,143,1,1.33,"",37.96,1,"3FF547AE147AE148","4042FAE147AE147B"
12,2100061223,256,78,1,1.33,"",37.77,1,"3FF547AE147AE148","4042E28F5C28F5C3"
12,2100061223,257,113,1,1.33,"",37.78,1,"3FF547AE147AE148","4042E3D70A3D70A4"
12,2100061223,258,509,1,0.79,"B",5.1,1,"3FE947AE147AE148","4014666666666666"
12,2100061223,259,129,1,1.32,"B",37.69,1,"3FF51EB851EB851F","4042D851EB851EB8"
12,2100061223,260,78,1,1.33,"",37.77,1,"3FF547AE147AE148","4042E28F5C28F5C3"
12,2100061223,261,113,1,1.33,"",37.78,1,"3FF547AE147AE148","4042E3D70A3D70A4"
12,2100061223,262,82,1,1.3,"S",35.19,1,"3FF4CCCCCCCCCCCD","40419851EB851EB8"
12,2100061223,263,71,1,1.33,"",36.69,1,"3FF547AE147AE148","40425851EB851EB8"
12,2100061223,264,86,1,1.33,"",36.76,1,"3FF547AE147AE148","40426147AE147AE1"
12,2100061223,265,101,1,1.33,"",37.13,1,"3FF547AE147AE148","404290A3D70A3D71"
12,2100061223,266,114,1,1.33,"",37.61,1,"3FF547AE147AE148","4042CE147AE147AE"
12,2100061223,267,681,1,0.79,"B",18.71,1,"3FE947AE147AE148","4032B5C28F5C28F6"
12,2100061223,268,692,1,0.79,"B",14.45,1,"3FE947AE147AE148","402CE66666666666"
12,2100061223,269,103,1,1.3,"B",37.41,1,"3FF4CCCCCCCCCCCD","4042B47AE147AE14"
12,2100061223,270,91,1,1.33,"",38.64,1,"3FF547AE147AE148","404351EB851EB852"
12,2100061223,271,82,1,1.33,"",38.64,1,"3FF547AE147AE148","404351EB851EB852"
12,2100061223,272,96,1,1.33,"",38.34,1,"3FF547AE147AE148","40432B851EB851EC"
12,2100061223,273,442,1,0.79,"S",-6.45,1,"3FE947AE147AE148","C019CCCCCCCCCCCD"
12,2100061223,274,76,1,1.33,"",33.69,1,"3FF547AE147AE148","4040D851EB851EB8"
12,2100061223,275,74,1,1.33,"",33.29,1,"3FF547AE147AE148","4040A51EB851EB85"
12,2100061223,276,113,1,1.33,"",32.03,1,"3FF547AE147AE148","404003D70A3D70A4"
12,2100061223,277,103,1,1.33,"",32.28,1,"3FF547AE147AE148","404023D70A3D70A4"
12,2100061223,278,93,1,1.24,"",31.76,1,"3FF3D70A3D70A3D7","403FC28F5C28F5C3"
12,2100061223,279,248,1,0.99,"B",20.94,1,"3FEFAE147AE147AE","4034F0A3D70A3D71"
12,2100061223,280,163,1,1.04,"B",19.64,1,"3FF0A3D70A3D70A4","4033A3D70A3D70A4"
12,2100061223,281,86,1,1.33,"",33.59,1,"3FF547AE147AE148","4040CB851EB851EC"
12,2100061223,282,117,1,1.33,"",32.54,1,"3FF547AE147AE148","4040451EB851EB85"
12,2100061223,283,79,1,1.33,"",31.54,1,"3FF547AE147AE148","403F8A3D70A3D70A"
12,2100061223,284,87,1,1.33,"",31.11,1,"3FF547AE147AE148","403F1C28F5C28F5C"
12,2100061223,285,123,1,1.19,"",23.24,1,"3FF30A3D70A3D70A","40373D70A3D70A3D"
12,2100061223,286,507,1,0.99,"B",7.17,1,"3FEFAE147AE147AE","401CAE147AE147AE"
12,2100061223,287,104,1,0.99,"B",15.19,1,"3FEFAE147AE147AE","402E6147AE147AE1"
12,2100061223,288,247,1,1.09,"B",30.36,1,"3FF170A3D70A3D71","403E5C28F5C28F5C"
12,2100061223,289,94,1,1.17,"B",30.58,1,"3FF2B851EB851EB8","403E947AE147AE14"
12,2100061223,290,86,1,1.33,"",38.4,1,"3FF547AE147AE148","4043333333333333"
12,2100061223,291,247,1,1.1,"B",46.55,1,"3FF199999999999A","4047466666666666"
12,2100061223,292,458,1,0.95,"B",33.18,1,"3FEE666666666666","4040970A3D70A3D7"
12,2100061223,293,90,1,1.33,"",30.9,1,"3FF547AE147AE148","403EE66666666666"
12,2100061223,294,79,1,1.33,"",30.9,1,"3FF547AE147AE148","403EE66666666666"
12,2100061223,295,105,1,1.33,"",30.9,1,"3FF547AE147AE148","403EE66666666666"
12,2100061223,296,108,1,1.33,"",30.9,1,"3FF547AE147AE148","403EE66666666666"
12,2100061223,297,91,1,1.37,"",33.02,1,"3FF5EB851EB851EC","4040828F5C28F5C3"
12,2100061223,298,62,1,1.45,"",41.39,1,"3FF7333333333333","4044B1EB851EB852"
12,2100061223,299,1599,1,0.7,"B",16.98,1,"3FE6666666666666","4030FAE147AE147B"
12,2100061223,300,271,1,1,"",38.56,1,"3FF0000000000000","404347AE147AE148"
12,2100061223,301,149,1,0.99,"B",22.32,1,"3FEFAE147AE147AE","403651EB851EB852"
12,2100061223,302,119,1,1.05,"B",31.02,1,"3FF0CCCCCCCCCCCD","403F051EB851EB85"
12,2100061223,303,891,1,0.79,"B",25.44,1,"3FE947AE147AE148","403970A3D70A3D71"
12,2100061223,304,718,1,0.79,"B",25.34,1,"3FE947AE147AE148","4039570A3D70A3D7"
12,2100061223,305,524,1,0.98,"S",6.73,1,"3FEF5C28F5C28F5C","401AEB851EB851EC"
12,2100061223,306,190,1,1.43,"",36.08,1,"3FF6E147AE147AE1","40420A3D70A3D70A"
12,2100061223,307,116,1,1.45,"",45.09,1,"3FF7333333333333","40468B851EB851EC"
12,2100061223,308,405,1,0.99,"S",32.5,1,"3FEFAE147AE147AE","4040400000000000"
12,2100061223,309,65,1,1.43,"",46.17,1,"3FF6E147AE147AE1","404715C28F5C28F6"
12,2100061223,310,141,1,1.45,"",36.62,1,"3FF7333333333333","40424F5C28F5C28F"
12,2100061223,311,142,1,1.45,"",36.62,1,"3FF7333333333333","40424F5C28F5C28F"
12,2100061223,312,171,1,1.45,"",36.62,1,"3FF7333333333333","40424F5C28F5C28F"
12,2100061223,313,49,1,1.45,"",36.62,1,"3FF7333333333333","40424F5C28F5C28F"
12,2100061223,314,73,1,1.45,"",36.62,1,"3FF7333333333333","40424F5C28F5C28F"
12,2100061223,315,71,1,1.45,"",36.62,1,"3FF7333333333333","40424F5C28F5C28F"
12,2100061223,316,71,1,1.45,"",36.62,1,"3FF7333333333333","40424F5C28F5C28F"
12,2100061223,317,603,1,0.95,"S",29.64,1,"3FEE666666666666","403DA3D70A3D70A4"
12,2100061223,318,354,1,0.91,"B",30.2,1,"3FED1EB851EB851F","403E333333333333"
12,2100061223,319,461,1,0.89,"B",33.82,1,"3FEC7AE147AE147B","4040E8F5C28F5C29"
12,2100061223,320,125,1,1.4,"",54.56,1,"3FF6666666666666","404B47AE147AE148"
12,2100061223,321,489,1,0.99,"S",25.56,1,"3FEFAE147AE147AE","40398F5C28F5C28F"
12,2100061223,322,79,1,1.43,"",44.5,1,"3FF6E147AE147AE1","4046400000000000"
12,2100061223,323,73,1,1.45,"",36.62,1,"3FF7333333333333","40424F5C28F5C28F"
12,2100061223,324,84,1,1.45,"",46.1,1,"3FF7333333333333","40470CCCCCCCCCCD"
12,2100061223,325,439,1,0.79,"S",25.86,1,"3FE947AE147AE148","4039DC28F5C28F5C"
12,2100061223,326,66,1,1.44,"",51.11,1,"3FF70A3D70A3D70A","40498E147AE147AE"
12,2100061223,327,59,1,1.45,"",36.62,1,"3FF7333333333333","40424F5C28F5C28F"
12,2100061223,328,65,1,1.45,"",36.62,1,"3FF7333333333333","40424F5C28F5C28F"
12,2100061223,329,62,1,1.45,"",36.62,1,"3FF7333333333333","40424F5C28F5C28F"
12,2100061223,330,56,1,1.45,"",36.62,1,"3FF7333333333333","40424F5C28F5C28F"
12,2100061223,331,704,1,0.79,"S",18.87,1,"3FE947AE147AE148","4032DEB851EB851F"
12,2100061223,332,147,1,1.01,"S",38.62,1,"3FF028F5C28F5C29","40434F5C28F5C28F"
12,2100061223,333,129,1,1.45,"",36.62,1,"3FF7333333333333","40424F5C28F5C28F"
12,2100061223,334,85,1,1.45,"",36.62,1,"3FF7333333333333","40424F5C28F5C28F"
12,2100061223,335,83,1,1.45,"",36.62,1,"3FF7333333333333","40424F5C28F5C28F"
12,2100061223,336,58,1,1.45,"",36.62,1,"3FF7333333333333","40424F5C28F5C28F"
12,2100061223,337,71,1,1.45,"",36.62,1,"3FF7333333333333","40424F5C28F5C28F"
12,2100061223,338,56,1,1.45,"",36.62,1,"3FF7333333333333","40424F5C28F5C28F"
12,2100061223,339,65,1,1.45,"",36.62,1,"3FF7333333333333","40424F5C28F5C28F"
12,2100061223,340,285,1,0.99,"S",18.07,1,"3FEFAE147AE147AE","403211EB851EB852"
12,2100061223,341,124,1,1.39,"",39.63,1,"3FF63D70A3D70A3D","4043D0A3D70A3D71"
12,2100061223,342,93,1,1.45,"",36.62,1,"3FF7333333333333","40424F5C28F5C28F"
12,2100061223,343,520,1,0.99,"S",12.39,1,"3FEFAE147AE147AE","4028C7AE147AE148"
12,2100061223,344,145,1,1.43,"",43.45,1,"3FF6E147AE147AE1","4045B9999999999A"
12,2100061223,345,104,1,1.45,"",36.62,1,"3FF7333333333333","40424F5C28F5C28F"
12,2100061223,346,104,1,1.45,"",36.62,1,"3FF7333333333333","40424F5C28F5C28F"
12,2100061223,347,105,1,1.48,"",37.96,1,"3FF7AE147AE147AE","4042FAE147AE147B"
12,2100061223,348,70,1,1.55,"",40.7,1,"3FF8CCCCCCCCCCCD","404459999999999A"
12,2100061223,349,170,1,1.55,"",40.76,1,"3FF8CCCCCCCCCCCD","40446147AE147AE1"
12,2100061223,350,92,1,1.55,"",42.24,1,"3FF8CCCCCCCCCCCD","40451EB851EB851F"
12,2100061223,351,80,1,1.55,"",41.28,1,"3FF8CCCCCCCCCCCD","4044A3D70A3D70A4"
12,2100061223,352,77,1,1.55,"",40.1,1,"3FF8CCCCCCCCCCCD","40440CCCCCCCCCCD"
12,2100061223,353,1220,1,0.89,"S",1,1,"3FEC7AE147AE147B","3FF0000000000000"
12,2100061223,354,105,1,1.26,"",35.28,1,"3FF428F5C28F5C29","4041A3D70A3D70A4"
12,2100061223,355,94,1,1.55,"",42.55,1,"3FF8CCCCCCCCCCCD","4045466666666666"
12,2100061223,356,132,1,1.55,"",43.66,1,"3FF8CCCCCCCCCCCD","4045D47AE147AE14"
12,2100061223,357,1300,1,1.29,"S",38.47,1,"3FF4A3D70A3D70A4","40433C28F5C28F5C"
12,2100061223,358,98,1,1.55,"",44.99,1,"3FF8CCCCCCCCCCCD","40467EB851EB851F"
12,2100061223,359,54,1,1.55,"",39.74,1,"3FF8CCCCCCCCCCCD","4043DEB851EB851F"
12,2100061223,360,83,1,1.55,"",41.55,1,"3FF8CCCCCCCCCCCD","4044C66666666666"
12,2100061223,361,570,1,0.99,"B",25.12,1,"3FEFAE147AE147AE","40391EB851EB851F"
12,2100061223,362,427,1,0.99,"B",21.45,1,"3FEFAE147AE147AE","4035733333333333"
12,2100061223,363,120,1,1.51,"",44.61,1,"3FF828F5C28F5C29","40464E147AE147AE"
12,2100061223,364,120,1,1.51,"",44.61,1,"3FF828F5C28F5C29","40464E147AE147AE"
12,2100061223,365,140,1,1.55,"",36.4,1,"3FF8CCCCCCCCCCCD","4042333333333333"
12,2100061223,366,104,1,1.55,"",35.93,1,"3FF8CCCCCCCCCCCD","4041F70A3D70A3D7"
12,2100061223,367,55,1,1.55,"",35.93,1,"3FF8CCCCCCCCCCCD","4041F70A3D70A3D7"
12,2100061223,368,76,1,1.55,"",36.27,1,"3FF8CCCCCCCCCCCD","4042228F5C28F5C3"
12,2100061223,369,113,1,1.55,"",45.12,1,"3FF8CCCCCCCCCCCD","40468F5C28F5C28F"
12,2100061223,370,113,1,1.55,"",45.12,1,"3FF8CCCCCCCCCCCD","40468F5C28F5C28F"
12,2100061223,371,945,1,1.35,"B",36.13,1,"3FF599999999999A","404210A3D70A3D71"
12,2100061223,372,104,1,1.55,"",47.02,1,"3FF8CCCCCCCCCCCD","4047828F5C28F5C3"
12,2100061223,373,108,1,1.53,"",43.14,1,"3FF87AE147AE147B","404591EB851EB852"
12,2100061223,374,291,1,1.29,"S",32.32,1,"3FF4A3D70A3D70A4","404028F5C28F5C29"
12,2100061223,375,628,1,1.29,"S",45.85,1,"3FF4A3D70A3D70A4","4046ECCCCCCCCCCD"
14,2100061223,1,417,1,0.99,"B",16.46,1,"3FEFAE147AE147AE","403075C28F5C28F6"
14,2100061223,2,294,1,0.99,"B",16.46,1,"3FEFAE147AE147AE","403075C28F5C28F6"
14,2100061223,3,289,1,0.99,"B",17.68,1,"3FEFAE147AE147AE","4031AE147AE147AE"
14,2100061223,4,231,1,0.99,"",17.68,1,"3FEFAE147AE147AE","4031AE147AE147AE"
14,2100061223,5,608,1,0.89,"B",7.75,1,"3FEC7AE147AE147B","401F000000000000"
14,2100061223,6,153,1,1.27,"",33.78,1,"3FF451EB851EB852","4040E3D70A3D70A4"
14,2100061223,7,247,1,1.27,"",34.8,1,"3FF451EB851EB852","4041666666666666"
14,2100061223,8,481,1,0.99,"B",16.36,1,"3FEFAE147AE147AE","40305C28F5C28F5C"
14,2100061223,9,281,1,0.99,"B",16.36,1,"3FEFAE147AE147AE","40305C28F5C28F5C"
14,2100061223,10,644,1,0.99,"",16.36,1,"3FEFAE147AE147AE","40305C28F5C28F5C"
14,2100061223,11,172,1,0.99,"",16.36,1,"3FEFAE147AE147AE","40305C28F5C28F5C"
14,2100061223,12,206,1,1.27,"",34.8,1,"3FF451EB851EB852","4041666666666666"
14,2100061223,13,292,1,1.27,"",34.8,1,"3FF451EB851EB852","4041666666666666"
14,2100061223,14,784,1,0.99,"B",16.36,1,"3FEFAE147AE147AE","40305C28F5C28F5C"
14,2100061223,15,711,1,0.99,"B",16.36,1,"3FEFAE147AE147AE","40305C28F5C28F5C"
14,2100061223,16,377,1,0.99,"B",16.36,1,"3FEFAE147AE147AE","40305C28F5C28F5C"
14,2100061223,17,134,1,1.27,"",34.8,1,"3FF451EB851EB852","4041666666666666"
14,2100061223,18,137,1,1.27,"",34.8,1,"3FF451EB851EB852","4041666666666666"
14,2100061223,19,222,1,1.27,"",34.8,1,"3FF451EB851EB852","4041666666666666"
14,2100061223,20,495,1,0.99,"",16.36,1,"3FEFAE147AE147AE","40305C28F5C28F5C"
14,2100061223,21,225,1,0.99,"B",16.36,1,"3FEFAE147AE147AE","40305C28F5C28F5C"
14,2100061223,22,150,1,1.27,"",34.8,1,"3FF451EB851EB852","4041666666666666"
14,2100061223,23,174,1,1.27,"",34.8,1,"3FF451EB851EB852","4041666666666666"
14,2100061223,24,148,1,1.27,"",30.08,1,"3FF451EB851EB852","403E147AE147AE14"
14,2100061223,25,150,1,1.27,"",30.08,1,"3FF451EB851EB852","403E147AE147AE14"
14,2100061223,26,177,1,1.27,"",30.08,1,"3FF451EB851EB852","403E147AE147AE14"
14,2100061223,27,129,1,1.27,"",30.08,1,"3FF451EB851EB852","403E147AE147AE14"
14,2100061223,28,132,1,1.27,"",30.08,1,"3FF451EB851EB852","403E147AE147AE14"
14,2100061223,29,266,1,1.27,"",34.8,1,"3FF451EB851EB852","4041666666666666"
14,2100061223,30,342,1,0.99,"B",16.36,1,"3FEFAE147AE147AE","40305C28F5C28F5C"
14,2100061223,31,141,1,1.27,"",34.8,1,"3FF451EB851EB852","4041666666666666"
14,2100061223,32,161,1,1.27,"",34.8,1,"3FF451EB851EB852","4041666666666666"
14,2100061223,33,188,1,1.27,"",34.8,1,"3FF451EB851EB852","4041666666666666"
14,2100061223,34,278,1,1.09,"B",24.04,1,"3FF170A3D70A3D71","40380A3D70A3D70A"
14,2100061223,35,246,1,1.09,"B",24.04,1,"3FF170A3D70A3D71","40380A3D70A3D70A"
14,2100061223,36,625,1,0.99,"",23.33,1,"3FEFAE147AE147AE","4037547AE147AE14"
14,2100061223,37,191,1,1.27,"",40.24,1,"3FF451EB851EB852","40441EB851EB851F"
14,2100061223,38,165,1,1.27,"",37.17,1,"3FF451EB851EB852","404295C28F5C28F6"
14,2100061223,39,195,1,1.27,"",37.17,1,"3FF451EB851EB852","404295C28F5C28F6"
14,2100061223,40,152,1,1.27,"",37.17,1,"3FF451EB851EB852","404295C28F5C28F6"
14,2100061223,41,658,1,0.89,"B",7.98,1,"3FEC7AE147AE147B","401FEB851EB851EC"
14,2100061223,42,308,1,0.89,"B",7.98,1,"3FEC7AE147AE147B","401FEB851EB851EC"
14,2100061223,43,261,1,0.89,"",7.98,1,"3FEC7AE147AE147B","401FEB851EB851EC"
14,2100061223,44,171,1,1.29,"",31.78,1,"3FF4A3D70A3D70A4","403FC7AE147AE148"
14,2100061223,45,138,1,1.29,"",31.78,1,"3FF4A3D70A3D70A4","403FC7AE147AE148"
14,2100061223,46,116,1,1.29,"",31.16,1,"3FF4A3D70A3D70A4","403F28F5C28F5C29"
14,2100061223,47,167,1,1.29,"",31.16,1,"3FF4A3D70A3D70A4","403F28F5C28F5C29"
14,2100061223,48,146,1,1.29,"",31.16,1,"3FF4A3D70A3D70A4","403F28F5C28F5C29"
14,2100061223,49,159,1,1.29,"",31.16,1,"3FF4A3D70A3D70A4","403F28F5C28F5C29"
14,2100061223,50,192,1,1.29,"",33.26,1,"3FF4A3D70A3D70A4","4040A147AE147AE1"
14,2100061223,51,251,1,1.29,"",33.26,1,"3FF4A3D70A3D70A4","4040A147AE147AE1"
14,2100061223,52,601,1,0.99,"B",15.86,1,"3FEFAE147AE147AE","402FB851EB851EB8"
14,2100061223,53,287,1,0.99,"B",16.06,1,"3FEFAE147AE147AE","40300F5C28F5C28F"
14,2100061223,54,225,1,0.99,"",16.06,1,"3FEFAE147AE147AE","40300F5C28F5C28F"
14,2100061223,55,163,1,1.29,"",35.58,1,"3FF4A3D70A3D70A4","4041CA3D70A3D70A"
14,2100061223,56,137,1,1.29,"",35.58,1,"3FF4A3D70A3D70A4","4041CA3D70A3D70A"
14,2100061223,57,159,1,1.29,"",35.74,1,"3FF4A3D70A3D70A4","4041DEB851EB851F"
14,2100061223,58,246,1,1.29,"",35.74,1,"3FF4A3D70A3D70A4","4041DEB851EB851F"
14,2100061223,59,1631,1,0.65,"S",27.38,1,"3FE4CCCCCCCCCCCD","403B6147AE147AE1"
14,2100061223,60,127,1,1.29,"",35.81,1,"3FF4A3D70A3D70A4","4041E7AE147AE148"
14,2100061223,61,680,1,0.99,"B",16.36,1,"3FEFAE147AE147AE","40305C28F5C28F5C"
14,2100061223,62,148,1,0.99,"",16.36,1,"3FEFAE147AE147AE","40305C28F5C28F5C"
14,2100061223,63,197,1,1.29,"",35.81,1,"3FF4A3D70A3D70A4","4041E7AE147AE148"
14,2100061223,64,209,1,1.29,"",35.81,1,"3FF4A3D70A3D70A4","4041E7AE147AE148"
14,2100061223,65,1051,1,0.89,"B",11.12,1,"3FEC7AE147AE147B","40263D70A3D70A3D"
14,2100061223,66,512,1,1.29,"B",36.67,1,"3FF4A3D70A3D70A4","404255C28F5C28F6"
14,2100061223,67,388,1,0.99,"B",16.97,1,"3FEFAE147AE147AE","4030F851EB851EB8"
14,2100061223,68,182,1,0.99,"B",16.97,1,"3FEFAE147AE147AE","4030F851EB851EB8"
14,2100061223,69,124,1,1.3,"B",36.77,1,"3FF4CCCCCCCCCCCD","4042628F5C28F5C3"
14,2100061223,70,366,1,0.89,"B",11.46,1,"3FEC7AE147AE147B","4026EB851EB851EC"
14,2100061223,71,114,1,1.3,"",39.38,1,"3FF4CCCCCCCCCCCD","4043B0A3D70A3D71"
14,2100061223,72,116,1,1.3,"",39.38,1,"3FF4CCCCCCCCCCCD","4043B0A3D70A3D71"
14,2100061223,73,115,1,1.33,"",40.75,1,"3FF547AE147AE148","4044600000000000"
14,2100061223,74,108,1,1.33,"",40.75,1,"3FF547AE147AE148","4044600000000000"
14,2100061223,75,127,1,1.33,"",40.75,1,"3FF547AE147AE148","4044600000000000"
14,2100061223,76,97,1,1.33,"",40.75,1,"3FF547AE147AE148","4044600000000000"
14,2100061223,77,124,1,1.33,"",37.74,1,"3FF547AE147AE148","4042DEB851EB851F"
14,2100061223,78,142,1,1.33,"",37.74,1,"3FF547AE147AE148","4042DEB851EB851F"
14,2100061223,79,530,1,0.89,"B",7.98,1,"3FEC7AE147AE147B","401FEB851EB851EC"
14,2100061223,80,160,1,0.89,"B",7.98,1,"3FEC7AE147AE147B","401FEB851EB851EC"
14,2100061223,81,95,1,1.33,"",38.27,1,"3FF547AE147AE148","4043228F5C28F5C3"
14,2100061223,82,111,1,1.33,"",37.89,1,"3FF547AE147AE148","4042F1EB851EB852"
14,2100061223,83,113,1,1.33,"",37.89,1,"3FF547AE147AE148","4042F1EB851EB852"
14,2100061223,84,120,1,1.33,"",37.89,1,"3FF547AE147AE148","4042F1EB851EB852"
14,2100061223,85,215,1,1.33,"",33.23,1,"3FF547AE147AE148","40409D70A3D70A3D"
14,2100061223,86,588,1,0.99,"B",16.46,1,"3FEFAE147AE147AE","403075C28F5C28F6"
14,2100061223,87,260,1,0.99,"",19.39,1,"3FEFAE147AE147AE","403363D70A3D70A4"
14,2100061223,88,191,1,0.99,"B",19.39,1,"3FEFAE147AE147AE","403363D70A3D70A4"
14,2100061223,89,221,1,0.99,"B",16.57,1,"3FEFAE147AE147AE","403091EB851EB852"
14,2100061223,90,231,1,0.99,"B",16.36,1,"3FEFAE147AE147AE","40305C28F5C28F5C"
14,2100061223,91,439,1,0.99,"B",16.36,1,"3FEFAE147AE147AE","40305C28F5C28F5C"
14,2100061223,92,115,1,0.99,"B",16.36,1,"3FEFAE147AE147AE","40305C28F5C28F5C"
14,2100061223,93,127,1,1.33,"",37.74,1,"3FF547AE147AE148","4042DEB851EB851F"
14,2100061223,94,114,1,1.33,"",37.74,1,"3FF547AE147AE148","4042DEB851EB851F"
14,2100061223,95,111,1,1.33,"",37.74,1,"3FF547AE147AE148","4042DEB851EB851F"
14,2100061223,96,104,1,1.33,"",36.47,1,"3FF547AE147AE148","40423C28F5C28F5C"
14,2100061223,97,130,1,1.33,"",33.38,1,"3FF547AE147AE148","4040B0A3D70A3D71"
14,2100061223,98,160,1,1.33,"",33.23,1,"3FF547AE147AE148","40409D70A3D70A3D"
14,2100061223,99,164,1,1.38,"",35.65,1,"3FF6147AE147AE14","4041D33333333333"
14,2100061223,100,228,1,1.44,"",41.25,1,"3FF70A3D70A3D70A","4044A00000000000"
14,2100061223,101,257,1,1.44,"",42.15,1,"3FF70A3D70A3D70A","4045133333333333"
14,2100061223,102,1797,1,0.69,"B",20.14,1,"3FE6147AE147AE14","403423D70A3D70A4"
14,2100061223,103,487,1,0.89,"B",6.85,1,"3FEC7AE147AE147B","401B666666666666"
14,2100061223,104,201,1,0.89,"",6.85,1,"3FEC7AE147AE147B","401B666666666666"
14,2100061223,105,149,1,1.44,"",42.43,1,"3FF70A3D70A3D70A","4045370A3D70A3D7"
14,2100061223,106,142,1,1.38,"",39.93,1,"3FF6147AE147AE14","4043F70A3D70A3D7"
