cmov.csv
"STORE","UPC","WEEK","MOVE","QTY","PRICE","SALE","PROFIT","OK","PRICE_HEX","PROFIT_HEX"
14,2100061223,107,276,1,1.09,"S",22.66,1,"3FF170A3D70A3D71","4036A8F5C28F5C29"
14,2100061223,108,171,1,1.38,"",38.48,1,"3FF6147AE147AE14","40433D70A3D70A3D"
14,2100061223,109,174,1,1.38,"",38.33,1,"3FF6147AE147AE14","40432A3D70A3D70A"
14,2100061223,110,186,1,1.38,"",38.33,1,"3FF6147AE147AE14","40432A3D70A3D70A"
14,2100061223,111,317,1,1.38,"",38.33,1,"3FF6147AE147AE14","40432A3D70A3D70A"
14,2100061223,112,1334,1,0.89,"B",3.6,1,"3FEC7AE147AE147B","400CCCCCCCCCCCCD"
14,2100061223,113,201,1,0.89,"B",10.45,1,"3FEC7AE147AE147B","4024E66666666666"
14,2100061223,114,310,1,1.38,"",42.25,1,"3FF6147AE147AE14","4045200000000000"
14,2100061223,115,472,1,1.38,"",42.25,1,"3FF6147AE147AE14","4045200000000000"
14,2100061223,116,1149,1,0.99,"B",14.34,1,"3FEFAE147AE147AE","402CAE147AE147AE"
14,2100061223,117,370,1,0.99,"B",14.34,1,"3FEFAE147AE147AE","402CAE147AE147AE"
14,2100061223,118,187,1,0.99,"B",10.51,1,"3FEFAE147AE147AE","4025051EB851EB85"
14,2100061223,119,191,1,1.38,"",35.8,1,"3FF6147AE147AE14","4041E66666666666"
14,2100061223,120,340,1,1.19,"B",26.72,1,"3FF30A3D70A3D70A","403AB851EB851EB8"
14,2100061223,121,306,1,1.19,"",26.81,1,"3FF30A3D70A3D70A","403ACF5C28F5C28F"
14,2100061223,122,162,1,1.38,"",36.88,1,"3FF6147AE147AE14","404270A3D70A3D71"
14,2100061223,123,138,1,1.38,"",36.88,1,"3FF6147AE147AE14","404270A3D70A3D71"
14,2100061223,124,184,1,1.38,"",36.88,1,"3FF6147AE147AE14","404270A3D70A3D71"
14,2100061223,125,141,1,1.38,"",38.55,1,"3FF6147AE147AE14","4043466666666666"
14,2100061223,126,158,1,1.38,"",38.55,1,"3FF6147AE147AE14","4043466666666666"
14,2100061223,127,152,1,1.35,"",37.19,1,"3FF599999999999A","40429851EB851EB8"
14,2100061223,128,166,1,1.35,"",38.67,1,"3FF599999999999A","404355C28F5C28F6"
14,2100061223,129,290,1,0.99,"",23.43,1,"3FEFAE147AE147AE","40376E147AE147AE"
14,2100061223,130,321,1,0.99,"B",23.43,1,"3FEFAE147AE147AE","40376E147AE147AE"
14,2100061223,131,196,1,0.99,"B",23.43,1,"3FEFAE147AE147AE","40376E147AE147AE"
14,2100061223,132,413,1,0.99,"B",16.36,1,"3FEFAE147AE147AE","40305C28F5C28F5C"
14,2100061223,133,605,1,0.99,"B",16.36,1,"3FEFAE147AE147AE","40305C28F5C28F5C"
14,2100061223,134,206,1,0.99,"B",16.36,1,"3FEFAE147AE147AE","40305C28F5C28F5C"
14,2100061223,135,181,1,1.35,"",38.67,1,"3FF599999999999A","404355C28F5C28F6"
14,2100061223,136,491,1,0.99,"B",16.36,1,"3FEFAE147AE147AE","40305C28F5C28F5C"
14,2100061223,137,169,1,0.99,"",16.36,1,"3FEFAE147AE147AE","40305C28F5C28F5C"
14,2100061223,138,162,1,1.35,"",38.67,1,"3FF599999999999A","404355C28F5C28F6"
14,2100061223,139,163,1,1.35,"",38.67,1,"3FF599999999999A","404355C28F5C28F6"
14,2100061223,140,176,1,1.22,"",32.13,1,"3FF3851EB851EB85","404010A3D70A3D71"
14,2100061223,141,203,1,1.22,"",32.13,1,"3FF3851EB851EB85","404010A3D70A3D71"
14,2100061223,142,480,1,1.09,"B",24.04,1,"3FF170A3D70A3D71","40380A3D70A3D70A"
14,2100061223,143,325,1,1.09,"B",24.04,1,"3FF170A3D70A3D71","40380A3D70A3D70A"
14,2100061223,144,172,1,1.22,"",32.21,1,"3FF3851EB851EB85","40401AE147AE147B"
14,2100061223,145,271,1,1.22,"",32.21,1,"3FF3851EB851EB85","40401AE147AE147B"
14,2100061223,146,165,1,1.22,"",32.3,1,"3FF3851EB851EB85","4040266666666666"
14,2100061223,147,181,1,1.22,"",32.3,1,"3FF3851EB851EB85","4040266666666666"
14,2100061223,148,117,1,1.22,"",32.3,1,"3FF3851EB851EB85","4040266666666666"
14,2100061223,149,222,1,1.22,"",32.3,1,"3FF3851EB851EB85","4040266666666666"
14,2100061223,150,161,1,1.22,"",32.13,1,"3FF3851EB851EB85","404010A3D70A3D71"
14,2100061223,151,378,1,1.19,"B",30.59,1,"3FF30A3D70A3D70A","403E970A3D70A3D7"
14,2100061223,152,121,1,1.22,"",32.3,1,"3FF3851EB851EB85","4040266666666666"
14,2100061223,153,198,1,1.22,"",32.3,1,"3FF3851EB851EB85","4040266666666666"
14,2100061223,154,156,1,1.22,"",32.3,1,"3FF3851EB851EB85","4040266666666666"
14,2100061223,155,168,1,1.22,"",32.3,1,"3FF3851EB851EB85","4040266666666666"
14,2100061223,156,233,1,1.22,"",32.3,1,"3FF3851EB851EB85","4040266666666666"
14,2100061223,157,902,1,0.99,"B",16.57,1,"3FEFAE147AE147AE","403091EB851EB852"
14,2100061223,158,1320,1,0.99,"B",16.57,1,"3FEFAE147AE147AE","403091EB851EB852"
14,2100061223,159,308,1,0.99,"B",16.57,1,"3FEFAE147AE147AE","403091EB851EB852"
14,2100061223,160,959,1,1.19,"B",30.59,1,"3FF30A3D70A3D70A","403E970A3D70A3D7"
14,2100061223,161,333,1,1.19,"",30.59,1,"3FF30A3D70A3D70A","403E970A3D70A3D7"
14,2100061223,162,312,1,1.09,"B",24.22,1,"3FF170A3D70A3D71","40383851EB851EB8"
14,2100061223,163,307,1,1.09,"B",24.22,1,"3FF170A3D70A3D71","40383851EB851EB8"
14,2100061223,164,179,1,1.09,"B",24.22,1,"3FF170A3D70A3D71","40383851EB851EB8"
14,2100061223,165,187,1,1.09,"B",24.22,1,"3FF170A3D70A3D71","40383851EB851EB8"
14,2100061223,166,166,1,1.09,"B",24.22,1,"3FF170A3D70A3D71","40383851EB851EB8"
14,2100061223,167,135,1,1.09,"B",24.22,1,"3FF170A3D70A3D71","40383851EB851EB8"
14,2100061223,168,280,1,0.99,"B",16.57,1,"3FEFAE147AE147AE","403091EB851EB852"
14,2100061223,169,858,1,0.99,"B",16.57,1,"3FEFAE147AE147AE","403091EB851EB852"
14,2100061223,170,268,1,0.99,"B",16.57,1,"3FEFAE147AE147AE","403091EB851EB852"
14,2100061223,171,223,1,0.99,"B",16.57,1,"3FEFAE147AE147AE","403091EB851EB852"
14,2100061223,172,268,1,1.19,"B",30.59,1,"3FF30A3D70A3D70A","403E970A3D70A3D7"
14,2100061223,173,135,1,1.19,"B",30.59,1,"3FF30A3D70A3D70A","403E970A3D70A3D7"
14,2100061223,174,392,1,0.99,"S",16.57,1,"3FEFAE147AE147AE","403091EB851EB852"
14,2100061223,175,218,1,1.09,"",24.22,1,"3FF170A3D70A3D71","40383851EB851EB8"
14,2100061223,176,177,1,1.09,"",24.22,1,"3FF170A3D70A3D71","40383851EB851EB8"
14,2100061223,177,337,1,0.99,"S",16.56,1,"3FEFAE147AE147AE","40308F5C28F5C28F"
14,2100061223,178,295,1,1.09,"",24.22,1,"3FF170A3D70A3D71","40383851EB851EB8"
14,2100061223,179,119,1,1.09,"",22.84,1,"3FF170A3D70A3D71","4036D70A3D70A3D7"
14,2100061223,180,244,1,1.09,"",19.54,1,"3FF170A3D70A3D71","40338A3D70A3D70A"
14,2100061223,181,199,1,1.09,"",19.08,1,"3FF170A3D70A3D71","4033147AE147AE14"
14,2100061223,182,218,1,1.09,"",18.89,1,"3FF170A3D70A3D71","4032E3D70A3D70A4"
14,2100061223,183,173,1,1.09,"",21.19,1,"3FF170A3D70A3D71","403530A3D70A3D71"
14,2100061223,184,202,1,1.09,"",24.22,1,"3FF170A3D70A3D71","40383851EB851EB8"
14,2100061223,185,348,1,1.09,"",24.22,1,"3FF170A3D70A3D71","40383851EB851EB8"
14,2100061223,186,248,1,1.09,"",24.22,1,"3FF170A3D70A3D71","40383851EB851EB8"
14,2100061223,187,196,1,1.09,"",24.22,1,"3FF170A3D70A3D71","40383851EB851EB8"
14,2100061223,188,232,1,1.09,"",24.22,1,"3FF170A3D70A3D71","40383851EB851EB8"
14,2100061223,189,414,1,0.99,"S",16.56,1,"3FEFAE147AE147AE","40308F5C28F5C28F"
14,2100061223,190,234,1,1.08,"",23.51,1,"3FF147AE147AE148","4037828F5C28F5C3"
14,2100061223,191,132,1,1.06,"B",22.07,1,"3FF0F5C28F5C28F6","403611EB851EB852"
14,2100061223,192,125,1,1.08,"",23.51,1,"3FF147AE147AE148","4037828F5C28F5C3"
14,2100061223,193,150,1,1.06,"B",22.07,1,"3FF0F5C28F5C28F6","403611EB851EB852"
14,2100061223,194,426,1,0.99,"B",16.56,1,"3FEFAE147AE147AE","40308F5C28F5C28F"
14,2100061223,195,296,1,1.01,"B",18.21,1,"3FF028F5C28F5C29","403235C28F5C28F6"
14,2100061223,196,125,1,1.09,"",24.22,1,"3FF170A3D70A3D71","40383851EB851EB8"
14,2100061223,197,149,1,1.09,"",24.22,1,"3FF170A3D70A3D71","40383851EB851EB8"
14,2100061223,198,241,1,0.92,"S",10.21,1,"3FED70A3D70A3D71","40246B851EB851EC"
14,2100061223,199,222,1,1.09,"",24.22,1,"3FF170A3D70A3D71","40383851EB851EB8"
14,2100061223,200,390,1,1.09,"",53.66,1,"3FF170A3D70A3D71","404AD47AE147AE14"
14,2100061223,201,2136,1,0.5,"",-53.8,1,"3FE0000000000000","C04AE66666666666"
14,2100061223,202,738,1,0.55,"B",-50.18,1,"3FE199999999999A","C049170A3D70A3D7"
14,2100061223,203,221,1,1.09,"",24.22,1,"3FF170A3D70A3D71","40383851EB851EB8"
14,2100061223,204,129,1,1.09,"",24.22,1,"3FF170A3D70A3D71","40383851EB851EB8"
14,2100061223,205,145,1,1.09,"",24.22,1,"3FF170A3D70A3D71","40383851EB851EB8"
14,2100061223,206,346,1,0.99,"S",16.56,1,"3FEFAE147AE147AE","40308F5C28F5C28F"
14,2100061223,207,135,1,1.13,"",26.9,1,"3FF2147AE147AE14","403AE66666666666"
14,2100061223,208,125,1,1.33,"",37.89,1,"3FF547AE147AE148","4042F1EB851EB852"
14,2100061223,209,121,1,1.33,"",37.89,1,"3FF547AE147AE148","4042F1EB851EB852"
14,2100061223,210,125,1,1.33,"",37.89,1,"3FF547AE147AE148","4042F1EB851EB852"
14,2100061223,211,121,1,1.33,"",37.89,1,"3FF547AE147AE148","4042F1EB851EB852"
14,2100061223,212,223,1,0.99,"S",16.56,1,"3FEFAE147AE147AE","40308F5C28F5C28F"
14,2100061223,213,100,1,1.32,"S",37.42,1,"3FF51EB851EB851F","4042B5C28F5C28F6"
14,2100061223,214,96,1,1.33,"",37.89,1,"3FF547AE147AE148","4042F1EB851EB852"
14,2100061223,215,1037,1,0.51,"",-61.96,1,"3FE051EB851EB852","C04EFAE147AE147B"
14,2100061223,216,141,1,1.29,"",35.96,1,"3FF4A3D70A3D70A4","4041FAE147AE147B"
14,2100061223,217,78,1,1.33,"",37.89,1,"3FF547AE147AE148","4042F1EB851EB852"
14,2100061223,218,101,1,1.33,"",37.89,1,"3FF547AE147AE148","4042F1EB851EB852"
14,2100061223,219,98,1,1.33,"",37.89,1,"3FF547AE147AE148","4042F1EB851EB852"
14,2100061223,220,395,1,0.99,"S",25.25,1,"3FEFAE147AE147AE","4039400000000000"
14,2100061223,221,122,1,1.32,"S",45,1,"3FF51EB851EB851F","4046800000000000"
14,2100061223,222,136,1,1.33,"",45.41,1,"3FF547AE147AE148","4046B47AE147AE14"
14,2100061223,223,280,1,0.99,"S",26.66,1,"3FEFAE147AE147AE","403AA8F5C28F5C29"
14,2100061223,224,110,1,1.31,"S",44.58,1,"3FF4F5C28F5C28F6","40464A3D70A3D70A"
14,2100061223,225,122,1,1.33,"",45.41,1,"3FF547AE147AE148","4046B47AE147AE14"
14,2100061223,226,104,1,1.33,"",45.41,1,"3FF547AE147AE148","4046B47AE147AE14"
14,2100061223,227,87,1,1.33,"",45.41,1,"3FF547AE147AE148","4046B47AE147AE14"
14,2100061223,228,334,1,0.99,"S",26.66,1,"3FEFAE147AE147AE","403AA8F5C28F5C29"
14,2100061223,229,177,1,1.32,"S",45,1,"3FF51EB851EB851F","4046800000000000"
14,2100061223,230,126,1,1.33,"",45.41,1,"3FF547AE147AE148","4046B47AE147AE14"
14,2100061223,231,141,1,1.33,"",45.41,1,"3FF547AE147AE148","4046B47AE147AE14"
14,2100061223,232,89,1,1.33,"",44.81,1,"3FF547AE147AE148","404667AE147AE148"
14,2100061223,233,145,1,1.33,"",42.03,1,"3FF547AE147AE148","404503D70A3D70A4"
14,2100061223,234,527,1,0.99,"S",25.85,1,"3FEFAE147AE147AE","4039D9999999999A"
14,2100061223,235,93,1,1.33,"",38.72,1,"3FF547AE147AE148","40435C28F5C28F5C"
14,2100061223,236,95,1,1.33,"",37.89,1,"3FF547AE147AE148","4042F1EB851EB852"
14,2100061223,237,100,1,1.33,"",37.89,1,"3FF547AE147AE148","4042F1EB851EB852"
14,2100061223,238,279,1,1.33,"",37.62,1,"3FF547AE147AE148","4042CF5C28F5C28F"
14,2100061223,239,126,1,0.93,"",6.56,1,"3FEDC28F5C28F5C3","401A3D70A3D70A3D"
14,2100061223,240,633,1,0.99,"S",11.21,1,"3FEFAE147AE147AE","40266B851EB851EC"
14,2100061223,241,92,1,1.32,"S",36.28,1,"3FF51EB851EB851F","404223D70A3D70A4"
14,2100061223,242,133,1,1.33,"",37.67,1,"3FF547AE147AE148","4042D5C28F5C28F6"
14,2100061223,243,107,1,1.33,"",39.95,1,"3FF547AE147AE148","4043F9999999999A"
14,2100061223,244,118,1,1.33,"",37.49,1,"3FF547AE147AE148","4042BEB851EB851F"
14,2100061223,245,388,1,0.99,"S",14.56,1,"3FEFAE147AE147AE","402D1EB851EB851F"
14,2100061223,246,109,1,1.32,"S",36.98,1,"3FF51EB851EB851F","40427D70A3D70A3D"
14,2100061223,247,112,1,1.33,"",39.15,1,"3FF547AE147AE148","4043933333333333"
14,2100061223,248,139,1,1.33,"",39.15,1,"3FF547AE147AE148","4043933333333333"
14,2100061223,249,909,1,1.09,"S",34.9,1,"3FF170A3D70A3D71","4041733333333333"
14,2100061223,250,129,1,1.25,"S",37.51,1,"3FF4000000000000","4042C147AE147AE1"
14,2100061223,251,188,1,1.33,"",37.96,1,"3FF547AE147AE148","4042FAE147AE147B"
14,2100061223,252,132,1,1.33,"",37.55,1,"3FF547AE147AE148","4042C66666666666"
14,2100061223,253,116,1,1.33,"",37.78,1,"3FF547AE147AE148","4042E3D70A3D70A4"
14,2100061223,254,882,1,0.79,"B",5.89,1,"3FE947AE147AE148","40178F5C28F5C28F"
14,2100061223,255,209,1,1.33,"",37.89,1,"3FF547AE147AE148","4042F1EB851EB852"
14,2100061223,256,132,1,1.33,"",37.55,1,"3FF547AE147AE148","4042C66666666666"
14,2100061223,257,116,1,1.33,"",37.78,1,"3FF547AE147AE148","4042E3D70A3D70A4"
14,2100061223,258,118,1,1.32,"S",36.42,1,"3FF51EB851EB851F","404235C28F5C28F6"
14,2100061223,259,86,1,1.33,"",36.69,1,"3FF547AE147AE148","40425851EB851EB8"
14,2100061223,260,120,1,1.33,"",36.77,1,"3FF547AE147AE148","4042628F5C28F5C3"
14,2100061223,261,73,1,1.33,"",37.12,1,"3FF547AE147AE148","40428F5C28F5C28F"
14,2100061223,262,108,1,1.33,"",37.61,1,"3FF547AE147AE148","4042CE147AE147AE"
14,2100061223,263,404,1,0.79,"",19.21,1,"3FE947AE147AE148","403335C28F5C28F6"
14,2100061223,264,556,1,0.79,"B",18.06,1,"3FE947AE147AE148","40320F5C28F5C28F"
14,2100061223,265,199,1,1.33,"",38.64,1,"3FF547AE147AE148","404351EB851EB852"
14,2100061223,266,90,1,1.33,"",38.64,1,"3FF547AE147AE148","404351EB851EB852"
14,2100061223,267,97,1,1.33,"",38.64,1,"3FF547AE147AE148","404351EB851EB852"
14,2100061223,268,117,1,1.33,"",38.4,1,"3FF547AE147AE148","4043333333333333"
14,2100061223,269,392,1,0.79,"S",-6.67,1,"3FE947AE147AE148","C01AAE147AE147AE"
14,2100061223,270,103,1,1.31,"S",32.88,1,"3FF4F5C28F5C28F6","404070A3D70A3D71"
14,2100061223,271,95,1,1.33,"",33.2,1,"3FF547AE147AE148","404099999999999A"
14,2100061223,272,97,1,1.33,"",32.03,1,"3FF547AE147AE148","404003D70A3D70A4"
14,2100061223,273,131,1,1.33,"",32.32,1,"3FF547AE147AE148","404028F5C28F5C29"
14,2100061223,274,202,1,1.2,"",30.15,1,"3FF3333333333333","403E266666666666"
14,2100061223,275,438,1,0.99,"B",20.81,1,"3FEFAE147AE147AE","4034CF5C28F5C28F"
14,2100061223,276,148,1,1.02,"B",20.16,1,"3FF051EB851EB852","403428F5C28F5C29"
14,2100061223,277,90,1,1.33,"",33.6,1,"3FF547AE147AE148","4040CCCCCCCCCCCD"
14,2100061223,278,114,1,1.33,"",32.55,1,"3FF547AE147AE148","4040466666666666"
14,2100061223,279,105,1,1.33,"",31.54,1,"3FF547AE147AE148","403F8A3D70A3D70A"
14,2100061223,280,162,1,1.33,"",31.09,1,"3FF547AE147AE148","403F170A3D70A3D7"
14,2100061223,281,142,1,1.17,"",21.58,1,"3FF2B851EB851EB8","4035947AE147AE14"
14,2100061223,282,420,1,0.99,"B",7.17,1,"3FEFAE147AE147AE","401CAE147AE147AE"
14,2100061223,283,168,1,1,"B",15.5,1,"3FF0000000000000","402F000000000000"
14,2100061223,284,191,1,1.09,"B",30.36,1,"3FF170A3D70A3D71","403E5C28F5C28F5C"
14,2100061223,285,108,1,1.17,"B",30.56,1,"3FF2B851EB851EB8","403E8F5C28F5C28F"
14,2100061223,286,117,1,1.33,"",39.38,1,"3FF547AE147AE148","4043B0A3D70A3D71"
14,2100061223,287,207,1,1,"B",41.25,1,"3FF0000000000000","4044A00000000000"
14,2100061223,288,181,1,0.95,"B",33.19,1,"3FEE666666666666","40409851EB851EB8"
14,2100061223,289,143,1,1.33,"",30.9,1,"3FF547AE147AE148","403EE66666666666"
14,2100061223,290,147,1,1.33,"",30.9,1,"3FF547AE147AE148","403EE66666666666"
14,2100061223,291,81,1,1.33,"",30.9,1,"3FF547AE147AE148","403EE66666666666"
14,2100061223,292,125,1,1.33,"",30.9,1,"3FF547AE147AE148","403EE66666666666"
14,2100061223,293,199,1,1.38,"",33.66,1,"3FF6147AE147AE14","4040D47AE147AE14"
14,2100061223,294,146,1,1.45,"",41.92,1,"3FF7333333333333","4044F5C28F5C28F6"
14,2100061223,295,1586,1,0.71,"B",17.79,1,"3FE6B851EB851EB8","4031CA3D70A3D70A"
14,2100061223,296,150,1,1.14,"",41.92,1,"3FF23D70A3D70A3D","4044F5C28F5C28F6"
14,2100061223,297,137,1,0.99,"B",22.32,1,"3FEFAE147AE147AE","403651EB851EB852"
14,2100061223,298,223,1,1.08,"B",35.06,1,"3FF147AE147AE148","404187AE147AE148"
14,2100061223,299,821,1,0.78,"B",25.35,1,"3FE8F5C28F5C28F6","403959999999999A"
14,2100061223,300,871,1,0.78,"B",25.37,1,"3FE8F5C28F5C28F6","40395EB851EB851F"
14,2100061223,301,412,1,0.99,"S",6.8,1,"3FEFAE147AE147AE","401B333333333333"
14,2100061223,302,186,1,1.45,"",36.62,1,"3FF7333333333333","40424F5C28F5C28F"
14,2100061223,303,61,1,1.45,"",46.79,1,"3FF7333333333333","4047651EB851EB85"
14,2100061223,304,313,1,0.99,"S",32.42,1,"3FEFAE147AE147AE","404035C28F5C28F6"
14,2100061223,305,136,1,1.45,"",46.12,1,"3FF7333333333333","40470F5C28F5C28F"
14,2100061223,306,104,1,1.45,"",36.62,1,"3FF7333333333333","40424F5C28F5C28F"
14,2100061223,307,98,1,1.45,"",36.62,1,"3FF7333333333333","40424F5C28F5C28F"
14,2100061223,308,149,1,1.45,"",36.62,1,"3FF7333333333333","40424F5C28F5C28F"
14,2100061223,309,131,1,1.45,"",36.62,1,"3FF7333333333333","40424F5C28F5C28F"
14,2100061223,310,82,1,1.45,"",36.62,1,"3FF7333333333333","40424F5C28F5C28F"
14,2100061223,311,110,1,1.45,"",36.62,1,"3FF7333333333333","40424F5C28F5C28F"
14,2100061223,312,113,1,1.45,"",36.62,1,"3FF7333333333333","40424F5C28F5C28F"
14,2100061223,313,540,1,0.82,"S",19,1,"3FEA3D70A3D70A3D","4033000000000000"
14,2100061223,314,191,1,1.01,"B",38.97,1,"3FF028F5C28F5C29","40437C28F5C28F5C"
14,2100061223,315,459,1,0.89,"B",33.82,1,"3FEC7AE147AE147B","4040E8F5C28F5C29"
14,2100061223,316,73,1,1.45,"",53.34,1,"3FF7333333333333","404AAB851EB851EC"
14,2100061223,317,163,1,0.99,"S",25.35,1,"3FEFAE147AE147AE","403959999999999A"
14,2100061223,318,103,1,1.45,"",44.81,1,"3FF7333333333333","404667AE147AE148"
14,2100061223,319,114,1,1.45,"",36.62,1,"3FF7333333333333","40424F5C28F5C28F"
14,2100061223,320,95,1,1.45,"",42.13,1,"3FF7333333333333","404510A3D70A3D71"
14,2100061223,321,509,1,0.79,"S",25.68,1,"3FE947AE147AE148","4039AE147AE147AE"
14,2100061223,322,142,1,1.42,"",54,1,"3FF6B851EB851EB8","404B000000000000"
14,2100061223,323,89,1,1.45,"",36.62,1,"3FF7333333333333","40424F5C28F5C28F"
14,2100061223,324,97,1,1.45,"",36.62,1,"3FF7333333333333","40424F5C28F5C28F"
14,2100061223,325,83,1,1.45,"",36.62,1,"3FF7333333333333","40424F5C28F5C28F"
14,2100061223,326,99,1,1.45,"",36.62,1,"3FF7333333333333","40424F5C28F5C28F"
14,2100061223,327,603,1,0.79,"S",17.61,1,"3FE947AE147AE148","40319C28F5C28F5C"
14,2100061223,328,89,1,1.27,"",46.71,1,"3FF451EB851EB852","40475AE147AE147B"
14,2100061223,329,86,1,1.45,"",36.62,1,"3FF7333333333333","40424F5C28F5C28F"
14,2100061223,330,73,1,1.45,"",36.62,1,"3FF7333333333333","40424F5C28F5C28F"
14,2100061223,331,89,1,1.45,"",36.62,1,"3FF7333333333333","40424F5C28F5C28F"
14,2100061223,332,65,1,1.45,"",36.62,1,"3FF7333333333333","40424F5C28F5C28F"
14,2100061223,333,192,1,1.45,"",36.62,1,"3FF7333333333333","40424F5C28F5C28F"
14,2100061223,334,63,1,1.45,"",36.62,1,"3FF7333333333333","40424F5C28F5C28F"
14,2100061223,335,95,1,1.45,"",36.62,1,"3FF7333333333333","40424F5C28F5C28F"
