cmov.csv
"STORE","UPC","WEEK","MOVE","QTY","PRICE","SALE","PROFIT","OK","PRICE_HEX","PROFIT_HEX"
14,2100061223,336,294,1,0.99,"S",20.31,1,"3FEFAE147AE147AE","40344F5C28F5C28F"
14,2100061223,337,90,1,1.45,"",42.59,1,"3FF7333333333333","40454B851EB851EC"
14,2100061223,338,72,1,1.45,"",36.62,1,"3FF7333333333333","40424F5C28F5C28F"
14,2100061223,339,259,1,0.99,"S",11.29,1,"3FEFAE147AE147AE","4026947AE147AE14"
14,2100061223,340,102,1,1.44,"",44.23,1,"3FF70A3D70A3D70A","40461D70A3D70A3D"
14,2100061223,341,99,1,1.45,"",36.62,1,"3FF7333333333333","40424F5C28F5C28F"
14,2100061223,342,99,1,1.45,"",36.62,1,"3FF7333333333333","40424F5C28F5C28F"
14,2100061223,343,89,1,1.49,"",38.47,1,"3FF7D70A3D70A3D7","40433C28F5C28F5C"
14,2100061223,344,80,1,1.55,"",40.7,1,"3FF8CCCCCCCCCCCD","404459999999999A"
14,2100061223,345,121,1,1.55,"",41.1,1,"3FF8CCCCCCCCCCCD","40448CCCCCCCCCCD"
14,2100061223,346,99,1,1.55,"",42.31,1,"3FF8CCCCCCCCCCCD","404527AE147AE148"
14,2100061223,347,116,1,1.55,"",40.99,1,"3FF8CCCCCCCCCCCD","40447EB851EB851F"
14,2100061223,348,114,1,1.55,"",39.71,1,"3FF8CCCCCCCCCCCD","4043DAE147AE147B"
14,2100061223,349,732,1,0.89,"S",1.55,1,"3FEC7AE147AE147B","3FF8CCCCCCCCCCCD"
14,2100061223,350,113,1,1.36,"",40.13,1,"3FF5C28F5C28F5C3","404410A3D70A3D71"
14,2100061223,351,165,1,1.55,"",41.93,1,"3FF8CCCCCCCCCCCD","4044F70A3D70A3D7"
14,2100061223,352,248,1,1.55,"",43.88,1,"3FF8CCCCCCCCCCCD","4045F0A3D70A3D71"
14,2100061223,353,939,1,1.29,"S",38.48,1,"3FF4A3D70A3D70A4","40433D70A3D70A3D"
14,2100061223,354,239,1,1.55,"",43.29,1,"3FF8CCCCCCCCCCCD","4045A51EB851EB85"
14,2100061223,355,84,1,1.55,"",39.74,1,"3FF8CCCCCCCCCCCD","4043DEB851EB851F"
14,2100061223,356,107,1,1.55,"",41.75,1,"3FF8CCCCCCCCCCCD","4044E00000000000"
14,2100061223,357,330,1,0.99,"B",25.05,1,"3FEFAE147AE147AE","40390CCCCCCCCCCD"
14,2100061223,358,127,1,0.99,"B",22.34,1,"3FEFAE147AE147AE","4036570A3D70A3D7"
14,2100061223,359,75,1,1.55,"",46.79,1,"3FF8CCCCCCCCCCCD","4047651EB851EB85"
14,2100061223,360,75,1,1.55,"",46.79,1,"3FF8CCCCCCCCCCCD","4047651EB851EB85"
14,2100061223,361,82,1,1.55,"",36.61,1,"3FF8CCCCCCCCCCCD","40424E147AE147AE"
14,2100061223,362,100,1,1.55,"",35.93,1,"3FF8CCCCCCCCCCCD","4041F70A3D70A3D7"
14,2100061223,363,80,1,1.55,"",35.93,1,"3FF8CCCCCCCCCCCD","4041F70A3D70A3D7"
14,2100061223,364,91,1,1.55,"",36.5,1,"3FF8CCCCCCCCCCCD","4042400000000000"
14,2100061223,365,113,1,1.55,"",45.07,1,"3FF8CCCCCCCCCCCD","404688F5C28F5C29"
14,2100061223,366,113,1,1.55,"",45.07,1,"3FF8CCCCCCCCCCCD","404688F5C28F5C29"
14,2100061223,367,479,1,1.35,"B",35.94,1,"3FF599999999999A","4041F851EB851EB8"
14,2100061223,368,79,1,1.55,"",46.94,1,"3FF8CCCCCCCCCCCD","40477851EB851EB8"
14,2100061223,369,106,1,1.52,"",42.58,1,"3FF851EB851EB852","40454A3D70A3D70A"
14,2100061223,370,177,1,1.29,"S",32.32,1,"3FF4A3D70A3D70A4","404028F5C28F5C29"
14,2100061223,371,186,1,1.29,"S",44.49,1,"3FF4A3D70A3D70A4","40463EB851EB851F"
21,2100061223,1,234,1,0.99,"B",16.46,1,"3FEFAE147AE147AE","403075C28F5C28F6"
21,2100061223,2,228,1,0.99,"B",16.46,1,"3FEFAE147AE147AE","403075C28F5C28F6"
21,2100061223,3,236,1,0.99,"B",17.68,1,"3FEFAE147AE147AE","4031AE147AE147AE"
21,2100061223,4,120,1,0.99,"",17.68,1,"3FEFAE147AE147AE","4031AE147AE147AE"
21,2100061223,5,277,1,0.89,"B",7.75,1,"3FEC7AE147AE147B","401F000000000000"
21,2100061223,6,143,1,1.03,"",18.35,1,"3FF07AE147AE147B","403259999999999A"
21,2100061223,7,363,1,0.99,"B",16.36,1,"3FEFAE147AE147AE","40305C28F5C28F5C"
21,2100061223,8,171,1,0.99,"B",16.36,1,"3FEFAE147AE147AE","40305C28F5C28F5C"
21,2100061223,9,981,1,0.99,"",16.36,1,"3FEFAE147AE147AE","40305C28F5C28F5C"
21,2100061223,10,314,1,0.99,"",16.36,1,"3FEFAE147AE147AE","40305C28F5C28F5C"
21,2100061223,11,272,1,1.03,"",19.61,1,"3FF07AE147AE147B","40339C28F5C28F5C"
21,2100061223,12,351,1,1.17,"",29.23,1,"3FF2B851EB851EB8","403D3AE147AE147B"
21,2100061223,13,974,1,0.99,"B",16.36,1,"3FEFAE147AE147AE","40305C28F5C28F5C"
21,2100061223,14,1031,1,0.99,"B",16.36,1,"3FEFAE147AE147AE","40305C28F5C28F5C"
21,2100061223,15,430,1,0.99,"B",16.36,1,"3FEFAE147AE147AE","40305C28F5C28F5C"
21,2100061223,16,134,1,1.17,"",29.23,1,"3FF2B851EB851EB8","403D3AE147AE147B"
21,2100061223,17,140,1,1.17,"",29.23,1,"3FF2B851EB851EB8","403D3AE147AE147B"
21,2100061223,18,179,1,1.17,"",29.23,1,"3FF2B851EB851EB8","403D3AE147AE147B"
21,2100061223,19,423,1,0.99,"",16.36,1,"3FEFAE147AE147AE","40305C28F5C28F5C"
21,2100061223,20,221,1,0.99,"B",16.36,1,"3FEFAE147AE147AE","40305C28F5C28F5C"
21,2100061223,21,138,1,1.17,"",24.1,1,"3FF2B851EB851EB8","403819999999999A"
21,2100061223,22,150,1,1.17,"",24.1,1,"3FF2B851EB851EB8","403819999999999A"
21,2100061223,23,123,1,1.17,"",24.1,1,"3FF2B851EB851EB8","403819999999999A"
21,2100061223,24,132,1,1.17,"",24.1,1,"3FF2B851EB851EB8","403819999999999A"
21,2100061223,25,125,1,1.27,"",30.08,1,"3FF451EB851EB852","403E147AE147AE14"
21,2100061223,26,146,1,1.17,"",29.23,1,"3FF2B851EB851EB8","403D3AE147AE147B"
21,2100061223,27,575,1,0.99,"B",16.36,1,"3FEFAE147AE147AE","40305C28F5C28F5C"
21,2100061223,28,379,1,0.99,"B",16.36,1,"3FEFAE147AE147AE","40305C28F5C28F5C"
21,2100061223,29,133,1,1.17,"",29.23,1,"3FF2B851EB851EB8","403D3AE147AE147B"
21,2100061223,30,112,1,1.17,"",29.23,1,"3FF2B851EB851EB8","403D3AE147AE147B"
21,2100061223,31,132,1,1.17,"",29.23,1,"3FF2B851EB851EB8","403D3AE147AE147B"
21,2100061223,32,196,1,1.09,"B",24.04,1,"3FF170A3D70A3D71","40380A3D70A3D70A"
21,2100061223,33,139,1,1.09,"B",24.04,1,"3FF170A3D70A3D71","40380A3D70A3D70A"
21,2100061223,34,504,1,0.99,"",23.33,1,"3FEFAE147AE147AE","4037547AE147AE14"
21,2100061223,35,200,1,1.17,"",35.13,1,"3FF2B851EB851EB8","404190A3D70A3D71"
21,2100061223,36,186,1,1.17,"",31.79,1,"3FF2B851EB851EB8","403FCA3D70A3D70A"
21,2100061223,37,163,1,1.17,"",31.79,1,"3FF2B851EB851EB8","403FCA3D70A3D70A"
21,2100061223,38,111,1,1.17,"",31.79,1,"3FF2B851EB851EB8","403FCA3D70A3D70A"
21,2100061223,39,213,1,0.89,"B",7.98,1,"3FEC7AE147AE147B","401FEB851EB851EC"
21,2100061223,40,292,1,0.89,"",7.98,1,"3FEC7AE147AE147B","401FEB851EB851EC"
21,2100061223,41,114,1,1.21,"",27.27,1,"3FF35C28F5C28F5C","403B451EB851EB85"
21,2100061223,42,107,1,1.21,"",27.27,1,"3FF35C28F5C28F5C","403B451EB851EB85"
21,2100061223,43,150,1,1.21,"",26.61,1,"3FF35C28F5C28F5C","403A9C28F5C28F5C"
21,2100061223,44,105,1,1.21,"",26.61,1,"3FF35C28F5C28F5C","403A9C28F5C28F5C"
21,2100061223,45,132,1,1.21,"",26.61,1,"3FF35C28F5C28F5C","403A9C28F5C28F5C"
21,2100061223,46,129,1,1.21,"",26.61,1,"3FF35C28F5C28F5C","403A9C28F5C28F5C"
21,2100061223,47,136,1,1.21,"",28.84,1,"3FF35C28F5C28F5C","403CD70A3D70A3D7"
21,2100061223,48,177,1,1.21,"",28.84,1,"3FF35C28F5C28F5C","403CD70A3D70A3D7"
21,2100061223,49,537,1,0.99,"B",15.86,1,"3FEFAE147AE147AE","402FB851EB851EB8"
21,2100061223,50,227,1,0.99,"B",16.06,1,"3FEFAE147AE147AE","40300F5C28F5C28F"
21,2100061223,51,188,1,0.99,"",16.06,1,"3FEFAE147AE147AE","40300F5C28F5C28F"
21,2100061223,52,103,1,1.21,"",31.32,1,"3FF35C28F5C28F5C","403F51EB851EB852"
21,2100061223,53,137,1,1.21,"",31.32,1,"3FF35C28F5C28F5C","403F51EB851EB852"
21,2100061223,54,123,1,1.21,"",31.49,1,"3FF35C28F5C28F5C","403F7D70A3D70A3D"
21,2100061223,55,149,1,1.21,"",31.49,1,"3FF35C28F5C28F5C","403F7D70A3D70A3D"
21,2100061223,56,2017,1,0.65,"S",27.38,1,"3FE4CCCCCCCCCCCD","403B6147AE147AE1"
21,2100061223,57,113,1,1.21,"",31.57,1,"3FF35C28F5C28F5C","403F91EB851EB852"
21,2100061223,58,796,1,0.99,"B",16.36,1,"3FEFAE147AE147AE","40305C28F5C28F5C"
21,2100061223,59,213,1,0.99,"",16.36,1,"3FEFAE147AE147AE","40305C28F5C28F5C"
21,2100061223,60,138,1,1.21,"",31.57,1,"3FF35C28F5C28F5C","403F91EB851EB852"
21,2100061223,61,169,1,1.21,"",31.57,1,"3FF35C28F5C28F5C","403F91EB851EB852"
21,2100061223,62,1216,1,0.89,"B",11.12,1,"3FEC7AE147AE147B","40263D70A3D70A3D"
21,2100061223,63,536,1,1.21,"B",32.48,1,"3FF35C28F5C28F5C","40403D70A3D70A3D"
21,2100061223,64,523,1,0.99,"B",16.97,1,"3FEFAE147AE147AE","4030F851EB851EB8"
21,2100061223,65,140,1,0.99,"B",16.97,1,"3FEFAE147AE147AE","4030F851EB851EB8"
21,2100061223,66,108,1,1.13,"B",27.26,1,"3FF2147AE147AE14","403B428F5C28F5C3"
21,2100061223,67,411,1,0.89,"B",11.46,1,"3FEC7AE147AE147B","4026EB851EB851EC"
21,2100061223,68,125,1,1.13,"",30.27,1,"3FF2147AE147AE14","403E451EB851EB85"
21,2100061223,69,112,1,1.13,"",30.27,1,"3FF2147AE147AE14","403E451EB851EB85"
21,2100061223,70,89,1,1.13,"",30.27,1,"3FF2147AE147AE14","403E451EB851EB85"
21,2100061223,71,119,1,1.13,"",30.27,1,"3FF2147AE147AE14","403E451EB851EB85"
21,2100061223,72,103,1,1.13,"",30.27,1,"3FF2147AE147AE14","403E451EB851EB85"
21,2100061223,73,130,1,1.13,"",30.27,1,"3FF2147AE147AE14","403E451EB851EB85"
21,2100061223,74,127,1,1.13,"",26.73,1,"3FF2147AE147AE14","403ABAE147AE147B"
21,2100061223,75,151,1,1.13,"",26.73,1,"3FF2147AE147AE14","403ABAE147AE147B"
21,2100061223,76,217,1,1.13,"",26.73,1,"3FF2147AE147AE14","403ABAE147AE147B"
21,2100061223,77,561,1,0.89,"B",7.98,1,"3FEC7AE147AE147B","401FEB851EB851EC"
21,2100061223,78,167,1,0.89,"B",7.98,1,"3FEC7AE147AE147B","401FEB851EB851EC"
21,2100061223,79,116,1,1.13,"",27.35,1,"3FF2147AE147AE14","403B59999999999A"
21,2100061223,80,126,1,1.13,"",26.9,1,"3FF2147AE147AE14","403AE66666666666"
21,2100061223,81,102,1,1.13,"",26.9,1,"3FF2147AE147AE14","403AE66666666666"
21,2100061223,82,128,1,1.13,"",26.9,1,"3FF2147AE147AE14","403AE66666666666"
21,2100061223,83,128,1,1.13,"",26.9,1,"3FF2147AE147AE14","403AE66666666666"
21,2100061223,84,163,1,1.13,"",21.42,1,"3FF2147AE147AE14","40356B851EB851EC"
21,2100061223,85,594,1,0.99,"B",16.46,1,"3FEFAE147AE147AE","403075C28F5C28F6"
21,2100061223,86,315,1,0.99,"",19.39,1,"3FEFAE147AE147AE","403363D70A3D70A4"
21,2100061223,87,156,1,0.99,"B",19.39,1,"3FEFAE147AE147AE","403363D70A3D70A4"
21,2100061223,88,216,1,0.99,"B",16.57,1,"3FEFAE147AE147AE","403091EB851EB852"
21,2100061223,89,170,1,0.99,"B",16.36,1,"3FEFAE147AE147AE","40305C28F5C28F5C"
21,2100061223,90,411,1,0.99,"B",16.36,1,"3FEFAE147AE147AE","40305C28F5C28F5C"
21,2100061223,91,203,1,0.99,"B",16.36,1,"3FEFAE147AE147AE","40305C28F5C28F5C"
21,2100061223,92,125,1,1.13,"",26.73,1,"3FF2147AE147AE14","403ABAE147AE147B"
21,2100061223,93,102,1,1.13,"",26.73,1,"3FF2147AE147AE14","403ABAE147AE147B"
21,2100061223,94,107,1,1.13,"",26.73,1,"3FF2147AE147AE14","403ABAE147AE147B"
21,2100061223,95,140,1,1.13,"",25.22,1,"3FF2147AE147AE14","40393851EB851EB8"
21,2100061223,96,115,1,1.13,"",21.59,1,"3FF2147AE147AE14","4035970A3D70A3D7"
21,2100061223,97,117,1,1.13,"",21.42,1,"3FF2147AE147AE14","40356B851EB851EC"
21,2100061223,98,117,1,1.18,"",24.75,1,"3FF2E147AE147AE1","4038C00000000000"
21,2100061223,99,177,1,1.18,"",28.31,1,"3FF2E147AE147AE1","403C4F5C28F5C28F"
21,2100061223,100,198,1,1.18,"",29.41,1,"3FF2E147AE147AE1","403D68F5C28F5C29"
21,2100061223,101,680,1,0.89,"B",6.85,1,"3FEC7AE147AE147B","401B666666666666"
21,2100061223,102,446,1,0.89,"",6.85,1,"3FEC7AE147AE147B","401B666666666666"
21,2100061223,103,256,1,0.93,"",10.86,1,"3FEDC28F5C28F5C3","4025B851EB851EB8"
21,2100061223,104,169,1,1.18,"",29.74,1,"3FF2E147AE147AE1","403DBD70A3D70A3D"
21,2100061223,105,151,1,1.18,"",29.57,1,"3FF2E147AE147AE1","403D91EB851EB852"
21,2100061223,106,285,1,1.09,"S",22.29,1,"3FF170A3D70A3D71","40364A3D70A3D70A"
21,2100061223,107,177,1,1.18,"",27.88,1,"3FF2E147AE147AE1","403BE147AE147AE1"
21,2100061223,108,157,1,1.18,"",27.88,1,"3FF2E147AE147AE1","403BE147AE147AE1"
21,2100061223,109,125,1,1.18,"",27.88,1,"3FF2E147AE147AE1","403BE147AE147AE1"
21,2100061223,110,261,1,0.99,"",13.63,1,"3FEFAE147AE147AE","402B428F5C28F5C3"
21,2100061223,111,1373,1,0.89,"B",7.64,1,"3FEC7AE147AE147B","401E8F5C28F5C28F"
21,2100061223,112,280,1,0.95,"B",16.1,1,"3FEE666666666666","403019999999999A"
21,2100061223,113,262,1,1.18,"",32.45,1,"3FF2E147AE147AE1","404039999999999A"
21,2100061223,114,540,1,1.07,"",22.71,1,"3FF11EB851EB851F","4036B5C28F5C28F6"
21,2100061223,115,1305,1,0.99,"B",14.34,1,"3FEFAE147AE147AE","402CAE147AE147AE"
21,2100061223,116,392,1,0.99,"B",11.51,1,"3FEFAE147AE147AE","4027051EB851EB85"
21,2100061223,117,129,1,1.03,"B",13.98,1,"3FF07AE147AE147B","402BF5C28F5C28F6"
21,2100061223,118,100,1,1.18,"",25.5,1,"3FF2E147AE147AE1","4039800000000000"
21,2100061223,119,205,1,1.18,"",26.18,1,"3FF2E147AE147AE1","403A2E147AE147AE"
21,2100061223,120,240,1,1.18,"",26.18,1,"3FF2E147AE147AE1","403A2E147AE147AE"
21,2100061223,121,139,1,1.18,"",26.18,1,"3FF2E147AE147AE1","403A2E147AE147AE"
21,2100061223,122,153,1,1.18,"",26.18,1,"3FF2E147AE147AE1","403A2E147AE147AE"
21,2100061223,123,143,1,1.18,"",26.86,1,"3FF2E147AE147AE1","403ADC28F5C28F5C"
21,2100061223,124,115,1,1.18,"",28.13,1,"3FF2E147AE147AE1","403C2147AE147AE1"
21,2100061223,125,118,1,1.18,"",28.3,1,"3FF2E147AE147AE1","403C4CCCCCCCCCCD"
21,2100061223,126,139,1,1.19,"",30.42,1,"3FF30A3D70A3D70A","403E6B851EB851EC"
21,2100061223,127,133,1,1.11,"",31.71,1,"3FF1C28F5C28F5C3","403FB5C28F5C28F6"
21,2100061223,128,189,1,0.99,"B",23.43,1,"3FEFAE147AE147AE","40376E147AE147AE"
21,2100061223,129,165,1,0.99,"B",23.43,1,"3FEFAE147AE147AE","40376E147AE147AE"
21,2100061223,130,149,1,1.03,"B",21.06,1,"3FF07AE147AE147B","40350F5C28F5C28F"
21,2100061223,131,432,1,0.99,"B",16.36,1,"3FEFAE147AE147AE","40305C28F5C28F5C"
21,2100061223,132,610,1,0.99,"B",16.36,1,"3FEFAE147AE147AE","40305C28F5C28F5C"
21,2100061223,133,115,1,1.02,"B",18.82,1,"3FF051EB851EB852","4032D1EB851EB852"
21,2100061223,134,117,1,1.1,"",24.72,1,"3FF199999999999A","4038B851EB851EB8"
21,2100061223,135,226,1,0.99,"B",16.36,1,"3FEFAE147AE147AE","40305C28F5C28F5C"
21,2100061223,136,152,1,1.01,"B",18.01,1,"3FF028F5C28F5C29","4032028F5C28F5C3"
21,2100061223,137,137,1,1.19,"",30.42,1,"3FF30A3D70A3D70A","403E6B851EB851EC"
21,2100061223,138,104,1,1.19,"",30.42,1,"3FF30A3D70A3D70A","403E6B851EB851EC"
21,2100061223,139,113,1,1.19,"",30.42,1,"3FF30A3D70A3D70A","403E6B851EB851EC"
21,2100061223,140,116,1,1.22,"",32.13,1,"3FF3851EB851EB85","404010A3D70A3D71"
21,2100061223,141,110,1,1.18,"",29.83,1,"3FF2E147AE147AE1","403DD47AE147AE14"
21,2100061223,142,313,1,1.09,"B",24.12,1,"3FF170A3D70A3D71","40381EB851EB851F"
21,2100061223,143,226,1,1.1,"B",24.81,1,"3FF199999999999A","4038CF5C28F5C28F"
21,2100061223,144,118,1,1.22,"",32.29,1,"3FF3851EB851EB85","4040251EB851EB85"
21,2100061223,145,109,1,1.22,"",32.29,1,"3FF3851EB851EB85","4040251EB851EB85"
21,2100061223,146,126,1,1.22,"",32.29,1,"3FF3851EB851EB85","4040251EB851EB85"
21,2100061223,147,100,1,1.22,"",32.29,1,"3FF3851EB851EB85","4040251EB851EB85"
21,2100061223,148,138,1,1.22,"",32.21,1,"3FF3851EB851EB85","40401AE147AE147B"
21,2100061223,149,118,1,1.22,"",31.47,1,"3FF3851EB851EB85","403F7851EB851EB8"
21,2100061223,150,107,1,1.22,"",32.29,1,"3FF3851EB851EB85","4040251EB851EB85"
21,2100061223,151,221,1,1.19,"B",30.58,1,"3FF30A3D70A3D70A","403E947AE147AE14"
21,2100061223,152,217,1,1.19,"B",30.58,1,"3FF30A3D70A3D70A","403E947AE147AE14"
21,2100061223,153,110,1,1.22,"",32.29,1,"3FF3851EB851EB85","4040251EB851EB85"
21,2100061223,154,107,1,1.22,"",32.29,1,"3FF3851EB851EB85","4040251EB851EB85"
21,2100061223,155,115,1,1.22,"",32.29,1,"3FF3851EB851EB85","4040251EB851EB85"
21,2100061223,156,74,1,1.22,"",32.29,1,"3FF3851EB851EB85","4040251EB851EB85"
21,2100061223,157,94,1,1.22,"",32.29,1,"3FF3851EB851EB85","4040251EB851EB85"
21,2100061223,158,135,1,1.22,"",32.29,1,"3FF3851EB851EB85","4040251EB851EB85"
21,2100061223,159,115,1,1.22,"",32.29,1,"3FF3851EB851EB85","4040251EB851EB85"
21,2100061223,160,147,1,1.22,"",32.29,1,"3FF3851EB851EB85","4040251EB851EB85"
21,2100061223,161,110,1,1.22,"",32.29,1,"3FF3851EB851EB85","4040251EB851EB85"
21,2100061223,162,635,1,0.99,"B",16.56,1,"3FEFAE147AE147AE","40308F5C28F5C28F"
21,2100061223,163,1234,1,0.99,"B",16.56,1,"3FEFAE147AE147AE","40308F5C28F5C28F"
21,2100061223,164,257,1,1.04,"B",20.57,1,"3FF0A3D70A3D70A4","403491EB851EB852"
21,2100061223,165,208,1,1.22,"",32.29,1,"3FF3851EB851EB85","4040251EB851EB85"
21,2100061223,166,312,1,1.22,"",32.29,1,"3FF3851EB851EB85","4040251EB851EB85"
21,2100061223,167,855,1,1.19,"B",30.58,1,"3FF30A3D70A3D70A","403E947AE147AE14"
21,2100061223,168,339,1,1.2,"B",31.16,1,"3FF3333333333333","403F28F5C28F5C29"
21,2100061223,169,144,1,1.22,"",32.29,1,"3FF3851EB851EB85","4040251EB851EB85"
21,2100061223,170,103,1,1.22,"",32.29,1,"3FF3851EB851EB85","4040251EB851EB85"
21,2100061223,171,81,1,1.22,"",32.29,1,"3FF3851EB851EB85","4040251EB851EB85"
21,2100061223,172,278,1,1.09,"B",24.22,1,"3FF170A3D70A3D71","40383851EB851EB8"
21,2100061223,173,231,1,1.1,"B",24.9,1,"3FF199999999999A","4038E66666666666"
21,2100061223,174,116,1,1.22,"",32.29,1,"3FF3851EB851EB85","4040251EB851EB85"
21,2100061223,175,93,1,1.17,"",29.4,1,"3FF2B851EB851EB8","403D666666666666"
21,2100061223,176,154,1,1.09,"B",24.22,1,"3FF170A3D70A3D71","40383851EB851EB8"
21,2100061223,177,136,1,1.09,"B",24.22,1,"3FF170A3D70A3D71","40383851EB851EB8"
21,2100061223,178,109,1,1.09,"B",24.22,1,"3FF170A3D70A3D71","40383851EB851EB8"
21,2100061223,179,115,1,1.11,"B",25.58,1,"3FF1C28F5C28F5C3","4039947AE147AE14"
21,2100061223,180,127,1,1.16,"",28.79,1,"3FF28F5C28F5C28F","403CCA3D70A3D70A"
21,2100061223,181,158,1,0.99,"B",16.56,1,"3FEFAE147AE147AE","40308F5C28F5C28F"
21,2100061223,182,880,1,0.99,"B",16.56,1,"3FEFAE147AE147AE","40308F5C28F5C28F"
21,2100061223,183,148,1,1.22,"",32.29,1,"3FF3851EB851EB85","4040251EB851EB85"
21,2100061223,184,155,1,1.1,"",24.9,1,"3FF199999999999A","4038E66666666666"
21,2100061223,185,216,1,0.99,"B",16.56,1,"3FEFAE147AE147AE","40308F5C28F5C28F"
21,2100061223,186,188,1,1.05,"B",21.33,1,"3FF0CCCCCCCCCCCD","4035547AE147AE14"
21,2100061223,187,133,1,1.19,"B",30.58,1,"3FF30A3D70A3D70A","403E947AE147AE14"
21,2100061223,188,111,1,1.19,"B",30.58,1,"3FF30A3D70A3D70A","403E947AE147AE14"
21,2100061223,189,308,1,0.99,"S",16.56,1,"3FEFAE147AE147AE","40308F5C28F5C28F"
21,2100061223,190,153,1,1.22,"",32.29,1,"3FF3851EB851EB85","4040251EB851EB85"
21,2100061223,191,108,1,1.23,"",32.84,1,"3FF3AE147AE147AE","40406B851EB851EC"
21,2100061223,192,103,1,1.29,"",35.96,1,"3FF4A3D70A3D70A4","4041FAE147AE147B"
21,2100061223,193,102,1,1.29,"",35.96,1,"3FF4A3D70A3D70A4","4041FAE147AE147B"
21,2100061223,194,295,1,0.99,"",16.56,1,"3FEFAE147AE147AE","40308F5C28F5C28F"
