cmov.csv
"STORE","UPC","WEEK","MOVE","QTY","PRICE","SALE","PROFIT","OK","PRICE_HEX","PROFIT_HEX"
21,2100061223,195,171,1,1.29,"",35.96,1,"3FF4A3D70A3D70A4","4041FAE147AE147B"
21,2100061223,196,67,1,1.29,"",34.57,1,"3FF4A3D70A3D70A4","404148F5C28F5C29"
21,2100061223,197,115,1,1.29,"",32.09,1,"3FF4A3D70A3D70A4","40400B851EB851EC"
21,2100061223,198,111,1,1.29,"",31.62,1,"3FF4A3D70A3D70A4","403F9EB851EB851F"
21,2100061223,199,111,1,1.29,"",31.47,1,"3FF4A3D70A3D70A4","403F7851EB851EB8"
21,2100061223,200,121,1,1.29,"",33.79,1,"3FF4A3D70A3D70A4","4040E51EB851EB85"
21,2100061223,201,128,1,1.29,"",35.96,1,"3FF4A3D70A3D70A4","4041FAE147AE147B"
21,2100061223,202,223,1,1.09,"B",24.22,1,"3FF170A3D70A3D71","40383851EB851EB8"
21,2100061223,203,209,1,1.12,"B",26.25,1,"3FF1EB851EB851EC","403A400000000000"
21,2100061223,204,135,1,1.29,"",35.96,1,"3FF4A3D70A3D70A4","4041FAE147AE147B"
21,2100061223,205,119,1,1.29,"",35.96,1,"3FF4A3D70A3D70A4","4041FAE147AE147B"
21,2100061223,206,319,1,0.99,"S",16.56,1,"3FEFAE147AE147AE","40308F5C28F5C28F"
21,2100061223,207,91,1,1.27,"",34.96,1,"3FF451EB851EB852","40417AE147AE147B"
21,2100061223,208,113,1,1.16,"B",28.79,1,"3FF28F5C28F5C28F","403CCA3D70A3D70A"
21,2100061223,209,107,1,1.28,"",35.46,1,"3FF47AE147AE147B","4041BAE147AE147B"
21,2100061223,210,101,1,1.26,"B",34.44,1,"3FF428F5C28F5C29","40413851EB851EB8"
21,2100061223,211,294,1,0.99,"B",16.56,1,"3FEFAE147AE147AE","40308F5C28F5C28F"
21,2100061223,212,266,1,1.02,"B",19.01,1,"3FF051EB851EB852","4033028F5C28F5C3"
21,2100061223,213,101,1,1.29,"",35.96,1,"3FF4A3D70A3D70A4","4041FAE147AE147B"
21,2100061223,214,123,1,1.29,"",35.96,1,"3FF4A3D70A3D70A4","4041FAE147AE147B"
21,2100061223,215,148,1,1.02,"S",19.01,1,"3FF051EB851EB852","4033028F5C28F5C3"
21,2100061223,216,137,1,1.29,"",35.96,1,"3FF4A3D70A3D70A4","4041FAE147AE147B"
21,2100061223,217,276,1,1.29,"",61.86,1,"3FF4A3D70A3D70A4","404EEE147AE147AE"
21,2100061223,218,3099,1,0.5,"B",-55.4,1,"3FE0000000000000","C04BB33333333333"
21,2100061223,219,1073,1,0.54,"B",-52.96,1,"3FE147AE147AE148","C04A7AE147AE147B"
21,2100061223,220,271,1,1.29,"",35.96,1,"3FF4A3D70A3D70A4","4041FAE147AE147B"
21,2100061223,221,95,1,1.29,"",35.96,1,"3FF4A3D70A3D70A4","4041FAE147AE147B"
21,2100061223,222,84,1,1.29,"",35.96,1,"3FF4A3D70A3D70A4","4041FAE147AE147B"
21,2100061223,223,297,1,0.99,"S",16.56,1,"3FEFAE147AE147AE","40308F5C28F5C28F"
21,2100061223,224,157,1,1.27,"",34.96,1,"3FF451EB851EB852","40417AE147AE147B"
21,2100061223,225,123,1,1.16,"",28.79,1,"3FF28F5C28F5C28F","403CCA3D70A3D70A"
21,2100061223,226,90,1,1.16,"",28.79,1,"3FF28F5C28F5C28F","403CCA3D70A3D70A"
21,2100061223,227,123,1,1.16,"",28.79,1,"3FF28F5C28F5C28F","403CCA3D70A3D70A"
21,2100061223,228,90,1,1.16,"",28.79,1,"3FF28F5C28F5C28F","403CCA3D70A3D70A"
21,2100061223,229,175,1,0.99,"",16.56,1,"3FEFAE147AE147AE","40308F5C28F5C28F"
21,2100061223,230,95,1,1.16,"",28.79,1,"3FF28F5C28F5C28F","403CCA3D70A3D70A"
21,2100061223,231,83,1,1.16,"",28.79,1,"3FF28F5C28F5C28F","403CCA3D70A3D70A"
21,2100061223,232,1162,1,0.5,"",-65.2,1,"3FE0000000000000","C0504CCCCCCCCCCD"
21,2100061223,233,293,1,1.13,"",26.9,1,"3FF2147AE147AE14","403AE66666666666"
21,2100061223,234,102,1,1.16,"",28.79,1,"3FF28F5C28F5C28F","403CCA3D70A3D70A"
21,2100061223,235,147,1,1.16,"",28.79,1,"3FF28F5C28F5C28F","403CCA3D70A3D70A"
21,2100061223,236,84,1,1.16,"",28.79,1,"3FF28F5C28F5C28F","403CCA3D70A3D70A"
21,2100061223,237,204,1,0.99,"S",24.84,1,"3FEFAE147AE147AE","4038D70A3D70A3D7"
21,2100061223,238,142,1,1.08,"S",32.77,1,"3FF147AE147AE148","4040628F5C28F5C3"
21,2100061223,239,76,1,1.14,"",36.31,1,"3FF23D70A3D70A3D","404227AE147AE148"
21,2100061223,240,200,1,0.99,"S",26.66,1,"3FEFAE147AE147AE","403AA8F5C28F5C29"
21,2100061223,241,112,1,1.15,"S",36.86,1,"3FF2666666666666","40426E147AE147AE"
21,2100061223,242,93,1,1.16,"",37.41,1,"3FF28F5C28F5C28F","4042B47AE147AE14"
21,2100061223,243,103,1,1.16,"",37.41,1,"3FF28F5C28F5C28F","4042B47AE147AE14"
21,2100061223,244,126,1,1.16,"",37.41,1,"3FF28F5C28F5C28F","4042B47AE147AE14"
21,2100061223,245,163,1,0.99,"",26.66,1,"3FEFAE147AE147AE","403AA8F5C28F5C29"
21,2100061223,246,166,1,1.16,"",37.41,1,"3FF28F5C28F5C28F","4042B47AE147AE14"
21,2100061223,247,98,1,1.16,"",37.41,1,"3FF28F5C28F5C28F","4042B47AE147AE14"
21,2100061223,248,95,1,1.16,"",37.41,1,"3FF28F5C28F5C28F","4042B47AE147AE14"
21,2100061223,249,85,1,1.16,"",37.06,1,"3FF28F5C28F5C28F","404287AE147AE148"
21,2100061223,250,101,1,1.16,"",33.44,1,"3FF28F5C28F5C28F","4040B851EB851EB8"
21,2100061223,251,274,1,0.99,"S",25.85,1,"3FEFAE147AE147AE","4039D9999999999A"
21,2100061223,252,94,1,1.15,"S",29.73,1,"3FF2666666666666","403DBAE147AE147B"
21,2100061223,253,84,1,1.16,"",28.79,1,"3FF28F5C28F5C28F","403CCA3D70A3D70A"
21,2100061223,254,67,1,1.16,"",28.79,1,"3FF28F5C28F5C28F","403CCA3D70A3D70A"
21,2100061223,255,132,1,1.16,"",28.66,1,"3FF28F5C28F5C28F","403CA8F5C28F5C29"
21,2100061223,256,150,1,0.9,"",3.57,1,"3FECCCCCCCCCCCCD","400C8F5C28F5C28F"
21,2100061223,257,491,1,0.98,"S",11.31,1,"3FEF5C28F5C28F5C","40269EB851EB851F"
21,2100061223,258,105,1,1.15,"S",27.12,1,"3FF2666666666666","403B1EB851EB851F"
21,2100061223,259,100,1,1.16,"",28.15,1,"3FF28F5C28F5C28F","403C266666666666"
21,2100061223,260,120,1,1.16,"",31.13,1,"3FF28F5C28F5C28F","403F2147AE147AE1"
21,2100061223,261,31,1,1.16,"",28.38,1,"3FF28F5C28F5C28F","403C6147AE147AE1"
21,2100061223,262,291,1,0.99,"S",14.51,1,"3FEFAE147AE147AE","402D051EB851EB85"
21,2100061223,263,125,1,1.15,"S",27.91,1,"3FF2666666666666","403BE8F5C28F5C29"
21,2100061223,264,80,1,1.16,"",29.87,1,"3FF28F5C28F5C28F","403DDEB851EB851F"
21,2100061223,265,79,1,1.16,"",30.2,1,"3FF28F5C28F5C28F","403E333333333333"
21,2100061223,266,780,1,1.09,"",35,1,"3FF170A3D70A3D71","4041800000000000"
21,2100061223,267,142,1,1.12,"S",32.39,1,"3FF1EB851EB851EC","404031EB851EB852"
21,2100061223,268,166,1,1.16,"",28.87,1,"3FF28F5C28F5C28F","403CDEB851EB851F"
21,2100061223,269,114,1,1.16,"",28.37,1,"3FF28F5C28F5C28F","403C5EB851EB851F"
21,2100061223,270,98,1,1.16,"",28.64,1,"3FF28F5C28F5C28F","403CA3D70A3D70A4"
21,2100061223,271,1068,1,0.79,"B",6.19,1,"3FE947AE147AE148","4018C28F5C28F5C3"
21,2100061223,272,201,1,1.15,"B",28.56,1,"3FF2666666666666","403C8F5C28F5C28F"
21,2100061223,273,114,1,1.16,"",28.37,1,"3FF28F5C28F5C28F","403C5EB851EB851F"
21,2100061223,274,98,1,1.16,"",28.64,1,"3FF28F5C28F5C28F","403CA3D70A3D70A4"
21,2100061223,275,148,1,1.15,"S",26.92,1,"3FF2666666666666","403AEB851EB851EC"
21,2100061223,276,107,1,1.16,"",27.41,1,"3FF28F5C28F5C28F","403B68F5C28F5C29"
21,2100061223,277,97,1,1.16,"",27.46,1,"3FF28F5C28F5C28F","403B75C28F5C28F6"
21,2100061223,278,90,1,1.16,"",27.92,1,"3FF28F5C28F5C28F","403BEB851EB851EC"
21,2100061223,279,97,1,1.16,"",28.49,1,"3FF28F5C28F5C28F","403C7D70A3D70A3D"
21,2100061223,280,443,1,0.79,"B",18.65,1,"3FE947AE147AE148","4032A66666666666"
21,2100061223,281,437,1,0.79,"B",16.57,1,"3FE947AE147AE148","403091EB851EB852"
21,2100061223,282,47,1,1.16,"",29.65,1,"3FF28F5C28F5C28F","403DA66666666666"
21,2100061223,283,55,1,1.16,"",29.65,1,"3FF28F5C28F5C28F","403DA66666666666"
21,2100061223,284,63,1,1.17,"",30.73,1,"3FF2B851EB851EB8","403EBAE147AE147B"
21,2100061223,285,105,1,1.19,"",30.99,1,"3FF30A3D70A3D70A","403EFD70A3D70A3D"
21,2100061223,286,514,1,0.79,"S",-6.83,1,"3FE947AE147AE148","C01B51EB851EB852"
21,2100061223,287,90,1,1.18,"S",25.56,1,"3FF2E147AE147AE1","40398F5C28F5C28F"
21,2100061223,288,88,1,1.19,"",25.33,1,"3FF30A3D70A3D70A","4039547AE147AE14"
21,2100061223,289,86,1,1.19,"",24.03,1,"3FF30A3D70A3D70A","403807AE147AE148"
21,2100061223,290,84,1,1.19,"",24.27,1,"3FF30A3D70A3D70A","4038451EB851EB85"
21,2100061223,291,93,1,1.15,"",26.04,1,"3FF2666666666666","403A0A3D70A3D70A"
21,2100061223,292,283,1,0.99,"B",20.83,1,"3FEFAE147AE147AE","4034D47AE147AE14"
21,2100061223,293,135,1,1.01,"B",18.9,1,"3FF028F5C28F5C29","4032E66666666666"
21,2100061223,294,104,1,1.19,"",25.87,1,"3FF30A3D70A3D70A","4039DEB851EB851F"
21,2100061223,295,77,1,1.2,"",25.85,1,"3FF3333333333333","4039D9999999999A"
21,2100061223,296,65,1,1.29,"",29.38,1,"3FF4A3D70A3D70A4","403D6147AE147AE1"
21,2100061223,297,69,1,1.29,"",28.97,1,"3FF4A3D70A3D70A4","403CF851EB851EB8"
21,2100061223,298,108,1,1.2,"B",23.66,1,"3FF3333333333333","4037A8F5C28F5C29"
21,2100061223,299,304,1,0.99,"B",7.17,1,"3FEFAE147AE147AE","401CAE147AE147AE"
21,2100061223,300,147,1,1,"B",17.17,1,"3FF0000000000000","40312B851EB851EC"
21,2100061223,301,125,1,1.09,"B",30.36,1,"3FF170A3D70A3D71","403E5C28F5C28F5C"
21,2100061223,302,63,1,1.13,"B",29.93,1,"3FF2147AE147AE14","403DEE147AE147AE"
21,2100061223,303,95,1,1.29,"",35.76,1,"3FF4A3D70A3D70A4","4041E147AE147AE1"
21,2100061223,304,160,1,1.03,"B",42.81,1,"3FF07AE147AE147B","404567AE147AE148"
21,2100061223,305,202,1,0.93,"B",33.02,1,"3FEDC28F5C28F5C3","4040828F5C28F5C3"
21,2100061223,306,63,1,1.29,"",28.75,1,"3FF4A3D70A3D70A4","403CC00000000000"
21,2100061223,307,111,1,1.29,"",28.75,1,"3FF4A3D70A3D70A4","403CC00000000000"
21,2100061223,308,98,1,1.29,"",28.75,1,"3FF4A3D70A3D70A4","403CC00000000000"
21,2100061223,309,102,1,1.29,"",28.75,1,"3FF4A3D70A3D70A4","403CC00000000000"
21,2100061223,310,91,1,1.29,"",28.75,1,"3FF4A3D70A3D70A4","403CC00000000000"
21,2100061223,311,89,1,1.29,"",33.64,1,"3FF4A3D70A3D70A4","4040D1EB851EB852"
21,2100061223,312,1500,1,0.7,"B",16.92,1,"3FE6666666666666","4030EB851EB851EC"
21,2100061223,313,194,1,1,"",36.96,1,"3FF0000000000000","40427AE147AE147B"
21,2100061223,314,314,1,0.99,"B",22.39,1,"3FEFAE147AE147AE","403663D70A3D70A4"
21,2100061223,315,328,1,1.03,"B",30.45,1,"3FF07AE147AE147B","403E733333333333"
21,2100061223,316,885,1,0.79,"B",25.49,1,"3FE947AE147AE148","40397D70A3D70A3D"
21,2100061223,317,1039,1,0.79,"B",25.4,1,"3FE947AE147AE148","4039666666666666"
21,2100061223,318,340,1,0.98,"S",6.56,1,"3FEF5C28F5C28F5C","401A3D70A3D70A3D"
21,2100061223,319,99,1,1.28,"",28.59,1,"3FF47AE147AE147B","403C970A3D70A3D7"
21,2100061223,320,82,1,1.29,"",39.39,1,"3FF4A3D70A3D70A4","4043B1EB851EB852"
21,2100061223,321,286,1,0.99,"S",32.49,1,"3FEFAE147AE147AE","40403EB851EB851F"
21,2100061223,322,95,1,1.29,"",38.95,1,"3FF4A3D70A3D70A4","404379999999999A"
21,2100061223,323,56,1,1.29,"",28.75,1,"3FF4A3D70A3D70A4","403CC00000000000"
21,2100061223,324,93,1,1.29,"",28.75,1,"3FF4A3D70A3D70A4","403CC00000000000"
21,2100061223,325,113,1,1.29,"",28.75,1,"3FF4A3D70A3D70A4","403CC00000000000"
21,2100061223,326,85,1,1.29,"",28.75,1,"3FF4A3D70A3D70A4","403CC00000000000"
21,2100061223,327,77,1,1.29,"",28.75,1,"3FF4A3D70A3D70A4","403CC00000000000"
21,2100061223,328,79,1,1.29,"",28.75,1,"3FF4A3D70A3D70A4","403CC00000000000"
21,2100061223,329,114,1,1.29,"",28.75,1,"3FF4A3D70A3D70A4","403CC00000000000"
21,2100061223,330,304,1,0.99,"S",32.49,1,"3FEFAE147AE147AE","40403EB851EB851F"
21,2100061223,331,262,1,0.89,"B",30.81,1,"3FEC7AE147AE147B","403ECF5C28F5C28F"
21,2100061223,332,549,1,0.89,"B",33.82,1,"3FEC7AE147AE147B","4040E8F5C28F5C29"
21,2100061223,333,72,1,1.27,"",49.48,1,"3FF451EB851EB852","4048BD70A3D70A3D"
21,2100061223,334,239,1,0.99,"S",25.54,1,"3FEFAE147AE147AE","40398A3D70A3D70A"
21,2100061223,335,44,1,1.29,"",37.63,1,"3FF4A3D70A3D70A4","4042D0A3D70A3D71"
21,2100061223,336,59,1,1.29,"",28.75,1,"3FF4A3D70A3D70A4","403CC00000000000"
21,2100061223,337,90,1,1.29,"",34.44,1,"3FF4A3D70A3D70A4","40413851EB851EB8"
21,2100061223,338,343,1,0.79,"S",25.58,1,"3FE947AE147AE148","4039947AE147AE14"
21,2100061223,339,76,1,1.25,"",44.85,1,"3FF4000000000000","40466CCCCCCCCCCD"
21,2100061223,340,57,1,1.29,"",28.75,1,"3FF4A3D70A3D70A4","403CC00000000000"
21,2100061223,341,97,1,1.29,"",28.75,1,"3FF4A3D70A3D70A4","403CC00000000000"
21,2100061223,342,72,1,1.29,"",28.75,1,"3FF4A3D70A3D70A4","403CC00000000000"
21,2100061223,343,55,1,1.29,"",28.75,1,"3FF4A3D70A3D70A4","403CC00000000000"
21,2100061223,344,417,1,0.79,"S",18.43,1,"3FE947AE147AE148","40326E147AE147AE"
21,2100061223,345,106,1,1.04,"",38.85,1,"3FF0A3D70A3D70A4","40436CCCCCCCCCCD"
21,2100061223,346,61,1,1.29,"",28.75,1,"3FF4A3D70A3D70A4","403CC00000000000"
21,2100061223,347,54,1,1.29,"",28.75,1,"3FF4A3D70A3D70A4","403CC00000000000"
21,2100061223,348,53,1,1.29,"",28.75,1,"3FF4A3D70A3D70A4","403CC00000000000"
21,2100061223,349,62,1,1.29,"",28.75,1,"3FF4A3D70A3D70A4","403CC00000000000"
21,2100061223,350,43,1,1.29,"",28.75,1,"3FF4A3D70A3D70A4","403CC00000000000"
21,2100061223,351,67,1,1.29,"",28.75,1,"3FF4A3D70A3D70A4","403CC00000000000"
21,2100061223,352,67,1,1.29,"",28.75,1,"3FF4A3D70A3D70A4","403CC00000000000"
21,2100061223,353,287,1,0.99,"S",19.89,1,"3FEFAE147AE147AE","4033E3D70A3D70A4"
21,2100061223,354,68,1,1.28,"",34,1,"3FF47AE147AE147B","4041000000000000"
21,2100061223,355,105,1,1.29,"",28.75,1,"3FF4A3D70A3D70A4","403CC00000000000"
21,2100061223,356,217,1,0.99,"S",10.62,1,"3FEFAE147AE147AE","40253D70A3D70A3D"
21,2100061223,357,66,1,1.29,"",38.9,1,"3FF4A3D70A3D70A4","4043733333333333"
21,2100061223,358,59,1,1.29,"",28.75,1,"3FF4A3D70A3D70A4","403CC00000000000"
21,2100061223,359,59,1,1.29,"",28.75,1,"3FF4A3D70A3D70A4","403CC00000000000"
21,2100061223,360,66,1,1.3,"",29.74,1,"3FF4CCCCCCCCCCCD","403DBD70A3D70A3D"
21,2100061223,361,66,1,1.39,"",33.88,1,"3FF63D70A3D70A3D","4040F0A3D70A3D71"
21,2100061223,362,94,1,1.39,"",34.35,1,"3FF63D70A3D70A3D","40412CCCCCCCCCCD"
21,2100061223,363,69,1,1.39,"",35.48,1,"3FF63D70A3D70A3D","4041BD70A3D70A3D"
21,2100061223,364,81,1,1.39,"",34.96,1,"3FF63D70A3D70A3D","40417AE147AE147B"
21,2100061223,365,98,1,1.39,"",33.26,1,"3FF63D70A3D70A3D","4040A147AE147AE1"
21,2100061223,366,984,1,0.89,"S",1.87,1,"3FEC7AE147AE147B","3FFDEB851EB851EC"
21,2100061223,367,151,1,1.12,"",27.25,1,"3FF1EB851EB851EC","403B400000000000"
21,2100061223,368,111,1,1.39,"",37.84,1,"3FF63D70A3D70A3D","4042EB851EB851EC"
21,2100061223,369,260,1,1.39,"",37.67,1,"3FF63D70A3D70A3D","4042D5C28F5C28F6"
21,2100061223,370,1238,1,1.29,"S",38.45,1,"3FF4A3D70A3D70A4","404339999999999A"
21,2100061223,371,183,1,1.39,"",35.88,1,"3FF63D70A3D70A3D","4041F0A3D70A3D71"
21,2100061223,372,53,1,1.39,"",32.8,1,"3FF63D70A3D70A3D","4040666666666666"
21,2100061223,373,56,1,1.39,"",33.77,1,"3FF63D70A3D70A3D","4040E28F5C28F5C3"
21,2100061223,374,288,1,0.99,"B",25.05,1,"3FEFAE147AE147AE","40390CCCCCCCCCCD"
21,2100061223,375,200,1,0.99,"B",22.02,1,"3FEFAE147AE147AE","4036051EB851EB85"
21,2100061223,376,88,1,1.36,"",39.41,1,"3FF5C28F5C28F5C3","4043B47AE147AE14"
21,2100061223,377,88,1,1.36,"",39.41,1,"3FF5C28F5C28F5C3","4043B47AE147AE14"
21,2100061223,378,85,1,1.39,"",29.12,1,"3FF63D70A3D70A3D","403D1EB851EB851F"
21,2100061223,379,76,1,1.39,"",28.56,1,"3FF63D70A3D70A3D","403C8F5C28F5C28F"
21,2100061223,380,70,1,1.39,"",28.56,1,"3FF63D70A3D70A3D","403C8F5C28F5C28F"
21,2100061223,381,101,1,1.39,"",28.84,1,"3FF63D70A3D70A3D","403CD70A3D70A3D7"
21,2100061223,382,154,1,1.39,"",37.92,1,"3FF63D70A3D70A3D","4042F5C28F5C28F6"
21,2100061223,383,154,1,1.39,"",37.92,1,"3FF63D70A3D70A3D","4042F5C28F5C28F6"
21,2100061223,384,816,1,1.35,"B",35.81,1,"3FF599999999999A","4041E7AE147AE148"
21,2100061223,385,100,1,1.39,"",41.58,1,"3FF63D70A3D70A3D","4044CA3D70A3D70A"
21,2100061223,386,85,1,1.39,"",37.19,1,"3FF63D70A3D70A3D","40429851EB851EB8"
21,2100061223,387,248,1,1.29,"S",32.36,1,"3FF4A3D70A3D70A4","40402E147AE147AE"
21,2100061223,388,281,1,1.29,"S",45.3,1,"3FF4A3D70A3D70A4","4046A66666666666"
28,2100061223,1,257,1,0.99,"B",16.46,1,"3FEFAE147AE147AE","403075C28F5C28F6"
28,2100061223,2,248,1,0.99,"B",16.46,1,"3FEFAE147AE147AE","403075C28F5C28F6"
28,2100061223,3,200,1,0.99,"B",17.68,1,"3FEFAE147AE147AE","4031AE147AE147AE"
28,2100061223,4,137,1,0.99,"",17.68,1,"3FEFAE147AE147AE","4031AE147AE147AE"
28,2100061223,5,345,1,0.89,"B",7.75,1,"3FEC7AE147AE147B","401F000000000000"
28,2100061223,6,116,1,1.17,"",28.12,1,"3FF2B851EB851EB8","403C1EB851EB851F"
28,2100061223,7,160,1,1.17,"",29.23,1,"3FF2B851EB851EB8","403D3AE147AE147B"
28,2100061223,8,412,1,0.99,"B",16.36,1,"3FEFAE147AE147AE","40305C28F5C28F5C"
28,2100061223,9,194,1,0.99,"B",16.36,1,"3FEFAE147AE147AE","40305C28F5C28F5C"
28,2100061223,10,554,1,0.99,"",16.36,1,"3FEFAE147AE147AE","40305C28F5C28F5C"
28,2100061223,11,145,1,0.99,"",16.36,1,"3FEFAE147AE147AE","40305C28F5C28F5C"
28,2100061223,12,181,1,1.17,"",29.23,1,"3FF2B851EB851EB8","403D3AE147AE147B"
28,2100061223,13,255,1,1.17,"",29.23,1,"3FF2B851EB851EB8","403D3AE147AE147B"
28,2100061223,14,689,1,0.99,"B",16.36,1,"3FEFAE147AE147AE","40305C28F5C28F5C"
28,2100061223,15,625,1,0.99,"B",16.36,1,"3FEFAE147AE147AE","40305C28F5C28F5C"
28,2100061223,16,367,1,0.99,"B",16.36,1,"3FEFAE147AE147AE","40305C28F5C28F5C"
28,2100061223,17,87,1,1.17,"",29.23,1,"3FF2B851EB851EB8","403D3AE147AE147B"
28,2100061223,18,109,1,1.17,"",29.23,1,"3FF2B851EB851EB8","403D3AE147AE147B"
28,2100061223,19,180,1,1.17,"",29.23,1,"3FF2B851EB851EB8","403D3AE147AE147B"
28,2100061223,20,431,1,0.99,"",16.36,1,"3FEFAE147AE147AE","40305C28F5C28F5C"
28,2100061223,21,180,1,0.99,"B",16.36,1,"3FEFAE147AE147AE","40305C28F5C28F5C"
28,2100061223,22,142,1,1.17,"",29.23,1,"3FF2B851EB851EB8","403D3AE147AE147B"
28,2100061223,23,111,1,1.17,"",29.23,1,"3FF2B851EB851EB8","403D3AE147AE147B"
28,2100061223,24,109,1,1.17,"",24.1,1,"3FF2B851EB851EB8","403819999999999A"
28,2100061223,25,101,1,1.17,"",24.1,1,"3FF2B851EB851EB8","403819999999999A"
28,2100061223,26,106,1,1.17,"",24.1,1,"3FF2B851EB851EB8","403819999999999A"
28,2100061223,27,110,1,1.17,"",24.1,1,"3FF2B851EB851EB8","403819999999999A"
28,2100061223,28,118,1,1.27,"",30.08,1,"3FF451EB851EB852","403E147AE147AE14"
28,2100061223,29,401,1,0.99,"B",16.36,1,"3FEFAE147AE147AE","40305C28F5C28F5C"
28,2100061223,30,373,1,0.99,"B",16.36,1,"3FEFAE147AE147AE","40305C28F5C28F5C"
28,2100061223,31,83,1,1.17,"",29.23,1,"3FF2B851EB851EB8","403D3AE147AE147B"
28,2100061223,32,77,1,1.17,"",29.23,1,"3FF2B851EB851EB8","403D3AE147AE147B"
28,2100061223,33,120,1,1.17,"",29.23,1,"3FF2B851EB851EB8","403D3AE147AE147B"
28,2100061223,34,179,1,1.09,"B",24.04,1,"3FF170A3D70A3D71","40380A3D70A3D70A"
28,2100061223,35,90,1,1.09,"B",24.04,1,"3FF170A3D70A3D71","40380A3D70A3D70A"
28,2100061223,36,384,1,0.99,"",23.33,1,"3FEFAE147AE147AE","4037547AE147AE14"
