cmov.csv
"STORE","UPC","WEEK","MOVE","QTY","PRICE","SALE","PROFIT","OK","PRICE_HEX","PROFIT_HEX"
28,2100061223,37,132,1,1.17,"",35.13,1,"3FF2B851EB851EB8","404190A3D70A3D71"
28,2100061223,38,113,1,1.17,"",31.79,1,"3FF2B851EB851EB8","403FCA3D70A3D70A"
28,2100061223,39,177,1,1.17,"",31.79,1,"3FF2B851EB851EB8","403FCA3D70A3D70A"
28,2100061223,40,100,1,1.17,"",31.79,1,"3FF2B851EB851EB8","403FCA3D70A3D70A"
28,2100061223,41,440,1,0.89,"B",7.98,1,"3FEC7AE147AE147B","401FEB851EB851EC"
28,2100061223,42,205,1,0.89,"B",7.98,1,"3FEC7AE147AE147B","401FEB851EB851EC"
28,2100061223,43,213,1,0.89,"",7.98,1,"3FEC7AE147AE147B","401FEB851EB851EC"
28,2100061223,44,129,1,1.21,"",27.27,1,"3FF35C28F5C28F5C","403B451EB851EB85"
28,2100061223,45,114,1,1.21,"",27.27,1,"3FF35C28F5C28F5C","403B451EB851EB85"
28,2100061223,46,135,1,1.21,"",26.61,1,"3FF35C28F5C28F5C","403A9C28F5C28F5C"
28,2100061223,47,94,1,1.21,"",26.61,1,"3FF35C28F5C28F5C","403A9C28F5C28F5C"
28,2100061223,48,93,1,1.21,"",26.61,1,"3FF35C28F5C28F5C","403A9C28F5C28F5C"
28,2100061223,49,136,1,1.21,"",26.61,1,"3FF35C28F5C28F5C","403A9C28F5C28F5C"
28,2100061223,50,124,1,1.21,"",28.84,1,"3FF35C28F5C28F5C","403CD70A3D70A3D7"
28,2100061223,51,155,1,1.21,"",28.84,1,"3FF35C28F5C28F5C","403CD70A3D70A3D7"
28,2100061223,52,383,1,0.99,"B",15.86,1,"3FEFAE147AE147AE","402FB851EB851EB8"
28,2100061223,53,182,1,0.99,"B",16.06,1,"3FEFAE147AE147AE","40300F5C28F5C28F"
28,2100061223,54,200,1,0.99,"",16.06,1,"3FEFAE147AE147AE","40300F5C28F5C28F"
28,2100061223,55,86,1,1.21,"",31.32,1,"3FF35C28F5C28F5C","403F51EB851EB852"
28,2100061223,56,79,1,1.21,"",31.32,1,"3FF35C28F5C28F5C","403F51EB851EB852"
28,2100061223,57,89,1,1.21,"",31.49,1,"3FF35C28F5C28F5C","403F7D70A3D70A3D"
28,2100061223,58,249,1,1.21,"",31.49,1,"3FF35C28F5C28F5C","403F7D70A3D70A3D"
28,2100061223,59,1288,1,0.65,"S",27.38,1,"3FE4CCCCCCCCCCCD","403B6147AE147AE1"
28,2100061223,60,138,1,1.21,"",31.57,1,"3FF35C28F5C28F5C","403F91EB851EB852"
28,2100061223,61,660,1,0.99,"B",16.36,1,"3FEFAE147AE147AE","40305C28F5C28F5C"
28,2100061223,62,170,1,0.99,"",16.36,1,"3FEFAE147AE147AE","40305C28F5C28F5C"
28,2100061223,63,181,1,1.21,"",31.57,1,"3FF35C28F5C28F5C","403F91EB851EB852"
28,2100061223,64,143,1,1.21,"",31.57,1,"3FF35C28F5C28F5C","403F91EB851EB852"
28,2100061223,65,785,1,0.89,"B",11.12,1,"3FEC7AE147AE147B","40263D70A3D70A3D"
28,2100061223,66,484,1,1.21,"B",32.48,1,"3FF35C28F5C28F5C","40403D70A3D70A3D"
28,2100061223,67,416,1,0.99,"B",16.97,1,"3FEFAE147AE147AE","4030F851EB851EB8"
28,2100061223,68,144,1,0.99,"B",16.97,1,"3FEFAE147AE147AE","4030F851EB851EB8"
28,2100061223,69,101,1,1.21,"B",32.07,1,"3FF35C28F5C28F5C","404008F5C28F5C29"
28,2100061223,70,194,1,0.89,"B",11.46,1,"3FEC7AE147AE147B","4026EB851EB851EC"
28,2100061223,71,91,1,1.21,"",34.88,1,"3FF35C28F5C28F5C","404170A3D70A3D71"
28,2100061223,72,61,1,1.21,"",34.88,1,"3FF35C28F5C28F5C","404170A3D70A3D71"
28,2100061223,73,98,1,1.21,"",34.88,1,"3FF35C28F5C28F5C","404170A3D70A3D71"
28,2100061223,74,108,1,1.21,"",34.88,1,"3FF35C28F5C28F5C","404170A3D70A3D71"
28,2100061223,75,123,1,1.21,"",34.88,1,"3FF35C28F5C28F5C","404170A3D70A3D71"
28,2100061223,76,82,1,1.21,"",34.88,1,"3FF35C28F5C28F5C","404170A3D70A3D71"
28,2100061223,77,82,1,1.21,"",31.57,1,"3FF35C28F5C28F5C","403F91EB851EB852"
28,2100061223,78,98,1,1.21,"",31.57,1,"3FF35C28F5C28F5C","403F91EB851EB852"
28,2100061223,79,170,1,1.21,"",31.57,1,"3FF35C28F5C28F5C","403F91EB851EB852"
28,2100061223,80,446,1,0.89,"B",7.98,1,"3FEC7AE147AE147B","401FEB851EB851EC"
28,2100061223,81,147,1,0.89,"B",7.98,1,"3FEC7AE147AE147B","401FEB851EB851EC"
28,2100061223,82,107,1,1.21,"",32.15,1,"3FF35C28F5C28F5C","4040133333333333"
28,2100061223,83,88,1,1.21,"",31.74,1,"3FF35C28F5C28F5C","403FBD70A3D70A3D"
28,2100061223,84,60,1,1.21,"",31.74,1,"3FF35C28F5C28F5C","403FBD70A3D70A3D"
28,2100061223,85,103,1,1.21,"",31.74,1,"3FF35C28F5C28F5C","403FBD70A3D70A3D"
28,2100061223,86,110,1,1.21,"",31.74,1,"3FF35C28F5C28F5C","403FBD70A3D70A3D"
28,2100061223,87,166,1,1.21,"",26.61,1,"3FF35C28F5C28F5C","403A9C28F5C28F5C"
28,2100061223,88,409,1,0.99,"B",16.46,1,"3FEFAE147AE147AE","403075C28F5C28F6"
28,2100061223,89,236,1,0.99,"",19.39,1,"3FEFAE147AE147AE","403363D70A3D70A4"
28,2100061223,90,161,1,0.99,"B",19.39,1,"3FEFAE147AE147AE","403363D70A3D70A4"
28,2100061223,91,147,1,0.99,"B",16.57,1,"3FEFAE147AE147AE","403091EB851EB852"
28,2100061223,92,180,1,0.99,"B",16.36,1,"3FEFAE147AE147AE","40305C28F5C28F5C"
28,2100061223,93,399,1,0.99,"B",16.36,1,"3FEFAE147AE147AE","40305C28F5C28F5C"
28,2100061223,94,133,1,0.99,"B",16.36,1,"3FEFAE147AE147AE","40305C28F5C28F5C"
28,2100061223,95,96,1,1.21,"",31.57,1,"3FF35C28F5C28F5C","403F91EB851EB852"
28,2100061223,96,75,1,1.21,"",31.57,1,"3FF35C28F5C28F5C","403F91EB851EB852"
28,2100061223,97,73,1,1.21,"",31.57,1,"3FF35C28F5C28F5C","403F91EB851EB852"
28,2100061223,98,67,1,1.21,"",30.17,1,"3FF35C28F5C28F5C","403E2B851EB851EC"
28,2100061223,99,102,1,1.21,"",26.78,1,"3FF35C28F5C28F5C","403AC7AE147AE148"
28,2100061223,100,83,1,1.21,"",26.61,1,"3FF35C28F5C28F5C","403A9C28F5C28F5C"
28,2100061223,101,97,1,1.25,"",28.96,1,"3FF4000000000000","403CF5C28F5C28F6"
28,2100061223,102,118,1,1.31,"",35.42,1,"3FF4F5C28F5C28F6","4041B5C28F5C28F6"
28,2100061223,103,125,1,1.31,"",36.41,1,"3FF4F5C28F5C28F6","4042347AE147AE14"
28,2100061223,104,489,1,0.89,"B",6.85,1,"3FEC7AE147AE147B","401B666666666666"
28,2100061223,105,222,1,0.89,"B",6.85,1,"3FEC7AE147AE147B","401B666666666666"
28,2100061223,106,156,1,0.89,"",6.85,1,"3FEC7AE147AE147B","401B666666666666"
28,2100061223,107,160,1,1.09,"S",22.66,1,"3FF170A3D70A3D71","4036A8F5C28F5C29"
28,2100061223,108,110,1,1.25,"",32.08,1,"3FF4000000000000","40400A3D70A3D70A"
28,2100061223,109,114,1,1.25,"",31.92,1,"3FF4000000000000","403FEB851EB851EC"
28,2100061223,110,111,1,1.25,"",31.92,1,"3FF4000000000000","403FEB851EB851EC"
28,2100061223,111,183,1,1.25,"",31.92,1,"3FF4000000000000","403FEB851EB851EC"
28,2100061223,112,896,1,0.89,"B",3.6,1,"3FEC7AE147AE147B","400CCCCCCCCCCCCD"
28,2100061223,113,131,1,0.89,"B",10.45,1,"3FEC7AE147AE147B","4024E66666666666"
28,2100061223,114,198,1,1.25,"",36.24,1,"3FF4000000000000","40421EB851EB851F"
28,2100061223,115,386,1,1.25,"",36.24,1,"3FF4000000000000","40421EB851EB851F"
28,2100061223,116,791,1,0.99,"B",14.34,1,"3FEFAE147AE147AE","402CAE147AE147AE"
28,2100061223,117,323,1,0.99,"B",14.34,1,"3FEFAE147AE147AE","402CAE147AE147AE"
28,2100061223,118,149,1,0.99,"B",10.51,1,"3FEFAE147AE147AE","4025051EB851EB85"
28,2100061223,119,101,1,1.25,"",29.12,1,"3FF4000000000000","403D1EB851EB851F"
28,2100061223,120,187,1,1.19,"B",26.72,1,"3FF30A3D70A3D70A","403AB851EB851EB8"
28,2100061223,121,151,1,1.19,"",26.81,1,"3FF30A3D70A3D70A","403ACF5C28F5C28F"
28,2100061223,122,64,1,1.25,"",30.32,1,"3FF4000000000000","403E51EB851EB852"
28,2100061223,123,99,1,1.25,"",30.32,1,"3FF4000000000000","403E51EB851EB852"
28,2100061223,124,93,1,1.25,"",30.32,1,"3FF4000000000000","403E51EB851EB852"
28,2100061223,125,80,1,1.25,"",32.16,1,"3FF4000000000000","4040147AE147AE14"
28,2100061223,126,96,1,1.25,"",32.16,1,"3FF4000000000000","4040147AE147AE14"
28,2100061223,127,103,1,1.22,"",30.49,1,"3FF3851EB851EB85","403E7D70A3D70A3D"
28,2100061223,128,103,1,1.22,"",32.13,1,"3FF3851EB851EB85","404010A3D70A3D71"
28,2100061223,129,185,1,0.99,"",23.43,1,"3FEFAE147AE147AE","40376E147AE147AE"
28,2100061223,130,181,1,0.99,"B",23.43,1,"3FEFAE147AE147AE","40376E147AE147AE"
28,2100061223,131,117,1,0.99,"B",23.43,1,"3FEFAE147AE147AE","40376E147AE147AE"
28,2100061223,132,279,1,0.99,"B",16.36,1,"3FEFAE147AE147AE","40305C28F5C28F5C"
28,2100061223,133,375,1,0.99,"B",16.36,1,"3FEFAE147AE147AE","40305C28F5C28F5C"
28,2100061223,134,127,1,0.99,"B",16.36,1,"3FEFAE147AE147AE","40305C28F5C28F5C"
28,2100061223,135,100,1,1.22,"",32.13,1,"3FF3851EB851EB85","404010A3D70A3D71"
28,2100061223,136,393,1,0.99,"",16.36,1,"3FEFAE147AE147AE","40305C28F5C28F5C"
28,2100061223,137,95,1,1.22,"",32.13,1,"3FF3851EB851EB85","404010A3D70A3D71"
28,2100061223,138,75,1,1.22,"",32.13,1,"3FF3851EB851EB85","404010A3D70A3D71"
28,2100061223,139,117,1,1.12,"",26.07,1,"3FF1EB851EB851EC","403A11EB851EB852"
28,2100061223,140,126,1,1.12,"",26.07,1,"3FF1EB851EB851EC","403A11EB851EB852"
28,2100061223,141,216,1,1.09,"B",24.04,1,"3FF170A3D70A3D71","40380A3D70A3D70A"
28,2100061223,142,216,1,1.09,"B",24.04,1,"3FF170A3D70A3D71","40380A3D70A3D70A"
28,2100061223,143,88,1,1.12,"",26.16,1,"3FF1EB851EB851EC","403A28F5C28F5C29"
28,2100061223,144,107,1,1.12,"",26.16,1,"3FF1EB851EB851EC","403A28F5C28F5C29"
28,2100061223,145,99,1,1.12,"",26.25,1,"3FF1EB851EB851EC","403A400000000000"
28,2100061223,146,121,1,1.12,"",26.25,1,"3FF1EB851EB851EC","403A400000000000"
28,2100061223,147,105,1,1.12,"",26.25,1,"3FF1EB851EB851EC","403A400000000000"
28,2100061223,148,128,1,1.12,"",26.25,1,"3FF1EB851EB851EC","403A400000000000"
28,2100061223,149,122,1,1.12,"",26.07,1,"3FF1EB851EB851EC","403A11EB851EB852"
28,2100061223,150,171,1,1.12,"B",26.25,1,"3FF1EB851EB851EC","403A400000000000"
28,2100061223,151,152,1,1.12,"B",26.25,1,"3FF1EB851EB851EC","403A400000000000"
28,2100061223,152,115,1,1.12,"",26.25,1,"3FF1EB851EB851EC","403A400000000000"
28,2100061223,153,127,1,1.12,"",26.25,1,"3FF1EB851EB851EC","403A400000000000"
28,2100061223,154,128,1,1.12,"",26.25,1,"3FF1EB851EB851EC","403A400000000000"
28,2100061223,155,108,1,1.12,"",26.25,1,"3FF1EB851EB851EC","403A400000000000"
28,2100061223,156,80,1,1.12,"",26.25,1,"3FF1EB851EB851EC","403A400000000000"
28,2100061223,157,117,1,1.12,"",26.25,1,"3FF1EB851EB851EC","403A400000000000"
28,2100061223,158,141,1,1.12,"",26.25,1,"3FF1EB851EB851EC","403A400000000000"
28,2100061223,159,141,1,1.12,"",26.25,1,"3FF1EB851EB851EC","403A400000000000"
28,2100061223,160,156,1,1.12,"",26.25,1,"3FF1EB851EB851EC","403A400000000000"
28,2100061223,161,461,1,0.99,"B",16.57,1,"3FEFAE147AE147AE","403091EB851EB852"
28,2100061223,162,954,1,0.99,"B",16.57,1,"3FEFAE147AE147AE","403091EB851EB852"
28,2100061223,163,172,1,0.99,"B",16.57,1,"3FEFAE147AE147AE","403091EB851EB852"
28,2100061223,164,206,1,1.12,"",26.25,1,"3FF1EB851EB851EC","403A400000000000"
28,2100061223,165,279,1,1.12,"",26.25,1,"3FF1EB851EB851EC","403A400000000000"
28,2100061223,166,633,1,1.12,"B",26.25,1,"3FF1EB851EB851EC","403A400000000000"
28,2100061223,167,231,1,1.12,"",26.25,1,"3FF1EB851EB851EC","403A400000000000"
28,2100061223,168,140,1,1.12,"",26.25,1,"3FF1EB851EB851EC","403A400000000000"
28,2100061223,169,86,1,1.12,"",26.25,1,"3FF1EB851EB851EC","403A400000000000"
28,2100061223,170,60,1,1.12,"",26.25,1,"3FF1EB851EB851EC","403A400000000000"
28,2100061223,171,209,1,1.09,"B",24.22,1,"3FF170A3D70A3D71","40383851EB851EB8"
28,2100061223,172,169,1,1.09,"B",24.22,1,"3FF170A3D70A3D71","40383851EB851EB8"
28,2100061223,173,75,1,1.12,"",26.25,1,"3FF1EB851EB851EC","403A400000000000"
28,2100061223,174,68,1,1.12,"",26.25,1,"3FF1EB851EB851EC","403A400000000000"
28,2100061223,175,104,1,1.09,"B",24.22,1,"3FF170A3D70A3D71","40383851EB851EB8"
28,2100061223,176,113,1,1.09,"B",24.22,1,"3FF170A3D70A3D71","40383851EB851EB8"
28,2100061223,177,143,1,1.09,"B",24.22,1,"3FF170A3D70A3D71","40383851EB851EB8"
28,2100061223,178,99,1,1.09,"B",24.22,1,"3FF170A3D70A3D71","40383851EB851EB8"
28,2100061223,179,98,1,1.12,"",26.25,1,"3FF1EB851EB851EC","403A400000000000"
28,2100061223,180,107,1,0.99,"B",16.57,1,"3FEFAE147AE147AE","403091EB851EB852"
28,2100061223,181,584,1,0.99,"B",16.57,1,"3FEFAE147AE147AE","403091EB851EB852"
28,2100061223,182,154,1,1.12,"",26.25,1,"3FF1EB851EB851EC","403A400000000000"
28,2100061223,183,91,1,1.04,"",20.57,1,"3FF0A3D70A3D70A4","403491EB851EB852"
28,2100061223,184,137,1,0.99,"B",16.56,1,"3FEFAE147AE147AE","40308F5C28F5C28F"
28,2100061223,185,137,1,1.01,"B",18.21,1,"3FF028F5C28F5C29","403235C28F5C28F6"
28,2100061223,186,141,1,1.12,"",26.25,1,"3FF1EB851EB851EC","403A400000000000"
28,2100061223,187,103,1,1.12,"",26.25,1,"3FF1EB851EB851EC","403A400000000000"
28,2100061223,188,194,1,0.99,"S",16.56,1,"3FEFAE147AE147AE","40308F5C28F5C28F"
28,2100061223,189,133,1,1.12,"",26.25,1,"3FF1EB851EB851EC","403A400000000000"
28,2100061223,190,121,1,1.1,"",24.9,1,"3FF199999999999A","4038E66666666666"
28,2100061223,191,119,1,1.09,"",24.22,1,"3FF170A3D70A3D71","40383851EB851EB8"
28,2100061223,192,120,1,1.09,"",24.22,1,"3FF170A3D70A3D71","40383851EB851EB8"
28,2100061223,193,151,1,0.99,"S",16.56,1,"3FEFAE147AE147AE","40308F5C28F5C28F"
28,2100061223,194,165,1,1.09,"",24.22,1,"3FF170A3D70A3D71","40383851EB851EB8"
28,2100061223,195,107,1,1.09,"",22.93,1,"3FF170A3D70A3D71","4036EE147AE147AE"
28,2100061223,196,127,1,1.09,"",19.54,1,"3FF170A3D70A3D71","40338A3D70A3D70A"
28,2100061223,197,146,1,1.09,"",18.99,1,"3FF170A3D70A3D71","4032FD70A3D70A3D"
28,2100061223,198,154,1,1.09,"",18.89,1,"3FF170A3D70A3D71","4032E3D70A3D70A4"
28,2100061223,199,166,1,1.09,"",21.55,1,"3FF170A3D70A3D71","40358CCCCCCCCCCD"
28,2100061223,200,136,1,1.09,"",24.22,1,"3FF170A3D70A3D71","40383851EB851EB8"
28,2100061223,201,210,1,1.09,"",24.22,1,"3FF170A3D70A3D71","40383851EB851EB8"
28,2100061223,202,153,1,1.09,"",24.22,1,"3FF170A3D70A3D71","40383851EB851EB8"
28,2100061223,203,131,1,1.09,"",24.22,1,"3FF170A3D70A3D71","40383851EB851EB8"
28,2100061223,204,193,1,1.09,"",24.22,1,"3FF170A3D70A3D71","40383851EB851EB8"
28,2100061223,205,331,1,0.99,"S",16.56,1,"3FEFAE147AE147AE","40308F5C28F5C28F"
28,2100061223,206,169,1,1.08,"",23.51,1,"3FF147AE147AE148","4037828F5C28F5C3"
28,2100061223,207,105,1,1.06,"B",22.07,1,"3FF0F5C28F5C28F6","403611EB851EB852"
28,2100061223,208,105,1,1.08,"",23.51,1,"3FF147AE147AE148","4037828F5C28F5C3"
28,2100061223,209,124,1,1.06,"B",22.07,1,"3FF0F5C28F5C28F6","403611EB851EB852"
28,2100061223,210,265,1,0.99,"B",16.56,1,"3FEFAE147AE147AE","40308F5C28F5C28F"
28,2100061223,211,216,1,1,"B",17.4,1,"3FF0000000000000","4031666666666666"
28,2100061223,212,117,1,1.09,"",24.22,1,"3FF170A3D70A3D71","40383851EB851EB8"
28,2100061223,213,124,1,1.09,"",24.22,1,"3FF170A3D70A3D71","40383851EB851EB8"
28,2100061223,214,134,1,0.97,"S",14.84,1,"3FEF0A3D70A3D70A","402DAE147AE147AE"
28,2100061223,215,210,1,1.09,"",24.22,1,"3FF170A3D70A3D71","40383851EB851EB8"
28,2100061223,216,323,1,1.09,"",55.13,1,"3FF170A3D70A3D71","404B90A3D70A3D71"
28,2100061223,217,2896,1,0.5,"B",-55.8,1,"3FE0000000000000","C04BE66666666666"
28,2100061223,218,956,1,0.54,"B",-52.96,1,"3FE147AE147AE148","C04A7AE147AE147B"
28,2100061223,219,174,1,1.09,"",24.22,1,"3FF170A3D70A3D71","40383851EB851EB8"
28,2100061223,220,104,1,1.09,"",24.22,1,"3FF170A3D70A3D71","40383851EB851EB8"
28,2100061223,221,94,1,1.09,"",24.22,1,"3FF170A3D70A3D71","40383851EB851EB8"
28,2100061223,222,197,1,0.99,"S",16.56,1,"3FEFAE147AE147AE","40308F5C28F5C28F"
28,2100061223,223,118,1,1.11,"S",25.58,1,"3FF1C28F5C28F5C3","4039947AE147AE14"
28,2100061223,224,81,1,1.19,"",30.58,1,"3FF30A3D70A3D70A","403E947AE147AE14"
28,2100061223,225,99,1,1.19,"",30.58,1,"3FF30A3D70A3D70A","403E947AE147AE14"
28,2100061223,226,81,1,1.19,"",30.58,1,"3FF30A3D70A3D70A","403E947AE147AE14"
28,2100061223,227,99,1,1.19,"",30.58,1,"3FF30A3D70A3D70A","403E947AE147AE14"
28,2100061223,228,226,1,0.99,"",16.56,1,"3FEFAE147AE147AE","40308F5C28F5C28F"
28,2100061223,229,102,1,1.19,"",30.58,1,"3FF30A3D70A3D70A","403E947AE147AE14"
28,2100061223,230,91,1,1.19,"",30.58,1,"3FF30A3D70A3D70A","403E947AE147AE14"
28,2100061223,231,1235,1,0.5,"",-65.2,1,"3FE0000000000000","C0504CCCCCCCCCCD"
28,2100061223,232,392,1,0.61,"",-35.4,1,"3FE3851EB851EB85","C041B33333333333"
28,2100061223,233,129,1,0.99,"",16.56,1,"3FEFAE147AE147AE","40308F5C28F5C28F"
28,2100061223,234,109,1,1.19,"",30.58,1,"3FF30A3D70A3D70A","403E947AE147AE14"
28,2100061223,235,73,1,1.19,"",30.58,1,"3FF30A3D70A3D70A","403E947AE147AE14"
28,2100061223,236,190,1,0.99,"",23.43,1,"3FEFAE147AE147AE","40376E147AE147AE"
28,2100061223,237,107,1,1.19,"",38.99,1,"3FF30A3D70A3D70A","40437EB851EB851F"
28,2100061223,238,82,1,1.19,"",38.99,1,"3FF30A3D70A3D70A","40437EB851EB851F"
28,2100061223,239,194,1,0.99,"",26.66,1,"3FEFAE147AE147AE","403AA8F5C28F5C29"
28,2100061223,240,81,1,1.19,"",38.99,1,"3FF30A3D70A3D70A","40437EB851EB851F"
28,2100061223,241,92,1,1.19,"",38.99,1,"3FF30A3D70A3D70A","40437EB851EB851F"
28,2100061223,242,110,1,1.19,"",38.99,1,"3FF30A3D70A3D70A","40437EB851EB851F"
28,2100061223,243,112,1,1.19,"",38.99,1,"3FF30A3D70A3D70A","40437EB851EB851F"
28,2100061223,244,257,1,0.99,"S",26.66,1,"3FEFAE147AE147AE","403AA8F5C28F5C29"
28,2100061223,245,154,1,1.18,"S",38.47,1,"3FF2E147AE147AE1","40433C28F5C28F5C"
28,2100061223,246,120,1,1.19,"",38.99,1,"3FF30A3D70A3D70A","40437EB851EB851F"
28,2100061223,247,107,1,1.19,"",38.99,1,"3FF30A3D70A3D70A","40437EB851EB851F"
28,2100061223,248,88,1,1.19,"",38.57,1,"3FF30A3D70A3D70A","404348F5C28F5C29"
28,2100061223,249,104,1,1.19,"",35.29,1,"3FF30A3D70A3D70A","4041A51EB851EB85"
28,2100061223,250,264,1,0.99,"S",25.85,1,"3FEFAE147AE147AE","4039D9999999999A"
28,2100061223,251,83,1,1.18,"S",31.27,1,"3FF2E147AE147AE1","403F451EB851EB85"
28,2100061223,252,75,1,1.15,"",28.17,1,"3FF2666666666666","403C2B851EB851EC"
28,2100061223,253,243,1,0.89,"",7.19,1,"3FEC7AE147AE147B","401CC28F5C28F5C3"
28,2100061223,254,186,1,1.06,"",22.48,1,"3FF0F5C28F5C28F6","40367AE147AE147B"
28,2100061223,255,122,1,0.9,"",3.44,1,"3FECCCCCCCCCCCCD","400B851EB851EB85"
28,2100061223,256,438,1,0.99,"S",10.9,1,"3FEFAE147AE147AE","4025CCCCCCCCCCCD"
28,2100061223,257,106,1,1.19,"",29.46,1,"3FF30A3D70A3D70A","403D75C28F5C28F6"
28,2100061223,258,94,1,1.19,"",30.32,1,"3FF30A3D70A3D70A","403E51EB851EB852"
28,2100061223,259,77,1,1.19,"",32.59,1,"3FF30A3D70A3D70A","40404B851EB851EC"
28,2100061223,260,72,1,1.19,"",30.18,1,"3FF30A3D70A3D70A","403E2E147AE147AE"
28,2100061223,261,241,1,0.99,"",14.57,1,"3FEFAE147AE147AE","402D23D70A3D70A4"
28,2100061223,262,160,1,1.18,"S",29.47,1,"3FF2E147AE147AE1","403D7851EB851EB8"
28,2100061223,263,105,1,1.19,"",31.75,1,"3FF30A3D70A3D70A","403FC00000000000"
28,2100061223,264,103,1,1.19,"",31.76,1,"3FF30A3D70A3D70A","403FC28F5C28F5C3"
28,2100061223,265,1009,1,1.09,"S",34.8,1,"3FF170A3D70A3D71","4041666666666666"
28,2100061223,266,141,1,1.16,"S",31.88,1,"3FF28F5C28F5C28F","403FE147AE147AE1"
