cmov.csv
"STORE","UPC","WEEK","MOVE","QTY","PRICE","SALE","PROFIT","OK","PRICE_HEX","PROFIT_HEX"
28,2100061223,267,170,1,1.19,"",30.67,1,"3FF30A3D70A3D70A","403EAB851EB851EC"
28,2100061223,268,104,1,1.19,"",30.16,1,"3FF30A3D70A3D70A","403E28F5C28F5C29"
28,2100061223,269,127,1,1.19,"",30.49,1,"3FF30A3D70A3D70A","403E7D70A3D70A3D"
28,2100061223,270,958,1,0.79,"B",5.95,1,"3FE947AE147AE148","4017CCCCCCCCCCCD"
28,2100061223,271,228,1,1.19,"",30.58,1,"3FF30A3D70A3D70A","403E947AE147AE14"
28,2100061223,272,104,1,1.19,"",30.16,1,"3FF30A3D70A3D70A","403E28F5C28F5C29"
28,2100061223,273,127,1,1.19,"",30.49,1,"3FF30A3D70A3D70A","403E7D70A3D70A3D"
28,2100061223,274,93,1,1.19,"",29.01,1,"3FF30A3D70A3D70A","403D028F5C28F5C3"
28,2100061223,275,101,1,1.19,"",29.24,1,"3FF30A3D70A3D70A","403D3D70A3D70A3D"
28,2100061223,276,104,1,1.19,"",29.29,1,"3FF30A3D70A3D70A","403D4A3D70A3D70A"
28,2100061223,277,94,1,1.19,"",29.73,1,"3FF30A3D70A3D70A","403DBAE147AE147B"
28,2100061223,278,84,1,1.19,"",30.26,1,"3FF30A3D70A3D70A","403E428F5C28F5C3"
28,2100061223,279,502,1,0.79,"",19.71,1,"3FE947AE147AE148","4033B5C28F5C28F6"
28,2100061223,280,530,1,0.79,"B",18.82,1,"3FE947AE147AE148","4032D1EB851EB852"
28,2100061223,281,83,1,1.19,"",31.42,1,"3FF30A3D70A3D70A","403F6B851EB851EC"
28,2100061223,282,100,1,1.19,"",31.42,1,"3FF30A3D70A3D70A","403F6B851EB851EC"
28,2100061223,283,111,1,1.19,"",31.42,1,"3FF30A3D70A3D70A","403F6B851EB851EC"
28,2100061223,284,110,1,1.19,"",31.11,1,"3FF30A3D70A3D70A","403F1C28F5C28F5C"
28,2100061223,285,450,1,0.79,"S",-7.11,1,"3FE947AE147AE148","C01C70A3D70A3D71"
28,2100061223,286,87,1,1.16,"S",24.12,1,"3FF28F5C28F5C28F","40381EB851EB851F"
28,2100061223,287,85,1,1.19,"",25.33,1,"3FF30A3D70A3D70A","4039547AE147AE14"
28,2100061223,288,129,1,1.19,"",24.03,1,"3FF30A3D70A3D70A","403807AE147AE148"
28,2100061223,289,109,1,1.19,"",24.43,1,"3FF30A3D70A3D70A","40386E147AE147AE"
28,2100061223,290,99,1,1.12,"",25.2,1,"3FF1EB851EB851EC","4039333333333333"
28,2100061223,291,337,1,0.99,"B",20.85,1,"3FEFAE147AE147AE","4034D9999999999A"
28,2100061223,292,137,1,1.02,"B",17.96,1,"3FF051EB851EB852","4031F5C28F5C28F6"
28,2100061223,293,77,1,1.19,"",25.87,1,"3FF30A3D70A3D70A","4039DEB851EB851F"
28,2100061223,294,108,1,1.21,"",25.92,1,"3FF35C28F5C28F5C","4039EB851EB851EC"
28,2100061223,295,75,1,1.29,"",29.5,1,"3FF4A3D70A3D70A4","403D800000000000"
28,2100061223,296,96,1,1.29,"",28.97,1,"3FF4A3D70A3D70A4","403CF851EB851EB8"
28,2100061223,297,93,1,1.2,"B",23.8,1,"3FF3333333333333","4037CCCCCCCCCCCD"
28,2100061223,298,296,1,0.99,"B",7.17,1,"3FEFAE147AE147AE","401CAE147AE147AE"
28,2100061223,299,166,1,1,"B",16.72,1,"3FF0000000000000","4030B851EB851EB8"
28,2100061223,300,125,1,1.09,"B",30.36,1,"3FF170A3D70A3D71","403E5C28F5C28F5C"
28,2100061223,301,74,1,1.12,"B",30.06,1,"3FF1EB851EB851EC","403E0F5C28F5C28F"
28,2100061223,302,97,1,1.29,"",36.93,1,"3FF4A3D70A3D70A4","4042770A3D70A3D7"
28,2100061223,303,166,1,1.03,"B",43.33,1,"3FF07AE147AE147B","4045AA3D70A3D70A"
28,2100061223,304,159,1,0.94,"B",32.86,1,"3FEE147AE147AE14","40406E147AE147AE"
28,2100061223,305,104,1,1.29,"",28.75,1,"3FF4A3D70A3D70A4","403CC00000000000"
28,2100061223,306,109,1,1.29,"",28.75,1,"3FF4A3D70A3D70A4","403CC00000000000"
28,2100061223,307,116,1,1.29,"",28.75,1,"3FF4A3D70A3D70A4","403CC00000000000"
28,2100061223,308,145,1,1.29,"",28.75,1,"3FF4A3D70A3D70A4","403CC00000000000"
28,2100061223,309,121,1,1.29,"",28.75,1,"3FF4A3D70A3D70A4","403CC00000000000"
28,2100061223,310,138,1,1.29,"",35.24,1,"3FF4A3D70A3D70A4","40419EB851EB851F"
28,2100061223,311,1758,1,0.7,"B",16.83,1,"3FE6666666666666","4030D47AE147AE14"
28,2100061223,312,164,1,1.05,"",39.57,1,"3FF0CCCCCCCCCCCD","4043C8F5C28F5C29"
28,2100061223,313,138,1,0.99,"B",22.32,1,"3FEFAE147AE147AE","403651EB851EB852"
28,2100061223,314,257,1,1.04,"B",31.66,1,"3FF0A3D70A3D70A4","403FA8F5C28F5C29"
28,2100061223,315,910,1,0.79,"B",25.54,1,"3FE947AE147AE148","40398A3D70A3D70A"
28,2100061223,316,873,1,0.79,"B",25.4,1,"3FE947AE147AE148","4039666666666666"
28,2100061223,317,325,1,0.99,"S",6.78,1,"3FEFAE147AE147AE","401B1EB851EB851F"
28,2100061223,318,120,1,1.28,"",28.34,1,"3FF47AE147AE147B","403C570A3D70A3D7"
28,2100061223,319,102,1,1.29,"",40.15,1,"3FF4A3D70A3D70A4","4044133333333333"
28,2100061223,320,315,1,0.99,"S",32.42,1,"3FEFAE147AE147AE","404035C28F5C28F6"
28,2100061223,321,104,1,1.28,"",39.8,1,"3FF47AE147AE147B","4043E66666666666"
28,2100061223,322,95,1,1.29,"",28.75,1,"3FF4A3D70A3D70A4","403CC00000000000"
28,2100061223,323,102,1,1.29,"",28.75,1,"3FF4A3D70A3D70A4","403CC00000000000"
28,2100061223,324,144,1,1.29,"",28.75,1,"3FF4A3D70A3D70A4","403CC00000000000"
28,2100061223,325,83,1,1.29,"",28.75,1,"3FF4A3D70A3D70A4","403CC00000000000"
28,2100061223,326,101,1,1.29,"",28.75,1,"3FF4A3D70A3D70A4","403CC00000000000"
28,2100061223,327,95,1,1.29,"",28.75,1,"3FF4A3D70A3D70A4","403CC00000000000"
28,2100061223,328,71,1,1.29,"",28.75,1,"3FF4A3D70A3D70A4","403CC00000000000"
28,2100061223,329,279,1,0.99,"S",32.42,1,"3FEFAE147AE147AE","404035C28F5C28F6"
28,2100061223,330,208,1,0.96,"B",36.27,1,"3FEEB851EB851EB8","4042228F5C28F5C3"
28,2100061223,331,497,1,0.89,"B",33.82,1,"3FEC7AE147AE147B","4040E8F5C28F5C29"
28,2100061223,332,67,1,1.28,"",49.38,1,"3FF47AE147AE147B","4048B0A3D70A3D71"
28,2100061223,333,236,1,0.99,"S",25.35,1,"3FEFAE147AE147AE","403959999999999A"
28,2100061223,334,63,1,1.29,"",39.39,1,"3FF4A3D70A3D70A4","4043B1EB851EB852"
28,2100061223,335,91,1,1.29,"",28.75,1,"3FF4A3D70A3D70A4","403CC00000000000"
28,2100061223,336,119,1,1.29,"",36.49,1,"3FF4A3D70A3D70A4","40423EB851EB851F"
28,2100061223,337,614,1,0.79,"S",25.44,1,"3FE947AE147AE148","403970A3D70A3D71"
28,2100061223,338,132,1,1.11,"",40.91,1,"3FF1C28F5C28F5C3","4044747AE147AE14"
28,2100061223,339,91,1,1.29,"",28.75,1,"3FF4A3D70A3D70A4","403CC00000000000"
28,2100061223,340,87,1,1.29,"",28.75,1,"3FF4A3D70A3D70A4","403CC00000000000"
28,2100061223,341,85,1,1.29,"",28.75,1,"3FF4A3D70A3D70A4","403CC00000000000"
28,2100061223,342,106,1,1.29,"",28.75,1,"3FF4A3D70A3D70A4","403CC00000000000"
28,2100061223,343,570,1,0.79,"S",20.6,1,"3FE947AE147AE148","403499999999999A"
28,2100061223,344,114,1,1.04,"",36.68,1,"3FF0A3D70A3D70A4","4042570A3D70A3D7"
28,2100061223,345,98,1,1.29,"",28.75,1,"3FF4A3D70A3D70A4","403CC00000000000"
28,2100061223,346,95,1,1.29,"",28.75,1,"3FF4A3D70A3D70A4","403CC00000000000"
28,2100061223,347,107,1,1.29,"",28.75,1,"3FF4A3D70A3D70A4","403CC00000000000"
28,2100061223,348,79,1,1.29,"",28.75,1,"3FF4A3D70A3D70A4","403CC00000000000"
28,2100061223,349,91,1,1.29,"",28.75,1,"3FF4A3D70A3D70A4","403CC00000000000"
28,2100061223,350,96,1,1.29,"",28.75,1,"3FF4A3D70A3D70A4","403CC00000000000"
28,2100061223,351,99,1,1.29,"",28.75,1,"3FF4A3D70A3D70A4","403CC00000000000"
28,2100061223,352,294,1,0.99,"S",20.7,1,"3FEFAE147AE147AE","4034B33333333333"
28,2100061223,353,69,1,1.28,"",36.42,1,"3FF47AE147AE147B","404235C28F5C28F6"
28,2100061223,354,73,1,1.29,"",28.75,1,"3FF4A3D70A3D70A4","403CC00000000000"
28,2100061223,355,220,1,0.99,"S",13.04,1,"3FEFAE147AE147AE","402A147AE147AE14"
28,2100061223,356,64,1,1.29,"",34.57,1,"3FF4A3D70A3D70A4","404148F5C28F5C29"
28,2100061223,357,98,1,1.29,"",28.75,1,"3FF4A3D70A3D70A4","403CC00000000000"
28,2100061223,358,98,1,1.29,"",28.75,1,"3FF4A3D70A3D70A4","403CC00000000000"
28,2100061223,359,100,1,1.32,"",30.64,1,"3FF51EB851EB851F","403EA3D70A3D70A4"
28,2100061223,360,83,1,1.39,"",33.88,1,"3FF63D70A3D70A3D","4040F0A3D70A3D71"
28,2100061223,361,116,1,1.39,"",34.39,1,"3FF63D70A3D70A3D","404131EB851EB852"
28,2100061223,362,96,1,1.39,"",35.21,1,"3FF63D70A3D70A3D","40419AE147AE147B"
28,2100061223,363,77,1,1.39,"",34.2,1,"3FF63D70A3D70A3D","404119999999999A"
28,2100061223,364,90,1,1.39,"",33.19,1,"3FF63D70A3D70A3D","40409851EB851EB8"
28,2100061223,365,994,1,0.89,"S",2.98,1,"3FEC7AE147AE147B","4007D70A3D70A3D7"
28,2100061223,366,122,1,1.21,"",32.77,1,"3FF35C28F5C28F5C","4040628F5C28F5C3"
28,2100061223,367,159,1,1.39,"",36.73,1,"3FF63D70A3D70A3D","40425D70A3D70A3D"
28,2100061223,368,316,1,1.39,"",37.18,1,"3FF63D70A3D70A3D","4042970A3D70A3D7"
28,2100061223,369,982,1,1.29,"S",38.44,1,"3FF4A3D70A3D70A4","40433851EB851EB8"
28,2100061223,370,269,1,1.39,"",35.61,1,"3FF63D70A3D70A3D","4041CE147AE147AE"
28,2100061223,371,99,1,1.39,"",32.8,1,"3FF63D70A3D70A3D","4040666666666666"
28,2100061223,372,98,1,1.39,"",37.36,1,"3FF63D70A3D70A3D","4042AE147AE147AE"
28,2100061223,373,366,1,0.99,"B",25.05,1,"3FEFAE147AE147AE","40390CCCCCCCCCCD"
28,2100061223,374,296,1,0.99,"B",22.04,1,"3FEFAE147AE147AE","40360A3D70A3D70A"
28,2100061223,375,100,1,1.39,"",40.43,1,"3FF63D70A3D70A3D","4044370A3D70A3D7"
28,2100061223,376,100,1,1.39,"",40.43,1,"3FF63D70A3D70A3D","4044370A3D70A3D7"
28,2100061223,377,87,1,1.39,"",29.19,1,"3FF63D70A3D70A3D","403D30A3D70A3D71"
28,2100061223,378,77,1,1.39,"",28.56,1,"3FF63D70A3D70A3D","403C8F5C28F5C28F"
28,2100061223,379,71,1,1.39,"",28.56,1,"3FF63D70A3D70A3D","403C8F5C28F5C28F"
28,2100061223,380,101,1,1.39,"",29.06,1,"3FF63D70A3D70A3D","403D0F5C28F5C28F"
28,2100061223,381,149,1,1.39,"",38.65,1,"3FF63D70A3D70A3D","4043533333333333"
28,2100061223,382,149,1,1.39,"",38.65,1,"3FF63D70A3D70A3D","4043533333333333"
28,2100061223,383,681,1,1.35,"B",35.8,1,"3FF599999999999A","4041E66666666666"
28,2100061223,384,92,1,1.39,"",41.57,1,"3FF63D70A3D70A3D","4044C8F5C28F5C29"
28,2100061223,385,74,1,1.37,"",36.63,1,"3FF5EB851EB851EC","404250A3D70A3D71"
28,2100061223,386,98,1,1.29,"S",32.32,1,"3FF4A3D70A3D70A4","404028F5C28F5C29"
28,2100061223,387,176,1,1.29,"S",45.36,1,"3FF4A3D70A3D70A4","4046AE147AE147AE"
32,2100061223,1,640,1,0.99,"B",16.46,1,"3FEFAE147AE147AE","403075C28F5C28F6"
32,2100061223,2,434,1,0.99,"B",16.46,1,"3FEFAE147AE147AE","403075C28F5C28F6"
32,2100061223,3,470,1,0.99,"B",17.68,1,"3FEFAE147AE147AE","4031AE147AE147AE"
32,2100061223,4,327,1,0.99,"",17.68,1,"3FEFAE147AE147AE","4031AE147AE147AE"
32,2100061223,5,329,1,1.27,"",34.8,1,"3FF451EB851EB852","4041666666666666"
32,2100061223,6,958,1,0.99,"B",16.36,1,"3FEFAE147AE147AE","40305C28F5C28F5C"
32,2100061223,7,488,1,0.99,"B",16.36,1,"3FEFAE147AE147AE","40305C28F5C28F5C"
32,2100061223,8,1141,1,0.99,"",16.36,1,"3FEFAE147AE147AE","40305C28F5C28F5C"
32,2100061223,9,279,1,0.99,"",16.36,1,"3FEFAE147AE147AE","40305C28F5C28F5C"
32,2100061223,10,382,1,1.27,"",34.8,1,"3FF451EB851EB852","4041666666666666"
32,2100061223,11,595,1,1.27,"",34.8,1,"3FF451EB851EB852","4041666666666666"
32,2100061223,12,2098,1,0.99,"B",16.36,1,"3FEFAE147AE147AE","40305C28F5C28F5C"
32,2100061223,13,1621,1,0.99,"B",16.36,1,"3FEFAE147AE147AE","40305C28F5C28F5C"
32,2100061223,14,204,1,1.27,"",34.8,1,"3FF451EB851EB852","4041666666666666"
32,2100061223,15,376,1,1.27,"",34.8,1,"3FF451EB851EB852","4041666666666666"
32,2100061223,16,600,1,0.99,"",16.36,1,"3FEFAE147AE147AE","40305C28F5C28F5C"
32,2100061223,17,343,1,0.99,"B",16.36,1,"3FEFAE147AE147AE","40305C28F5C28F5C"
32,2100061223,18,254,1,1.27,"",34.8,1,"3FF451EB851EB852","4041666666666666"
32,2100061223,19,190,1,1.27,"",34.8,1,"3FF451EB851EB852","4041666666666666"
32,2100061223,20,196,1,1.27,"",30.08,1,"3FF451EB851EB852","403E147AE147AE14"
32,2100061223,21,236,1,1.27,"",30.08,1,"3FF451EB851EB852","403E147AE147AE14"
32,2100061223,22,215,1,1.27,"",30.08,1,"3FF451EB851EB852","403E147AE147AE14"
32,2100061223,23,193,1,1.27,"",30.08,1,"3FF451EB851EB852","403E147AE147AE14"
32,2100061223,24,177,1,1.27,"",30.08,1,"3FF451EB851EB852","403E147AE147AE14"
32,2100061223,25,296,1,1.27,"",34.8,1,"3FF451EB851EB852","4041666666666666"
32,2100061223,26,824,1,0.99,"B",16.36,1,"3FEFAE147AE147AE","40305C28F5C28F5C"
32,2100061223,27,572,1,0.99,"B",16.36,1,"3FEFAE147AE147AE","40305C28F5C28F5C"
32,2100061223,28,839,1,0.99,"",23.33,1,"3FEFAE147AE147AE","4037547AE147AE14"
32,2100061223,29,296,1,1.27,"",40.24,1,"3FF451EB851EB852","40441EB851EB851F"
32,2100061223,30,222,1,1.27,"",37.17,1,"3FF451EB851EB852","404295C28F5C28F6"
32,2100061223,31,258,1,1.27,"",37.17,1,"3FF451EB851EB852","404295C28F5C28F6"
32,2100061223,32,213,1,1.27,"",37.17,1,"3FF451EB851EB852","404295C28F5C28F6"
32,2100061223,33,1121,1,0.89,"B",7.98,1,"3FEC7AE147AE147B","401FEB851EB851EC"
32,2100061223,34,507,1,0.89,"B",7.98,1,"3FEC7AE147AE147B","401FEB851EB851EC"
32,2100061223,35,417,1,0.89,"",7.98,1,"3FEC7AE147AE147B","401FEB851EB851EC"
32,2100061223,36,257,1,1.29,"",31.78,1,"3FF4A3D70A3D70A4","403FC7AE147AE148"
32,2100061223,37,255,1,1.29,"",31.78,1,"3FF4A3D70A3D70A4","403FC7AE147AE148"
32,2100061223,38,270,1,1.29,"",31.16,1,"3FF4A3D70A3D70A4","403F28F5C28F5C29"
32,2100061223,39,256,1,1.29,"",31.16,1,"3FF4A3D70A3D70A4","403F28F5C28F5C29"
32,2100061223,40,256,1,1.29,"",31.16,1,"3FF4A3D70A3D70A4","403F28F5C28F5C29"
32,2100061223,41,251,1,1.29,"",31.16,1,"3FF4A3D70A3D70A4","403F28F5C28F5C29"
32,2100061223,42,300,1,1.29,"",33.26,1,"3FF4A3D70A3D70A4","4040A147AE147AE1"
32,2100061223,43,325,1,1.29,"",33.26,1,"3FF4A3D70A3D70A4","4040A147AE147AE1"
32,2100061223,44,825,1,0.99,"B",15.86,1,"3FEFAE147AE147AE","402FB851EB851EB8"
32,2100061223,45,612,1,0.99,"B",16.06,1,"3FEFAE147AE147AE","40300F5C28F5C28F"
32,2100061223,46,336,1,0.99,"",16.06,1,"3FEFAE147AE147AE","40300F5C28F5C28F"
32,2100061223,47,243,1,1.29,"",35.58,1,"3FF4A3D70A3D70A4","4041CA3D70A3D70A"
32,2100061223,48,220,1,1.29,"",35.58,1,"3FF4A3D70A3D70A4","4041CA3D70A3D70A"
32,2100061223,49,252,1,1.29,"",35.74,1,"3FF4A3D70A3D70A4","4041DEB851EB851F"
32,2100061223,50,535,1,1.29,"",35.74,1,"3FF4A3D70A3D70A4","4041DEB851EB851F"
32,2100061223,51,2340,1,0.65,"S",27.38,1,"3FE4CCCCCCCCCCCD","403B6147AE147AE1"
32,2100061223,52,217,1,1.29,"",35.81,1,"3FF4A3D70A3D70A4","4041E7AE147AE148"
32,2100061223,53,1500,1,0.99,"B",16.36,1,"3FEFAE147AE147AE","40305C28F5C28F5C"
32,2100061223,54,385,1,0.99,"",16.36,1,"3FEFAE147AE147AE","40305C28F5C28F5C"
32,2100061223,55,355,1,1.29,"",35.81,1,"3FF4A3D70A3D70A4","4041E7AE147AE148"
32,2100061223,56,475,1,1.29,"",35.81,1,"3FF4A3D70A3D70A4","4041E7AE147AE148"
32,2100061223,57,2265,1,0.89,"B",11.12,1,"3FEC7AE147AE147B","40263D70A3D70A3D"
32,2100061223,58,1005,1,1.29,"B",36.67,1,"3FF4A3D70A3D70A4","404255C28F5C28F6"
32,2100061223,59,760,1,0.99,"B",16.97,1,"3FEFAE147AE147AE","4030F851EB851EB8"
32,2100061223,60,207,1,0.99,"B",16.97,1,"3FEFAE147AE147AE","4030F851EB851EB8"
32,2100061223,61,161,1,1.3,"B",36.77,1,"3FF4CCCCCCCCCCCD","4042628F5C28F5C3"
32,2100061223,62,589,1,0.89,"B",11.46,1,"3FEC7AE147AE147B","4026EB851EB851EC"
32,2100061223,63,199,1,1.3,"",39.38,1,"3FF4CCCCCCCCCCCD","4043B0A3D70A3D71"
32,2100061223,64,220,1,1.3,"",39.38,1,"3FF4CCCCCCCCCCCD","4043B0A3D70A3D71"
32,2100061223,65,208,1,1.33,"",40.75,1,"3FF547AE147AE148","4044600000000000"
32,2100061223,66,182,1,1.33,"",40.75,1,"3FF547AE147AE148","4044600000000000"
32,2100061223,67,197,1,1.33,"",40.75,1,"3FF547AE147AE148","4044600000000000"
32,2100061223,68,207,1,1.33,"",40.75,1,"3FF547AE147AE148","4044600000000000"
32,2100061223,69,171,1,1.33,"",37.74,1,"3FF547AE147AE148","4042DEB851EB851F"
32,2100061223,70,224,1,1.33,"",37.74,1,"3FF547AE147AE148","4042DEB851EB851F"
32,2100061223,71,429,1,1.33,"",37.74,1,"3FF547AE147AE148","4042DEB851EB851F"
32,2100061223,72,1119,1,0.89,"B",7.98,1,"3FEC7AE147AE147B","401FEB851EB851EC"
32,2100061223,73,319,1,0.89,"B",7.98,1,"3FEC7AE147AE147B","401FEB851EB851EC"
32,2100061223,74,194,1,1.33,"",38.27,1,"3FF547AE147AE148","4043228F5C28F5C3"
32,2100061223,75,203,1,1.33,"",37.89,1,"3FF547AE147AE148","4042F1EB851EB852"
32,2100061223,76,198,1,1.33,"",37.89,1,"3FF547AE147AE148","4042F1EB851EB852"
32,2100061223,77,209,1,1.33,"",37.89,1,"3FF547AE147AE148","4042F1EB851EB852"
32,2100061223,78,201,1,1.33,"",37.89,1,"3FF547AE147AE148","4042F1EB851EB852"
32,2100061223,79,321,1,1.33,"",33.23,1,"3FF547AE147AE148","40409D70A3D70A3D"
32,2100061223,80,1043,1,0.99,"B",16.46,1,"3FEFAE147AE147AE","403075C28F5C28F6"
32,2100061223,81,474,1,0.99,"",19.39,1,"3FEFAE147AE147AE","403363D70A3D70A4"
32,2100061223,82,408,1,0.99,"B",19.39,1,"3FEFAE147AE147AE","403363D70A3D70A4"
32,2100061223,83,278,1,0.99,"B",16.57,1,"3FEFAE147AE147AE","403091EB851EB852"
32,2100061223,84,399,1,0.99,"B",16.36,1,"3FEFAE147AE147AE","40305C28F5C28F5C"
32,2100061223,85,790,1,0.99,"B",16.36,1,"3FEFAE147AE147AE","40305C28F5C28F5C"
32,2100061223,86,236,1,0.99,"B",16.36,1,"3FEFAE147AE147AE","40305C28F5C28F5C"
32,2100061223,87,170,1,1.33,"",37.74,1,"3FF547AE147AE148","4042DEB851EB851F"
32,2100061223,88,206,1,1.33,"",37.74,1,"3FF547AE147AE148","4042DEB851EB851F"
32,2100061223,89,234,1,1.33,"",37.74,1,"3FF547AE147AE148","4042DEB851EB851F"
32,2100061223,90,257,1,1.33,"",36.47,1,"3FF547AE147AE148","40423C28F5C28F5C"
32,2100061223,91,241,1,1.33,"",33.38,1,"3FF547AE147AE148","4040B0A3D70A3D71"
32,2100061223,92,241,1,1.33,"",33.23,1,"3FF547AE147AE148","40409D70A3D70A3D"
32,2100061223,93,222,1,1.38,"",35.65,1,"3FF6147AE147AE14","4041D33333333333"
32,2100061223,94,259,1,1.44,"",41.25,1,"3FF70A3D70A3D70A","4044A00000000000"
32,2100061223,95,352,1,1.44,"",42.15,1,"3FF70A3D70A3D70A","4045133333333333"
32,2100061223,96,1024,1,0.89,"B",6.85,1,"3FEC7AE147AE147B","401B666666666666"
32,2100061223,97,884,1,0.89,"B",6.85,1,"3FEC7AE147AE147B","401B666666666666"
32,2100061223,98,399,1,0.89,"",6.85,1,"3FEC7AE147AE147B","401B666666666666"
32,2100061223,99,189,1,1.44,"",42.43,1,"3FF70A3D70A3D70A","4045370A3D70A3D7"
32,2100061223,100,217,1,1.38,"",39.93,1,"3FF6147AE147AE14","4043F70A3D70A3D7"
32,2100061223,101,555,1,1.09,"S",22.66,1,"3FF170A3D70A3D71","4036A8F5C28F5C29"
32,2100061223,102,286,1,1.38,"",38.48,1,"3FF6147AE147AE14","40433D70A3D70A3D"
32,2100061223,103,248,1,1.38,"",38.33,1,"3FF6147AE147AE14","40432A3D70A3D70A"
32,2100061223,104,253,1,1.38,"",38.33,1,"3FF6147AE147AE14","40432A3D70A3D70A"
32,2100061223,105,383,1,1.38,"",38.33,1,"3FF6147AE147AE14","40432A3D70A3D70A"
32,2100061223,106,2124,1,0.89,"B",3.6,1,"3FEC7AE147AE147B","400CCCCCCCCCCCCD"
32,2100061223,107,451,1,0.89,"B",10.45,1,"3FEC7AE147AE147B","4024E66666666666"
32,2100061223,108,407,1,1.38,"",42.25,1,"3FF6147AE147AE14","4045200000000000"
32,2100061223,109,941,1,1.38,"",42.25,1,"3FF6147AE147AE14","4045200000000000"
