cmov.csv
"STORE","UPC","WEEK","MOVE","QTY","PRICE","SALE","PROFIT","OK","PRICE_HEX","PROFIT_HEX"
32,2100061223,110,2644,1,0.99,"B",14.34,1,"3FEFAE147AE147AE","402CAE147AE147AE"
32,2100061223,111,735,1,0.99,"B",14.34,1,"3FEFAE147AE147AE","402CAE147AE147AE"
32,2100061223,112,245,1,0.99,"B",10.51,1,"3FEFAE147AE147AE","4025051EB851EB85"
32,2100061223,113,161,1,1.38,"",35.8,1,"3FF6147AE147AE14","4041E66666666666"
32,2100061223,114,473,1,1.19,"B",26.72,1,"3FF30A3D70A3D70A","403AB851EB851EB8"
32,2100061223,115,351,1,1.19,"",26.81,1,"3FF30A3D70A3D70A","403ACF5C28F5C28F"
32,2100061223,116,161,1,1.38,"",36.88,1,"3FF6147AE147AE14","404270A3D70A3D71"
32,2100061223,117,225,1,1.38,"",36.88,1,"3FF6147AE147AE14","404270A3D70A3D71"
32,2100061223,118,234,1,1.38,"",36.88,1,"3FF6147AE147AE14","404270A3D70A3D71"
32,2100061223,119,197,1,1.38,"",38.55,1,"3FF6147AE147AE14","4043466666666666"
32,2100061223,120,173,1,1.38,"",38.55,1,"3FF6147AE147AE14","4043466666666666"
32,2100061223,121,194,1,1.35,"",37.19,1,"3FF599999999999A","40429851EB851EB8"
32,2100061223,122,249,1,1.35,"",38.67,1,"3FF599999999999A","404355C28F5C28F6"
32,2100061223,123,383,1,0.99,"",23.43,1,"3FEFAE147AE147AE","40376E147AE147AE"
32,2100061223,124,464,1,0.99,"B",23.43,1,"3FEFAE147AE147AE","40376E147AE147AE"
32,2100061223,125,277,1,0.99,"B",23.43,1,"3FEFAE147AE147AE","40376E147AE147AE"
32,2100061223,126,913,1,0.99,"B",16.36,1,"3FEFAE147AE147AE","40305C28F5C28F5C"
32,2100061223,127,1229,1,0.99,"B",16.36,1,"3FEFAE147AE147AE","40305C28F5C28F5C"
32,2100061223,128,268,1,0.99,"B",16.36,1,"3FEFAE147AE147AE","40305C28F5C28F5C"
32,2100061223,129,251,1,1.35,"",38.67,1,"3FF599999999999A","404355C28F5C28F6"
32,2100061223,130,633,1,0.99,"B",16.36,1,"3FEFAE147AE147AE","40305C28F5C28F5C"
32,2100061223,131,359,1,0.99,"",16.36,1,"3FEFAE147AE147AE","40305C28F5C28F5C"
32,2100061223,132,241,1,1.35,"",38.67,1,"3FF599999999999A","404355C28F5C28F6"
32,2100061223,133,165,1,1.35,"",38.67,1,"3FF599999999999A","404355C28F5C28F6"
32,2100061223,134,189,1,1.35,"",38.67,1,"3FF599999999999A","404355C28F5C28F6"
32,2100061223,135,287,1,1.12,"",26.07,1,"3FF1EB851EB851EC","403A11EB851EB852"
32,2100061223,136,559,1,1.09,"B",24.04,1,"3FF170A3D70A3D71","40380A3D70A3D70A"
32,2100061223,137,573,1,1.09,"B",24.04,1,"3FF170A3D70A3D71","40380A3D70A3D70A"
32,2100061223,138,217,1,1.12,"",26.16,1,"3FF1EB851EB851EC","403A28F5C28F5C29"
32,2100061223,139,240,1,1.12,"",26.16,1,"3FF1EB851EB851EC","403A28F5C28F5C29"
32,2100061223,140,264,1,1.12,"",26.25,1,"3FF1EB851EB851EC","403A400000000000"
32,2100061223,141,184,1,1.12,"",26.25,1,"3FF1EB851EB851EC","403A400000000000"
32,2100061223,142,246,1,1.12,"",26.25,1,"3FF1EB851EB851EC","403A400000000000"
32,2100061223,143,266,1,1.12,"",26.25,1,"3FF1EB851EB851EC","403A400000000000"
32,2100061223,144,277,1,1.12,"",26.07,1,"3FF1EB851EB851EC","403A11EB851EB852"
32,2100061223,145,410,1,1.12,"B",26.25,1,"3FF1EB851EB851EC","403A400000000000"
32,2100061223,146,358,1,1.12,"B",26.25,1,"3FF1EB851EB851EC","403A400000000000"
32,2100061223,147,234,1,1.12,"",26.25,1,"3FF1EB851EB851EC","403A400000000000"
32,2100061223,148,211,1,1.12,"",26.25,1,"3FF1EB851EB851EC","403A400000000000"
32,2100061223,149,248,1,1.12,"",26.25,1,"3FF1EB851EB851EC","403A400000000000"
32,2100061223,150,216,1,1.12,"",26.25,1,"3FF1EB851EB851EC","403A400000000000"
32,2100061223,151,229,1,1.12,"",26.25,1,"3FF1EB851EB851EC","403A400000000000"
32,2100061223,152,239,1,1.12,"",26.25,1,"3FF1EB851EB851EC","403A400000000000"
32,2100061223,153,277,1,1.12,"",26.25,1,"3FF1EB851EB851EC","403A400000000000"
32,2100061223,154,331,1,1.12,"",26.25,1,"3FF1EB851EB851EC","403A400000000000"
32,2100061223,155,218,1,1.12,"",26.25,1,"3FF1EB851EB851EC","403A400000000000"
32,2100061223,156,1217,1,0.99,"B",16.57,1,"3FEFAE147AE147AE","403091EB851EB852"
32,2100061223,157,1951,1,0.99,"B",16.57,1,"3FEFAE147AE147AE","403091EB851EB852"
32,2100061223,158,392,1,0.99,"B",16.57,1,"3FEFAE147AE147AE","403091EB851EB852"
32,2100061223,159,394,1,1.12,"",26.25,1,"3FF1EB851EB851EC","403A400000000000"
32,2100061223,160,510,1,1.12,"",26.25,1,"3FF1EB851EB851EC","403A400000000000"
32,2100061223,161,1549,1,1.12,"B",26.25,1,"3FF1EB851EB851EC","403A400000000000"
32,2100061223,162,472,1,1.12,"",26.25,1,"3FF1EB851EB851EC","403A400000000000"
32,2100061223,163,296,1,1.12,"",26.25,1,"3FF1EB851EB851EC","403A400000000000"
32,2100061223,164,223,1,1.12,"",26.25,1,"3FF1EB851EB851EC","403A400000000000"
32,2100061223,165,150,1,1.12,"",26.25,1,"3FF1EB851EB851EC","403A400000000000"
32,2100061223,166,537,1,1.09,"B",24.22,1,"3FF170A3D70A3D71","40383851EB851EB8"
32,2100061223,167,441,1,1.09,"B",24.22,1,"3FF170A3D70A3D71","40383851EB851EB8"
32,2100061223,168,196,1,1.12,"",26.25,1,"3FF1EB851EB851EC","403A400000000000"
32,2100061223,169,221,1,1.12,"",26.25,1,"3FF1EB851EB851EC","403A400000000000"
32,2100061223,170,239,1,1.09,"B",24.22,1,"3FF170A3D70A3D71","40383851EB851EB8"
32,2100061223,171,288,1,1.09,"B",24.22,1,"3FF170A3D70A3D71","40383851EB851EB8"
32,2100061223,172,262,1,1.09,"B",24.22,1,"3FF170A3D70A3D71","40383851EB851EB8"
32,2100061223,173,276,1,1.09,"B",24.22,1,"3FF170A3D70A3D71","40383851EB851EB8"
32,2100061223,174,244,1,1.12,"",26.25,1,"3FF1EB851EB851EC","403A400000000000"
32,2100061223,175,101,1,0.99,"B",16.57,1,"3FEFAE147AE147AE","403091EB851EB852"
32,2100061223,176,1473,1,0.99,"B",16.57,1,"3FEFAE147AE147AE","403091EB851EB852"
32,2100061223,177,401,1,1.12,"",26.25,1,"3FF1EB851EB851EC","403A400000000000"
32,2100061223,178,242,1,1.12,"",26.25,1,"3FF1EB851EB851EC","403A400000000000"
32,2100061223,179,274,1,0.99,"B",16.57,1,"3FEFAE147AE147AE","403091EB851EB852"
32,2100061223,180,308,1,0.99,"B",16.57,1,"3FEFAE147AE147AE","403091EB851EB852"
32,2100061223,181,306,1,1.12,"B",26.25,1,"3FF1EB851EB851EC","403A400000000000"
32,2100061223,182,225,1,1.12,"B",26.25,1,"3FF1EB851EB851EC","403A400000000000"
32,2100061223,183,497,1,0.99,"S",16.57,1,"3FEFAE147AE147AE","403091EB851EB852"
32,2100061223,184,355,1,1.12,"",26.25,1,"3FF1EB851EB851EC","403A400000000000"
32,2100061223,185,211,1,1.12,"",26.25,1,"3FF1EB851EB851EC","403A400000000000"
32,2100061223,186,194,1,1.09,"",24.22,1,"3FF170A3D70A3D71","40383851EB851EB8"
32,2100061223,187,244,1,1.09,"",24.22,1,"3FF170A3D70A3D71","40383851EB851EB8"
32,2100061223,188,556,1,0.99,"",16.56,1,"3FEFAE147AE147AE","40308F5C28F5C28F"
32,2100061223,189,309,1,1.08,"",23.51,1,"3FF147AE147AE148","4037828F5C28F5C3"
32,2100061223,190,164,1,1.09,"",22.84,1,"3FF170A3D70A3D71","4036D70A3D70A3D7"
32,2100061223,191,247,1,1.09,"",19.54,1,"3FF170A3D70A3D71","40338A3D70A3D70A"
32,2100061223,192,293,1,1.09,"",19.08,1,"3FF170A3D70A3D71","4033147AE147AE14"
32,2100061223,193,216,1,1.09,"",18.89,1,"3FF170A3D70A3D71","4032E3D70A3D70A4"
32,2100061223,194,229,1,1.09,"",21,1,"3FF170A3D70A3D71","4035000000000000"
32,2100061223,195,192,1,1.09,"",24.22,1,"3FF170A3D70A3D71","40383851EB851EB8"
32,2100061223,196,475,1,1.09,"",24.22,1,"3FF170A3D70A3D71","40383851EB851EB8"
32,2100061223,197,346,1,1.09,"",24.22,1,"3FF170A3D70A3D71","40383851EB851EB8"
32,2100061223,198,355,1,1.09,"",24.22,1,"3FF170A3D70A3D71","40383851EB851EB8"
32,2100061223,199,353,1,1.09,"",24.22,1,"3FF170A3D70A3D71","40383851EB851EB8"
32,2100061223,200,632,1,0.99,"S",16.56,1,"3FEFAE147AE147AE","40308F5C28F5C28F"
32,2100061223,201,224,1,1.08,"S",23.51,1,"3FF147AE147AE148","4037828F5C28F5C3"
32,2100061223,202,227,1,1.06,"B",22.07,1,"3FF0F5C28F5C28F6","403611EB851EB852"
32,2100061223,203,224,1,1.08,"",23.51,1,"3FF147AE147AE148","4037828F5C28F5C3"
32,2100061223,204,220,1,1.06,"B",22.07,1,"3FF0F5C28F5C28F6","403611EB851EB852"
32,2100061223,205,699,1,0.99,"B",16.56,1,"3FEFAE147AE147AE","40308F5C28F5C28F"
32,2100061223,206,471,1,1,"B",17.4,1,"3FF0000000000000","4031666666666666"
32,2100061223,207,166,1,1.09,"",24.22,1,"3FF170A3D70A3D71","40383851EB851EB8"
32,2100061223,208,239,1,1.09,"",24.22,1,"3FF170A3D70A3D71","40383851EB851EB8"
32,2100061223,209,367,1,0.95,"S",13.05,1,"3FEE666666666666","402A19999999999A"
32,2100061223,210,315,1,1.09,"",24.22,1,"3FF170A3D70A3D71","40383851EB851EB8"
32,2100061223,211,546,1,1.09,"",54.12,1,"3FF170A3D70A3D71","404B0F5C28F5C28F"
32,2100061223,212,4224,1,0.5,"",-55.2,1,"3FE0000000000000","C04B99999999999A"
32,2100061223,213,1255,1,0.58,"B",-42.41,1,"3FE28F5C28F5C28F","C045347AE147AE14"
32,2100061223,214,412,1,1.09,"",24.22,1,"3FF170A3D70A3D71","40383851EB851EB8"
32,2100061223,215,163,1,1.09,"",24.22,1,"3FF170A3D70A3D71","40383851EB851EB8"
32,2100061223,216,195,1,1.09,"",24.22,1,"3FF170A3D70A3D71","40383851EB851EB8"
32,2100061223,217,555,1,0.99,"S",16.56,1,"3FEFAE147AE147AE","40308F5C28F5C28F"
32,2100061223,218,163,1,1.13,"S",26.9,1,"3FF2147AE147AE14","403AE66666666666"
32,2100061223,219,173,1,1.33,"",37.89,1,"3FF547AE147AE148","4042F1EB851EB852"
32,2100061223,220,168,1,1.33,"",37.89,1,"3FF547AE147AE148","4042F1EB851EB852"
32,2100061223,221,173,1,1.33,"",37.89,1,"3FF547AE147AE148","4042F1EB851EB852"
32,2100061223,222,168,1,1.33,"",37.89,1,"3FF547AE147AE148","4042F1EB851EB852"
32,2100061223,223,429,1,0.99,"S",16.56,1,"3FEFAE147AE147AE","40308F5C28F5C28F"
32,2100061223,224,148,1,1.32,"S",37.42,1,"3FF51EB851EB851F","4042B5C28F5C28F6"
32,2100061223,225,167,1,1.33,"",37.89,1,"3FF547AE147AE148","4042F1EB851EB852"
32,2100061223,226,2337,1,0.51,"",-61.96,1,"3FE051EB851EB852","C04EFAE147AE147B"
32,2100061223,227,337,1,1.27,"",34.96,1,"3FF451EB851EB852","40417AE147AE147B"
32,2100061223,228,162,1,1.33,"",37.89,1,"3FF547AE147AE148","4042F1EB851EB852"
32,2100061223,229,144,1,1.33,"",37.89,1,"3FF547AE147AE148","4042F1EB851EB852"
32,2100061223,230,150,1,1.33,"",37.89,1,"3FF547AE147AE148","4042F1EB851EB852"
32,2100061223,231,527,1,0.99,"",25.25,1,"3FEFAE147AE147AE","4039400000000000"
32,2100061223,232,202,1,1.32,"S",45,1,"3FF51EB851EB851F","4046800000000000"
32,2100061223,233,159,1,1.33,"",45.41,1,"3FF547AE147AE148","4046B47AE147AE14"
32,2100061223,234,395,1,0.99,"",26.66,1,"3FEFAE147AE147AE","403AA8F5C28F5C29"
32,2100061223,235,154,1,1.32,"S",45,1,"3FF51EB851EB851F","4046800000000000"
32,2100061223,236,153,1,1.33,"",45.41,1,"3FF547AE147AE148","4046B47AE147AE14"
32,2100061223,237,168,1,1.33,"",45.41,1,"3FF547AE147AE148","4046B47AE147AE14"
32,2100061223,238,142,1,1.33,"",45.41,1,"3FF547AE147AE148","4046B47AE147AE14"
32,2100061223,239,406,1,0.99,"S",26.66,1,"3FEFAE147AE147AE","403AA8F5C28F5C29"
32,2100061223,240,230,1,1.32,"S",45,1,"3FF51EB851EB851F","4046800000000000"
32,2100061223,241,156,1,1.33,"",45.41,1,"3FF547AE147AE148","4046B47AE147AE14"
32,2100061223,242,188,1,1.33,"",45.41,1,"3FF547AE147AE148","4046B47AE147AE14"
32,2100061223,243,159,1,1.33,"",45.11,1,"3FF547AE147AE148","40468E147AE147AE"
32,2100061223,244,150,1,1.33,"",42.18,1,"3FF547AE147AE148","4045170A3D70A3D7"
32,2100061223,245,583,1,0.99,"",25.85,1,"3FEFAE147AE147AE","4039D9999999999A"
32,2100061223,246,122,1,1.32,"S",38.18,1,"3FF51EB851EB851F","4043170A3D70A3D7"
32,2100061223,247,172,1,1.33,"",37.89,1,"3FF547AE147AE148","4042F1EB851EB852"
32,2100061223,248,176,1,1.33,"",37.89,1,"3FF547AE147AE148","4042F1EB851EB852"
32,2100061223,249,195,1,1.33,"",37.78,1,"3FF547AE147AE148","4042E3D70A3D70A4"
32,2100061223,250,142,1,0.95,"",8.51,1,"3FEE666666666666","4021051EB851EB85"
32,2100061223,251,698,1,0.99,"S",11.22,1,"3FEFAE147AE147AE","402670A3D70A3D71"
32,2100061223,252,165,1,1.3,"S",35.74,1,"3FF4CCCCCCCCCCCD","4041DEB851EB851F"
32,2100061223,253,177,1,1.33,"",37.82,1,"3FF547AE147AE148","4042E8F5C28F5C29"
32,2100061223,254,187,1,1.33,"",39.77,1,"3FF547AE147AE148","4043E28F5C28F5C3"
32,2100061223,255,140,1,1.33,"",37.43,1,"3FF547AE147AE148","4042B70A3D70A3D7"
32,2100061223,256,658,1,0.99,"",14.66,1,"3FEFAE147AE147AE","402D51EB851EB852"
32,2100061223,257,187,1,1.31,"S",36.72,1,"3FF4F5C28F5C28F6","40425C28F5C28F5C"
32,2100061223,258,186,1,1.33,"",39.05,1,"3FF547AE147AE148","4043866666666666"
32,2100061223,259,159,1,1.33,"",38.83,1,"3FF547AE147AE148","40436A3D70A3D70A"
32,2100061223,260,1713,1,1.09,"S",35.06,1,"3FF170A3D70A3D71","404187AE147AE148"
32,2100061223,261,266,1,1.21,"S",37.25,1,"3FF35C28F5C28F5C","4042A00000000000"
32,2100061223,262,293,1,1.33,"",37.96,1,"3FF547AE147AE148","4042FAE147AE147B"
32,2100061223,263,181,1,1.33,"",37.46,1,"3FF547AE147AE148","4042BAE147AE147B"
32,2100061223,264,167,1,1.33,"",37.81,1,"3FF547AE147AE148","4042E7AE147AE148"
32,2100061223,265,1720,1,0.79,"B",6.87,1,"3FE947AE147AE148","401B7AE147AE147B"
32,2100061223,266,347,1,1.31,"B",37.23,1,"3FF4F5C28F5C28F6","40429D70A3D70A3D"
32,2100061223,267,181,1,1.33,"",37.46,1,"3FF547AE147AE148","4042BAE147AE147B"
32,2100061223,268,167,1,1.33,"",37.81,1,"3FF547AE147AE148","4042E7AE147AE148"
32,2100061223,269,168,1,0.89,"S",5.16,1,"3FEC7AE147AE147B","4014A3D70A3D70A4"
32,2100061223,270,219,1,0.89,"S",5.39,1,"3FEC7AE147AE147B","40158F5C28F5C28F"
32,2100061223,271,196,1,0.89,"S",5.51,1,"3FEC7AE147AE147B","40160A3D70A3D70A"
32,2100061223,272,191,1,0.89,"S",6.05,1,"3FEC7AE147AE147B","4018333333333333"
32,2100061223,273,242,1,0.89,"S",6.81,1,"3FEC7AE147AE147B","401B3D70A3D70A3D"
32,2100061223,274,982,1,0.79,"S",18.7,1,"3FE947AE147AE148","4032B33333333333"
32,2100061223,275,1029,1,0.79,"B",17.32,1,"3FE947AE147AE148","403151EB851EB852"
32,2100061223,276,203,1,1.32,"B",38.4,1,"3FF51EB851EB851F","4043333333333333"
32,2100061223,277,168,1,1.33,"",38.64,1,"3FF547AE147AE148","404351EB851EB852"
32,2100061223,278,153,1,1.33,"",38.64,1,"3FF547AE147AE148","404351EB851EB852"
32,2100061223,279,213,1,1.33,"",38.52,1,"3FF547AE147AE148","4043428F5C28F5C3"
32,2100061223,280,820,1,0.79,"S",-6.74,1,"3FE947AE147AE148","C01AF5C28F5C28F6"
32,2100061223,281,147,1,1.3,"S",32.57,1,"3FF4CCCCCCCCCCCD","404048F5C28F5C29"
32,2100061223,282,143,1,1.33,"",33.24,1,"3FF547AE147AE148","40409EB851EB851F"
32,2100061223,283,190,1,1.33,"",32.03,1,"3FF547AE147AE148","404003D70A3D70A4"
32,2100061223,284,166,1,1.33,"",32.2,1,"3FF547AE147AE148","404019999999999A"
32,2100061223,285,146,1,1.28,"",33.92,1,"3FF47AE147AE147B","4040F5C28F5C28F6"
32,2100061223,286,808,1,0.99,"B",20.87,1,"3FEFAE147AE147AE","4034DEB851EB851F"
32,2100061223,287,421,1,1.05,"B",21.58,1,"3FF0CCCCCCCCCCCD","4035947AE147AE14"
32,2100061223,288,199,1,1.33,"",33.59,1,"3FF547AE147AE148","4040CB851EB851EC"
32,2100061223,289,215,1,1.33,"",32.59,1,"3FF547AE147AE148","40404B851EB851EC"
32,2100061223,290,207,1,1.33,"",31.56,1,"3FF547AE147AE148","403F8F5C28F5C28F"
32,2100061223,291,183,1,1.33,"",31.11,1,"3FF547AE147AE148","403F1C28F5C28F5C"
32,2100061223,292,244,1,1.22,"",25.17,1,"3FF3851EB851EB85","40392B851EB851EC"
32,2100061223,293,577,1,0.99,"B",7.17,1,"3FEFAE147AE147AE","401CAE147AE147AE"
32,2100061223,294,377,1,1,"B",14.82,1,"3FF0000000000000","402DA3D70A3D70A4"
32,2100061223,295,353,1,1.09,"B",30.36,1,"3FF170A3D70A3D71","403E5C28F5C28F5C"
32,2100061223,296,224,1,1.17,"B",30.45,1,"3FF2B851EB851EB8","403E733333333333"
32,2100061223,297,179,1,1.33,"",40.6,1,"3FF547AE147AE148","40444CCCCCCCCCCD"
32,2100061223,298,439,1,1,"B",41.29,1,"3FF0000000000000","4044A51EB851EB85"
32,2100061223,299,526,1,0.94,"B",32.88,1,"3FEE147AE147AE14","404070A3D70A3D71"
32,2100061223,300,214,1,1.33,"",30.9,1,"3FF547AE147AE148","403EE66666666666"
32,2100061223,301,185,1,1.33,"",30.9,1,"3FF547AE147AE148","403EE66666666666"
32,2100061223,302,238,1,1.33,"",30.9,1,"3FF547AE147AE148","403EE66666666666"
32,2100061223,303,251,1,1.33,"",30.9,1,"3FF547AE147AE148","403EE66666666666"
32,2100061223,304,236,1,1.35,"",32.35,1,"3FF599999999999A","40402CCCCCCCCCCD"
32,2100061223,305,179,1,1.45,"",43.35,1,"3FF7333333333333","4045ACCCCCCCCCCD"
32,2100061223,306,2885,1,0.71,"B",17.52,1,"3FE6B851EB851EB8","4031851EB851EB85"
32,2100061223,307,349,1,1.03,"",38.9,1,"3FF07AE147AE147B","4043733333333333"
32,2100061223,308,201,1,0.99,"B",22.68,1,"3FEFAE147AE147AE","4036AE147AE147AE"
32,2100061223,309,255,1,1.15,"B",40.37,1,"3FF2666666666666","40442F5C28F5C28F"
32,2100061223,310,1678,1,0.79,"B",25.73,1,"3FE947AE147AE148","4039BAE147AE147B"
32,2100061223,311,2111,1,0.79,"B",25.32,1,"3FE947AE147AE148","403951EB851EB852"
32,2100061223,312,733,1,0.98,"S",6.74,1,"3FEF5C28F5C28F5C","401AF5C28F5C28F6"
32,2100061223,313,410,1,0.99,"",7.27,1,"3FEFAE147AE147AE","401D147AE147AE14"
32,2100061223,314,150,1,1.37,"",40.36,1,"3FF5EB851EB851EC","40442E147AE147AE"
32,2100061223,315,647,1,0.99,"S",32.76,1,"3FEFAE147AE147AE","40406147AE147AE1"
32,2100061223,316,194,1,1.44,"",45.41,1,"3FF70A3D70A3D70A","4046B47AE147AE14"
32,2100061223,317,212,1,1.45,"",36.62,1,"3FF7333333333333","40424F5C28F5C28F"
32,2100061223,318,223,1,1.45,"",36.62,1,"3FF7333333333333","40424F5C28F5C28F"
32,2100061223,319,198,1,1.45,"",36.62,1,"3FF7333333333333","40424F5C28F5C28F"
32,2100061223,320,150,1,1.45,"",36.62,1,"3FF7333333333333","40424F5C28F5C28F"
32,2100061223,321,144,1,1.45,"",36.62,1,"3FF7333333333333","40424F5C28F5C28F"
32,2100061223,322,137,1,1.45,"",36.62,1,"3FF7333333333333","40424F5C28F5C28F"
32,2100061223,323,145,1,1.45,"",36.62,1,"3FF7333333333333","40424F5C28F5C28F"
32,2100061223,324,426,1,0.99,"S",32.57,1,"3FEFAE147AE147AE","404048F5C28F5C29"
32,2100061223,325,351,1,1.04,"B",40.16,1,"3FF0A3D70A3D70A4","4044147AE147AE14"
32,2100061223,326,1018,1,0.89,"B",33.82,1,"3FEC7AE147AE147B","4040E8F5C28F5C29"
32,2100061223,327,166,1,1.41,"",53.56,1,"3FF68F5C28F5C28F","404AC7AE147AE148"
32,2100061223,328,477,1,0.99,"S",25.42,1,"3FEFAE147AE147AE","40396B851EB851EC"
32,2100061223,329,147,1,1.43,"",44.03,1,"3FF6E147AE147AE1","404603D70A3D70A4"
32,2100061223,330,183,1,1.45,"",36.62,1,"3FF7333333333333","40424F5C28F5C28F"
32,2100061223,331,212,1,1.45,"",43.38,1,"3FF7333333333333","4045B0A3D70A3D71"
32,2100061223,332,986,1,0.79,"S",25.56,1,"3FE947AE147AE148","40398F5C28F5C28F"
32,2100061223,333,224,1,1.38,"",50.56,1,"3FF6147AE147AE14","404947AE147AE148"
32,2100061223,334,195,1,1.45,"",36.62,1,"3FF7333333333333","40424F5C28F5C28F"
32,2100061223,335,209,1,1.45,"",36.62,1,"3FF7333333333333","40424F5C28F5C28F"
32,2100061223,336,187,1,1.45,"",36.62,1,"3FF7333333333333","40424F5C28F5C28F"
32,2100061223,337,171,1,1.45,"",36.62,1,"3FF7333333333333","40424F5C28F5C28F"
