cmov.csv
"STORE","UPC","WEEK","MOVE","QTY","PRICE","SALE","PROFIT","OK","PRICE_HEX","PROFIT_HEX"
32,2100061223,338,1148,1,0.79,"S",19.95,1,"3FE947AE147AE148","4033F33333333333"
32,2100061223,339,258,1,1.01,"S",35.51,1,"3FF028F5C28F5C29","4041C147AE147AE1"
32,2100061223,340,121,1,1.45,"",36.62,1,"3FF7333333333333","40424F5C28F5C28F"
32,2100061223,341,128,1,1.45,"",36.62,1,"3FF7333333333333","40424F5C28F5C28F"
32,2100061223,342,150,1,1.45,"",36.62,1,"3FF7333333333333","40424F5C28F5C28F"
32,2100061223,343,125,1,1.45,"",36.62,1,"3FF7333333333333","40424F5C28F5C28F"
32,2100061223,344,117,1,1.45,"",36.62,1,"3FF7333333333333","40424F5C28F5C28F"
32,2100061223,345,129,1,1.45,"",36.62,1,"3FF7333333333333","40424F5C28F5C28F"
32,2100061223,346,138,1,1.45,"",36.62,1,"3FF7333333333333","40424F5C28F5C28F"
32,2100061223,347,699,1,0.99,"S",19.89,1,"3FEFAE147AE147AE","4033E3D70A3D70A4"
32,2100061223,348,211,1,1.44,"",41.2,1,"3FF70A3D70A3D70A","404499999999999A"
32,2100061223,349,196,1,1.45,"",36.62,1,"3FF7333333333333","40424F5C28F5C28F"
32,2100061223,350,697,1,0.99,"S",12.84,1,"3FEFAE147AE147AE","4029AE147AE147AE"
32,2100061223,351,149,1,1.44,"",44.5,1,"3FF70A3D70A3D70A","4046400000000000"
32,2100061223,352,182,1,1.45,"",36.62,1,"3FF7333333333333","40424F5C28F5C28F"
32,2100061223,353,182,1,1.45,"",36.62,1,"3FF7333333333333","40424F5C28F5C28F"
32,2100061223,354,114,1,1.48,"",38.22,1,"3FF7AE147AE147AE","40431C28F5C28F5C"
32,2100061223,355,151,1,1.55,"",40.7,1,"3FF8CCCCCCCCCCCD","404459999999999A"
32,2100061223,356,181,1,1.55,"",40.96,1,"3FF8CCCCCCCCCCCD","40447AE147AE147B"
32,2100061223,357,131,1,1.55,"",41.86,1,"3FF8CCCCCCCCCCCD","4044EE147AE147AE"
32,2100061223,358,116,1,1.55,"",41.25,1,"3FF8CCCCCCCCCCCD","4044A00000000000"
32,2100061223,359,263,1,1.55,"",39.82,1,"3FF8CCCCCCCCCCCD","4043E8F5C28F5C29"
32,2100061223,360,2025,1,0.89,"S",2.44,1,"3FEC7AE147AE147B","4003851EB851EB85"
32,2100061223,361,273,1,1.21,"",32.91,1,"3FF35C28F5C28F5C","4040747AE147AE14"
32,2100061223,362,292,1,1.55,"",42.28,1,"3FF8CCCCCCCCCCCD","404523D70A3D70A4"
32,2100061223,363,497,1,1.55,"",43.6,1,"3FF8CCCCCCCCCCCD","4045CCCCCCCCCCCD"
32,2100061223,364,2054,1,1.29,"S",38.47,1,"3FF4A3D70A3D70A4","40433C28F5C28F5C"
32,2100061223,365,326,1,1.54,"",42.14,1,"3FF8A3D70A3D70A4","404511EB851EB852"
32,2100061223,366,180,1,1.55,"",39.74,1,"3FF8CCCCCCCCCCCD","4043DEB851EB851F"
32,2100061223,367,135,1,1.55,"",43.24,1,"3FF8CCCCCCCCCCCD","40459EB851EB851F"
32,2100061223,368,884,1,0.99,"B",25.05,1,"3FEFAE147AE147AE","40390CCCCCCCCCCD"
32,2100061223,369,411,1,0.99,"B",21.46,1,"3FEFAE147AE147AE","403575C28F5C28F6"
32,2100061223,370,223,1,1.53,"",44.29,1,"3FF87AE147AE147B","4046251EB851EB85"
32,2100061223,371,223,1,1.53,"",44.29,1,"3FF87AE147AE147B","4046251EB851EB85"
32,2100061223,372,254,1,1.55,"",36.53,1,"3FF8CCCCCCCCCCCD","404243D70A3D70A4"
32,2100061223,373,232,1,1.55,"",35.93,1,"3FF8CCCCCCCCCCCD","4041F70A3D70A3D7"
32,2100061223,374,185,1,1.55,"",35.93,1,"3FF8CCCCCCCCCCCD","4041F70A3D70A3D7"
32,2100061223,375,321,1,1.55,"",36.36,1,"3FF8CCCCCCCCCCCD","40422E147AE147AE"
32,2100061223,376,261,1,1.55,"",44.25,1,"3FF8CCCCCCCCCCCD","4046200000000000"
32,2100061223,377,261,1,1.55,"",44.25,1,"3FF8CCCCCCCCCCCD","4046200000000000"
32,2100061223,378,1630,1,1.35,"B",36.11,1,"3FF599999999999A","40420E147AE147AE"
32,2100061223,379,136,1,1.55,"",46.57,1,"3FF8CCCCCCCCCCCD","404748F5C28F5C29"
32,2100061223,380,170,1,1.5,"",42.07,1,"3FF8000000000000","404508F5C28F5C29"
32,2100061223,381,408,1,1.29,"S",32.32,1,"3FF4A3D70A3D70A4","404028F5C28F5C29"
32,2100061223,382,586,1,1.29,"S",46.07,1,"3FF4A3D70A3D70A4","404708F5C28F5C29"
33,2100061223,1,322,1,0.99,"B",16.46,1,"3FEFAE147AE147AE","403075C28F5C28F6"
33,2100061223,2,268,1,0.99,"B",16.46,1,"3FEFAE147AE147AE","403075C28F5C28F6"
33,2100061223,3,273,1,0.99,"B",17.68,1,"3FEFAE147AE147AE","4031AE147AE147AE"
33,2100061223,4,163,1,0.99,"",17.68,1,"3FEFAE147AE147AE","4031AE147AE147AE"
33,2100061223,5,435,1,0.89,"B",7.75,1,"3FEC7AE147AE147B","401F000000000000"
33,2100061223,6,124,1,1.29,"",34.81,1,"3FF4A3D70A3D70A4","404167AE147AE148"
33,2100061223,7,174,1,1.29,"",35.81,1,"3FF4A3D70A3D70A4","4041E7AE147AE148"
33,2100061223,8,306,1,0.99,"B",16.36,1,"3FEFAE147AE147AE","40305C28F5C28F5C"
33,2100061223,9,224,1,0.99,"B",16.36,1,"3FEFAE147AE147AE","40305C28F5C28F5C"
33,2100061223,10,382,1,0.99,"",16.36,1,"3FEFAE147AE147AE","40305C28F5C28F5C"
33,2100061223,11,137,1,0.99,"",16.36,1,"3FEFAE147AE147AE","40305C28F5C28F5C"
33,2100061223,12,168,1,1.29,"",35.81,1,"3FF4A3D70A3D70A4","4041E7AE147AE148"
33,2100061223,13,206,1,1.29,"",35.81,1,"3FF4A3D70A3D70A4","4041E7AE147AE148"
33,2100061223,14,467,1,0.99,"B",16.36,1,"3FEFAE147AE147AE","40305C28F5C28F5C"
33,2100061223,15,359,1,0.99,"B",16.36,1,"3FEFAE147AE147AE","40305C28F5C28F5C"
33,2100061223,16,373,1,0.99,"B",16.36,1,"3FEFAE147AE147AE","40305C28F5C28F5C"
33,2100061223,17,119,1,1.29,"",35.81,1,"3FF4A3D70A3D70A4","4041E7AE147AE148"
33,2100061223,18,159,1,1.29,"",35.81,1,"3FF4A3D70A3D70A4","4041E7AE147AE148"
33,2100061223,19,188,1,1.29,"",35.81,1,"3FF4A3D70A3D70A4","4041E7AE147AE148"
33,2100061223,20,334,1,0.99,"",16.36,1,"3FEFAE147AE147AE","40305C28F5C28F5C"
33,2100061223,21,219,1,0.99,"B",16.36,1,"3FEFAE147AE147AE","40305C28F5C28F5C"
33,2100061223,22,204,1,1.29,"",35.81,1,"3FF4A3D70A3D70A4","4041E7AE147AE148"
33,2100061223,23,134,1,1.29,"",35.81,1,"3FF4A3D70A3D70A4","4041E7AE147AE148"
33,2100061223,24,120,1,1.29,"",31.16,1,"3FF4A3D70A3D70A4","403F28F5C28F5C29"
33,2100061223,25,138,1,1.29,"",31.16,1,"3FF4A3D70A3D70A4","403F28F5C28F5C29"
33,2100061223,26,125,1,1.29,"",31.16,1,"3FF4A3D70A3D70A4","403F28F5C28F5C29"
33,2100061223,27,132,1,1.29,"",31.16,1,"3FF4A3D70A3D70A4","403F28F5C28F5C29"
33,2100061223,28,144,1,1.27,"",30.08,1,"3FF451EB851EB852","403E147AE147AE14"
33,2100061223,29,147,1,1.29,"",35.81,1,"3FF4A3D70A3D70A4","4041E7AE147AE148"
33,2100061223,30,329,1,0.99,"B",16.36,1,"3FEFAE147AE147AE","40305C28F5C28F5C"
33,2100061223,31,118,1,1.29,"",35.81,1,"3FF4A3D70A3D70A4","4041E7AE147AE148"
33,2100061223,32,78,1,1.29,"",35.81,1,"3FF4A3D70A3D70A4","4041E7AE147AE148"
33,2100061223,33,207,1,1.09,"B",24.04,1,"3FF170A3D70A3D71","40380A3D70A3D70A"
33,2100061223,34,86,1,1.09,"B",24.04,1,"3FF170A3D70A3D71","40380A3D70A3D70A"
33,2100061223,35,315,1,0.99,"",23.33,1,"3FEFAE147AE147AE","4037547AE147AE14"
33,2100061223,36,125,1,1.29,"",41.16,1,"3FF4A3D70A3D70A4","4044947AE147AE14"
33,2100061223,37,123,1,1.29,"",38.14,1,"3FF4A3D70A3D70A4","404311EB851EB852"
33,2100061223,38,141,1,1.29,"",38.14,1,"3FF4A3D70A3D70A4","404311EB851EB852"
33,2100061223,39,117,1,1.29,"",38.14,1,"3FF4A3D70A3D70A4","404311EB851EB852"
33,2100061223,40,402,1,0.89,"B",7.98,1,"3FEC7AE147AE147B","401FEB851EB851EC"
33,2100061223,41,125,1,0.89,"B",7.98,1,"3FEC7AE147AE147B","401FEB851EB851EC"
33,2100061223,42,137,1,0.89,"",7.98,1,"3FEC7AE147AE147B","401FEB851EB851EC"
33,2100061223,43,109,1,1.29,"",31.78,1,"3FF4A3D70A3D70A4","403FC7AE147AE148"
33,2100061223,44,145,1,1.29,"",31.78,1,"3FF4A3D70A3D70A4","403FC7AE147AE148"
33,2100061223,45,105,1,1.29,"",31.16,1,"3FF4A3D70A3D70A4","403F28F5C28F5C29"
33,2100061223,46,113,1,1.29,"",31.16,1,"3FF4A3D70A3D70A4","403F28F5C28F5C29"
33,2100061223,47,147,1,1.29,"",31.16,1,"3FF4A3D70A3D70A4","403F28F5C28F5C29"
33,2100061223,48,113,1,1.29,"",31.16,1,"3FF4A3D70A3D70A4","403F28F5C28F5C29"
33,2100061223,49,119,1,1.29,"",33.26,1,"3FF4A3D70A3D70A4","4040A147AE147AE1"
33,2100061223,50,157,1,1.29,"",33.26,1,"3FF4A3D70A3D70A4","4040A147AE147AE1"
33,2100061223,51,223,1,0.99,"B",15.86,1,"3FEFAE147AE147AE","402FB851EB851EB8"
33,2100061223,52,208,1,0.99,"B",16.06,1,"3FEFAE147AE147AE","40300F5C28F5C28F"
33,2100061223,53,165,1,0.99,"",16.06,1,"3FEFAE147AE147AE","40300F5C28F5C28F"
33,2100061223,54,100,1,1.29,"",35.58,1,"3FF4A3D70A3D70A4","4041CA3D70A3D70A"
33,2100061223,55,91,1,1.29,"",35.58,1,"3FF4A3D70A3D70A4","4041CA3D70A3D70A"
33,2100061223,56,132,1,1.29,"",35.74,1,"3FF4A3D70A3D70A4","4041DEB851EB851F"
33,2100061223,57,222,1,1.29,"",35.74,1,"3FF4A3D70A3D70A4","4041DEB851EB851F"
33,2100061223,58,1002,1,0.65,"S",27.38,1,"3FE4CCCCCCCCCCCD","403B6147AE147AE1"
33,2100061223,59,114,1,1.29,"",35.81,1,"3FF4A3D70A3D70A4","4041E7AE147AE148"
33,2100061223,60,496,1,0.99,"B",16.36,1,"3FEFAE147AE147AE","40305C28F5C28F5C"
33,2100061223,61,106,1,0.99,"",16.36,1,"3FEFAE147AE147AE","40305C28F5C28F5C"
33,2100061223,62,184,1,1.29,"",35.81,1,"3FF4A3D70A3D70A4","4041E7AE147AE148"
33,2100061223,63,252,1,1.29,"",35.81,1,"3FF4A3D70A3D70A4","4041E7AE147AE148"
33,2100061223,64,782,1,0.89,"B",11.12,1,"3FEC7AE147AE147B","40263D70A3D70A3D"
33,2100061223,65,418,1,0.99,"B",16.97,1,"3FEFAE147AE147AE","4030F851EB851EB8"
33,2100061223,66,198,1,0.99,"B",16.97,1,"3FEFAE147AE147AE","4030F851EB851EB8"
33,2100061223,67,134,1,1.3,"B",36.77,1,"3FF4CCCCCCCCCCCD","4042628F5C28F5C3"
33,2100061223,68,224,1,0.89,"B",11.46,1,"3FEC7AE147AE147B","4026EB851EB851EC"
33,2100061223,69,100,1,1.3,"",39.38,1,"3FF4CCCCCCCCCCCD","4043B0A3D70A3D71"
33,2100061223,70,99,1,1.3,"",39.38,1,"3FF4CCCCCCCCCCCD","4043B0A3D70A3D71"
33,2100061223,71,51,1,1.33,"",40.75,1,"3FF547AE147AE148","4044600000000000"
33,2100061223,72,112,1,1.33,"",40.75,1,"3FF547AE147AE148","4044600000000000"
33,2100061223,73,80,1,1.33,"",40.75,1,"3FF547AE147AE148","4044600000000000"
33,2100061223,74,75,1,1.33,"",40.75,1,"3FF547AE147AE148","4044600000000000"
33,2100061223,75,81,1,1.33,"",37.74,1,"3FF547AE147AE148","4042DEB851EB851F"
33,2100061223,76,120,1,1.33,"",37.74,1,"3FF547AE147AE148","4042DEB851EB851F"
33,2100061223,77,137,1,1.33,"",37.74,1,"3FF547AE147AE148","4042DEB851EB851F"
33,2100061223,78,460,1,0.89,"B",7.98,1,"3FEC7AE147AE147B","401FEB851EB851EC"
33,2100061223,79,170,1,0.89,"B",7.98,1,"3FEC7AE147AE147B","401FEB851EB851EC"
33,2100061223,80,86,1,1.33,"",38.27,1,"3FF547AE147AE148","4043228F5C28F5C3"
33,2100061223,81,106,1,1.33,"",37.89,1,"3FF547AE147AE148","4042F1EB851EB852"
33,2100061223,82,98,1,1.33,"",37.89,1,"3FF547AE147AE148","4042F1EB851EB852"
33,2100061223,83,167,1,1.33,"",37.89,1,"3FF547AE147AE148","4042F1EB851EB852"
33,2100061223,84,120,1,1.33,"",37.89,1,"3FF547AE147AE148","4042F1EB851EB852"
33,2100061223,85,164,1,1.33,"",33.23,1,"3FF547AE147AE148","40409D70A3D70A3D"
33,2100061223,86,449,1,0.99,"B",16.46,1,"3FEFAE147AE147AE","403075C28F5C28F6"
33,2100061223,87,176,1,0.99,"",19.39,1,"3FEFAE147AE147AE","403363D70A3D70A4"
33,2100061223,88,192,1,0.99,"B",19.39,1,"3FEFAE147AE147AE","403363D70A3D70A4"
33,2100061223,89,160,1,0.99,"B",16.57,1,"3FEFAE147AE147AE","403091EB851EB852"
33,2100061223,90,111,1,0.99,"B",16.36,1,"3FEFAE147AE147AE","40305C28F5C28F5C"
33,2100061223,91,300,1,0.99,"B",16.36,1,"3FEFAE147AE147AE","40305C28F5C28F5C"
33,2100061223,92,139,1,0.99,"B",16.36,1,"3FEFAE147AE147AE","40305C28F5C28F5C"
33,2100061223,93,82,1,1.33,"",37.74,1,"3FF547AE147AE148","4042DEB851EB851F"
33,2100061223,94,96,1,1.33,"",37.74,1,"3FF547AE147AE148","4042DEB851EB851F"
33,2100061223,95,99,1,1.33,"",37.74,1,"3FF547AE147AE148","4042DEB851EB851F"
33,2100061223,96,92,1,1.33,"",36.47,1,"3FF547AE147AE148","40423C28F5C28F5C"
33,2100061223,97,84,1,1.33,"",33.38,1,"3FF547AE147AE148","4040B0A3D70A3D71"
33,2100061223,98,104,1,1.33,"",33.23,1,"3FF547AE147AE148","40409D70A3D70A3D"
33,2100061223,99,94,1,1.38,"",35.65,1,"3FF6147AE147AE14","4041D33333333333"
33,2100061223,100,85,1,1.44,"",41.25,1,"3FF70A3D70A3D70A","4044A00000000000"
33,2100061223,101,122,1,1.44,"",42.15,1,"3FF70A3D70A3D70A","4045133333333333"
33,2100061223,102,370,1,0.89,"B",6.85,1,"3FEC7AE147AE147B","401B666666666666"
33,2100061223,103,292,1,0.89,"",6.85,1,"3FEC7AE147AE147B","401B666666666666"
33,2100061223,104,138,1,1.01,"",17.92,1,"3FF028F5C28F5C29","4031EB851EB851EC"
33,2100061223,105,76,1,1.42,"",41.61,1,"3FF6B851EB851EB8","4044CE147AE147AE"
33,2100061223,106,100,1,1.32,"",36.81,1,"3FF51EB851EB851F","404267AE147AE148"
33,2100061223,107,190,1,1.09,"S",22.2,1,"3FF170A3D70A3D71","4036333333333333"
33,2100061223,108,94,1,1.38,"",38.33,1,"3FF6147AE147AE14","40432A3D70A3D70A"
33,2100061223,109,77,1,1.38,"",38.33,1,"3FF6147AE147AE14","40432A3D70A3D70A"
33,2100061223,110,61,1,1.38,"",38.33,1,"3FF6147AE147AE14","40432A3D70A3D70A"
33,2100061223,111,150,1,1.09,"",21.55,1,"3FF170A3D70A3D71","40358CCCCCCCCCCD"
33,2100061223,112,885,1,0.89,"B",8.2,1,"3FEC7AE147AE147B","4020666666666666"
33,2100061223,113,277,1,0.95,"B",16.1,1,"3FEE666666666666","403019999999999A"
33,2100061223,114,149,1,1.38,"",42.24,1,"3FF6147AE147AE14","40451EB851EB851F"
33,2100061223,115,303,1,1.14,"",27.28,1,"3FF23D70A3D70A3D","403B47AE147AE148"
33,2100061223,116,384,1,0.99,"B",11.41,1,"3FEFAE147AE147AE","4026D1EB851EB852"
33,2100061223,117,173,1,1.05,"B",15.61,1,"3FF0CCCCCCCCCCCD","402F3851EB851EB8"
33,2100061223,118,72,1,1.38,"",36.23,1,"3FF6147AE147AE14","40421D70A3D70A3D"
33,2100061223,119,205,1,1.19,"B",26.8,1,"3FF30A3D70A3D70A","403ACCCCCCCCCCCD"
33,2100061223,120,132,1,1.21,"B",28.01,1,"3FF35C28F5C28F5C","403C028F5C28F5C3"
33,2100061223,121,55,1,1.38,"",36.88,1,"3FF6147AE147AE14","404270A3D70A3D71"
33,2100061223,122,64,1,1.38,"",36.88,1,"3FF6147AE147AE14","404270A3D70A3D71"
33,2100061223,123,64,1,1.38,"",37.17,1,"3FF6147AE147AE14","404295C28F5C28F6"
33,2100061223,124,65,1,1.38,"",38.55,1,"3FF6147AE147AE14","4043466666666666"
33,2100061223,125,65,1,1.36,"",37.94,1,"3FF5C28F5C28F5C3","4042F851EB851EB8"
33,2100061223,126,86,1,1.35,"",38.66,1,"3FF599999999999A","4043547AE147AE14"
33,2100061223,127,145,1,1.16,"",34.65,1,"3FF28F5C28F5C28F","4041533333333333"
33,2100061223,128,103,1,0.99,"B",23.43,1,"3FEFAE147AE147AE","40376E147AE147AE"
33,2100061223,129,216,1,0.99,"B",23.43,1,"3FEFAE147AE147AE","40376E147AE147AE"
33,2100061223,130,101,1,1.03,"B",21.35,1,"3FF07AE147AE147B","403559999999999A"
33,2100061223,131,240,1,0.99,"B",16.36,1,"3FEFAE147AE147AE","40305C28F5C28F5C"
33,2100061223,132,341,1,0.99,"B",16.36,1,"3FEFAE147AE147AE","40305C28F5C28F5C"
33,2100061223,133,90,1,1.09,"B",24.03,1,"3FF170A3D70A3D71","403807AE147AE148"
33,2100061223,134,141,1,1.15,"",28,1,"3FF2666666666666","403C000000000000"
33,2100061223,135,322,1,0.99,"B",16.36,1,"3FEFAE147AE147AE","40305C28F5C28F5C"
33,2100061223,136,126,1,1.07,"B",22.61,1,"3FF11EB851EB851F","40369C28F5C28F5C"
33,2100061223,137,79,1,1.35,"",38.66,1,"3FF599999999999A","4043547AE147AE14"
33,2100061223,138,78,1,1.35,"",38.66,1,"3FF599999999999A","4043547AE147AE14"
33,2100061223,139,69,1,1.29,"",35.81,1,"3FF4A3D70A3D70A4","4041E7AE147AE148"
33,2100061223,140,82,1,1.22,"",32.13,1,"3FF3851EB851EB85","404010A3D70A3D71"
33,2100061223,141,116,1,1.17,"",29.23,1,"3FF2B851EB851EB8","403D3AE147AE147B"
33,2100061223,142,240,1,1.09,"B",24.12,1,"3FF170A3D70A3D71","40381EB851EB851F"
33,2100061223,143,146,1,1.12,"B",26.16,1,"3FF1EB851EB851EC","403A28F5C28F5C29"
33,2100061223,144,99,1,1.22,"",32.29,1,"3FF3851EB851EB85","4040251EB851EB85"
33,2100061223,145,88,1,1.22,"",32.29,1,"3FF3851EB851EB85","4040251EB851EB85"
33,2100061223,146,96,1,1.22,"",32.29,1,"3FF3851EB851EB85","4040251EB851EB85"
33,2100061223,147,102,1,1.22,"",32.29,1,"3FF3851EB851EB85","4040251EB851EB85"
33,2100061223,148,115,1,1.22,"",32.21,1,"3FF3851EB851EB85","40401AE147AE147B"
33,2100061223,149,134,1,1.22,"",31.39,1,"3FF3851EB851EB85","403F63D70A3D70A4"
33,2100061223,150,96,1,1.21,"",31.73,1,"3FF35C28F5C28F5C","403FBAE147AE147B"
33,2100061223,151,226,1,1.19,"B",30.58,1,"3FF30A3D70A3D70A","403E947AE147AE14"
33,2100061223,152,135,1,1.19,"B",30.58,1,"3FF30A3D70A3D70A","403E947AE147AE14"
33,2100061223,153,73,1,1.22,"",32.29,1,"3FF3851EB851EB85","4040251EB851EB85"
33,2100061223,154,114,1,1.22,"",32.29,1,"3FF3851EB851EB85","4040251EB851EB85"
33,2100061223,155,93,1,1.22,"",32.29,1,"3FF3851EB851EB85","4040251EB851EB85"
33,2100061223,156,104,1,1.22,"",32.29,1,"3FF3851EB851EB85","4040251EB851EB85"
33,2100061223,157,121,1,1.22,"",32.29,1,"3FF3851EB851EB85","4040251EB851EB85"
33,2100061223,158,105,1,1.22,"",32.29,1,"3FF3851EB851EB85","4040251EB851EB85"
33,2100061223,159,128,1,1.22,"",32.29,1,"3FF3851EB851EB85","4040251EB851EB85"
33,2100061223,160,132,1,1.22,"",32.29,1,"3FF3851EB851EB85","4040251EB851EB85"
33,2100061223,161,119,1,1.22,"",32.29,1,"3FF3851EB851EB85","4040251EB851EB85"
33,2100061223,162,474,1,0.99,"B",16.56,1,"3FEFAE147AE147AE","40308F5C28F5C28F"
33,2100061223,163,856,1,0.99,"B",16.56,1,"3FEFAE147AE147AE","40308F5C28F5C28F"
33,2100061223,164,216,1,1.03,"B",19.8,1,"3FF07AE147AE147B","4033CCCCCCCCCCCD"
33,2100061223,165,180,1,1.22,"",32.29,1,"3FF3851EB851EB85","4040251EB851EB85"
33,2100061223,166,201,1,1.22,"",32.29,1,"3FF3851EB851EB85","4040251EB851EB85"
33,2100061223,167,431,1,1.19,"B",30.58,1,"3FF30A3D70A3D70A","403E947AE147AE14"
33,2100061223,168,206,1,1.2,"B",31.16,1,"3FF3333333333333","403F28F5C28F5C29"
33,2100061223,169,146,1,1.22,"",32.29,1,"3FF3851EB851EB85","4040251EB851EB85"
33,2100061223,170,80,1,1.22,"",32.29,1,"3FF3851EB851EB85","4040251EB851EB85"
33,2100061223,171,99,1,1.22,"",32.29,1,"3FF3851EB851EB85","4040251EB851EB85"
33,2100061223,172,239,1,1.09,"B",24.22,1,"3FF170A3D70A3D71","40383851EB851EB8"
33,2100061223,173,164,1,1.11,"B",25.58,1,"3FF1C28F5C28F5C3","4039947AE147AE14"
33,2100061223,174,96,1,1.22,"",32.29,1,"3FF3851EB851EB85","4040251EB851EB85"
33,2100061223,175,79,1,1.19,"",30.58,1,"3FF30A3D70A3D70A","403E947AE147AE14"
33,2100061223,176,122,1,1.09,"B",24.22,1,"3FF170A3D70A3D71","40383851EB851EB8"
33,2100061223,177,119,1,1.09,"B",24.22,1,"3FF170A3D70A3D71","40383851EB851EB8"
33,2100061223,178,146,1,1.09,"B",24.22,1,"3FF170A3D70A3D71","40383851EB851EB8"
33,2100061223,179,126,1,1.13,"B",26.9,1,"3FF2147AE147AE14","403AE66666666666"
33,2100061223,180,100,1,1.19,"",30.58,1,"3FF30A3D70A3D70A","403E947AE147AE14"
33,2100061223,181,122,1,0.99,"B",16.56,1,"3FEFAE147AE147AE","40308F5C28F5C28F"
33,2100061223,182,494,1,0.99,"B",16.56,1,"3FEFAE147AE147AE","40308F5C28F5C28F"
33,2100061223,183,83,1,1.21,"B",31.73,1,"3FF35C28F5C28F5C","403FBAE147AE147B"
33,2100061223,184,64,1,1.14,"",27.54,1,"3FF23D70A3D70A3D","403B8A3D70A3D70A"
33,2100061223,185,80,1,0.99,"B",16.56,1,"3FEFAE147AE147AE","40308F5C28F5C28F"
