cmov.csv
"STORE","UPC","WEEK","MOVE","QTY","PRICE","SALE","PROFIT","OK","PRICE_HEX","PROFIT_HEX"
33,2100061223,186,94,1,1.06,"B",22.07,1,"3FF0F5C28F5C28F6","403611EB851EB852"
33,2100061223,187,132,1,1.19,"B",30.58,1,"3FF30A3D70A3D70A","403E947AE147AE14"
33,2100061223,188,89,1,1.19,"B",30.58,1,"3FF30A3D70A3D70A","403E947AE147AE14"
33,2100061223,189,256,1,0.99,"S",16.56,1,"3FEFAE147AE147AE","40308F5C28F5C28F"
33,2100061223,190,106,1,1.22,"",32.29,1,"3FF3851EB851EB85","4040251EB851EB85"
33,2100061223,191,83,1,1.26,"",34.44,1,"3FF428F5C28F5C29","40413851EB851EB8"
33,2100061223,192,78,1,1.35,"",38.81,1,"3FF599999999999A","404367AE147AE148"
33,2100061223,193,79,1,1.35,"",38.81,1,"3FF599999999999A","404367AE147AE148"
33,2100061223,194,272,1,0.99,"S",16.56,1,"3FEFAE147AE147AE","40308F5C28F5C28F"
33,2100061223,195,105,1,1.35,"",38.81,1,"3FF599999999999A","404367AE147AE148"
33,2100061223,196,66,1,1.35,"",37.62,1,"3FF599999999999A","4042CF5C28F5C28F"
33,2100061223,197,67,1,1.35,"",34.96,1,"3FF599999999999A","40417AE147AE147B"
33,2100061223,198,74,1,1.35,"",34.59,1,"3FF599999999999A","40414B851EB851EC"
33,2100061223,199,83,1,1.35,"",34.51,1,"3FF599999999999A","40414147AE147AE1"
33,2100061223,200,84,1,1.35,"",36.44,1,"3FF599999999999A","40423851EB851EB8"
33,2100061223,201,69,1,1.35,"",38.81,1,"3FF599999999999A","404367AE147AE148"
33,2100061223,202,200,1,1.09,"B",24.22,1,"3FF170A3D70A3D71","40383851EB851EB8"
33,2100061223,203,163,1,1.13,"B",26.9,1,"3FF2147AE147AE14","403AE66666666666"
33,2100061223,204,73,1,1.35,"",38.81,1,"3FF599999999999A","404367AE147AE148"
33,2100061223,205,118,1,1.35,"",38.81,1,"3FF599999999999A","404367AE147AE148"
33,2100061223,206,345,1,0.99,"S",16.56,1,"3FEFAE147AE147AE","40308F5C28F5C28F"
33,2100061223,207,90,1,1.31,"",36.94,1,"3FF4F5C28F5C28F6","40427851EB851EB8"
33,2100061223,208,87,1,1.18,"B",30,1,"3FF2E147AE147AE1","403E000000000000"
33,2100061223,209,72,1,1.33,"",37.89,1,"3FF547AE147AE148","4042F1EB851EB852"
33,2100061223,210,95,1,1.29,"B",35.96,1,"3FF4A3D70A3D70A4","4041FAE147AE147B"
33,2100061223,211,316,1,0.99,"B",16.56,1,"3FEFAE147AE147AE","40308F5C28F5C28F"
33,2100061223,212,156,1,1.03,"B",19.8,1,"3FF07AE147AE147B","4033CCCCCCCCCCCD"
33,2100061223,213,88,1,1.35,"",38.81,1,"3FF599999999999A","404367AE147AE148"
33,2100061223,214,76,1,1.35,"",38.81,1,"3FF599999999999A","404367AE147AE148"
33,2100061223,215,129,1,1.05,"S",21.33,1,"3FF0CCCCCCCCCCCD","4035547AE147AE14"
33,2100061223,216,120,1,1.35,"",38.81,1,"3FF599999999999A","404367AE147AE148"
33,2100061223,217,154,1,1.35,"",64.66,1,"3FF599999999999A","40502A3D70A3D70A"
33,2100061223,218,1487,1,0.5,"",-54.2,1,"3FE0000000000000","C04B19999999999A"
33,2100061223,219,438,1,0.63,"B",-31.11,1,"3FE428F5C28F5C29","C03F1C28F5C28F5C"
33,2100061223,220,209,1,1.35,"",38.81,1,"3FF599999999999A","404367AE147AE148"
33,2100061223,221,67,1,1.35,"",38.81,1,"3FF599999999999A","404367AE147AE148"
33,2100061223,222,88,1,1.35,"",38.81,1,"3FF599999999999A","404367AE147AE148"
33,2100061223,223,270,1,0.99,"S",16.56,1,"3FEFAE147AE147AE","40308F5C28F5C28F"
33,2100061223,224,92,1,1.34,"",38.35,1,"3FF570A3D70A3D71","40432CCCCCCCCCCD"
33,2100061223,225,75,1,1.33,"",37.89,1,"3FF547AE147AE148","4042F1EB851EB852"
33,2100061223,226,87,1,1.33,"",37.89,1,"3FF547AE147AE148","4042F1EB851EB852"
33,2100061223,227,75,1,1.33,"",37.89,1,"3FF547AE147AE148","4042F1EB851EB852"
33,2100061223,228,87,1,1.33,"",37.89,1,"3FF547AE147AE148","4042F1EB851EB852"
33,2100061223,229,296,1,0.99,"",16.56,1,"3FEFAE147AE147AE","40308F5C28F5C28F"
33,2100061223,230,136,1,1.28,"S",35.46,1,"3FF47AE147AE147B","4041BAE147AE147B"
33,2100061223,231,77,1,1.33,"",37.89,1,"3FF547AE147AE148","4042F1EB851EB852"
33,2100061223,232,859,1,0.5,"",-65.2,1,"3FE0000000000000","C0504CCCCCCCCCCD"
33,2100061223,233,101,1,1.18,"",30,1,"3FF2E147AE147AE1","403E000000000000"
33,2100061223,234,81,1,1.33,"",37.89,1,"3FF547AE147AE148","4042F1EB851EB852"
33,2100061223,235,84,1,1.33,"",37.89,1,"3FF547AE147AE148","4042F1EB851EB852"
33,2100061223,236,73,1,1.33,"",37.89,1,"3FF547AE147AE148","4042F1EB851EB852"
33,2100061223,237,389,1,0.99,"",25.55,1,"3FEFAE147AE147AE","40398CCCCCCCCCCD"
33,2100061223,238,122,1,1.29,"S",43.72,1,"3FF4A3D70A3D70A4","4045DC28F5C28F5C"
33,2100061223,239,64,1,1.33,"",45.41,1,"3FF547AE147AE148","4046B47AE147AE14"
33,2100061223,240,226,1,0.99,"S",26.66,1,"3FEFAE147AE147AE","403AA8F5C28F5C29"
33,2100061223,241,89,1,1.32,"S",45,1,"3FF51EB851EB851F","4046800000000000"
33,2100061223,242,86,1,1.33,"",45.41,1,"3FF547AE147AE148","4046B47AE147AE14"
33,2100061223,243,77,1,1.33,"",45.41,1,"3FF547AE147AE148","4046B47AE147AE14"
33,2100061223,244,66,1,1.33,"",45.41,1,"3FF547AE147AE148","4046B47AE147AE14"
33,2100061223,245,245,1,0.99,"",26.66,1,"3FEFAE147AE147AE","403AA8F5C28F5C29"
33,2100061223,246,74,1,1.32,"S",45,1,"3FF51EB851EB851F","4046800000000000"
33,2100061223,247,57,1,1.33,"",45.41,1,"3FF547AE147AE148","4046B47AE147AE14"
33,2100061223,248,81,1,1.33,"",45.41,1,"3FF547AE147AE148","4046B47AE147AE14"
33,2100061223,249,86,1,1.33,"",44.96,1,"3FF547AE147AE148","40467AE147AE147B"
33,2100061223,250,78,1,1.33,"",42.25,1,"3FF547AE147AE148","4045200000000000"
33,2100061223,251,377,1,0.99,"S",25.85,1,"3FEFAE147AE147AE","4039D9999999999A"
33,2100061223,252,68,1,1.28,"S",38.04,1,"3FF47AE147AE147B","4043051EB851EB85"
33,2100061223,253,56,1,1.33,"",37.89,1,"3FF547AE147AE148","4042F1EB851EB852"
33,2100061223,254,73,1,1.33,"",37.89,1,"3FF547AE147AE148","4042F1EB851EB852"
33,2100061223,255,107,1,1.33,"",37.74,1,"3FF547AE147AE148","4042DEB851EB851F"
33,2100061223,256,104,1,0.92,"",5.27,1,"3FED70A3D70A3D71","4015147AE147AE14"
33,2100061223,257,344,1,0.98,"S",11.24,1,"3FEF5C28F5C28F5C","40267AE147AE147B"
33,2100061223,258,70,1,1.32,"S",37.21,1,"3FF51EB851EB851F","40429AE147AE147B"
33,2100061223,259,65,1,1.33,"",37.31,1,"3FF547AE147AE148","4042A7AE147AE148"
33,2100061223,260,62,1,1.33,"",39.68,1,"3FF547AE147AE148","4043D70A3D70A3D7"
33,2100061223,261,54,1,1.33,"",37.52,1,"3FF547AE147AE148","4042C28F5C28F5C3"
33,2100061223,262,294,1,0.99,"",14.83,1,"3FEFAE147AE147AE","402DA8F5C28F5C29"
33,2100061223,263,79,1,1.33,"",37.28,1,"3FF547AE147AE148","4042A3D70A3D70A4"
33,2100061223,264,53,1,1.33,"",39.04,1,"3FF547AE147AE148","4043851EB851EB85"
33,2100061223,265,57,1,1.33,"",38.87,1,"3FF547AE147AE148","40436F5C28F5C28F"
33,2100061223,266,370,1,1.09,"",34.85,1,"3FF170A3D70A3D71","40416CCCCCCCCCCD"
33,2100061223,267,126,1,1.25,"S",37.49,1,"3FF4000000000000","4042BEB851EB851F"
33,2100061223,268,92,1,1.33,"",37.96,1,"3FF547AE147AE148","4042FAE147AE147B"
33,2100061223,269,125,1,1.33,"",37.35,1,"3FF547AE147AE148","4042ACCCCCCCCCCD"
33,2100061223,270,79,1,1.33,"",37.82,1,"3FF547AE147AE148","4042E8F5C28F5C29"
33,2100061223,271,559,1,0.79,"B",3.42,1,"3FE947AE147AE148","400B5C28F5C28F5C"
33,2100061223,272,197,1,1.32,"B",37.5,1,"3FF51EB851EB851F","4042C00000000000"
33,2100061223,273,125,1,1.33,"",37.35,1,"3FF547AE147AE148","4042ACCCCCCCCCCD"
33,2100061223,274,79,1,1.33,"",37.82,1,"3FF547AE147AE148","4042E8F5C28F5C29"
33,2100061223,275,74,1,1.33,"",36.53,1,"3FF547AE147AE148","404243D70A3D70A4"
33,2100061223,276,90,1,1.33,"",36.69,1,"3FF547AE147AE148","40425851EB851EB8"
33,2100061223,277,90,1,1.33,"",36.8,1,"3FF547AE147AE148","4042666666666666"
33,2100061223,278,126,1,1.33,"",37.13,1,"3FF547AE147AE148","404290A3D70A3D71"
33,2100061223,279,90,1,1.33,"",37.57,1,"3FF547AE147AE148","4042C8F5C28F5C29"
33,2100061223,280,537,1,0.79,"B",19.1,1,"3FE947AE147AE148","403319999999999A"
33,2100061223,281,536,1,0.79,"B",14.65,1,"3FE947AE147AE148","402D4CCCCCCCCCCD"
33,2100061223,282,83,1,1.27,"B",36.14,1,"3FF451EB851EB852","404211EB851EB852"
33,2100061223,283,77,1,1.33,"",38.64,1,"3FF547AE147AE148","404351EB851EB852"
33,2100061223,284,80,1,1.33,"",38.64,1,"3FF547AE147AE148","404351EB851EB852"
33,2100061223,285,109,1,1.33,"",38.38,1,"3FF547AE147AE148","404330A3D70A3D71"
33,2100061223,286,561,1,0.79,"",-6.25,1,"3FE947AE147AE148","C019000000000000"
33,2100061223,287,67,1,1.25,"S",29.87,1,"3FF4000000000000","403DDEB851EB851F"
33,2100061223,288,90,1,1.33,"",33.18,1,"3FF547AE147AE148","4040970A3D70A3D7"
33,2100061223,289,73,1,1.33,"",32.03,1,"3FF547AE147AE148","404003D70A3D70A4"
33,2100061223,290,92,1,1.33,"",32.2,1,"3FF547AE147AE148","404019999999999A"
33,2100061223,291,108,1,1.2,"",31.13,1,"3FF3333333333333","403F2147AE147AE1"
33,2100061223,292,326,1,0.99,"B",20.81,1,"3FEFAE147AE147AE","4034CF5C28F5C28F"
33,2100061223,293,178,1,1.02,"B",19.65,1,"3FF051EB851EB852","4033A66666666666"
33,2100061223,294,74,1,1.33,"",33.7,1,"3FF547AE147AE148","4040D9999999999A"
33,2100061223,295,73,1,1.33,"",32.55,1,"3FF547AE147AE148","4040466666666666"
33,2100061223,296,86,1,1.33,"",31.56,1,"3FF547AE147AE148","403F8F5C28F5C28F"
33,2100061223,297,58,1,1.33,"",31.1,1,"3FF547AE147AE148","403F19999999999A"
33,2100061223,298,84,1,1.2,"",23.44,1,"3FF3333333333333","403770A3D70A3D71"
33,2100061223,299,227,1,0.99,"B",7.17,1,"3FEFAE147AE147AE","401CAE147AE147AE"
33,2100061223,300,129,1,1,"B",15.54,1,"3FF0000000000000","402F147AE147AE14"
33,2100061223,301,150,1,1.09,"B",30.36,1,"3FF170A3D70A3D71","403E5C28F5C28F5C"
33,2100061223,302,79,1,1.16,"B",30.03,1,"3FF28F5C28F5C28F","403E07AE147AE148"
33,2100061223,303,78,1,1.33,"",37.9,1,"3FF547AE147AE148","4042F33333333333"
33,2100061223,304,254,1,0.96,"B",39.04,1,"3FEEB851EB851EB8","4043851EB851EB85"
33,2100061223,305,147,1,0.98,"B",32.75,1,"3FEF5C28F5C28F5C","4040600000000000"
33,2100061223,306,81,1,1.33,"",30.9,1,"3FF547AE147AE148","403EE66666666666"
33,2100061223,307,91,1,1.33,"",30.9,1,"3FF547AE147AE148","403EE66666666666"
33,2100061223,308,90,1,1.33,"",30.9,1,"3FF547AE147AE148","403EE66666666666"
33,2100061223,309,81,1,1.33,"",30.9,1,"3FF547AE147AE148","403EE66666666666"
33,2100061223,310,90,1,1.35,"",32.39,1,"3FF599999999999A","404031EB851EB852"
33,2100061223,311,75,1,1.45,"",42.68,1,"3FF7333333333333","4045570A3D70A3D7"
33,2100061223,312,1347,1,0.72,"B",18.26,1,"3FE70A3D70A3D70A","4032428F5C28F5C3"
33,2100061223,313,212,1,1.07,"",40.89,1,"3FF11EB851EB851F","404471EB851EB852"
33,2100061223,314,162,1,0.99,"B",22.32,1,"3FEFAE147AE147AE","403651EB851EB852"
33,2100061223,315,221,1,1.08,"B",34.74,1,"3FF147AE147AE148","40415EB851EB851F"
33,2100061223,316,729,1,0.79,"B",25.69,1,"3FE947AE147AE148","4039B0A3D70A3D71"
33,2100061223,317,634,1,0.79,"B",25.34,1,"3FE947AE147AE148","4039570A3D70A3D7"
33,2100061223,318,364,1,0.98,"S",6.48,1,"3FEF5C28F5C28F5C","4019EB851EB851EC"
33,2100061223,319,112,1,1.43,"",36.07,1,"3FF6E147AE147AE1","404208F5C28F5C29"
33,2100061223,320,66,1,1.45,"",47.07,1,"3FF7333333333333","404788F5C28F5C29"
33,2100061223,321,337,1,0.99,"S",32.42,1,"3FEFAE147AE147AE","404035C28F5C28F6"
33,2100061223,322,83,1,1.43,"",41.78,1,"3FF6E147AE147AE1","4044E3D70A3D70A4"
33,2100061223,323,56,1,1.45,"",36.62,1,"3FF7333333333333","40424F5C28F5C28F"
33,2100061223,324,73,1,1.45,"",36.62,1,"3FF7333333333333","40424F5C28F5C28F"
33,2100061223,325,89,1,1.45,"",36.62,1,"3FF7333333333333","40424F5C28F5C28F"
33,2100061223,326,64,1,1.45,"",36.62,1,"3FF7333333333333","40424F5C28F5C28F"
33,2100061223,327,74,1,1.45,"",36.62,1,"3FF7333333333333","40424F5C28F5C28F"
33,2100061223,328,57,1,1.45,"",36.62,1,"3FF7333333333333","40424F5C28F5C28F"
33,2100061223,329,63,1,1.45,"",36.62,1,"3FF7333333333333","40424F5C28F5C28F"
33,2100061223,330,318,1,0.99,"S",32.71,1,"3FEFAE147AE147AE","40405AE147AE147B"
33,2100061223,331,237,1,0.89,"B",28.01,1,"3FEC7AE147AE147B","403C028F5C28F5C3"
33,2100061223,332,301,1,0.89,"B",33.82,1,"3FEC7AE147AE147B","4040E8F5C28F5C29"
33,2100061223,333,68,1,1.44,"",54.71,1,"3FF70A3D70A3D70A","404B5AE147AE147B"
33,2100061223,334,357,1,0.99,"S",25.45,1,"3FEFAE147AE147AE","4039733333333333"
33,2100061223,335,48,1,1.44,"",44,1,"3FF70A3D70A3D70A","4046000000000000"
33,2100061223,336,59,1,1.45,"",36.62,1,"3FF7333333333333","40424F5C28F5C28F"
33,2100061223,337,71,1,1.45,"",41.42,1,"3FF7333333333333","4044B5C28F5C28F6"
33,2100061223,338,391,1,0.79,"S",25.44,1,"3FE947AE147AE148","403970A3D70A3D71"
33,2100061223,339,59,1,1.42,"",48.55,1,"3FF6B851EB851EB8","4048466666666666"
33,2100061223,340,46,1,1.45,"",36.62,1,"3FF7333333333333","40424F5C28F5C28F"
33,2100061223,341,51,1,1.45,"",36.62,1,"3FF7333333333333","40424F5C28F5C28F"
33,2100061223,342,48,1,1.45,"",36.62,1,"3FF7333333333333","40424F5C28F5C28F"
33,2100061223,343,45,1,1.45,"",36.62,1,"3FF7333333333333","40424F5C28F5C28F"
33,2100061223,344,441,1,0.79,"S",17.29,1,"3FE947AE147AE148","40314A3D70A3D70A"
33,2100061223,345,114,1,1.05,"",39.03,1,"3FF0CCCCCCCCCCCD","404383D70A3D70A4"
33,2100061223,346,74,1,1.45,"",36.62,1,"3FF7333333333333","40424F5C28F5C28F"
33,2100061223,347,83,1,1.45,"",36.62,1,"3FF7333333333333","40424F5C28F5C28F"
33,2100061223,348,85,1,1.45,"",36.62,1,"3FF7333333333333","40424F5C28F5C28F"
33,2100061223,349,40,1,1.45,"",36.62,1,"3FF7333333333333","40424F5C28F5C28F"
33,2100061223,350,130,1,1.45,"",36.62,1,"3FF7333333333333","40424F5C28F5C28F"
33,2100061223,351,62,1,1.45,"",36.62,1,"3FF7333333333333","40424F5C28F5C28F"
33,2100061223,352,41,1,1.45,"",36.62,1,"3FF7333333333333","40424F5C28F5C28F"
33,2100061223,353,268,1,0.99,"S",19.65,1,"3FEFAE147AE147AE","4033A66666666666"
33,2100061223,354,52,1,1.43,"",40.67,1,"3FF6E147AE147AE1","404455C28F5C28F6"
33,2100061223,355,85,1,1.45,"",36.62,1,"3FF7333333333333","40424F5C28F5C28F"
33,2100061223,356,392,1,0.99,"S",11.85,1,"3FEFAE147AE147AE","4027B33333333333"
33,2100061223,357,55,1,1.42,"",42.65,1,"3FF6B851EB851EB8","4045533333333333"
33,2100061223,358,51,1,1.45,"",36.62,1,"3FF7333333333333","40424F5C28F5C28F"
33,2100061223,359,51,1,1.45,"",36.62,1,"3FF7333333333333","40424F5C28F5C28F"
33,2100061223,360,91,1,1.49,"",38.39,1,"3FF7D70A3D70A3D7","404331EB851EB852"
33,2100061223,361,130,1,1.55,"",40.7,1,"3FF8CCCCCCCCCCCD","404459999999999A"
33,2100061223,362,78,1,1.55,"",40.93,1,"3FF8CCCCCCCCCCCD","4044770A3D70A3D7"
33,2100061223,363,65,1,1.55,"",42,1,"3FF8CCCCCCCCCCCD","4045000000000000"
33,2100061223,364,61,1,1.55,"",41.07,1,"3FF8CCCCCCCCCCCD","404488F5C28F5C29"
33,2100061223,365,87,1,1.55,"",39.69,1,"3FF8CCCCCCCCCCCD","4043D851EB851EB8"
33,2100061223,366,800,1,0.89,"S",1.66,1,"3FEC7AE147AE147B","3FFA8F5C28F5C28F"
33,2100061223,367,175,1,1.18,"",31.3,1,"3FF2E147AE147AE1","403F4CCCCCCCCCCD"
33,2100061223,368,200,1,1.55,"",39.13,1,"3FF8CCCCCCCCCCCD","404390A3D70A3D71"
33,2100061223,369,203,1,1.55,"",43.73,1,"3FF8CCCCCCCCCCCD","4045DD70A3D70A3D"
33,2100061223,370,832,1,1.29,"S",38.47,1,"3FF4A3D70A3D70A4","40433C28F5C28F5C"
33,2100061223,371,203,1,1.55,"",42.01,1,"3FF8CCCCCCCCCCCD","40450147AE147AE1"
33,2100061223,372,55,1,1.55,"",39.74,1,"3FF8CCCCCCCCCCCD","4043DEB851EB851F"
33,2100061223,373,71,1,1.55,"",42.49,1,"3FF8CCCCCCCCCCCD","40453EB851EB851F"
33,2100061223,374,385,1,0.99,"B",25.05,1,"3FEFAE147AE147AE","40390CCCCCCCCCCD"
33,2100061223,375,300,1,0.99,"B",25.05,1,"3FEFAE147AE147AE","40390CCCCCCCCCCD"
33,2100061223,376,84,1,1.55,"",45.06,1,"3FF8CCCCCCCCCCCD","404687AE147AE148"
33,2100061223,377,84,1,1.55,"",45.06,1,"3FF8CCCCCCCCCCCD","404687AE147AE148"
33,2100061223,378,130,1,1.55,"",35.93,1,"3FF8CCCCCCCCCCCD","4041F70A3D70A3D7"
33,2100061223,379,65,1,1.55,"",35.93,1,"3FF8CCCCCCCCCCCD","4041F70A3D70A3D7"
33,2100061223,380,54,1,1.55,"",35.93,1,"3FF8CCCCCCCCCCCD","4041F70A3D70A3D7"
33,2100061223,381,69,1,1.55,"",36.87,1,"3FF8CCCCCCCCCCCD","40426F5C28F5C28F"
33,2100061223,382,62,1,1.55,"",44.88,1,"3FF8CCCCCCCCCCCD","404670A3D70A3D71"
33,2100061223,383,62,1,1.55,"",44.88,1,"3FF8CCCCCCCCCCCD","404670A3D70A3D71"
33,2100061223,384,700,1,1.36,"B",36.36,1,"3FF5C28F5C28F5C3","40422E147AE147AE"
33,2100061223,385,66,1,1.55,"",45.92,1,"3FF8CCCCCCCCCCCD","4046F5C28F5C28F6"
33,2100061223,386,44,1,1.48,"",41.21,1,"3FF7AE147AE147AE","40449AE147AE147B"
33,2100061223,387,231,1,1.29,"S",32.32,1,"3FF4A3D70A3D70A4","404028F5C28F5C29"
33,2100061223,388,324,1,1.29,"S",46.54,1,"3FF4A3D70A3D70A4","4047451EB851EB85"
40,2100061223,1,646,1,0.99,"B",16.46,1,"3FEFAE147AE147AE","403075C28F5C28F6"
40,2100061223,2,495,1,0.99,"B",16.46,1,"3FEFAE147AE147AE","403075C28F5C28F6"
40,2100061223,3,498,1,0.99,"B",17.68,1,"3FEFAE147AE147AE","4031AE147AE147AE"
40,2100061223,4,203,1,0.99,"",17.68,1,"3FEFAE147AE147AE","4031AE147AE147AE"
40,2100061223,5,743,1,0.89,"B",7.75,1,"3FEC7AE147AE147B","401F000000000000"
40,2100061223,6,215,1,1.03,"",18.35,1,"3FF07AE147AE147B","403259999999999A"
40,2100061223,7,310,1,1.03,"",19.61,1,"3FF07AE147AE147B","40339C28F5C28F5C"
40,2100061223,8,850,1,0.99,"B",16.36,1,"3FEFAE147AE147AE","40305C28F5C28F5C"
40,2100061223,9,413,1,0.99,"B",16.36,1,"3FEFAE147AE147AE","40305C28F5C28F5C"
40,2100061223,10,1419,1,0.99,"",16.36,1,"3FEFAE147AE147AE","40305C28F5C28F5C"
40,2100061223,11,1674,1,0.99,"B",16.36,1,"3FEFAE147AE147AE","40305C28F5C28F5C"
40,2100061223,12,669,1,0.99,"B",16.36,1,"3FEFAE147AE147AE","40305C28F5C28F5C"
40,2100061223,13,209,1,1.17,"",29.23,1,"3FF2B851EB851EB8","403D3AE147AE147B"
40,2100061223,14,169,1,1.17,"",29.23,1,"3FF2B851EB851EB8","403D3AE147AE147B"
40,2100061223,15,260,1,1.17,"",29.23,1,"3FF2B851EB851EB8","403D3AE147AE147B"
40,2100061223,16,552,1,0.99,"",16.36,1,"3FEFAE147AE147AE","40305C28F5C28F5C"
40,2100061223,17,326,1,0.99,"B",16.36,1,"3FEFAE147AE147AE","40305C28F5C28F5C"
40,2100061223,18,443,1,1.17,"",29.23,1,"3FF2B851EB851EB8","403D3AE147AE147B"
40,2100061223,19,248,1,1.17,"",29.23,1,"3FF2B851EB851EB8","403D3AE147AE147B"
40,2100061223,20,189,1,1.17,"",24.1,1,"3FF2B851EB851EB8","403819999999999A"
40,2100061223,21,213,1,1.17,"",24.1,1,"3FF2B851EB851EB8","403819999999999A"
40,2100061223,22,176,1,1.17,"",24.1,1,"3FF2B851EB851EB8","403819999999999A"
40,2100061223,23,243,1,1.17,"",24.1,1,"3FF2B851EB851EB8","403819999999999A"
40,2100061223,24,208,1,1.27,"",30.08,1,"3FF451EB851EB852","403E147AE147AE14"
40,2100061223,25,293,1,1.17,"",29.23,1,"3FF2B851EB851EB8","403D3AE147AE147B"
40,2100061223,26,863,1,0.99,"B",16.36,1,"3FEFAE147AE147AE","40305C28F5C28F5C"
40,2100061223,27,684,1,0.99,"B",16.36,1,"3FEFAE147AE147AE","40305C28F5C28F5C"
40,2100061223,28,158,1,1.17,"",29.23,1,"3FF2B851EB851EB8","403D3AE147AE147B"
