cmov.csv
"STORE","UPC","WEEK","MOVE","QTY","PRICE","SALE","PROFIT","OK","PRICE_HEX","PROFIT_HEX"
40,2100061223,29,249,1,1.17,"",29.23,1,"3FF2B851EB851EB8","403D3AE147AE147B"
40,2100061223,30,156,1,1.17,"",29.23,1,"3FF2B851EB851EB8","403D3AE147AE147B"
40,2100061223,31,323,1,1.09,"B",24.04,1,"3FF170A3D70A3D71","40380A3D70A3D70A"
40,2100061223,32,215,1,1.09,"B",24.04,1,"3FF170A3D70A3D71","40380A3D70A3D70A"
40,2100061223,33,239,1,1.17,"",35.13,1,"3FF2B851EB851EB8","404190A3D70A3D71"
40,2100061223,34,216,1,1.17,"",31.79,1,"3FF2B851EB851EB8","403FCA3D70A3D70A"
40,2100061223,35,233,1,1.17,"",31.79,1,"3FF2B851EB851EB8","403FCA3D70A3D70A"
40,2100061223,36,174,1,1.17,"",31.79,1,"3FF2B851EB851EB8","403FCA3D70A3D70A"
40,2100061223,37,1234,1,0.89,"B",7.98,1,"3FEC7AE147AE147B","401FEB851EB851EC"
40,2100061223,38,620,1,0.89,"B",7.98,1,"3FEC7AE147AE147B","401FEB851EB851EC"
40,2100061223,39,165,1,1.21,"",26.61,1,"3FF35C28F5C28F5C","403A9C28F5C28F5C"
40,2100061223,40,193,1,1.21,"",28.84,1,"3FF35C28F5C28F5C","403CD70A3D70A3D7"
40,2100061223,41,189,1,1.21,"",28.84,1,"3FF35C28F5C28F5C","403CD70A3D70A3D7"
40,2100061223,42,815,1,0.99,"B",15.86,1,"3FEFAE147AE147AE","402FB851EB851EB8"
40,2100061223,43,305,1,0.99,"B",16.06,1,"3FEFAE147AE147AE","40300F5C28F5C28F"
40,2100061223,44,295,1,0.99,"",16.06,1,"3FEFAE147AE147AE","40300F5C28F5C28F"
40,2100061223,45,186,1,1.21,"",31.32,1,"3FF35C28F5C28F5C","403F51EB851EB852"
40,2100061223,46,204,1,1.21,"",31.32,1,"3FF35C28F5C28F5C","403F51EB851EB852"
40,2100061223,47,196,1,1.21,"",31.49,1,"3FF35C28F5C28F5C","403F7D70A3D70A3D"
40,2100061223,48,426,1,1.21,"",31.49,1,"3FF35C28F5C28F5C","403F7D70A3D70A3D"
40,2100061223,49,3217,1,0.65,"S",27.38,1,"3FE4CCCCCCCCCCCD","403B6147AE147AE1"
40,2100061223,50,191,1,1.21,"",31.57,1,"3FF35C28F5C28F5C","403F91EB851EB852"
40,2100061223,51,1500,1,0.99,"B",16.36,1,"3FEFAE147AE147AE","40305C28F5C28F5C"
40,2100061223,52,257,1,0.99,"",16.36,1,"3FEFAE147AE147AE","40305C28F5C28F5C"
40,2100061223,53,321,1,1.21,"",31.57,1,"3FF35C28F5C28F5C","403F91EB851EB852"
40,2100061223,54,220,1,1.21,"",31.57,1,"3FF35C28F5C28F5C","403F91EB851EB852"
40,2100061223,55,2224,1,0.89,"B",11.12,1,"3FEC7AE147AE147B","40263D70A3D70A3D"
40,2100061223,56,942,1,1.21,"B",32.48,1,"3FF35C28F5C28F5C","40403D70A3D70A3D"
40,2100061223,57,524,1,0.99,"B",16.97,1,"3FEFAE147AE147AE","4030F851EB851EB8"
40,2100061223,58,240,1,0.99,"B",16.97,1,"3FEFAE147AE147AE","4030F851EB851EB8"
40,2100061223,59,171,1,1.13,"B",27.26,1,"3FF2147AE147AE14","403B428F5C28F5C3"
40,2100061223,60,478,1,0.89,"B",11.46,1,"3FEC7AE147AE147B","4026EB851EB851EC"
40,2100061223,61,227,1,1.13,"",30.27,1,"3FF2147AE147AE14","403E451EB851EB85"
40,2100061223,62,198,1,1.13,"",30.27,1,"3FF2147AE147AE14","403E451EB851EB85"
40,2100061223,63,204,1,1.13,"",30.27,1,"3FF2147AE147AE14","403E451EB851EB85"
40,2100061223,64,182,1,1.13,"",30.27,1,"3FF2147AE147AE14","403E451EB851EB85"
40,2100061223,65,123,1,1.13,"",26.73,1,"3FF2147AE147AE14","403ABAE147AE147B"
40,2100061223,66,195,1,1.13,"",26.73,1,"3FF2147AE147AE14","403ABAE147AE147B"
40,2100061223,67,418,1,1.13,"",26.73,1,"3FF2147AE147AE14","403ABAE147AE147B"
40,2100061223,68,1322,1,0.89,"B",7.98,1,"3FEC7AE147AE147B","401FEB851EB851EC"
40,2100061223,69,324,1,0.89,"B",7.98,1,"3FEC7AE147AE147B","401FEB851EB851EC"
40,2100061223,70,153,1,1.13,"",27.35,1,"3FF2147AE147AE14","403B59999999999A"
40,2100061223,71,98,1,1.13,"",26.9,1,"3FF2147AE147AE14","403AE66666666666"
40,2100061223,72,159,1,1.13,"",26.9,1,"3FF2147AE147AE14","403AE66666666666"
40,2100061223,73,209,1,1.13,"",26.9,1,"3FF2147AE147AE14","403AE66666666666"
40,2100061223,74,174,1,1.13,"",26.9,1,"3FF2147AE147AE14","403AE66666666666"
40,2100061223,75,192,1,1.13,"",21.42,1,"3FF2147AE147AE14","40356B851EB851EC"
40,2100061223,76,777,1,0.99,"B",16.46,1,"3FEFAE147AE147AE","403075C28F5C28F6"
40,2100061223,77,336,1,0.99,"",19.39,1,"3FEFAE147AE147AE","403363D70A3D70A4"
40,2100061223,78,205,1,0.99,"B",19.39,1,"3FEFAE147AE147AE","403363D70A3D70A4"
40,2100061223,79,268,1,0.99,"B",16.57,1,"3FEFAE147AE147AE","403091EB851EB852"
40,2100061223,80,214,1,0.99,"B",16.36,1,"3FEFAE147AE147AE","40305C28F5C28F5C"
40,2100061223,81,586,1,0.99,"B",16.36,1,"3FEFAE147AE147AE","40305C28F5C28F5C"
40,2100061223,82,258,1,0.99,"B",16.36,1,"3FEFAE147AE147AE","40305C28F5C28F5C"
40,2100061223,83,234,1,1.13,"",26.73,1,"3FF2147AE147AE14","403ABAE147AE147B"
40,2100061223,84,177,1,1.13,"",26.73,1,"3FF2147AE147AE14","403ABAE147AE147B"
40,2100061223,85,191,1,1.13,"",26.73,1,"3FF2147AE147AE14","403ABAE147AE147B"
40,2100061223,86,144,1,1.13,"",25.22,1,"3FF2147AE147AE14","40393851EB851EB8"
40,2100061223,87,154,1,1.13,"",21.59,1,"3FF2147AE147AE14","4035970A3D70A3D7"
40,2100061223,88,140,1,1.13,"",21.42,1,"3FF2147AE147AE14","40356B851EB851EC"
40,2100061223,89,199,1,1.18,"",24.75,1,"3FF2E147AE147AE1","4038C00000000000"
40,2100061223,90,230,1,1.18,"",28.31,1,"3FF2E147AE147AE1","403C4F5C28F5C28F"
40,2100061223,91,218,1,1.18,"",29.41,1,"3FF2E147AE147AE1","403D68F5C28F5C29"
40,2100061223,92,853,1,0.89,"B",6.85,1,"3FEC7AE147AE147B","401B666666666666"
40,2100061223,93,498,1,0.89,"",6.85,1,"3FEC7AE147AE147B","401B666666666666"
40,2100061223,94,237,1,0.93,"",10.86,1,"3FEDC28F5C28F5C3","4025B851EB851EB8"
40,2100061223,95,160,1,1.18,"",29.74,1,"3FF2E147AE147AE1","403DBD70A3D70A3D"
40,2100061223,96,181,1,1.18,"",29.49,1,"3FF2E147AE147AE1","403D7D70A3D70A3D"
40,2100061223,97,372,1,1.09,"S",22.2,1,"3FF170A3D70A3D71","4036333333333333"
40,2100061223,98,167,1,1.18,"",27.88,1,"3FF2E147AE147AE1","403BE147AE147AE1"
40,2100061223,99,159,1,1.18,"",27.88,1,"3FF2E147AE147AE1","403BE147AE147AE1"
40,2100061223,100,238,1,1.18,"",27.88,1,"3FF2E147AE147AE1","403BE147AE147AE1"
40,2100061223,101,334,1,1.02,"",16.17,1,"3FF051EB851EB852","40302B851EB851EC"
40,2100061223,102,2011,1,0.89,"B",8.2,1,"3FEC7AE147AE147B","4020666666666666"
40,2100061223,103,301,1,0.94,"B",15.21,1,"3FEE147AE147AE14","402E6B851EB851EC"
40,2100061223,104,264,1,1.18,"",32.45,1,"3FF2E147AE147AE1","404039999999999A"
40,2100061223,105,647,1,1.06,"",21.98,1,"3FF0F5C28F5C28F6","4035FAE147AE147B"
40,2100061223,106,2000,1,0.99,"B",14.34,1,"3FEFAE147AE147AE","402CAE147AE147AE"
40,2100061223,107,507,1,0.99,"B",11.61,1,"3FEFAE147AE147AE","40273851EB851EB8"
40,2100061223,108,137,1,1.03,"B",13.98,1,"3FF07AE147AE147B","402BF5C28F5C28F6"
40,2100061223,109,146,1,1.18,"",25.33,1,"3FF2E147AE147AE1","4039547AE147AE14"
40,2100061223,110,296,1,1.18,"",26.18,1,"3FF2E147AE147AE1","403A2E147AE147AE"
40,2100061223,111,280,1,1.18,"",26.18,1,"3FF2E147AE147AE1","403A2E147AE147AE"
40,2100061223,112,132,1,1.18,"",26.18,1,"3FF2E147AE147AE1","403A2E147AE147AE"
40,2100061223,113,140,1,1.18,"",26.18,1,"3FF2E147AE147AE1","403A2E147AE147AE"
40,2100061223,114,153,1,1.18,"",26.69,1,"3FF2E147AE147AE1","403AB0A3D70A3D71"
40,2100061223,115,141,1,1.18,"",28.13,1,"3FF2E147AE147AE1","403C2147AE147AE1"
40,2100061223,116,141,1,1.18,"",28.47,1,"3FF2E147AE147AE1","403C7851EB851EB8"
40,2100061223,117,164,1,1.19,"",30.42,1,"3FF30A3D70A3D70A","403E6B851EB851EC"
40,2100061223,118,198,1,1.11,"",31.71,1,"3FF1C28F5C28F5C3","403FB5C28F5C28F6"
40,2100061223,119,209,1,0.99,"B",23.43,1,"3FEFAE147AE147AE","40376E147AE147AE"
40,2100061223,120,238,1,0.99,"B",23.43,1,"3FEFAE147AE147AE","40376E147AE147AE"
40,2100061223,121,175,1,1.02,"B",20.39,1,"3FF051EB851EB852","403463D70A3D70A4"
40,2100061223,122,682,1,0.99,"B",16.36,1,"3FEFAE147AE147AE","40305C28F5C28F5C"
40,2100061223,123,713,1,0.99,"B",16.36,1,"3FEFAE147AE147AE","40305C28F5C28F5C"
40,2100061223,124,218,1,1.03,"B",19.61,1,"3FF07AE147AE147B","40339C28F5C28F5C"
40,2100061223,125,174,1,1.1,"",24.72,1,"3FF199999999999A","4038B851EB851EB8"
40,2100061223,126,421,1,0.99,"B",16.36,1,"3FEFAE147AE147AE","40305C28F5C28F5C"
40,2100061223,127,194,1,1.03,"B",19.61,1,"3FF07AE147AE147B","40339C28F5C28F5C"
40,2100061223,128,137,1,1.19,"",30.42,1,"3FF30A3D70A3D70A","403E6B851EB851EC"
40,2100061223,129,160,1,1.19,"",30.42,1,"3FF30A3D70A3D70A","403E6B851EB851EC"
40,2100061223,130,124,1,1.21,"",31.57,1,"3FF35C28F5C28F5C","403F91EB851EB852"
40,2100061223,131,101,1,1.32,"",37.27,1,"3FF51EB851EB851F","4042A28F5C28F5C3"
40,2100061223,132,163,1,1.26,"",34.28,1,"3FF428F5C28F5C29","404123D70A3D70A4"
40,2100061223,133,451,1,1.09,"B",24.12,1,"3FF170A3D70A3D71","40381EB851EB851F"
40,2100061223,134,360,1,1.12,"B",26.16,1,"3FF1EB851EB851EC","403A28F5C28F5C29"
40,2100061223,135,113,1,1.32,"",37.42,1,"3FF51EB851EB851F","4042B5C28F5C28F6"
40,2100061223,136,110,1,1.32,"",37.42,1,"3FF51EB851EB851F","4042B5C28F5C28F6"
40,2100061223,137,131,1,1.32,"",37.42,1,"3FF51EB851EB851F","4042B5C28F5C28F6"
40,2100061223,138,126,1,1.32,"",37.42,1,"3FF51EB851EB851F","4042B5C28F5C28F6"
40,2100061223,139,118,1,1.32,"",37.27,1,"3FF51EB851EB851F","4042A28F5C28F5C3"
40,2100061223,140,155,1,1.32,"",36.66,1,"3FF51EB851EB851F","4042547AE147AE14"
40,2100061223,141,124,1,1.32,"",37.42,1,"3FF51EB851EB851F","4042B5C28F5C28F6"
40,2100061223,142,324,1,1.19,"B",30.58,1,"3FF30A3D70A3D70A","403E947AE147AE14"
40,2100061223,143,206,1,1.19,"B",30.58,1,"3FF30A3D70A3D70A","403E947AE147AE14"
40,2100061223,144,73,1,1.32,"",37.42,1,"3FF51EB851EB851F","4042B5C28F5C28F6"
40,2100061223,145,146,1,1.32,"",37.42,1,"3FF51EB851EB851F","4042B5C28F5C28F6"
40,2100061223,146,117,1,1.32,"",37.42,1,"3FF51EB851EB851F","4042B5C28F5C28F6"
40,2100061223,147,93,1,1.32,"",37.42,1,"3FF51EB851EB851F","4042B5C28F5C28F6"
40,2100061223,148,128,1,1.32,"",37.42,1,"3FF51EB851EB851F","4042B5C28F5C28F6"
40,2100061223,149,137,1,1.32,"",37.42,1,"3FF51EB851EB851F","4042B5C28F5C28F6"
40,2100061223,150,127,1,1.32,"",37.42,1,"3FF51EB851EB851F","4042B5C28F5C28F6"
40,2100061223,151,135,1,1.32,"",37.42,1,"3FF51EB851EB851F","4042B5C28F5C28F6"
40,2100061223,152,127,1,1.32,"",37.42,1,"3FF51EB851EB851F","4042B5C28F5C28F6"
40,2100061223,153,1197,1,0.99,"B",16.56,1,"3FEFAE147AE147AE","40308F5C28F5C28F"
40,2100061223,154,1930,1,0.99,"B",16.56,1,"3FEFAE147AE147AE","40308F5C28F5C28F"
40,2100061223,155,263,1,1.06,"B",22.07,1,"3FF0F5C28F5C28F6","403611EB851EB852"
40,2100061223,156,219,1,1.32,"",37.42,1,"3FF51EB851EB851F","4042B5C28F5C28F6"
40,2100061223,157,271,1,1.32,"",37.42,1,"3FF51EB851EB851F","4042B5C28F5C28F6"
40,2100061223,158,1327,1,1.19,"B",30.58,1,"3FF30A3D70A3D70A","403E947AE147AE14"
40,2100061223,159,384,1,1.24,"B",33.38,1,"3FF3D70A3D70A3D7","4040B0A3D70A3D71"
40,2100061223,160,187,1,1.32,"",37.42,1,"3FF51EB851EB851F","4042B5C28F5C28F6"
40,2100061223,161,82,1,1.32,"",37.42,1,"3FF51EB851EB851F","4042B5C28F5C28F6"
40,2100061223,162,92,1,1.32,"",37.42,1,"3FF51EB851EB851F","4042B5C28F5C28F6"
40,2100061223,163,373,1,1.09,"B",24.22,1,"3FF170A3D70A3D71","40383851EB851EB8"
40,2100061223,164,334,1,1.09,"B",24.22,1,"3FF170A3D70A3D71","40383851EB851EB8"
40,2100061223,165,72,1,1.32,"",37.42,1,"3FF51EB851EB851F","4042B5C28F5C28F6"
40,2100061223,166,117,1,1.21,"",31.73,1,"3FF35C28F5C28F5C","403FBAE147AE147B"
40,2100061223,167,145,1,1.09,"B",24.22,1,"3FF170A3D70A3D71","40383851EB851EB8"
40,2100061223,168,156,1,1.09,"B",24.22,1,"3FF170A3D70A3D71","40383851EB851EB8"
40,2100061223,169,159,1,1.09,"B",24.22,1,"3FF170A3D70A3D71","40383851EB851EB8"
40,2100061223,170,111,1,1.13,"B",26.9,1,"3FF2147AE147AE14","403AE66666666666"
40,2100061223,171,98,1,1.24,"",33.38,1,"3FF3D70A3D70A3D7","4040B0A3D70A3D71"
40,2100061223,172,231,1,0.99,"B",16.56,1,"3FEFAE147AE147AE","40308F5C28F5C28F"
40,2100061223,173,1212,1,0.99,"B",16.56,1,"3FEFAE147AE147AE","40308F5C28F5C28F"
40,2100061223,174,275,1,1.32,"",37.42,1,"3FF51EB851EB851F","4042B5C28F5C28F6"
40,2100061223,175,133,1,1.11,"",25.58,1,"3FF1C28F5C28F5C3","4039947AE147AE14"
40,2100061223,176,317,1,0.99,"B",16.56,1,"3FEFAE147AE147AE","40308F5C28F5C28F"
40,2100061223,177,157,1,1.05,"B",21.33,1,"3FF0CCCCCCCCCCCD","4035547AE147AE14"
40,2100061223,178,149,1,1.19,"B",30.58,1,"3FF30A3D70A3D70A","403E947AE147AE14"
40,2100061223,179,128,1,1.23,"B",32.84,1,"3FF3AE147AE147AE","40406B851EB851EC"
40,2100061223,180,291,1,0.99,"S",16.56,1,"3FEFAE147AE147AE","40308F5C28F5C28F"
40,2100061223,181,147,1,1.32,"",37.42,1,"3FF51EB851EB851F","4042B5C28F5C28F6"
40,2100061223,182,115,1,1.24,"",33.38,1,"3FF3D70A3D70A3D7","4040B0A3D70A3D71"
40,2100061223,183,186,1,1.09,"",24.22,1,"3FF170A3D70A3D71","40383851EB851EB8"
40,2100061223,184,128,1,1.09,"",24.22,1,"3FF170A3D70A3D71","40383851EB851EB8"
40,2100061223,185,331,1,0.99,"S",16.56,1,"3FEFAE147AE147AE","40308F5C28F5C28F"
40,2100061223,186,326,1,1.09,"",24.22,1,"3FF170A3D70A3D71","40383851EB851EB8"
40,2100061223,187,99,1,1.09,"",22.93,1,"3FF170A3D70A3D71","4036EE147AE147AE"
40,2100061223,188,180,1,1.09,"",19.54,1,"3FF170A3D70A3D71","40338A3D70A3D70A"
40,2100061223,189,188,1,1.09,"",19.08,1,"3FF170A3D70A3D71","4033147AE147AE14"
40,2100061223,190,184,1,1.09,"",18.89,1,"3FF170A3D70A3D71","4032E3D70A3D70A4"
40,2100061223,191,128,1,1.09,"",21.1,1,"3FF170A3D70A3D71","403519999999999A"
40,2100061223,192,180,1,1.09,"",24.22,1,"3FF170A3D70A3D71","40383851EB851EB8"
40,2100061223,193,314,1,1.09,"",24.22,1,"3FF170A3D70A3D71","40383851EB851EB8"
40,2100061223,194,237,1,1.09,"",24.22,1,"3FF170A3D70A3D71","40383851EB851EB8"
40,2100061223,195,151,1,1.09,"",24.22,1,"3FF170A3D70A3D71","40383851EB851EB8"
40,2100061223,196,185,1,1.08,"",23.51,1,"3FF147AE147AE148","4037828F5C28F5C3"
40,2100061223,197,432,1,0.99,"S",16.56,1,"3FEFAE147AE147AE","40308F5C28F5C28F"
40,2100061223,198,180,1,1.08,"",23.51,1,"3FF147AE147AE148","4037828F5C28F5C3"
40,2100061223,199,113,1,1.06,"B",22.07,1,"3FF0F5C28F5C28F6","403611EB851EB852"
40,2100061223,200,140,1,1.08,"",23.51,1,"3FF147AE147AE148","4037828F5C28F5C3"
40,2100061223,201,159,1,1.06,"B",22.07,1,"3FF0F5C28F5C28F6","403611EB851EB852"
40,2100061223,202,461,1,0.99,"B",16.56,1,"3FEFAE147AE147AE","40308F5C28F5C28F"
40,2100061223,203,356,1,0.99,"B",16.56,1,"3FEFAE147AE147AE","40308F5C28F5C28F"
40,2100061223,204,131,1,1.09,"",24.22,1,"3FF170A3D70A3D71","40383851EB851EB8"
40,2100061223,205,104,1,1.09,"",24.22,1,"3FF170A3D70A3D71","40383851EB851EB8"
40,2100061223,206,297,1,0.94,"S",12.12,1,"3FEE147AE147AE14","40283D70A3D70A3D"
40,2100061223,207,273,1,1.09,"",24.22,1,"3FF170A3D70A3D71","40383851EB851EB8"
40,2100061223,208,473,1,1.09,"",54.67,1,"3FF170A3D70A3D71","404B55C28F5C28F6"
40,2100061223,209,1748,1,0.52,"B",-58.84,1,"3FE0A3D70A3D70A4","C04D6B851EB851EC"
40,2100061223,210,217,1,1.09,"",24.22,1,"3FF170A3D70A3D71","40383851EB851EB8"
40,2100061223,211,108,1,1.06,"",22.07,1,"3FF0F5C28F5C28F6","403611EB851EB852"
40,2100061223,212,129,1,1.09,"",24.22,1,"3FF170A3D70A3D71","40383851EB851EB8"
40,2100061223,213,428,1,0.99,"S",16.56,1,"3FEFAE147AE147AE","40308F5C28F5C28F"
40,2100061223,214,156,1,1.1,"S",24.9,1,"3FF199999999999A","4038E66666666666"
40,2100061223,215,121,1,1.16,"",28.79,1,"3FF28F5C28F5C28F","403CCA3D70A3D70A"
40,2100061223,216,137,1,1.16,"",28.79,1,"3FF28F5C28F5C28F","403CCA3D70A3D70A"
40,2100061223,217,121,1,1.16,"",28.79,1,"3FF28F5C28F5C28F","403CCA3D70A3D70A"
40,2100061223,218,137,1,1.16,"",28.79,1,"3FF28F5C28F5C28F","403CCA3D70A3D70A"
40,2100061223,219,240,1,0.99,"S",16.56,1,"3FEFAE147AE147AE","40308F5C28F5C28F"
40,2100061223,220,107,1,1.15,"S",28.17,1,"3FF2666666666666","403C2B851EB851EC"
40,2100061223,221,138,1,1.16,"",28.79,1,"3FF28F5C28F5C28F","403CCA3D70A3D70A"
40,2100061223,222,2368,1,0.5,"",-65.2,1,"3FE0000000000000","C0504CCCCCCCCCCD"
40,2100061223,223,223,1,1.12,"",26.25,1,"3FF1EB851EB851EC","403A400000000000"
40,2100061223,224,68,1,1.16,"",28.79,1,"3FF28F5C28F5C28F","403CCA3D70A3D70A"
40,2100061223,225,103,1,1.16,"",28.79,1,"3FF28F5C28F5C28F","403CCA3D70A3D70A"
40,2100061223,226,89,1,1.16,"",28.79,1,"3FF28F5C28F5C28F","403CCA3D70A3D70A"
40,2100061223,227,327,1,0.99,"",24.94,1,"3FEFAE147AE147AE","4038F0A3D70A3D71"
40,2100061223,228,137,1,1.15,"S",36.86,1,"3FF2666666666666","40426E147AE147AE"
40,2100061223,229,102,1,1.16,"",37.41,1,"3FF28F5C28F5C28F","4042B47AE147AE14"
40,2100061223,230,209,1,0.99,"S",26.66,1,"3FEFAE147AE147AE","403AA8F5C28F5C29"
40,2100061223,231,109,1,1.15,"S",36.86,1,"3FF2666666666666","40426E147AE147AE"
40,2100061223,232,100,1,1.16,"",37.41,1,"3FF28F5C28F5C28F","4042B47AE147AE14"
40,2100061223,233,112,1,1.16,"",37.41,1,"3FF28F5C28F5C28F","4042B47AE147AE14"
40,2100061223,234,111,1,1.16,"",37.41,1,"3FF28F5C28F5C28F","4042B47AE147AE14"
40,2100061223,235,175,1,0.99,"S",26.66,1,"3FEFAE147AE147AE","403AA8F5C28F5C29"
40,2100061223,236,171,1,1.15,"S",36.86,1,"3FF2666666666666","40426E147AE147AE"
40,2100061223,237,95,1,1.16,"",37.41,1,"3FF28F5C28F5C28F","4042B47AE147AE14"
40,2100061223,238,110,1,1.16,"",37.41,1,"3FF28F5C28F5C28F","4042B47AE147AE14"
40,2100061223,239,91,1,1.16,"",37.06,1,"3FF28F5C28F5C28F","404287AE147AE148"
40,2100061223,240,99,1,1.16,"",34.05,1,"3FF28F5C28F5C28F","4041066666666666"
40,2100061223,241,341,1,0.99,"S",25.85,1,"3FEFAE147AE147AE","4039D9999999999A"
40,2100061223,242,137,1,1.15,"S",29.91,1,"3FF2666666666666","403DE8F5C28F5C29"
40,2100061223,243,105,1,1.16,"",28.79,1,"3FF28F5C28F5C28F","403CCA3D70A3D70A"
40,2100061223,244,74,1,1.16,"",28.79,1,"3FF28F5C28F5C28F","403CCA3D70A3D70A"
40,2100061223,245,132,1,1.16,"",28.73,1,"3FF28F5C28F5C28F","403CBAE147AE147B"
40,2100061223,246,121,1,0.86,"",-1.5,1,"3FEB851EB851EB85","BFF8000000000000"
40,2100061223,247,617,1,0.98,"S",11.27,1,"3FEF5C28F5C28F5C","40268A3D70A3D70A"
40,2100061223,248,134,1,1.14,"S",25.64,1,"3FF23D70A3D70A3D","4039A3D70A3D70A4"
40,2100061223,249,116,1,1.16,"",28.24,1,"3FF28F5C28F5C28F","403C3D70A3D70A3D"
40,2100061223,250,146,1,1.16,"",30.88,1,"3FF28F5C28F5C28F","403EE147AE147AE1"
40,2100061223,251,156,1,1.16,"",28.43,1,"3FF28F5C28F5C28F","403C6E147AE147AE"
40,2100061223,252,302,1,0.99,"",14.49,1,"3FEFAE147AE147AE","402CFAE147AE147B"
40,2100061223,253,177,1,1.15,"S",27.93,1,"3FF2666666666666","403BEE147AE147AE"
40,2100061223,254,140,1,1.16,"",29.99,1,"3FF28F5C28F5C28F","403DFD70A3D70A3D"
40,2100061223,255,179,1,1.16,"",30.12,1,"3FF28F5C28F5C28F","403E1EB851EB851F"
40,2100061223,256,1436,1,1.08,"",34.78,1,"3FF147AE147AE148","404163D70A3D70A4"
40,2100061223,257,213,1,1.12,"S",32.01,1,"3FF1EB851EB851EC","40400147AE147AE1"
