cmov.csv
"STORE","UPC","WEEK","MOVE","QTY","PRICE","SALE","PROFIT","OK","PRICE_HEX","PROFIT_HEX"
40,2100061223,258,198,1,1.16,"",28.87,1,"3FF28F5C28F5C28F","403CDEB851EB851F"
40,2100061223,259,101,1,1.16,"",28.26,1,"3FF28F5C28F5C28F","403C428F5C28F5C3"
40,2100061223,260,104,1,1.16,"",28.66,1,"3FF28F5C28F5C28F","403CA8F5C28F5C29"
40,2100061223,261,1557,1,0.79,"B",5.74,1,"3FE947AE147AE148","4016F5C28F5C28F6"
40,2100061223,262,213,1,1.14,"B",27.71,1,"3FF23D70A3D70A3D","403BB5C28F5C28F6"
40,2100061223,263,101,1,1.16,"",28.26,1,"3FF28F5C28F5C28F","403C428F5C28F5C3"
40,2100061223,264,104,1,1.16,"",28.66,1,"3FF28F5C28F5C28F","403CA8F5C28F5C29"
40,2100061223,265,65,1,1.16,"",27.29,1,"3FF28F5C28F5C28F","403B4A3D70A3D70A"
40,2100061223,266,93,1,1.16,"",27.41,1,"3FF28F5C28F5C28F","403B68F5C28F5C29"
40,2100061223,267,84,1,1.16,"",27.5,1,"3FF28F5C28F5C28F","403B800000000000"
40,2100061223,268,88,1,1.16,"",27.92,1,"3FF28F5C28F5C28F","403BEB851EB851EC"
40,2100061223,269,98,1,1.16,"",28.38,1,"3FF28F5C28F5C28F","403C6147AE147AE1"
40,2100061223,270,844,1,0.79,"B",18.81,1,"3FE947AE147AE148","4032CF5C28F5C28F"
40,2100061223,271,784,1,0.79,"B",19.5,1,"3FE947AE147AE148","4033800000000000"
40,2100061223,272,76,1,1.15,"B",29.35,1,"3FF2666666666666","403D59999999999A"
40,2100061223,273,107,1,1.16,"",29.65,1,"3FF28F5C28F5C28F","403DA66666666666"
40,2100061223,274,93,1,1.16,"",30.21,1,"3FF28F5C28F5C28F","403E35C28F5C28F6"
40,2100061223,275,141,1,1.19,"",31.18,1,"3FF30A3D70A3D70A","403F2E147AE147AE"
40,2100061223,276,562,1,0.79,"S",-6.8,1,"3FE947AE147AE148","C01B333333333333"
40,2100061223,277,111,1,1.15,"S",23.79,1,"3FF2666666666666","4037CA3D70A3D70A"
40,2100061223,278,105,1,1.19,"",25.4,1,"3FF30A3D70A3D70A","4039666666666666"
40,2100061223,279,109,1,1.19,"",24.03,1,"3FF30A3D70A3D70A","403807AE147AE148"
40,2100061223,280,120,1,1.19,"",24.02,1,"3FF30A3D70A3D70A","4038051EB851EB85"
40,2100061223,281,81,1,1.14,"",25.29,1,"3FF23D70A3D70A3D","40394A3D70A3D70A"
40,2100061223,282,313,1,0.99,"B",20.83,1,"3FEFAE147AE147AE","4034D47AE147AE14"
40,2100061223,283,157,1,1.02,"B",20.48,1,"3FF051EB851EB852","40347AE147AE147B"
40,2100061223,284,105,1,1.19,"",25.95,1,"3FF30A3D70A3D70A","4039F33333333333"
40,2100061223,285,105,1,1.21,"",26.1,1,"3FF35C28F5C28F5C","403A19999999999A"
40,2100061223,286,75,1,1.29,"",29.45,1,"3FF4A3D70A3D70A4","403D733333333333"
40,2100061223,287,96,1,1.29,"",28.97,1,"3FF4A3D70A3D70A4","403CF851EB851EB8"
40,2100061223,288,75,1,1.14,"",19.8,1,"3FF23D70A3D70A3D","4033CCCCCCCCCCCD"
40,2100061223,289,361,1,0.99,"B",7.17,1,"3FEFAE147AE147AE","401CAE147AE147AE"
40,2100061223,290,154,1,1,"B",13.64,1,"3FF0000000000000","402B47AE147AE148"
40,2100061223,291,116,1,1.09,"B",30.36,1,"3FF170A3D70A3D71","403E5C28F5C28F5C"
40,2100061223,292,68,1,1.15,"B",29.76,1,"3FF2666666666666","403DC28F5C28F5C3"
40,2100061223,293,70,1,1.29,"",36.06,1,"3FF4A3D70A3D70A4","404207AE147AE148"
40,2100061223,294,160,1,1.04,"B",43.5,1,"3FF0A3D70A3D70A4","4045C00000000000"
40,2100061223,295,343,1,0.95,"B",32.01,1,"3FEE666666666666","40400147AE147AE1"
40,2100061223,296,133,1,1.29,"",28.75,1,"3FF4A3D70A3D70A4","403CC00000000000"
40,2100061223,297,91,1,1.29,"",28.75,1,"3FF4A3D70A3D70A4","403CC00000000000"
40,2100061223,298,126,1,1.29,"",28.75,1,"3FF4A3D70A3D70A4","403CC00000000000"
40,2100061223,299,107,1,1.29,"",28.75,1,"3FF4A3D70A3D70A4","403CC00000000000"
40,2100061223,300,113,1,1.29,"",28.75,1,"3FF4A3D70A3D70A4","403CC00000000000"
40,2100061223,301,127,1,1.29,"",36.41,1,"3FF4A3D70A3D70A4","4042347AE147AE14"
40,2100061223,302,2373,1,0.71,"B",17.08,1,"3FE6B851EB851EB8","4031147AE147AE14"
40,2100061223,303,187,1,0.98,"B",36.39,1,"3FEF5C28F5C28F5C","404231EB851EB852"
40,2100061223,304,148,1,0.99,"B",22.64,1,"3FEFAE147AE147AE","4036A3D70A3D70A4"
40,2100061223,305,210,1,1.06,"B",34.35,1,"3FF0F5C28F5C28F6","40412CCCCCCCCCCD"
40,2100061223,306,1091,1,0.79,"B",25.44,1,"3FE947AE147AE148","403970A3D70A3D71"
40,2100061223,307,1410,1,0.79,"B",25.41,1,"3FE947AE147AE148","403968F5C28F5C29"
40,2100061223,308,476,1,0.98,"S",6.71,1,"3FEF5C28F5C28F5C","401AD70A3D70A3D7"
40,2100061223,309,97,1,1.28,"",28.58,1,"3FF47AE147AE147B","403C947AE147AE14"
40,2100061223,310,75,1,1.29,"",39.35,1,"3FF4A3D70A3D70A4","4043ACCCCCCCCCCD"
40,2100061223,311,320,1,0.99,"S",32.48,1,"3FEFAE147AE147AE","40403D70A3D70A3D"
40,2100061223,312,146,1,1.28,"",40.42,1,"3FF47AE147AE147B","404435C28F5C28F6"
40,2100061223,313,64,1,1.29,"",28.75,1,"3FF4A3D70A3D70A4","403CC00000000000"
40,2100061223,314,98,1,1.29,"",28.75,1,"3FF4A3D70A3D70A4","403CC00000000000"
40,2100061223,315,121,1,1.29,"",28.75,1,"3FF4A3D70A3D70A4","403CC00000000000"
40,2100061223,316,123,1,1.28,"",28.3,1,"3FF47AE147AE147B","403C4CCCCCCCCCCD"
40,2100061223,317,133,1,1.29,"",28.75,1,"3FF4A3D70A3D70A4","403CC00000000000"
40,2100061223,318,109,1,1.29,"",28.75,1,"3FF4A3D70A3D70A4","403CC00000000000"
40,2100061223,319,85,1,1.29,"",28.75,1,"3FF4A3D70A3D70A4","403CC00000000000"
40,2100061223,320,373,1,0.99,"S",32.47,1,"3FEFAE147AE147AE","40403C28F5C28F5C"
40,2100061223,321,234,1,0.99,"B",37.36,1,"3FEFAE147AE147AE","4042AE147AE147AE"
40,2100061223,322,578,1,0.89,"B",33.82,1,"3FEC7AE147AE147B","4040E8F5C28F5C29"
40,2100061223,323,88,1,1.27,"",50.31,1,"3FF451EB851EB852","404927AE147AE148"
40,2100061223,324,238,1,0.99,"S",25.35,1,"3FEFAE147AE147AE","403959999999999A"
40,2100061223,325,89,1,1.28,"",38.94,1,"3FF47AE147AE147B","40437851EB851EB8"
40,2100061223,326,83,1,1.29,"",28.75,1,"3FF4A3D70A3D70A4","403CC00000000000"
40,2100061223,327,102,1,1.29,"",36.03,1,"3FF4A3D70A3D70A4","404203D70A3D70A4"
40,2100061223,328,502,1,0.79,"S",25.44,1,"3FE947AE147AE148","403970A3D70A3D71"
40,2100061223,329,70,1,1.27,"",46.43,1,"3FF451EB851EB852","4047370A3D70A3D7"
40,2100061223,330,59,1,1.29,"",28.75,1,"3FF4A3D70A3D70A4","403CC00000000000"
40,2100061223,331,113,1,1.29,"",28.75,1,"3FF4A3D70A3D70A4","403CC00000000000"
40,2100061223,332,72,1,1.29,"",28.75,1,"3FF4A3D70A3D70A4","403CC00000000000"
40,2100061223,333,87,1,1.29,"",28.75,1,"3FF4A3D70A3D70A4","403CC00000000000"
40,2100061223,334,751,1,0.79,"S",17.85,1,"3FE947AE147AE148","4031D9999999999A"
40,2100061223,335,194,1,0.94,"",34.94,1,"3FEE147AE147AE14","40417851EB851EB8"
40,2100061223,336,70,1,1.29,"",28.75,1,"3FF4A3D70A3D70A4","403CC00000000000"
40,2100061223,337,97,1,1.29,"",28.75,1,"3FF4A3D70A3D70A4","403CC00000000000"
40,2100061223,338,94,1,1.29,"",28.75,1,"3FF4A3D70A3D70A4","403CC00000000000"
40,2100061223,339,63,1,1.29,"",28.75,1,"3FF4A3D70A3D70A4","403CC00000000000"
40,2100061223,340,79,1,1.29,"",28.75,1,"3FF4A3D70A3D70A4","403CC00000000000"
40,2100061223,341,49,1,1.29,"",28.75,1,"3FF4A3D70A3D70A4","403CC00000000000"
40,2100061223,342,50,1,1.29,"",28.75,1,"3FF4A3D70A3D70A4","403CC00000000000"
40,2100061223,343,300,1,0.99,"S",19.79,1,"3FEFAE147AE147AE","4033CA3D70A3D70A"
40,2100061223,344,105,1,1.28,"",34.67,1,"3FF47AE147AE147B","404155C28F5C28F6"
40,2100061223,345,80,1,1.29,"",28.75,1,"3FF4A3D70A3D70A4","403CC00000000000"
40,2100061223,346,283,1,0.99,"S",10.99,1,"3FEFAE147AE147AE","4025FAE147AE147B"
40,2100061223,347,89,1,1.28,"",37.82,1,"3FF47AE147AE147B","4042E8F5C28F5C29"
40,2100061223,348,67,1,1.29,"",28.75,1,"3FF4A3D70A3D70A4","403CC00000000000"
40,2100061223,349,67,1,1.29,"",28.75,1,"3FF4A3D70A3D70A4","403CC00000000000"
40,2100061223,350,109,1,1.31,"",30.05,1,"3FF4F5C28F5C28F6","403E0CCCCCCCCCCD"
40,2100061223,351,73,1,1.39,"",33.88,1,"3FF63D70A3D70A3D","4040F0A3D70A3D71"
40,2100061223,352,95,1,1.39,"",34.24,1,"3FF63D70A3D70A3D","40411EB851EB851F"
40,2100061223,353,95,1,1.39,"",35.81,1,"3FF63D70A3D70A3D","4041E7AE147AE148"
40,2100061223,354,78,1,1.39,"",34.55,1,"3FF63D70A3D70A3D","4041466666666666"
40,2100061223,355,117,1,1.38,"",33.01,1,"3FF6147AE147AE14","40408147AE147AE1"
40,2100061223,356,1255,1,0.89,"S",1.48,1,"3FEC7AE147AE147B","3FF7AE147AE147AE"
40,2100061223,357,137,1,1.1,"",26.17,1,"3FF199999999999A","403A2B851EB851EC"
40,2100061223,358,94,1,1.39,"",36.79,1,"3FF63D70A3D70A3D","4042651EB851EB85"
40,2100061223,359,314,1,1.39,"",36.71,1,"3FF63D70A3D70A3D","40425AE147AE147B"
40,2100061223,360,1656,1,1.29,"S",38.49,1,"3FF4A3D70A3D70A4","40433EB851EB851F"
40,2100061223,361,183,1,1.39,"",36.76,1,"3FF63D70A3D70A3D","40426147AE147AE1"
40,2100061223,362,66,1,1.39,"",32.8,1,"3FF63D70A3D70A3D","4040666666666666"
40,2100061223,363,92,1,1.39,"",34.26,1,"3FF63D70A3D70A3D","40412147AE147AE1"
40,2100061223,364,530,1,0.99,"B",25.05,1,"3FEFAE147AE147AE","40390CCCCCCCCCCD"
40,2100061223,365,252,1,0.99,"B",21.52,1,"3FEFAE147AE147AE","4035851EB851EB85"
40,2100061223,366,122,1,1.21,"",28.28,1,"3FF35C28F5C28F5C","403C47AE147AE148"
40,2100061223,367,122,1,1.21,"",28.28,1,"3FF35C28F5C28F5C","403C47AE147AE148"
40,2100061223,368,226,1,0.79,"",-25.26,1,"3FE947AE147AE148","C039428F5C28F5C3"
40,2100061223,369,110,1,1.3,"",23.77,1,"3FF4CCCCCCCCCCCD","4037C51EB851EB85"
40,2100061223,370,51,1,1.39,"",28.56,1,"3FF63D70A3D70A3D","403C8F5C28F5C28F"
40,2100061223,371,100,1,1.39,"",28.85,1,"3FF63D70A3D70A3D","403CD9999999999A"
40,2100061223,372,147,1,1.39,"",38.58,1,"3FF63D70A3D70A3D","40434A3D70A3D70A"
40,2100061223,373,147,1,1.39,"",38.58,1,"3FF63D70A3D70A3D","40434A3D70A3D70A"
40,2100061223,374,1190,1,1.35,"B",35.77,1,"3FF599999999999A","4041E28F5C28F5C3"
40,2100061223,375,71,1,1.39,"",40.23,1,"3FF63D70A3D70A3D","40441D70A3D70A3D"
40,2100061223,376,84,1,1.38,"",36.81,1,"3FF6147AE147AE14","404267AE147AE148"
40,2100061223,377,197,1,1.29,"S",32.32,1,"3FF4A3D70A3D70A4","404028F5C28F5C29"
40,2100061223,378,318,1,1.29,"S",43.84,1,"3FF4A3D70A3D70A4","4045EB851EB851EC"
44,2100061223,1,397,1,0.99,"B",16.46,1,"3FEFAE147AE147AE","403075C28F5C28F6"
44,2100061223,2,253,1,0.99,"B",16.46,1,"3FEFAE147AE147AE","403075C28F5C28F6"
44,2100061223,3,272,1,0.99,"B",17.68,1,"3FEFAE147AE147AE","4031AE147AE147AE"
44,2100061223,4,200,1,0.99,"",17.68,1,"3FEFAE147AE147AE","4031AE147AE147AE"
44,2100061223,5,505,1,0.89,"B",7.75,1,"3FEC7AE147AE147B","401F000000000000"
44,2100061223,6,150,1,1.17,"",28.12,1,"3FF2B851EB851EB8","403C1EB851EB851F"
44,2100061223,7,229,1,1.17,"",29.23,1,"3FF2B851EB851EB8","403D3AE147AE147B"
44,2100061223,8,691,1,0.99,"B",16.36,1,"3FEFAE147AE147AE","40305C28F5C28F5C"
44,2100061223,9,393,1,0.99,"B",16.36,1,"3FEFAE147AE147AE","40305C28F5C28F5C"
44,2100061223,10,857,1,0.99,"",16.36,1,"3FEFAE147AE147AE","40305C28F5C28F5C"
44,2100061223,11,243,1,0.99,"",16.36,1,"3FEFAE147AE147AE","40305C28F5C28F5C"
44,2100061223,12,310,1,1.17,"",29.23,1,"3FF2B851EB851EB8","403D3AE147AE147B"
44,2100061223,13,1225,1,0.99,"B",16.36,1,"3FEFAE147AE147AE","40305C28F5C28F5C"
44,2100061223,14,1325,1,0.99,"B",16.36,1,"3FEFAE147AE147AE","40305C28F5C28F5C"
44,2100061223,15,387,1,0.99,"B",16.36,1,"3FEFAE147AE147AE","40305C28F5C28F5C"
44,2100061223,16,104,1,1.17,"",29.23,1,"3FF2B851EB851EB8","403D3AE147AE147B"
44,2100061223,17,174,1,1.17,"",29.23,1,"3FF2B851EB851EB8","403D3AE147AE147B"
44,2100061223,18,232,1,1.17,"",29.23,1,"3FF2B851EB851EB8","403D3AE147AE147B"
44,2100061223,19,534,1,0.99,"",16.36,1,"3FEFAE147AE147AE","40305C28F5C28F5C"
44,2100061223,20,220,1,0.99,"B",16.36,1,"3FEFAE147AE147AE","40305C28F5C28F5C"
44,2100061223,21,186,1,1.17,"",29.23,1,"3FF2B851EB851EB8","403D3AE147AE147B"
44,2100061223,22,190,1,1.17,"",29.23,1,"3FF2B851EB851EB8","403D3AE147AE147B"
44,2100061223,23,59,1,1.17,"",24.1,1,"3FF2B851EB851EB8","403819999999999A"
44,2100061223,24,168,1,1.17,"",24.1,1,"3FF2B851EB851EB8","403819999999999A"
44,2100061223,25,143,1,1.27,"",30.08,1,"3FF451EB851EB852","403E147AE147AE14"
44,2100061223,26,659,1,0.99,"B",16.36,1,"3FEFAE147AE147AE","40305C28F5C28F5C"
44,2100061223,27,503,1,0.99,"B",16.36,1,"3FEFAE147AE147AE","40305C28F5C28F5C"
44,2100061223,28,153,1,1.17,"",29.23,1,"3FF2B851EB851EB8","403D3AE147AE147B"
44,2100061223,29,162,1,1.17,"",29.23,1,"3FF2B851EB851EB8","403D3AE147AE147B"
44,2100061223,30,156,1,1.17,"",29.23,1,"3FF2B851EB851EB8","403D3AE147AE147B"
44,2100061223,31,317,1,1.09,"B",24.04,1,"3FF170A3D70A3D71","40380A3D70A3D70A"
44,2100061223,32,231,1,1.09,"B",24.04,1,"3FF170A3D70A3D71","40380A3D70A3D70A"
44,2100061223,33,693,1,0.99,"",23.33,1,"3FEFAE147AE147AE","4037547AE147AE14"
44,2100061223,34,192,1,1.17,"",35.13,1,"3FF2B851EB851EB8","404190A3D70A3D71"
44,2100061223,35,179,1,1.17,"",31.79,1,"3FF2B851EB851EB8","403FCA3D70A3D70A"
44,2100061223,36,183,1,1.17,"",31.79,1,"3FF2B851EB851EB8","403FCA3D70A3D70A"
44,2100061223,37,797,1,0.89,"B",7.98,1,"3FEC7AE147AE147B","401FEB851EB851EC"
44,2100061223,38,335,1,0.89,"B",7.98,1,"3FEC7AE147AE147B","401FEB851EB851EC"
44,2100061223,39,270,1,0.89,"",7.98,1,"3FEC7AE147AE147B","401FEB851EB851EC"
44,2100061223,40,183,1,1.21,"",27.27,1,"3FF35C28F5C28F5C","403B451EB851EB85"
44,2100061223,41,161,1,1.21,"",27.27,1,"3FF35C28F5C28F5C","403B451EB851EB85"
44,2100061223,42,195,1,1.21,"",26.61,1,"3FF35C28F5C28F5C","403A9C28F5C28F5C"
44,2100061223,43,169,1,1.21,"",26.61,1,"3FF35C28F5C28F5C","403A9C28F5C28F5C"
44,2100061223,44,189,1,1.21,"",26.61,1,"3FF35C28F5C28F5C","403A9C28F5C28F5C"
44,2100061223,45,141,1,1.21,"",26.61,1,"3FF35C28F5C28F5C","403A9C28F5C28F5C"
44,2100061223,46,283,1,1.21,"",28.84,1,"3FF35C28F5C28F5C","403CD70A3D70A3D7"
44,2100061223,47,205,1,1.21,"",28.84,1,"3FF35C28F5C28F5C","403CD70A3D70A3D7"
44,2100061223,48,691,1,0.99,"B",15.86,1,"3FEFAE147AE147AE","402FB851EB851EB8"
44,2100061223,49,204,1,0.99,"B",16.06,1,"3FEFAE147AE147AE","40300F5C28F5C28F"
44,2100061223,50,257,1,0.99,"",16.06,1,"3FEFAE147AE147AE","40300F5C28F5C28F"
44,2100061223,51,174,1,1.21,"",31.32,1,"3FF35C28F5C28F5C","403F51EB851EB852"
44,2100061223,52,194,1,1.21,"",31.32,1,"3FF35C28F5C28F5C","403F51EB851EB852"
44,2100061223,53,154,1,1.21,"",31.49,1,"3FF35C28F5C28F5C","403F7D70A3D70A3D"
44,2100061223,54,382,1,1.21,"",31.49,1,"3FF35C28F5C28F5C","403F7D70A3D70A3D"
44,2100061223,55,2166,1,0.65,"S",27.38,1,"3FE4CCCCCCCCCCCD","403B6147AE147AE1"
44,2100061223,56,248,1,1.21,"",31.57,1,"3FF35C28F5C28F5C","403F91EB851EB852"
44,2100061223,57,1271,1,0.99,"B",16.36,1,"3FEFAE147AE147AE","40305C28F5C28F5C"
44,2100061223,58,237,1,0.99,"",16.36,1,"3FEFAE147AE147AE","40305C28F5C28F5C"
44,2100061223,59,388,1,1.21,"",31.57,1,"3FF35C28F5C28F5C","403F91EB851EB852"
44,2100061223,60,1768,1,0.89,"B",11.12,1,"3FEC7AE147AE147B","40263D70A3D70A3D"
44,2100061223,61,938,1,1.21,"B",32.48,1,"3FF35C28F5C28F5C","40403D70A3D70A3D"
44,2100061223,62,613,1,0.99,"B",16.97,1,"3FEFAE147AE147AE","4030F851EB851EB8"
44,2100061223,63,415,1,0.89,"B",11.46,1,"3FEC7AE147AE147B","4026EB851EB851EC"
44,2100061223,64,136,1,1.21,"",34.88,1,"3FF35C28F5C28F5C","404170A3D70A3D71"
44,2100061223,65,144,1,1.21,"",34.88,1,"3FF35C28F5C28F5C","404170A3D70A3D71"
44,2100061223,66,119,1,1.21,"",34.88,1,"3FF35C28F5C28F5C","404170A3D70A3D71"
44,2100061223,67,152,1,1.21,"",34.88,1,"3FF35C28F5C28F5C","404170A3D70A3D71"
44,2100061223,68,159,1,1.21,"",34.88,1,"3FF35C28F5C28F5C","404170A3D70A3D71"
44,2100061223,69,131,1,1.21,"",34.88,1,"3FF35C28F5C28F5C","404170A3D70A3D71"
44,2100061223,70,137,1,1.21,"",31.57,1,"3FF35C28F5C28F5C","403F91EB851EB852"
44,2100061223,71,208,1,1.21,"",31.57,1,"3FF35C28F5C28F5C","403F91EB851EB852"
44,2100061223,72,304,1,1.21,"",31.57,1,"3FF35C28F5C28F5C","403F91EB851EB852"
44,2100061223,73,895,1,0.89,"B",7.98,1,"3FEC7AE147AE147B","401FEB851EB851EC"
44,2100061223,74,227,1,0.89,"B",7.98,1,"3FEC7AE147AE147B","401FEB851EB851EC"
44,2100061223,75,167,1,1.21,"",32.15,1,"3FF35C28F5C28F5C","4040133333333333"
44,2100061223,76,129,1,1.21,"",31.74,1,"3FF35C28F5C28F5C","403FBD70A3D70A3D"
44,2100061223,77,140,1,1.21,"",31.74,1,"3FF35C28F5C28F5C","403FBD70A3D70A3D"
44,2100061223,78,150,1,1.21,"",31.74,1,"3FF35C28F5C28F5C","403FBD70A3D70A3D"
44,2100061223,79,217,1,1.21,"",31.74,1,"3FF35C28F5C28F5C","403FBD70A3D70A3D"
44,2100061223,80,227,1,1.21,"",26.61,1,"3FF35C28F5C28F5C","403A9C28F5C28F5C"
44,2100061223,81,966,1,0.99,"B",16.46,1,"3FEFAE147AE147AE","403075C28F5C28F6"
44,2100061223,82,419,1,0.99,"",19.39,1,"3FEFAE147AE147AE","403363D70A3D70A4"
44,2100061223,83,406,1,0.99,"B",19.39,1,"3FEFAE147AE147AE","403363D70A3D70A4"
44,2100061223,84,282,1,0.99,"B",16.57,1,"3FEFAE147AE147AE","403091EB851EB852"
44,2100061223,85,257,1,0.99,"B",16.36,1,"3FEFAE147AE147AE","40305C28F5C28F5C"
44,2100061223,86,555,1,0.99,"B",16.36,1,"3FEFAE147AE147AE","40305C28F5C28F5C"
44,2100061223,87,210,1,0.99,"B",16.36,1,"3FEFAE147AE147AE","40305C28F5C28F5C"
44,2100061223,88,141,1,1.21,"",31.57,1,"3FF35C28F5C28F5C","403F91EB851EB852"
44,2100061223,89,155,1,1.21,"",31.57,1,"3FF35C28F5C28F5C","403F91EB851EB852"
44,2100061223,90,157,1,1.21,"",31.57,1,"3FF35C28F5C28F5C","403F91EB851EB852"
44,2100061223,91,138,1,1.21,"",30.17,1,"3FF35C28F5C28F5C","403E2B851EB851EC"
44,2100061223,92,160,1,1.21,"",26.78,1,"3FF35C28F5C28F5C","403AC7AE147AE148"
44,2100061223,93,158,1,1.21,"",26.61,1,"3FF35C28F5C28F5C","403A9C28F5C28F5C"
44,2100061223,94,162,1,1.25,"",28.96,1,"3FF4000000000000","403CF5C28F5C28F6"
44,2100061223,95,185,1,1.31,"",35.42,1,"3FF4F5C28F5C28F6","4041B5C28F5C28F6"
44,2100061223,96,152,1,1.31,"",36.41,1,"3FF4F5C28F5C28F6","4042347AE147AE14"
44,2100061223,97,883,1,0.89,"B",6.85,1,"3FEC7AE147AE147B","401B666666666666"
44,2100061223,98,489,1,0.89,"",6.85,1,"3FEC7AE147AE147B","401B666666666666"
44,2100061223,99,320,1,0.93,"",10.86,1,"3FEDC28F5C28F5C3","4025B851EB851EB8"
44,2100061223,100,154,1,1.29,"",35.73,1,"3FF4A3D70A3D70A4","4041DD70A3D70A3D"
44,2100061223,101,160,1,1.25,"",33.36,1,"3FF4000000000000","4040AE147AE147AE"
44,2100061223,102,225,1,1.09,"S",22.29,1,"3FF170A3D70A3D71","40364A3D70A3D70A"
44,2100061223,103,146,1,1.25,"",31.92,1,"3FF4000000000000","403FEB851EB851EC"
44,2100061223,104,144,1,1.25,"",31.92,1,"3FF4000000000000","403FEB851EB851EC"
44,2100061223,105,116,1,1.25,"",31.92,1,"3FF4000000000000","403FEB851EB851EC"
44,2100061223,106,218,1,1.08,"",20.92,1,"3FF147AE147AE148","4034EB851EB851EC"
44,2100061223,107,1870,1,0.89,"B",8.08,1,"3FEC7AE147AE147B","402028F5C28F5C29"
44,2100061223,108,390,1,0.99,"B",19.49,1,"3FEFAE147AE147AE","40337D70A3D70A3D"
44,2100061223,109,223,1,1.25,"",36.24,1,"3FF4000000000000","40421EB851EB851F"
