cmov.csv
"STORE","UPC","WEEK","MOVE","QTY","PRICE","SALE","PROFIT","OK","PRICE_HEX","PROFIT_HEX"
44,2100061223,110,440,1,1.15,"",28.69,1,"3FF2666666666666","403CB0A3D70A3D71"
44,2100061223,111,1899,1,0.99,"B",14.34,1,"3FEFAE147AE147AE","402CAE147AE147AE"
44,2100061223,112,647,1,0.99,"B",11.61,1,"3FEFAE147AE147AE","40273851EB851EB8"
44,2100061223,113,204,1,1.03,"B",13.98,1,"3FF07AE147AE147B","402BF5C28F5C28F6"
44,2100061223,114,131,1,1.25,"",29.6,1,"3FF4000000000000","403D99999999999A"
44,2100061223,115,313,1,1.19,"B",26.8,1,"3FF30A3D70A3D70A","403ACCCCCCCCCCCD"
44,2100061223,116,257,1,1.2,"B",27.41,1,"3FF3333333333333","403B68F5C28F5C29"
44,2100061223,117,126,1,1.25,"",30.32,1,"3FF4000000000000","403E51EB851EB852"
44,2100061223,118,172,1,1.25,"",30.32,1,"3FF4000000000000","403E51EB851EB852"
44,2100061223,119,140,1,1.25,"",30.96,1,"3FF4000000000000","403EF5C28F5C28F6"
44,2100061223,120,121,1,1.25,"",32.16,1,"3FF4000000000000","4040147AE147AE14"
44,2100061223,121,129,1,1.24,"",31.93,1,"3FF3D70A3D70A3D7","403FEE147AE147AE"
44,2100061223,122,115,1,1.22,"",32.13,1,"3FF3851EB851EB85","404010A3D70A3D71"
44,2100061223,123,182,1,1.1,"",31.09,1,"3FF199999999999A","403F170A3D70A3D7"
44,2100061223,124,229,1,0.99,"B",23.43,1,"3FEFAE147AE147AE","40376E147AE147AE"
44,2100061223,125,237,1,0.99,"B",23.43,1,"3FEFAE147AE147AE","40376E147AE147AE"
44,2100061223,126,192,1,1.04,"B",21.82,1,"3FF0A3D70A3D70A4","4035D1EB851EB852"
44,2100061223,127,753,1,0.99,"B",16.36,1,"3FEFAE147AE147AE","40305C28F5C28F5C"
44,2100061223,128,878,1,0.99,"B",16.36,1,"3FEFAE147AE147AE","40305C28F5C28F5C"
44,2100061223,129,234,1,1.01,"B",18.01,1,"3FF028F5C28F5C29","4032028F5C28F5C3"
44,2100061223,130,163,1,1.08,"",23.33,1,"3FF147AE147AE148","4037547AE147AE14"
44,2100061223,131,569,1,0.99,"B",16.36,1,"3FEFAE147AE147AE","40305C28F5C28F5C"
44,2100061223,132,214,1,1.02,"B",18.82,1,"3FF051EB851EB852","4032D1EB851EB852"
44,2100061223,133,172,1,1.22,"",32.13,1,"3FF3851EB851EB85","404010A3D70A3D71"
44,2100061223,134,140,1,1.22,"",32.13,1,"3FF3851EB851EB85","404010A3D70A3D71"
44,2100061223,135,126,1,1.25,"",33.76,1,"3FF4000000000000","4040E147AE147AE1"
44,2100061223,136,152,1,1.32,"",37.27,1,"3FF51EB851EB851F","4042A28F5C28F5C3"
44,2100061223,137,192,1,1.26,"",34.28,1,"3FF428F5C28F5C29","404123D70A3D70A4"
44,2100061223,138,583,1,1.09,"B",24.12,1,"3FF170A3D70A3D71","40381EB851EB851F"
44,2100061223,139,367,1,1.12,"B",26.16,1,"3FF1EB851EB851EC","403A28F5C28F5C29"
44,2100061223,140,125,1,1.32,"",37.42,1,"3FF51EB851EB851F","4042B5C28F5C28F6"
44,2100061223,141,137,1,1.32,"",37.42,1,"3FF51EB851EB851F","4042B5C28F5C28F6"
44,2100061223,142,135,1,1.32,"",37.42,1,"3FF51EB851EB851F","4042B5C28F5C28F6"
44,2100061223,143,126,1,1.32,"",37.42,1,"3FF51EB851EB851F","4042B5C28F5C28F6"
44,2100061223,144,139,1,1.32,"",37.27,1,"3FF51EB851EB851F","4042A28F5C28F5C3"
44,2100061223,145,186,1,1.32,"",36.66,1,"3FF51EB851EB851F","4042547AE147AE14"
44,2100061223,146,144,1,1.32,"",37.42,1,"3FF51EB851EB851F","4042B5C28F5C28F6"
44,2100061223,147,382,1,1.19,"B",30.58,1,"3FF30A3D70A3D70A","403E947AE147AE14"
44,2100061223,148,240,1,1.2,"B",31.16,1,"3FF3333333333333","403F28F5C28F5C29"
44,2100061223,149,108,1,1.32,"",37.42,1,"3FF51EB851EB851F","4042B5C28F5C28F6"
44,2100061223,150,135,1,1.32,"",37.42,1,"3FF51EB851EB851F","4042B5C28F5C28F6"
44,2100061223,151,135,1,1.32,"",37.42,1,"3FF51EB851EB851F","4042B5C28F5C28F6"
44,2100061223,152,118,1,1.32,"",37.42,1,"3FF51EB851EB851F","4042B5C28F5C28F6"
44,2100061223,153,159,1,1.32,"",37.42,1,"3FF51EB851EB851F","4042B5C28F5C28F6"
44,2100061223,154,171,1,1.32,"",37.42,1,"3FF51EB851EB851F","4042B5C28F5C28F6"
44,2100061223,155,152,1,1.32,"",37.42,1,"3FF51EB851EB851F","4042B5C28F5C28F6"
44,2100061223,156,256,1,1.32,"",37.42,1,"3FF51EB851EB851F","4042B5C28F5C28F6"
44,2100061223,157,193,1,1.32,"",37.42,1,"3FF51EB851EB851F","4042B5C28F5C28F6"
44,2100061223,158,1156,1,0.99,"B",16.56,1,"3FEFAE147AE147AE","40308F5C28F5C28F"
44,2100061223,159,1869,1,0.99,"B",16.56,1,"3FEFAE147AE147AE","40308F5C28F5C28F"
44,2100061223,160,296,1,1.07,"B",22.8,1,"3FF11EB851EB851F","4036CCCCCCCCCCCD"
44,2100061223,161,342,1,1.32,"",37.42,1,"3FF51EB851EB851F","4042B5C28F5C28F6"
44,2100061223,162,493,1,1.32,"",37.42,1,"3FF51EB851EB851F","4042B5C28F5C28F6"
44,2100061223,163,1365,1,1.19,"B",30.58,1,"3FF30A3D70A3D70A","403E947AE147AE14"
44,2100061223,164,471,1,1.24,"B",33.38,1,"3FF3D70A3D70A3D7","4040B0A3D70A3D71"
44,2100061223,165,288,1,1.32,"",37.42,1,"3FF51EB851EB851F","4042B5C28F5C28F6"
44,2100061223,166,136,1,1.32,"",37.42,1,"3FF51EB851EB851F","4042B5C28F5C28F6"
44,2100061223,167,121,1,1.32,"",37.42,1,"3FF51EB851EB851F","4042B5C28F5C28F6"
44,2100061223,168,427,1,1.09,"B",24.22,1,"3FF170A3D70A3D71","40383851EB851EB8"
44,2100061223,169,381,1,1.11,"B",25.58,1,"3FF1C28F5C28F5C3","4039947AE147AE14"
44,2100061223,170,126,1,1.32,"",37.42,1,"3FF51EB851EB851F","4042B5C28F5C28F6"
44,2100061223,171,126,1,1.26,"",34.44,1,"3FF428F5C28F5C29","40413851EB851EB8"
44,2100061223,172,211,1,1.09,"B",24.22,1,"3FF170A3D70A3D71","40383851EB851EB8"
44,2100061223,173,174,1,1.09,"B",24.22,1,"3FF170A3D70A3D71","40383851EB851EB8"
44,2100061223,174,175,1,1.09,"B",24.22,1,"3FF170A3D70A3D71","40383851EB851EB8"
44,2100061223,175,139,1,1.16,"B",28.79,1,"3FF28F5C28F5C28F","403CCA3D70A3D70A"
44,2100061223,176,129,1,1.27,"",34.96,1,"3FF451EB851EB852","40417AE147AE147B"
44,2100061223,177,175,1,0.99,"B",16.56,1,"3FEFAE147AE147AE","40308F5C28F5C28F"
44,2100061223,178,961,1,0.99,"B",16.56,1,"3FEFAE147AE147AE","40308F5C28F5C28F"
44,2100061223,179,291,1,1.32,"",37.42,1,"3FF51EB851EB851F","4042B5C28F5C28F6"
44,2100061223,180,134,1,1.11,"",25.58,1,"3FF1C28F5C28F5C3","4039947AE147AE14"
44,2100061223,181,250,1,0.99,"B",16.56,1,"3FEFAE147AE147AE","40308F5C28F5C28F"
44,2100061223,182,176,1,1.05,"B",21.33,1,"3FF0CCCCCCCCCCCD","4035547AE147AE14"
44,2100061223,183,181,1,1.19,"B",30.58,1,"3FF30A3D70A3D70A","403E947AE147AE14"
44,2100061223,184,139,1,1.24,"B",33.38,1,"3FF3D70A3D70A3D7","4040B0A3D70A3D71"
44,2100061223,185,377,1,0.99,"S",16.56,1,"3FEFAE147AE147AE","40308F5C28F5C28F"
44,2100061223,186,177,1,1.32,"",37.42,1,"3FF51EB851EB851F","4042B5C28F5C28F6"
44,2100061223,187,135,1,1.3,"",36.46,1,"3FF4CCCCCCCCCCCD","40423AE147AE147B"
44,2100061223,188,167,1,1.25,"",33.92,1,"3FF4000000000000","4040F5C28F5C28F6"
44,2100061223,189,147,1,1.25,"",33.92,1,"3FF4000000000000","4040F5C28F5C28F6"
44,2100061223,190,357,1,0.99,"S",16.56,1,"3FEFAE147AE147AE","40308F5C28F5C28F"
44,2100061223,191,214,1,1.25,"",33.92,1,"3FF4000000000000","4040F5C28F5C28F6"
44,2100061223,192,109,1,1.25,"",32.72,1,"3FF4000000000000","40405C28F5C28F5C"
44,2100061223,193,134,1,1.25,"",29.84,1,"3FF4000000000000","403DD70A3D70A3D7"
44,2100061223,194,147,1,1.25,"",29.36,1,"3FF4000000000000","403D5C28F5C28F5C"
44,2100061223,195,98,1,1.25,"",29.28,1,"3FF4000000000000","403D47AE147AE148"
44,2100061223,196,144,1,1.25,"",31.52,1,"3FF4000000000000","403F851EB851EB85"
44,2100061223,197,138,1,1.25,"",33.92,1,"3FF4000000000000","4040F5C28F5C28F6"
44,2100061223,198,374,1,1.09,"B",24.22,1,"3FF170A3D70A3D71","40383851EB851EB8"
44,2100061223,199,313,1,1.11,"B",25.58,1,"3FF1C28F5C28F5C3","4039947AE147AE14"
44,2100061223,200,169,1,1.25,"",33.92,1,"3FF4000000000000","4040F5C28F5C28F6"
44,2100061223,201,136,1,1.25,"",33.92,1,"3FF4000000000000","4040F5C28F5C28F6"
44,2100061223,202,488,1,0.99,"S",16.56,1,"3FEFAE147AE147AE","40308F5C28F5C28F"
44,2100061223,203,115,1,1.23,"",32.84,1,"3FF3AE147AE147AE","40406B851EB851EC"
44,2100061223,204,148,1,1.17,"B",29.4,1,"3FF2B851EB851EB8","403D666666666666"
44,2100061223,205,110,1,1.24,"",33.38,1,"3FF3D70A3D70A3D7","4040B0A3D70A3D71"
44,2100061223,206,146,1,1.22,"B",32.29,1,"3FF3851EB851EB85","4040251EB851EB85"
44,2100061223,207,670,1,0.99,"B",16.56,1,"3FEFAE147AE147AE","40308F5C28F5C28F"
44,2100061223,208,454,1,1.01,"B",18.21,1,"3FF028F5C28F5C29","403235C28F5C28F6"
44,2100061223,209,179,1,1.25,"",33.92,1,"3FF4000000000000","4040F5C28F5C28F6"
44,2100061223,210,207,1,1.25,"",33.92,1,"3FF4000000000000","4040F5C28F5C28F6"
44,2100061223,211,229,1,1.05,"S",21.33,1,"3FF0CCCCCCCCCCCD","4035547AE147AE14"
44,2100061223,212,254,1,1.25,"",33.92,1,"3FF4000000000000","4040F5C28F5C28F6"
44,2100061223,213,480,1,1.25,"",60.4,1,"3FF4000000000000","404E333333333333"
44,2100061223,214,3384,1,0.5,"B",-53.4,1,"3FE0000000000000","C04AB33333333333"
44,2100061223,215,750,1,0.54,"B",-52.96,1,"3FE147AE147AE148","C04A7AE147AE147B"
44,2100061223,216,236,1,1.25,"",33.92,1,"3FF4000000000000","4040F5C28F5C28F6"
44,2100061223,217,98,1,1.25,"",33.92,1,"3FF4000000000000","4040F5C28F5C28F6"
44,2100061223,218,132,1,1.25,"",33.92,1,"3FF4000000000000","4040F5C28F5C28F6"
44,2100061223,219,352,1,0.99,"S",16.56,1,"3FEFAE147AE147AE","40308F5C28F5C28F"
44,2100061223,220,149,1,1.23,"S",32.84,1,"3FF3AE147AE147AE","40406B851EB851EC"
44,2100061223,221,130,1,1.19,"",30.58,1,"3FF30A3D70A3D70A","403E947AE147AE14"
44,2100061223,222,129,1,1.19,"",30.58,1,"3FF30A3D70A3D70A","403E947AE147AE14"
44,2100061223,223,130,1,1.19,"",30.58,1,"3FF30A3D70A3D70A","403E947AE147AE14"
44,2100061223,224,129,1,1.19,"",30.58,1,"3FF30A3D70A3D70A","403E947AE147AE14"
44,2100061223,225,199,1,0.99,"S",16.56,1,"3FEFAE147AE147AE","40308F5C28F5C28F"
44,2100061223,226,116,1,1.19,"",30.58,1,"3FF30A3D70A3D70A","403E947AE147AE14"
44,2100061223,227,142,1,1.19,"",30.58,1,"3FF30A3D70A3D70A","403E947AE147AE14"
44,2100061223,228,1132,1,0.51,"",-61.96,1,"3FE051EB851EB852","C04EFAE147AE147B"
44,2100061223,229,325,1,1.18,"",30,1,"3FF2E147AE147AE1","403E000000000000"
44,2100061223,230,107,1,1.19,"",30.58,1,"3FF30A3D70A3D70A","403E947AE147AE14"
44,2100061223,231,103,1,1.19,"",30.58,1,"3FF30A3D70A3D70A","403E947AE147AE14"
44,2100061223,232,110,1,1.19,"",30.58,1,"3FF30A3D70A3D70A","403E947AE147AE14"
44,2100061223,233,328,1,0.99,"S",24.54,1,"3FEFAE147AE147AE","40388A3D70A3D70A"
44,2100061223,234,145,1,1.19,"",38.99,1,"3FF30A3D70A3D70A","40437EB851EB851F"
44,2100061223,235,118,1,1.19,"",38.99,1,"3FF30A3D70A3D70A","40437EB851EB851F"
44,2100061223,236,231,1,0.99,"",26.66,1,"3FEFAE147AE147AE","403AA8F5C28F5C29"
44,2100061223,237,145,1,1.18,"S",38.47,1,"3FF2E147AE147AE1","40433C28F5C28F5C"
44,2100061223,238,138,1,1.19,"",38.99,1,"3FF30A3D70A3D70A","40437EB851EB851F"
44,2100061223,239,138,1,1.19,"",38.99,1,"3FF30A3D70A3D70A","40437EB851EB851F"
44,2100061223,240,175,1,1.19,"",38.99,1,"3FF30A3D70A3D70A","40437EB851EB851F"
44,2100061223,241,271,1,0.99,"S",26.66,1,"3FEFAE147AE147AE","403AA8F5C28F5C29"
44,2100061223,242,224,1,1.19,"",38.99,1,"3FF30A3D70A3D70A","40437EB851EB851F"
44,2100061223,243,123,1,1.19,"",38.99,1,"3FF30A3D70A3D70A","40437EB851EB851F"
44,2100061223,244,154,1,1.19,"",38.99,1,"3FF30A3D70A3D70A","40437EB851EB851F"
44,2100061223,245,168,1,1.19,"",38.57,1,"3FF30A3D70A3D70A","404348F5C28F5C29"
44,2100061223,246,132,1,1.19,"",35.46,1,"3FF30A3D70A3D70A","4041BAE147AE147B"
44,2100061223,247,366,1,0.99,"S",25.85,1,"3FEFAE147AE147AE","4039D9999999999A"
44,2100061223,248,115,1,1.19,"",31.76,1,"3FF30A3D70A3D70A","403FC28F5C28F5C3"
44,2100061223,249,98,1,1.19,"",30.58,1,"3FF30A3D70A3D70A","403E947AE147AE14"
44,2100061223,250,124,1,1.19,"",30.58,1,"3FF30A3D70A3D70A","403E947AE147AE14"
44,2100061223,251,215,1,1.19,"",30.47,1,"3FF30A3D70A3D70A","403E7851EB851EB8"
44,2100061223,252,184,1,0.92,"",5.07,1,"3FED70A3D70A3D71","401447AE147AE148"
44,2100061223,253,477,1,0.99,"S",11.25,1,"3FEFAE147AE147AE","4026800000000000"
44,2100061223,254,129,1,1.19,"",28.83,1,"3FF30A3D70A3D70A","403CD47AE147AE14"
44,2100061223,255,114,1,1.19,"",30.6,1,"3FF30A3D70A3D70A","403E99999999999A"
44,2100061223,256,140,1,1.19,"",32.71,1,"3FF30A3D70A3D70A","40405AE147AE147B"
44,2100061223,257,138,1,1.19,"",30.14,1,"3FF30A3D70A3D70A","403E23D70A3D70A4"
44,2100061223,258,364,1,0.99,"S",14.54,1,"3FEFAE147AE147AE","402D147AE147AE14"
44,2100061223,259,145,1,1.18,"S",29.27,1,"3FF2E147AE147AE1","403D451EB851EB85"
44,2100061223,260,114,1,1.19,"",31.83,1,"3FF30A3D70A3D70A","403FD47AE147AE14"
44,2100061223,261,197,1,1.19,"",31.92,1,"3FF30A3D70A3D70A","403FEB851EB851EC"
44,2100061223,262,1270,1,1.08,"S",34.75,1,"3FF147AE147AE148","4041600000000000"
44,2100061223,263,166,1,1.16,"S",31.92,1,"3FF28F5C28F5C28F","403FEB851EB851EC"
44,2100061223,264,321,1,1.19,"",30.67,1,"3FF30A3D70A3D70A","403EAB851EB851EC"
44,2100061223,265,126,1,1.19,"",30.19,1,"3FF30A3D70A3D70A","403E30A3D70A3D71"
44,2100061223,266,103,1,1.19,"",30.48,1,"3FF30A3D70A3D70A","403E7AE147AE147B"
44,2100061223,267,1207,1,0.79,"B",6.69,1,"3FE947AE147AE148","401AC28F5C28F5C3"
44,2100061223,268,344,1,1.18,"B",30.31,1,"3FF2E147AE147AE1","403E4F5C28F5C28F"
44,2100061223,269,126,1,1.19,"",30.19,1,"3FF30A3D70A3D70A","403E30A3D70A3D71"
44,2100061223,270,103,1,1.19,"",30.48,1,"3FF30A3D70A3D70A","403E7AE147AE147B"
44,2100061223,271,132,1,1.18,"S",28.94,1,"3FF2E147AE147AE1","403CF0A3D70A3D71"
44,2100061223,272,153,1,1.19,"",29.24,1,"3FF30A3D70A3D70A","403D3D70A3D70A3D"
44,2100061223,273,130,1,1.19,"",29.3,1,"3FF30A3D70A3D70A","403D4CCCCCCCCCCD"
44,2100061223,274,98,1,1.19,"",29.73,1,"3FF30A3D70A3D70A","403DBAE147AE147B"
44,2100061223,275,110,1,1.19,"",30.28,1,"3FF30A3D70A3D70A","403E47AE147AE148"
44,2100061223,276,770,1,0.79,"B",19.06,1,"3FE947AE147AE148","40330F5C28F5C28F"
44,2100061223,277,1002,1,0.79,"B",17.67,1,"3FE947AE147AE148","4031AB851EB851EC"
44,2100061223,278,132,1,1.19,"",31.42,1,"3FF30A3D70A3D70A","403F6B851EB851EC"
44,2100061223,279,122,1,1.19,"",31.42,1,"3FF30A3D70A3D70A","403F6B851EB851EC"
44,2100061223,280,98,1,1.19,"",31.42,1,"3FF30A3D70A3D70A","403F6B851EB851EC"
44,2100061223,281,140,1,1.19,"",31.12,1,"3FF30A3D70A3D70A","403F1EB851EB851F"
44,2100061223,282,504,1,0.79,"S",-6.99,1,"3FE947AE147AE148","C01BF5C28F5C28F6"
44,2100061223,283,131,1,1.18,"S",25.25,1,"3FF2E147AE147AE1","4039400000000000"
44,2100061223,284,112,1,1.19,"",25.41,1,"3FF30A3D70A3D70A","403968F5C28F5C29"
44,2100061223,285,134,1,1.19,"",24.03,1,"3FF30A3D70A3D70A","403807AE147AE148"
44,2100061223,286,131,1,1.19,"",23.89,1,"3FF30A3D70A3D70A","4037E3D70A3D70A4"
44,2100061223,287,114,1,1.14,"",24.64,1,"3FF23D70A3D70A3D","4038A3D70A3D70A4"
44,2100061223,288,301,1,0.99,"B",20.8,1,"3FEFAE147AE147AE","4034CCCCCCCCCCCD"
44,2100061223,289,141,1,1.02,"B",19.13,1,"3FF051EB851EB852","40332147AE147AE1"
44,2100061223,290,102,1,1.19,"",25.88,1,"3FF30A3D70A3D70A","4039E147AE147AE1"
44,2100061223,291,90,1,1.22,"",26.9,1,"3FF3851EB851EB85","403AE66666666666"
44,2100061223,292,96,1,1.29,"",29.44,1,"3FF4A3D70A3D70A4","403D70A3D70A3D71"
44,2100061223,293,110,1,1.29,"",28.97,1,"3FF4A3D70A3D70A4","403CF851EB851EB8"
44,2100061223,294,103,1,1.15,"B",20.7,1,"3FF2666666666666","4034B33333333333"
44,2100061223,295,331,1,0.99,"B",7.17,1,"3FEFAE147AE147AE","401CAE147AE147AE"
44,2100061223,296,156,1,1,"B",15.12,1,"3FF0000000000000","402E3D70A3D70A3D"
44,2100061223,297,200,1,1.09,"B",30.36,1,"3FF170A3D70A3D71","403E5C28F5C28F5C"
44,2100061223,298,112,1,1.13,"B",29.95,1,"3FF2147AE147AE14","403DF33333333333"
44,2100061223,299,116,1,1.29,"",34.71,1,"3FF4A3D70A3D70A4","40415AE147AE147B"
44,2100061223,300,261,1,1.02,"B",42.78,1,"3FF051EB851EB852","404563D70A3D70A4"
44,2100061223,301,265,1,0.94,"B",31.07,1,"3FEE147AE147AE14","403F11EB851EB852"
44,2100061223,302,96,1,1.29,"",28.75,1,"3FF4A3D70A3D70A4","403CC00000000000"
44,2100061223,303,139,1,1.29,"",28.75,1,"3FF4A3D70A3D70A4","403CC00000000000"
44,2100061223,304,146,1,1.29,"",28.75,1,"3FF4A3D70A3D70A4","403CC00000000000"
44,2100061223,305,157,1,1.29,"",28.75,1,"3FF4A3D70A3D70A4","403CC00000000000"
44,2100061223,306,154,1,1.29,"",28.75,1,"3FF4A3D70A3D70A4","403CC00000000000"
44,2100061223,307,180,1,1.29,"",37.28,1,"3FF4A3D70A3D70A4","4042A3D70A3D70A4"
44,2100061223,308,1959,1,0.7,"B",16.97,1,"3FE6666666666666","4030F851EB851EB8"
44,2100061223,309,180,1,1.11,"",41.75,1,"3FF1C28F5C28F5C3","4044E00000000000"
44,2100061223,310,392,1,0.99,"B",22.32,1,"3FEFAE147AE147AE","403651EB851EB852"
44,2100061223,311,250,1,1.08,"B",35.76,1,"3FF147AE147AE148","4041E147AE147AE1"
44,2100061223,312,1118,1,0.79,"B",25.44,1,"3FE947AE147AE148","403970A3D70A3D71"
44,2100061223,313,1375,1,0.79,"B",25.4,1,"3FE947AE147AE148","4039666666666666"
44,2100061223,314,526,1,0.98,"S",6.68,1,"3FEF5C28F5C28F5C","401AB851EB851EB8"
44,2100061223,315,153,1,1.28,"",28.65,1,"3FF47AE147AE147B","403CA66666666666"
44,2100061223,316,117,1,1.29,"",36.71,1,"3FF4A3D70A3D70A4","40425AE147AE147B"
44,2100061223,317,340,1,0.99,"S",32.48,1,"3FEFAE147AE147AE","40403D70A3D70A3D"
44,2100061223,318,198,1,1.29,"",40.4,1,"3FF4A3D70A3D70A4","4044333333333333"
44,2100061223,319,155,1,1.29,"",28.75,1,"3FF4A3D70A3D70A4","403CC00000000000"
44,2100061223,320,199,1,1.29,"",28.75,1,"3FF4A3D70A3D70A4","403CC00000000000"
44,2100061223,321,225,1,1.29,"",28.75,1,"3FF4A3D70A3D70A4","403CC00000000000"
44,2100061223,322,182,1,1.29,"",28.75,1,"3FF4A3D70A3D70A4","403CC00000000000"
44,2100061223,323,185,1,1.29,"",28.75,1,"3FF4A3D70A3D70A4","403CC00000000000"
44,2100061223,324,98,1,1.29,"",28.75,1,"3FF4A3D70A3D70A4","403CC00000000000"
44,2100061223,325,155,1,1.29,"",28.75,1,"3FF4A3D70A3D70A4","403CC00000000000"
44,2100061223,326,431,1,0.99,"S",32.42,1,"3FEFAE147AE147AE","404035C28F5C28F6"
44,2100061223,327,326,1,0.96,"B",36.17,1,"3FEEB851EB851EB8","404215C28F5C28F6"
44,2100061223,328,834,1,0.89,"B",33.82,1,"3FEC7AE147AE147B","4040E8F5C28F5C29"
44,2100061223,329,109,1,1.29,"",47.85,1,"3FF4A3D70A3D70A4","4047ECCCCCCCCCCD"
44,2100061223,330,420,1,0.99,"S",25.35,1,"3FEFAE147AE147AE","403959999999999A"
44,2100061223,331,100,1,1.29,"",38.38,1,"3FF4A3D70A3D70A4","404330A3D70A3D71"
44,2100061223,332,124,1,1.29,"",28.75,1,"3FF4A3D70A3D70A4","403CC00000000000"
44,2100061223,333,206,1,1.29,"",35.09,1,"3FF4A3D70A3D70A4","40418B851EB851EC"
44,2100061223,334,614,1,0.79,"S",25.44,1,"3FE947AE147AE148","403970A3D70A3D71"
44,2100061223,335,181,1,1.27,"",45.27,1,"3FF451EB851EB852","4046A28F5C28F5C3"
44,2100061223,336,157,1,1.29,"",28.75,1,"3FF4A3D70A3D70A4","403CC00000000000"
44,2100061223,337,172,1,1.29,"",28.75,1,"3FF4A3D70A3D70A4","403CC00000000000"
