cmov.csv
"STORE","UPC","WEEK","MOVE","QTY","PRICE","SALE","PROFIT","OK","PRICE_HEX","PROFIT_HEX"
44,2100061223,338,162,1,1.29,"",28.75,1,"3FF4A3D70A3D70A4","403CC00000000000"
44,2100061223,339,157,1,1.29,"",28.75,1,"3FF4A3D70A3D70A4","403CC00000000000"
44,2100061223,340,587,1,0.79,"S",18.82,1,"3FE947AE147AE148","4032D1EB851EB852"
44,2100061223,341,191,1,1.03,"",37.31,1,"3FF07AE147AE147B","4042A7AE147AE148"
44,2100061223,342,114,1,1.29,"",28.75,1,"3FF4A3D70A3D70A4","403CC00000000000"
44,2100061223,343,128,1,1.29,"",28.75,1,"3FF4A3D70A3D70A4","403CC00000000000"
44,2100061223,344,90,1,1.29,"",28.75,1,"3FF4A3D70A3D70A4","403CC00000000000"
44,2100061223,345,142,1,1.29,"",28.75,1,"3FF4A3D70A3D70A4","403CC00000000000"
44,2100061223,346,123,1,1.29,"",28.75,1,"3FF4A3D70A3D70A4","403CC00000000000"
44,2100061223,347,119,1,1.29,"",28.75,1,"3FF4A3D70A3D70A4","403CC00000000000"
44,2100061223,348,180,1,1.29,"",28.75,1,"3FF4A3D70A3D70A4","403CC00000000000"
44,2100061223,349,367,1,0.99,"S",20.32,1,"3FEFAE147AE147AE","403451EB851EB852"
44,2100061223,350,139,1,1.28,"",35.67,1,"3FF47AE147AE147B","4041D5C28F5C28F6"
44,2100061223,351,116,1,1.29,"",28.75,1,"3FF4A3D70A3D70A4","403CC00000000000"
44,2100061223,352,401,1,0.99,"S",11.88,1,"3FEFAE147AE147AE","4027C28F5C28F5C3"
44,2100061223,353,119,1,1.28,"",37.26,1,"3FF47AE147AE147B","4042A147AE147AE1"
44,2100061223,354,128,1,1.29,"",28.75,1,"3FF4A3D70A3D70A4","403CC00000000000"
44,2100061223,355,128,1,1.29,"",28.75,1,"3FF4A3D70A3D70A4","403CC00000000000"
44,2100061223,356,113,1,1.32,"",30.66,1,"3FF51EB851EB851F","403EA8F5C28F5C29"
44,2100061223,357,117,1,1.39,"",33.88,1,"3FF63D70A3D70A3D","4040F0A3D70A3D71"
44,2100061223,358,105,1,1.39,"",34.16,1,"3FF63D70A3D70A3D","4041147AE147AE14"
44,2100061223,359,118,1,1.39,"",34.73,1,"3FF63D70A3D70A3D","40415D70A3D70A3D"
44,2100061223,360,117,1,1.39,"",34.49,1,"3FF63D70A3D70A3D","40413EB851EB851F"
44,2100061223,361,133,1,1.39,"",33.53,1,"3FF63D70A3D70A3D","4040C3D70A3D70A4"
44,2100061223,362,1344,1,0.89,"S",2.35,1,"3FEC7AE147AE147B","4002CCCCCCCCCCCD"
44,2100061223,363,248,1,1.19,"",31.68,1,"3FF30A3D70A3D70A","403FAE147AE147AE"
44,2100061223,364,202,1,1.39,"",36.9,1,"3FF63D70A3D70A3D","4042733333333333"
44,2100061223,365,416,1,1.39,"",37.04,1,"3FF63D70A3D70A3D","4042851EB851EB85"
44,2100061223,366,1826,1,1.28,"S",38.38,1,"3FF47AE147AE147B","404330A3D70A3D71"
44,2100061223,367,242,1,1.39,"",36.01,1,"3FF63D70A3D70A3D","40420147AE147AE1"
44,2100061223,368,103,1,1.39,"",32.8,1,"3FF63D70A3D70A3D","4040666666666666"
44,2100061223,369,127,1,1.39,"",35.28,1,"3FF63D70A3D70A3D","4041A3D70A3D70A4"
44,2100061223,370,479,1,0.98,"B",24.81,1,"3FEF5C28F5C28F5C","4038CF5C28F5C28F"
44,2100061223,371,305,1,0.99,"B",21.6,1,"3FEFAE147AE147AE","403599999999999A"
44,2100061223,372,134,1,1.39,"",40.39,1,"3FF63D70A3D70A3D","404431EB851EB852"
44,2100061223,373,134,1,1.39,"",40.39,1,"3FF63D70A3D70A3D","404431EB851EB852"
44,2100061223,374,129,1,1.39,"",29.24,1,"3FF63D70A3D70A3D","403D3D70A3D70A3D"
44,2100061223,375,122,1,1.39,"",28.56,1,"3FF63D70A3D70A3D","403C8F5C28F5C28F"
44,2100061223,376,91,1,1.39,"",28.56,1,"3FF63D70A3D70A3D","403C8F5C28F5C28F"
44,2100061223,377,106,1,1.39,"",28.76,1,"3FF63D70A3D70A3D","403CC28F5C28F5C3"
44,2100061223,378,150,1,1.39,"",37.94,1,"3FF63D70A3D70A3D","4042F851EB851EB8"
44,2100061223,379,150,1,1.39,"",37.94,1,"3FF63D70A3D70A3D","4042F851EB851EB8"
44,2100061223,380,984,1,1.35,"B",35.8,1,"3FF599999999999A","4041E66666666666"
44,2100061223,381,106,1,1.39,"",40.99,1,"3FF63D70A3D70A3D","40447EB851EB851F"
44,2100061223,382,100,1,1.38,"",37.01,1,"3FF6147AE147AE14","40428147AE147AE1"
44,2100061223,383,277,1,1.29,"S",32.32,1,"3FF4A3D70A3D70A4","404028F5C28F5C29"
44,2100061223,384,377,1,1.29,"S",46.4,1,"3FF4A3D70A3D70A4","4047333333333333"
47,2100061223,1,330,1,0.99,"B",16.46,1,"3FEFAE147AE147AE","403075C28F5C28F6"
47,2100061223,2,150,1,0.99,"B",16.46,1,"3FEFAE147AE147AE","403075C28F5C28F6"
47,2100061223,3,235,1,0.99,"B",17.68,1,"3FEFAE147AE147AE","4031AE147AE147AE"
47,2100061223,4,208,1,0.99,"",17.68,1,"3FEFAE147AE147AE","4031AE147AE147AE"
47,2100061223,5,357,1,0.89,"B",7.75,1,"3FEC7AE147AE147B","401F000000000000"
47,2100061223,6,129,1,1.17,"",28.12,1,"3FF2B851EB851EB8","403C1EB851EB851F"
47,2100061223,7,178,1,1.17,"",29.23,1,"3FF2B851EB851EB8","403D3AE147AE147B"
47,2100061223,8,338,1,0.99,"B",16.36,1,"3FEFAE147AE147AE","40305C28F5C28F5C"
47,2100061223,9,561,1,0.99,"",16.36,1,"3FEFAE147AE147AE","40305C28F5C28F5C"
47,2100061223,10,173,1,0.99,"",16.36,1,"3FEFAE147AE147AE","40305C28F5C28F5C"
47,2100061223,11,188,1,1.17,"",29.23,1,"3FF2B851EB851EB8","403D3AE147AE147B"
47,2100061223,12,739,1,0.99,"B",16.36,1,"3FEFAE147AE147AE","40305C28F5C28F5C"
47,2100061223,13,932,1,0.99,"B",16.36,1,"3FEFAE147AE147AE","40305C28F5C28F5C"
47,2100061223,14,665,1,0.99,"B",16.36,1,"3FEFAE147AE147AE","40305C28F5C28F5C"
47,2100061223,15,154,1,1.17,"",29.23,1,"3FF2B851EB851EB8","403D3AE147AE147B"
47,2100061223,16,305,1,1.17,"",29.23,1,"3FF2B851EB851EB8","403D3AE147AE147B"
47,2100061223,17,508,1,0.99,"",16.36,1,"3FEFAE147AE147AE","40305C28F5C28F5C"
47,2100061223,18,287,1,0.99,"B",16.36,1,"3FEFAE147AE147AE","40305C28F5C28F5C"
47,2100061223,19,159,1,1.17,"",29.23,1,"3FF2B851EB851EB8","403D3AE147AE147B"
47,2100061223,20,88,1,1.17,"",29.23,1,"3FF2B851EB851EB8","403D3AE147AE147B"
47,2100061223,21,127,1,1.17,"",24.1,1,"3FF2B851EB851EB8","403819999999999A"
47,2100061223,22,126,1,1.17,"",24.1,1,"3FF2B851EB851EB8","403819999999999A"
47,2100061223,23,164,1,1.17,"",24.1,1,"3FF2B851EB851EB8","403819999999999A"
47,2100061223,24,136,1,1.27,"",30.08,1,"3FF451EB851EB852","403E147AE147AE14"
47,2100061223,25,162,1,1.17,"",29.23,1,"3FF2B851EB851EB8","403D3AE147AE147B"
47,2100061223,26,467,1,0.99,"B",16.36,1,"3FEFAE147AE147AE","40305C28F5C28F5C"
47,2100061223,27,440,1,0.99,"B",16.36,1,"3FEFAE147AE147AE","40305C28F5C28F5C"
47,2100061223,28,59,1,1.17,"",29.23,1,"3FF2B851EB851EB8","403D3AE147AE147B"
47,2100061223,29,165,1,1.17,"",29.23,1,"3FF2B851EB851EB8","403D3AE147AE147B"
47,2100061223,30,134,1,1.17,"",29.23,1,"3FF2B851EB851EB8","403D3AE147AE147B"
47,2100061223,31,240,1,1.09,"B",24.04,1,"3FF170A3D70A3D71","40380A3D70A3D70A"
47,2100061223,32,200,1,1.09,"B",24.04,1,"3FF170A3D70A3D71","40380A3D70A3D70A"
47,2100061223,33,324,1,0.99,"",23.33,1,"3FEFAE147AE147AE","4037547AE147AE14"
47,2100061223,34,135,1,1.17,"",35.13,1,"3FF2B851EB851EB8","404190A3D70A3D71"
47,2100061223,35,187,1,1.17,"",31.79,1,"3FF2B851EB851EB8","403FCA3D70A3D70A"
47,2100061223,36,204,1,1.17,"",31.79,1,"3FF2B851EB851EB8","403FCA3D70A3D70A"
47,2100061223,37,126,1,1.17,"",31.79,1,"3FF2B851EB851EB8","403FCA3D70A3D70A"
47,2100061223,38,769,1,0.89,"B",7.98,1,"3FEC7AE147AE147B","401FEB851EB851EC"
47,2100061223,39,263,1,0.89,"B",7.98,1,"3FEC7AE147AE147B","401FEB851EB851EC"
47,2100061223,40,251,1,0.89,"",7.98,1,"3FEC7AE147AE147B","401FEB851EB851EC"
47,2100061223,41,149,1,1.21,"",27.27,1,"3FF35C28F5C28F5C","403B451EB851EB85"
47,2100061223,42,140,1,1.21,"",27.27,1,"3FF35C28F5C28F5C","403B451EB851EB85"
47,2100061223,43,134,1,1.21,"",26.61,1,"3FF35C28F5C28F5C","403A9C28F5C28F5C"
47,2100061223,44,182,1,1.21,"",26.61,1,"3FF35C28F5C28F5C","403A9C28F5C28F5C"
47,2100061223,45,120,1,1.21,"",26.61,1,"3FF35C28F5C28F5C","403A9C28F5C28F5C"
47,2100061223,46,140,1,1.21,"",26.61,1,"3FF35C28F5C28F5C","403A9C28F5C28F5C"
47,2100061223,47,160,1,1.21,"",28.84,1,"3FF35C28F5C28F5C","403CD70A3D70A3D7"
47,2100061223,48,159,1,1.21,"",28.84,1,"3FF35C28F5C28F5C","403CD70A3D70A3D7"
47,2100061223,49,419,1,0.99,"B",15.86,1,"3FEFAE147AE147AE","402FB851EB851EB8"
47,2100061223,50,238,1,0.99,"B",16.06,1,"3FEFAE147AE147AE","40300F5C28F5C28F"
47,2100061223,51,218,1,0.99,"",16.06,1,"3FEFAE147AE147AE","40300F5C28F5C28F"
47,2100061223,52,127,1,1.21,"",31.32,1,"3FF35C28F5C28F5C","403F51EB851EB852"
47,2100061223,53,113,1,1.21,"",31.32,1,"3FF35C28F5C28F5C","403F51EB851EB852"
47,2100061223,54,149,1,1.21,"",31.49,1,"3FF35C28F5C28F5C","403F7D70A3D70A3D"
47,2100061223,55,212,1,1.21,"",31.49,1,"3FF35C28F5C28F5C","403F7D70A3D70A3D"
47,2100061223,56,1689,1,0.65,"S",27.38,1,"3FE4CCCCCCCCCCCD","403B6147AE147AE1"
47,2100061223,57,81,1,1.21,"",31.57,1,"3FF35C28F5C28F5C","403F91EB851EB852"
47,2100061223,58,704,1,0.99,"B",16.36,1,"3FEFAE147AE147AE","40305C28F5C28F5C"
47,2100061223,59,131,1,0.99,"",16.36,1,"3FEFAE147AE147AE","40305C28F5C28F5C"
47,2100061223,60,135,1,1.21,"",31.57,1,"3FF35C28F5C28F5C","403F91EB851EB852"
47,2100061223,61,192,1,1.21,"",31.57,1,"3FF35C28F5C28F5C","403F91EB851EB852"
47,2100061223,62,1041,1,0.89,"B",11.12,1,"3FEC7AE147AE147B","40263D70A3D70A3D"
47,2100061223,63,505,1,1.21,"B",32.48,1,"3FF35C28F5C28F5C","40403D70A3D70A3D"
47,2100061223,64,355,1,0.99,"B",16.97,1,"3FEFAE147AE147AE","4030F851EB851EB8"
47,2100061223,65,135,1,0.99,"B",16.97,1,"3FEFAE147AE147AE","4030F851EB851EB8"
47,2100061223,66,104,1,1.21,"B",32.07,1,"3FF35C28F5C28F5C","404008F5C28F5C29"
47,2100061223,67,308,1,0.89,"B",11.46,1,"3FEC7AE147AE147B","4026EB851EB851EC"
47,2100061223,68,124,1,1.21,"",34.88,1,"3FF35C28F5C28F5C","404170A3D70A3D71"
47,2100061223,69,83,1,1.21,"",34.88,1,"3FF35C28F5C28F5C","404170A3D70A3D71"
47,2100061223,70,81,1,1.21,"",34.88,1,"3FF35C28F5C28F5C","404170A3D70A3D71"
47,2100061223,71,78,1,1.21,"",34.88,1,"3FF35C28F5C28F5C","404170A3D70A3D71"
47,2100061223,72,97,1,1.21,"",34.88,1,"3FF35C28F5C28F5C","404170A3D70A3D71"
47,2100061223,73,42,1,1.21,"",34.88,1,"3FF35C28F5C28F5C","404170A3D70A3D71"
47,2100061223,74,77,1,1.21,"",31.57,1,"3FF35C28F5C28F5C","403F91EB851EB852"
47,2100061223,75,123,1,1.21,"",31.57,1,"3FF35C28F5C28F5C","403F91EB851EB852"
47,2100061223,76,229,1,1.21,"",31.57,1,"3FF35C28F5C28F5C","403F91EB851EB852"
47,2100061223,77,605,1,0.89,"B",7.98,1,"3FEC7AE147AE147B","401FEB851EB851EC"
47,2100061223,78,169,1,0.89,"B",7.98,1,"3FEC7AE147AE147B","401FEB851EB851EC"
47,2100061223,79,76,1,1.21,"",32.15,1,"3FF35C28F5C28F5C","4040133333333333"
47,2100061223,80,93,1,1.21,"",31.74,1,"3FF35C28F5C28F5C","403FBD70A3D70A3D"
47,2100061223,81,82,1,1.21,"",31.74,1,"3FF35C28F5C28F5C","403FBD70A3D70A3D"
47,2100061223,82,98,1,1.21,"",31.74,1,"3FF35C28F5C28F5C","403FBD70A3D70A3D"
47,2100061223,83,234,1,0.99,"",19.39,1,"3FEFAE147AE147AE","403363D70A3D70A4"
47,2100061223,84,226,1,0.99,"B",19.39,1,"3FEFAE147AE147AE","403363D70A3D70A4"
47,2100061223,85,223,1,0.99,"B",16.57,1,"3FEFAE147AE147AE","403091EB851EB852"
47,2100061223,86,171,1,0.99,"B",16.36,1,"3FEFAE147AE147AE","40305C28F5C28F5C"
47,2100061223,87,381,1,0.99,"B",16.36,1,"3FEFAE147AE147AE","40305C28F5C28F5C"
47,2100061223,88,144,1,0.99,"B",16.36,1,"3FEFAE147AE147AE","40305C28F5C28F5C"
47,2100061223,89,100,1,1.21,"",31.57,1,"3FF35C28F5C28F5C","403F91EB851EB852"
47,2100061223,90,114,1,1.21,"",31.57,1,"3FF35C28F5C28F5C","403F91EB851EB852"
47,2100061223,91,93,1,1.21,"",31.57,1,"3FF35C28F5C28F5C","403F91EB851EB852"
47,2100061223,92,104,1,1.21,"",30.17,1,"3FF35C28F5C28F5C","403E2B851EB851EC"
47,2100061223,93,99,1,1.21,"",26.78,1,"3FF35C28F5C28F5C","403AC7AE147AE148"
47,2100061223,94,119,1,1.21,"",26.61,1,"3FF35C28F5C28F5C","403A9C28F5C28F5C"
47,2100061223,95,110,1,1.25,"",28.96,1,"3FF4000000000000","403CF5C28F5C28F6"
47,2100061223,96,85,1,1.31,"",35.42,1,"3FF4F5C28F5C28F6","4041B5C28F5C28F6"
47,2100061223,97,127,1,1.31,"",36.41,1,"3FF4F5C28F5C28F6","4042347AE147AE14"
47,2100061223,98,566,1,0.89,"B",6.85,1,"3FEC7AE147AE147B","401B666666666666"
47,2100061223,99,397,1,0.89,"B",6.85,1,"3FEC7AE147AE147B","401B666666666666"
47,2100061223,100,189,1,0.89,"",6.85,1,"3FEC7AE147AE147B","401B666666666666"
47,2100061223,101,90,1,1.31,"",36.72,1,"3FF4F5C28F5C28F6","40425C28F5C28F5C"
47,2100061223,102,122,1,1.25,"",33.68,1,"3FF4000000000000","4040D70A3D70A3D7"
47,2100061223,103,221,1,1.09,"S",22.66,1,"3FF170A3D70A3D71","4036A8F5C28F5C29"
47,2100061223,104,138,1,1.25,"",32.08,1,"3FF4000000000000","40400A3D70A3D70A"
47,2100061223,105,118,1,1.25,"",31.92,1,"3FF4000000000000","403FEB851EB851EC"
47,2100061223,106,75,1,1.25,"",31.92,1,"3FF4000000000000","403FEB851EB851EC"
47,2100061223,107,226,1,1.25,"",31.92,1,"3FF4000000000000","403FEB851EB851EC"
47,2100061223,108,206,1,0.89,"B",10.45,1,"3FEC7AE147AE147B","4024E66666666666"
47,2100061223,109,171,1,1.25,"",36.24,1,"3FF4000000000000","40421EB851EB851F"
47,2100061223,110,471,1,1.25,"",36.24,1,"3FF4000000000000","40421EB851EB851F"
47,2100061223,111,1149,1,0.99,"B",14.34,1,"3FEFAE147AE147AE","402CAE147AE147AE"
47,2100061223,112,351,1,0.99,"B",14.34,1,"3FEFAE147AE147AE","402CAE147AE147AE"
47,2100061223,113,131,1,0.99,"B",10.51,1,"3FEFAE147AE147AE","4025051EB851EB85"
47,2100061223,114,71,1,1.25,"",29.12,1,"3FF4000000000000","403D1EB851EB851F"
47,2100061223,115,199,1,1.19,"B",26.72,1,"3FF30A3D70A3D70A","403AB851EB851EB8"
47,2100061223,116,110,1,1.19,"",26.81,1,"3FF30A3D70A3D70A","403ACF5C28F5C28F"
47,2100061223,117,92,1,1.25,"",30.32,1,"3FF4000000000000","403E51EB851EB852"
47,2100061223,118,79,1,1.25,"",30.32,1,"3FF4000000000000","403E51EB851EB852"
47,2100061223,119,91,1,1.25,"",30.32,1,"3FF4000000000000","403E51EB851EB852"
47,2100061223,120,84,1,1.25,"",32.16,1,"3FF4000000000000","4040147AE147AE14"
47,2100061223,121,81,1,1.25,"",32.16,1,"3FF4000000000000","4040147AE147AE14"
47,2100061223,122,105,1,1.22,"",30.49,1,"3FF3851EB851EB85","403E7D70A3D70A3D"
47,2100061223,123,152,1,1.22,"",32.13,1,"3FF3851EB851EB85","404010A3D70A3D71"
47,2100061223,124,196,1,0.99,"",23.43,1,"3FEFAE147AE147AE","40376E147AE147AE"
47,2100061223,125,261,1,0.99,"B",23.43,1,"3FEFAE147AE147AE","40376E147AE147AE"
47,2100061223,126,146,1,0.99,"B",23.43,1,"3FEFAE147AE147AE","40376E147AE147AE"
47,2100061223,127,368,1,0.99,"B",16.36,1,"3FEFAE147AE147AE","40305C28F5C28F5C"
47,2100061223,128,592,1,0.99,"B",16.36,1,"3FEFAE147AE147AE","40305C28F5C28F5C"
47,2100061223,129,138,1,0.99,"B",16.36,1,"3FEFAE147AE147AE","40305C28F5C28F5C"
47,2100061223,130,126,1,1.22,"",32.13,1,"3FF3851EB851EB85","404010A3D70A3D71"
47,2100061223,131,309,1,0.99,"B",16.36,1,"3FEFAE147AE147AE","40305C28F5C28F5C"
47,2100061223,132,125,1,0.99,"",16.36,1,"3FEFAE147AE147AE","40305C28F5C28F5C"
47,2100061223,133,120,1,1.22,"",32.13,1,"3FF3851EB851EB85","404010A3D70A3D71"
47,2100061223,134,86,1,1.22,"",32.13,1,"3FF3851EB851EB85","404010A3D70A3D71"
47,2100061223,135,65,1,1.22,"",32.13,1,"3FF3851EB851EB85","404010A3D70A3D71"
47,2100061223,136,123,1,1.22,"",32.13,1,"3FF3851EB851EB85","404010A3D70A3D71"
47,2100061223,137,221,1,1.09,"B",24.04,1,"3FF170A3D70A3D71","40380A3D70A3D70A"
47,2100061223,138,251,1,1.09,"B",24.04,1,"3FF170A3D70A3D71","40380A3D70A3D70A"
47,2100061223,139,79,1,1.22,"",32.21,1,"3FF3851EB851EB85","40401AE147AE147B"
47,2100061223,140,76,1,1.22,"",32.21,1,"3FF3851EB851EB85","40401AE147AE147B"
47,2100061223,141,117,1,1.22,"",32.3,1,"3FF3851EB851EB85","4040266666666666"
47,2100061223,142,120,1,1.22,"",32.3,1,"3FF3851EB851EB85","4040266666666666"
47,2100061223,143,94,1,1.22,"",32.3,1,"3FF3851EB851EB85","4040266666666666"
47,2100061223,144,128,1,1.22,"",32.3,1,"3FF3851EB851EB85","4040266666666666"
47,2100061223,145,96,1,1.22,"",32.13,1,"3FF3851EB851EB85","404010A3D70A3D71"
47,2100061223,146,200,1,1.19,"B",30.59,1,"3FF30A3D70A3D70A","403E970A3D70A3D7"
47,2100061223,147,153,1,1.19,"B",30.59,1,"3FF30A3D70A3D70A","403E970A3D70A3D7"
47,2100061223,148,68,1,1.22,"",32.3,1,"3FF3851EB851EB85","4040266666666666"
47,2100061223,149,97,1,1.22,"",32.3,1,"3FF3851EB851EB85","4040266666666666"
47,2100061223,150,67,1,1.22,"",32.3,1,"3FF3851EB851EB85","4040266666666666"
47,2100061223,151,91,1,1.22,"",32.3,1,"3FF3851EB851EB85","4040266666666666"
47,2100061223,152,102,1,1.22,"",32.3,1,"3FF3851EB851EB85","4040266666666666"
47,2100061223,153,93,1,1.22,"",32.3,1,"3FF3851EB851EB85","4040266666666666"
47,2100061223,154,130,1,1.22,"",32.3,1,"3FF3851EB851EB85","4040266666666666"
47,2100061223,155,95,1,1.22,"",32.3,1,"3FF3851EB851EB85","4040266666666666"
47,2100061223,156,82,1,1.22,"",32.3,1,"3FF3851EB851EB85","4040266666666666"
47,2100061223,157,572,1,0.99,"B",16.57,1,"3FEFAE147AE147AE","403091EB851EB852"
47,2100061223,158,1253,1,0.99,"B",16.57,1,"3FEFAE147AE147AE","403091EB851EB852"
47,2100061223,159,188,1,0.99,"B",16.57,1,"3FEFAE147AE147AE","403091EB851EB852"
47,2100061223,160,139,1,1.22,"",32.3,1,"3FF3851EB851EB85","4040266666666666"
47,2100061223,161,226,1,1.22,"",32.3,1,"3FF3851EB851EB85","4040266666666666"
47,2100061223,162,897,1,1.19,"B",30.59,1,"3FF30A3D70A3D70A","403E970A3D70A3D7"
47,2100061223,163,237,1,1.19,"",30.59,1,"3FF30A3D70A3D70A","403E970A3D70A3D7"
47,2100061223,164,122,1,1.22,"",32.3,1,"3FF3851EB851EB85","4040266666666666"
47,2100061223,165,94,1,1.22,"",32.3,1,"3FF3851EB851EB85","4040266666666666"
47,2100061223,166,66,1,1.22,"",32.3,1,"3FF3851EB851EB85","4040266666666666"
47,2100061223,167,279,1,1.09,"B",24.22,1,"3FF170A3D70A3D71","40383851EB851EB8"
47,2100061223,168,234,1,1.09,"B",24.22,1,"3FF170A3D70A3D71","40383851EB851EB8"
47,2100061223,169,89,1,1.22,"",32.3,1,"3FF3851EB851EB85","4040266666666666"
47,2100061223,170,76,1,1.22,"",32.3,1,"3FF3851EB851EB85","4040266666666666"
47,2100061223,171,121,1,1.09,"B",24.22,1,"3FF170A3D70A3D71","40383851EB851EB8"
47,2100061223,172,113,1,1.09,"B",24.22,1,"3FF170A3D70A3D71","40383851EB851EB8"
47,2100061223,173,139,1,1.09,"B",24.22,1,"3FF170A3D70A3D71","40383851EB851EB8"
47,2100061223,174,84,1,1.09,"B",24.22,1,"3FF170A3D70A3D71","40383851EB851EB8"
47,2100061223,175,96,1,1.22,"",32.3,1,"3FF3851EB851EB85","4040266666666666"
47,2100061223,176,121,1,0.99,"B",16.57,1,"3FEFAE147AE147AE","403091EB851EB852"
47,2100061223,177,823,1,0.99,"B",16.57,1,"3FEFAE147AE147AE","403091EB851EB852"
47,2100061223,178,139,1,1.22,"",32.3,1,"3FF3851EB851EB85","4040266666666666"
47,2100061223,179,124,1,1.22,"",32.3,1,"3FF3851EB851EB85","4040266666666666"
47,2100061223,180,147,1,0.99,"B",16.57,1,"3FEFAE147AE147AE","403091EB851EB852"
47,2100061223,181,142,1,1.02,"B",19.01,1,"3FF051EB851EB852","4033028F5C28F5C3"
47,2100061223,182,156,1,1.19,"B",30.58,1,"3FF30A3D70A3D70A","403E947AE147AE14"
47,2100061223,183,115,1,1.19,"B",30.58,1,"3FF30A3D70A3D70A","403E947AE147AE14"
