cmov.csv
"STORE","UPC","WEEK","MOVE","QTY","PRICE","SALE","PROFIT","OK","PRICE_HEX","PROFIT_HEX"
47,2100061223,184,395,1,0.99,"S",16.56,1,"3FEFAE147AE147AE","40308F5C28F5C28F"
47,2100061223,185,117,1,1.22,"",32.29,1,"3FF3851EB851EB85","4040251EB851EB85"
47,2100061223,186,110,1,1.25,"",33.92,1,"3FF4000000000000","4040F5C28F5C28F6"
47,2100061223,187,95,1,1.35,"",38.81,1,"3FF599999999999A","404367AE147AE148"
47,2100061223,188,119,1,1.35,"",38.81,1,"3FF599999999999A","404367AE147AE148"
47,2100061223,189,334,1,0.99,"S",16.56,1,"3FEFAE147AE147AE","40308F5C28F5C28F"
47,2100061223,190,202,1,1.35,"",38.81,1,"3FF599999999999A","404367AE147AE148"
47,2100061223,191,101,1,1.35,"",38,1,"3FF599999999999A","4043000000000000"
47,2100061223,192,92,1,1.35,"",35.03,1,"3FF599999999999A","404183D70A3D70A4"
47,2100061223,193,78,1,1.35,"",34.59,1,"3FF599999999999A","40414B851EB851EC"
47,2100061223,194,118,1,1.35,"",34.51,1,"3FF599999999999A","40414147AE147AE1"
47,2100061223,195,128,1,1.35,"",36.44,1,"3FF599999999999A","40423851EB851EB8"
47,2100061223,196,113,1,1.35,"",38.81,1,"3FF599999999999A","404367AE147AE148"
47,2100061223,197,291,1,1.09,"B",24.22,1,"3FF170A3D70A3D71","40383851EB851EB8"
47,2100061223,198,181,1,1.13,"B",26.9,1,"3FF2147AE147AE14","403AE66666666666"
47,2100061223,199,132,1,1.35,"",38.81,1,"3FF599999999999A","404367AE147AE148"
47,2100061223,200,117,1,1.35,"",38.81,1,"3FF599999999999A","404367AE147AE148"
47,2100061223,201,401,1,0.99,"S",16.56,1,"3FEFAE147AE147AE","40308F5C28F5C28F"
47,2100061223,202,104,1,1.29,"",35.96,1,"3FF4A3D70A3D70A4","4041FAE147AE147B"
47,2100061223,203,115,1,1.19,"B",30.58,1,"3FF30A3D70A3D70A","403E947AE147AE14"
47,2100061223,204,92,1,1.34,"",38.35,1,"3FF570A3D70A3D71","40432CCCCCCCCCCD"
47,2100061223,205,119,1,1.29,"B",35.96,1,"3FF4A3D70A3D70A4","4041FAE147AE147B"
47,2100061223,206,406,1,0.99,"B",16.56,1,"3FEFAE147AE147AE","40308F5C28F5C28F"
47,2100061223,207,279,1,1.03,"B",19.8,1,"3FF07AE147AE147B","4033CCCCCCCCCCCD"
47,2100061223,208,75,1,1.35,"",38.81,1,"3FF599999999999A","404367AE147AE148"
47,2100061223,209,84,1,1.35,"",38.81,1,"3FF599999999999A","404367AE147AE148"
47,2100061223,210,152,1,1.14,"S",27.54,1,"3FF23D70A3D70A3D","403B8A3D70A3D70A"
47,2100061223,211,150,1,1.35,"",38.81,1,"3FF599999999999A","404367AE147AE148"
47,2100061223,212,235,1,1.35,"",64.66,1,"3FF599999999999A","40502A3D70A3D70A"
47,2100061223,213,3525,1,0.5,"",-54.8,1,"3FE0000000000000","C04B666666666666"
47,2100061223,214,1018,1,0.55,"B",-50.18,1,"3FE199999999999A","C049170A3D70A3D7"
47,2100061223,215,145,1,1.35,"",38.81,1,"3FF599999999999A","404367AE147AE148"
47,2100061223,216,95,1,1.35,"",38.81,1,"3FF599999999999A","404367AE147AE148"
47,2100061223,217,81,1,1.35,"",38.81,1,"3FF599999999999A","404367AE147AE148"
47,2100061223,218,302,1,0.99,"S",16.56,1,"3FEFAE147AE147AE","40308F5C28F5C28F"
47,2100061223,219,104,1,1.31,"S",36.94,1,"3FF4F5C28F5C28F6","40427851EB851EB8"
47,2100061223,220,107,1,1.19,"",30.58,1,"3FF30A3D70A3D70A","403E947AE147AE14"
47,2100061223,221,89,1,1.19,"",30.58,1,"3FF30A3D70A3D70A","403E947AE147AE14"
47,2100061223,222,107,1,1.19,"",30.58,1,"3FF30A3D70A3D70A","403E947AE147AE14"
47,2100061223,223,89,1,1.19,"",30.58,1,"3FF30A3D70A3D70A","403E947AE147AE14"
47,2100061223,224,197,1,0.99,"S",16.56,1,"3FEFAE147AE147AE","40308F5C28F5C28F"
47,2100061223,225,67,1,1.19,"",30.58,1,"3FF30A3D70A3D70A","403E947AE147AE14"
47,2100061223,226,74,1,1.19,"",30.58,1,"3FF30A3D70A3D70A","403E947AE147AE14"
47,2100061223,227,888,1,0.51,"",-61.96,1,"3FE051EB851EB852","C04EFAE147AE147B"
47,2100061223,228,165,1,1.15,"",28.17,1,"3FF2666666666666","403C2B851EB851EC"
47,2100061223,229,73,1,1.19,"",30.58,1,"3FF30A3D70A3D70A","403E947AE147AE14"
47,2100061223,230,76,1,1.19,"",30.58,1,"3FF30A3D70A3D70A","403E947AE147AE14"
47,2100061223,231,87,1,1.19,"",30.58,1,"3FF30A3D70A3D70A","403E947AE147AE14"
47,2100061223,232,244,1,0.99,"S",25.05,1,"3FEFAE147AE147AE","40390CCCCCCCCCCD"
47,2100061223,233,96,1,1.19,"",38.99,1,"3FF30A3D70A3D70A","40437EB851EB851F"
47,2100061223,234,76,1,1.19,"",38.99,1,"3FF30A3D70A3D70A","40437EB851EB851F"
47,2100061223,235,200,1,0.99,"S",26.66,1,"3FEFAE147AE147AE","403AA8F5C28F5C29"
47,2100061223,236,101,1,1.19,"",38.99,1,"3FF30A3D70A3D70A","40437EB851EB851F"
47,2100061223,237,135,1,1.19,"",38.99,1,"3FF30A3D70A3D70A","40437EB851EB851F"
47,2100061223,238,132,1,1.19,"",38.99,1,"3FF30A3D70A3D70A","40437EB851EB851F"
47,2100061223,239,110,1,1.19,"",38.99,1,"3FF30A3D70A3D70A","40437EB851EB851F"
47,2100061223,240,284,1,0.99,"S",26.66,1,"3FEFAE147AE147AE","403AA8F5C28F5C29"
47,2100061223,241,124,1,1.18,"S",38.47,1,"3FF2E147AE147AE1","40433C28F5C28F5C"
47,2100061223,242,113,1,1.19,"",38.99,1,"3FF30A3D70A3D70A","40437EB851EB851F"
47,2100061223,243,120,1,1.19,"",38.99,1,"3FF30A3D70A3D70A","40437EB851EB851F"
47,2100061223,244,82,1,1.19,"",38.48,1,"3FF30A3D70A3D70A","40433D70A3D70A3D"
47,2100061223,245,109,1,1.19,"",35.29,1,"3FF30A3D70A3D70A","4041A51EB851EB85"
47,2100061223,246,375,1,0.99,"S",25.95,1,"3FEFAE147AE147AE","4039F33333333333"
47,2100061223,247,116,1,1.18,"S",31.01,1,"3FF2E147AE147AE1","403F028F5C28F5C3"
47,2100061223,248,121,1,1.19,"",30.58,1,"3FF30A3D70A3D70A","403E947AE147AE14"
47,2100061223,249,87,1,1.19,"",30.58,1,"3FF30A3D70A3D70A","403E947AE147AE14"
47,2100061223,250,168,1,1.19,"",30.42,1,"3FF30A3D70A3D70A","403E6B851EB851EC"
47,2100061223,251,163,1,0.93,"",5.68,1,"3FEDC28F5C28F5C3","4016B851EB851EB8"
47,2100061223,252,451,1,0.99,"S",11.32,1,"3FEFAE147AE147AE","4026A3D70A3D70A4"
47,2100061223,253,110,1,1.19,"",28.91,1,"3FF30A3D70A3D70A","403CE8F5C28F5C29"
47,2100061223,254,121,1,1.19,"",30.29,1,"3FF30A3D70A3D70A","403E4A3D70A3D70A"
47,2100061223,255,111,1,1.19,"",32.7,1,"3FF30A3D70A3D70A","404059999999999A"
47,2100061223,256,122,1,1.19,"",30.14,1,"3FF30A3D70A3D70A","403E23D70A3D70A4"
47,2100061223,257,273,1,0.99,"S",14.36,1,"3FEFAE147AE147AE","402CB851EB851EB8"
47,2100061223,258,95,1,1.19,"",29.88,1,"3FF30A3D70A3D70A","403DE147AE147AE1"
47,2100061223,259,92,1,1.19,"",31.9,1,"3FF30A3D70A3D70A","403FE66666666666"
47,2100061223,260,112,1,1.19,"",31.79,1,"3FF30A3D70A3D70A","403FCA3D70A3D70A"
47,2100061223,261,1110,1,1.09,"S",35.04,1,"3FF170A3D70A3D71","4041851EB851EB85"
47,2100061223,262,167,1,1.14,"S",33.28,1,"3FF23D70A3D70A3D","4040A3D70A3D70A4"
47,2100061223,263,135,1,1.19,"",30.67,1,"3FF30A3D70A3D70A","403EAB851EB851EC"
47,2100061223,264,100,1,1.19,"",30.3,1,"3FF30A3D70A3D70A","403E4CCCCCCCCCCD"
47,2100061223,265,131,1,1.19,"",30.45,1,"3FF30A3D70A3D70A","403E733333333333"
47,2100061223,266,1161,1,0.79,"B",6.21,1,"3FE947AE147AE148","4018D70A3D70A3D7"
47,2100061223,267,223,1,1.17,"B",29.95,1,"3FF2B851EB851EB8","403DF33333333333"
47,2100061223,268,100,1,1.19,"",30.3,1,"3FF30A3D70A3D70A","403E4CCCCCCCCCCD"
47,2100061223,269,131,1,1.19,"",30.45,1,"3FF30A3D70A3D70A","403E733333333333"
47,2100061223,270,99,1,1.17,"S",28.37,1,"3FF2B851EB851EB8","403C5EB851EB851F"
47,2100061223,271,128,1,1.19,"",29.24,1,"3FF30A3D70A3D70A","403D3D70A3D70A3D"
47,2100061223,272,107,1,1.19,"",29.29,1,"3FF30A3D70A3D70A","403D4A3D70A3D70A"
47,2100061223,273,67,1,1.19,"",29.74,1,"3FF30A3D70A3D70A","403DBD70A3D70A3D"
47,2100061223,274,116,1,1.19,"",30.29,1,"3FF30A3D70A3D70A","403E4A3D70A3D70A"
47,2100061223,275,415,1,0.79,"B",18.97,1,"3FE947AE147AE148","4032F851EB851EB8"
47,2100061223,276,798,1,0.79,"B",18.09,1,"3FE947AE147AE148","4032170A3D70A3D7"
47,2100061223,277,82,1,1.19,"",31.42,1,"3FF30A3D70A3D70A","403F6B851EB851EC"
47,2100061223,278,107,1,1.19,"",31.42,1,"3FF30A3D70A3D70A","403F6B851EB851EC"
47,2100061223,279,121,1,1.19,"",31.42,1,"3FF30A3D70A3D70A","403F6B851EB851EC"
47,2100061223,280,129,1,1.19,"",31.11,1,"3FF30A3D70A3D70A","403F1C28F5C28F5C"
47,2100061223,281,603,1,0.79,"S",-7.01,1,"3FE947AE147AE148","C01C0A3D70A3D70A"
47,2100061223,282,105,1,1.18,"S",25.59,1,"3FF2E147AE147AE1","4039970A3D70A3D7"
47,2100061223,283,99,1,1.19,"",25.4,1,"3FF30A3D70A3D70A","4039666666666666"
47,2100061223,284,107,1,1.19,"",24.03,1,"3FF30A3D70A3D70A","403807AE147AE148"
47,2100061223,285,158,1,1.19,"",24.33,1,"3FF30A3D70A3D70A","4038547AE147AE14"
47,2100061223,286,131,1,1.12,"",23.88,1,"3FF1EB851EB851EC","4037E147AE147AE1"
47,2100061223,287,329,1,0.99,"B",20.74,1,"3FEFAE147AE147AE","4034BD70A3D70A3D"
47,2100061223,288,164,1,1.01,"B",19.1,1,"3FF028F5C28F5C29","403319999999999A"
47,2100061223,289,106,1,1.19,"",25.84,1,"3FF30A3D70A3D70A","4039D70A3D70A3D7"
47,2100061223,290,96,1,1.22,"",26.54,1,"3FF3851EB851EB85","403A8A3D70A3D70A"
47,2100061223,291,79,1,1.29,"",29.44,1,"3FF4A3D70A3D70A4","403D70A3D70A3D71"
47,2100061223,292,81,1,1.29,"",28.97,1,"3FF4A3D70A3D70A4","403CF851EB851EB8"
47,2100061223,293,94,1,1.23,"B",25.43,1,"3FF3AE147AE147AE","40396E147AE147AE"
47,2100061223,294,272,1,0.99,"B",7.17,1,"3FEFAE147AE147AE","401CAE147AE147AE"
47,2100061223,295,136,1,1,"B",15.63,1,"3FF0000000000000","402F428F5C28F5C3"
47,2100061223,296,142,1,1.09,"B",30.36,1,"3FF170A3D70A3D71","403E5C28F5C28F5C"
47,2100061223,297,95,1,1.12,"B",30.03,1,"3FF1EB851EB851EC","403E07AE147AE148"
47,2100061223,298,98,1,1.29,"",36.59,1,"3FF4A3D70A3D70A4","40424B851EB851EC"
47,2100061223,299,191,1,1.01,"B",41.88,1,"3FF028F5C28F5C29","4044F0A3D70A3D71"
47,2100061223,300,152,1,0.96,"B",32.61,1,"3FEEB851EB851EB8","40404E147AE147AE"
47,2100061223,301,107,1,1.29,"",28.75,1,"3FF4A3D70A3D70A4","403CC00000000000"
47,2100061223,302,88,1,1.29,"",28.75,1,"3FF4A3D70A3D70A4","403CC00000000000"
47,2100061223,303,107,1,1.29,"",28.75,1,"3FF4A3D70A3D70A4","403CC00000000000"
47,2100061223,304,119,1,1.29,"",28.75,1,"3FF4A3D70A3D70A4","403CC00000000000"
47,2100061223,305,99,1,1.29,"",28.75,1,"3FF4A3D70A3D70A4","403CC00000000000"
47,2100061223,306,146,1,1.29,"",36.11,1,"3FF4A3D70A3D70A4","40420E147AE147AE"
47,2100061223,307,1597,1,0.71,"B",17.87,1,"3FE6B851EB851EB8","4031DEB851EB851F"
47,2100061223,308,206,1,1.01,"",37.4,1,"3FF028F5C28F5C29","4042B33333333333"
47,2100061223,309,218,1,0.99,"B",22.32,1,"3FEFAE147AE147AE","403651EB851EB852"
47,2100061223,310,245,1,1.09,"B",36.35,1,"3FF170A3D70A3D71","40422CCCCCCCCCCD"
47,2100061223,311,954,1,0.79,"B",25.44,1,"3FE947AE147AE148","403970A3D70A3D71"
47,2100061223,312,1412,1,0.79,"B",25.41,1,"3FE947AE147AE148","403968F5C28F5C29"
47,2100061223,313,406,1,0.99,"S",6.78,1,"3FEFAE147AE147AE","401B1EB851EB851F"
47,2100061223,314,100,1,1.29,"",28.75,1,"3FF4A3D70A3D70A4","403CC00000000000"
47,2100061223,315,102,1,1.29,"",35.59,1,"3FF4A3D70A3D70A4","4041CB851EB851EC"
47,2100061223,316,291,1,0.99,"S",32.42,1,"3FEFAE147AE147AE","404035C28F5C28F6"
47,2100061223,317,121,1,1.28,"",40.22,1,"3FF47AE147AE147B","40441C28F5C28F5C"
47,2100061223,318,100,1,1.29,"",28.75,1,"3FF4A3D70A3D70A4","403CC00000000000"
47,2100061223,319,92,1,1.29,"",28.75,1,"3FF4A3D70A3D70A4","403CC00000000000"
47,2100061223,320,96,1,1.29,"",28.75,1,"3FF4A3D70A3D70A4","403CC00000000000"
47,2100061223,321,81,1,1.29,"",28.75,1,"3FF4A3D70A3D70A4","403CC00000000000"
47,2100061223,322,90,1,1.29,"",28.75,1,"3FF4A3D70A3D70A4","403CC00000000000"
47,2100061223,323,71,1,1.29,"",28.75,1,"3FF4A3D70A3D70A4","403CC00000000000"
47,2100061223,324,95,1,1.29,"",28.75,1,"3FF4A3D70A3D70A4","403CC00000000000"
47,2100061223,325,261,1,0.99,"S",32.42,1,"3FEFAE147AE147AE","404035C28F5C28F6"
47,2100061223,326,247,1,1,"B",38.19,1,"3FF0000000000000","40431851EB851EB8"
47,2100061223,327,612,1,0.89,"B",33.82,1,"3FEC7AE147AE147B","4040E8F5C28F5C29"
47,2100061223,328,72,1,1.27,"",48.66,1,"3FF451EB851EB852","4048547AE147AE14"
47,2100061223,329,335,1,0.99,"S",25.35,1,"3FEFAE147AE147AE","403959999999999A"
47,2100061223,330,103,1,1.28,"",35.63,1,"3FF47AE147AE147B","4041D0A3D70A3D71"
47,2100061223,331,103,1,1.29,"",28.75,1,"3FF4A3D70A3D70A4","403CC00000000000"
47,2100061223,332,132,1,1.29,"",35.93,1,"3FF4A3D70A3D70A4","4041F70A3D70A3D7"
47,2100061223,333,559,1,0.79,"S",25.69,1,"3FE947AE147AE148","4039B0A3D70A3D71"
47,2100061223,334,120,1,1.25,"",46.12,1,"3FF4000000000000","40470F5C28F5C28F"
47,2100061223,335,68,1,1.29,"",28.75,1,"3FF4A3D70A3D70A4","403CC00000000000"
47,2100061223,336,91,1,1.29,"",28.75,1,"3FF4A3D70A3D70A4","403CC00000000000"
47,2100061223,337,107,1,1.29,"",28.75,1,"3FF4A3D70A3D70A4","403CC00000000000"
47,2100061223,338,90,1,1.29,"",28.75,1,"3FF4A3D70A3D70A4","403CC00000000000"
47,2100061223,339,662,1,0.79,"S",17.99,1,"3FE947AE147AE148","4031FD70A3D70A3D"
47,2100061223,340,123,1,0.96,"",35.34,1,"3FEEB851EB851EB8","4041AB851EB851EC"
47,2100061223,341,110,1,1.29,"",28.75,1,"3FF4A3D70A3D70A4","403CC00000000000"
47,2100061223,342,98,1,1.29,"",28.75,1,"3FF4A3D70A3D70A4","403CC00000000000"
47,2100061223,343,108,1,1.29,"",28.75,1,"3FF4A3D70A3D70A4","403CC00000000000"
47,2100061223,344,70,1,1.29,"",28.75,1,"3FF4A3D70A3D70A4","403CC00000000000"
47,2100061223,345,79,1,1.29,"",28.75,1,"3FF4A3D70A3D70A4","403CC00000000000"
47,2100061223,346,101,1,1.29,"",28.75,1,"3FF4A3D70A3D70A4","403CC00000000000"
47,2100061223,347,96,1,1.29,"",28.75,1,"3FF4A3D70A3D70A4","403CC00000000000"
47,2100061223,348,327,1,0.99,"S",20.26,1,"3FEFAE147AE147AE","4034428F5C28F5C3"
47,2100061223,349,67,1,1.28,"",35.77,1,"3FF47AE147AE147B","4041E28F5C28F5C3"
47,2100061223,350,74,1,1.29,"",28.75,1,"3FF4A3D70A3D70A4","403CC00000000000"
47,2100061223,351,285,1,0.99,"S",11.76,1,"3FEFAE147AE147AE","4027851EB851EB85"
47,2100061223,352,87,1,1.29,"",36.6,1,"3FF4A3D70A3D70A4","40424CCCCCCCCCCD"
47,2100061223,353,91,1,1.29,"",28.75,1,"3FF4A3D70A3D70A4","403CC00000000000"
47,2100061223,354,91,1,1.29,"",28.75,1,"3FF4A3D70A3D70A4","403CC00000000000"
47,2100061223,355,106,1,1.32,"",30.73,1,"3FF51EB851EB851F","403EBAE147AE147B"
47,2100061223,356,86,1,1.39,"",33.88,1,"3FF63D70A3D70A3D","4040F0A3D70A3D71"
47,2100061223,357,137,1,1.39,"",34.02,1,"3FF63D70A3D70A3D","4041028F5C28F5C3"
47,2100061223,358,81,1,1.39,"",35.65,1,"3FF63D70A3D70A3D","4041D33333333333"
47,2100061223,359,113,1,1.39,"",34.29,1,"3FF63D70A3D70A3D","4041251EB851EB85"
47,2100061223,360,114,1,1.39,"",33.74,1,"3FF63D70A3D70A3D","4040DEB851EB851F"
47,2100061223,361,1254,1,0.89,"S",2.92,1,"3FEC7AE147AE147B","40075C28F5C28F5C"
47,2100061223,362,163,1,1.11,"",26.54,1,"3FF1C28F5C28F5C3","403A8A3D70A3D70A"
47,2100061223,363,130,1,1.39,"",35.01,1,"3FF63D70A3D70A3D","40418147AE147AE1"
47,2100061223,364,260,1,1.39,"",37.27,1,"3FF63D70A3D70A3D","4042A28F5C28F5C3"
47,2100061223,365,1518,1,1.29,"S",38.44,1,"3FF4A3D70A3D70A4","40433851EB851EB8"
47,2100061223,366,244,1,1.39,"",36.06,1,"3FF63D70A3D70A3D","404207AE147AE148"
47,2100061223,367,68,1,1.39,"",32.8,1,"3FF63D70A3D70A3D","4040666666666666"
47,2100061223,368,83,1,1.39,"",36.39,1,"3FF63D70A3D70A3D","404231EB851EB852"
47,2100061223,369,462,1,0.99,"B",25.05,1,"3FEFAE147AE147AE","40390CCCCCCCCCCD"
47,2100061223,370,175,1,0.99,"B",20.2,1,"3FEFAE147AE147AE","4034333333333333"
47,2100061223,371,116,1,1.38,"",39.39,1,"3FF6147AE147AE14","4043B1EB851EB852"
47,2100061223,372,116,1,1.38,"",39.39,1,"3FF6147AE147AE14","4043B1EB851EB852"
47,2100061223,373,92,1,1.39,"",28.92,1,"3FF63D70A3D70A3D","403CEB851EB851EC"
47,2100061223,374,101,1,1.39,"",28.56,1,"3FF63D70A3D70A3D","403C8F5C28F5C28F"
47,2100061223,375,83,1,1.39,"",28.56,1,"3FF63D70A3D70A3D","403C8F5C28F5C28F"
47,2100061223,376,131,1,1.39,"",29.33,1,"3FF63D70A3D70A3D","403D547AE147AE14"
47,2100061223,377,173,1,1.39,"",37.67,1,"3FF63D70A3D70A3D","4042D5C28F5C28F6"
47,2100061223,378,173,1,1.39,"",37.67,1,"3FF63D70A3D70A3D","4042D5C28F5C28F6"
47,2100061223,379,943,1,1.35,"B",35.83,1,"3FF599999999999A","4041EA3D70A3D70A"
47,2100061223,380,80,1,1.39,"",41.24,1,"3FF63D70A3D70A3D","40449EB851EB851F"
47,2100061223,381,84,1,1.38,"",36.81,1,"3FF6147AE147AE14","404267AE147AE148"
47,2100061223,382,266,1,1.29,"S",32.32,1,"3FF4A3D70A3D70A4","404028F5C28F5C29"
47,2100061223,383,404,1,1.29,"S",46.18,1,"3FF4A3D70A3D70A4","4047170A3D70A3D7"
51,2100061223,1,418,1,0.99,"B",16.46,1,"3FEFAE147AE147AE","403075C28F5C28F6"
51,2100061223,2,352,1,0.99,"B",16.46,1,"3FEFAE147AE147AE","403075C28F5C28F6"
51,2100061223,3,624,1,0.89,"B",7.75,1,"3FEC7AE147AE147B","401F000000000000"
51,2100061223,4,184,1,1.17,"",28.12,1,"3FF2B851EB851EB8","403C1EB851EB851F"
51,2100061223,5,259,1,1.17,"",29.23,1,"3FF2B851EB851EB8","403D3AE147AE147B"
51,2100061223,6,815,1,0.99,"B",16.36,1,"3FEFAE147AE147AE","40305C28F5C28F5C"
51,2100061223,7,341,1,0.99,"B",16.36,1,"3FEFAE147AE147AE","40305C28F5C28F5C"
51,2100061223,8,216,1,1.17,"",29.23,1,"3FF2B851EB851EB8","403D3AE147AE147B"
51,2100061223,9,319,1,1.17,"",29.23,1,"3FF2B851EB851EB8","403D3AE147AE147B"
51,2100061223,10,1190,1,0.99,"B",16.36,1,"3FEFAE147AE147AE","40305C28F5C28F5C"
51,2100061223,11,1247,1,0.99,"B",16.36,1,"3FEFAE147AE147AE","40305C28F5C28F5C"
51,2100061223,12,574,1,0.99,"B",16.36,1,"3FEFAE147AE147AE","40305C28F5C28F5C"
51,2100061223,13,160,1,1.17,"",29.23,1,"3FF2B851EB851EB8","403D3AE147AE147B"
51,2100061223,14,225,1,1.17,"",29.23,1,"3FF2B851EB851EB8","403D3AE147AE147B"
51,2100061223,15,274,1,1.17,"",29.23,1,"3FF2B851EB851EB8","403D3AE147AE147B"
51,2100061223,16,605,1,0.99,"",16.36,1,"3FEFAE147AE147AE","40305C28F5C28F5C"
51,2100061223,17,307,1,0.99,"B",16.36,1,"3FEFAE147AE147AE","40305C28F5C28F5C"
51,2100061223,18,219,1,1.17,"",29.23,1,"3FF2B851EB851EB8","403D3AE147AE147B"
51,2100061223,19,169,1,1.17,"",29.23,1,"3FF2B851EB851EB8","403D3AE147AE147B"
51,2100061223,20,183,1,1.17,"",24.1,1,"3FF2B851EB851EB8","403819999999999A"
51,2100061223,21,196,1,1.17,"",24.1,1,"3FF2B851EB851EB8","403819999999999A"
51,2100061223,22,150,1,1.17,"",24.1,1,"3FF2B851EB851EB8","403819999999999A"
51,2100061223,23,172,1,1.17,"",24.1,1,"3FF2B851EB851EB8","403819999999999A"
51,2100061223,24,134,1,1.27,"",30.08,1,"3FF451EB851EB852","403E147AE147AE14"
51,2100061223,25,180,1,1.17,"",29.23,1,"3FF2B851EB851EB8","403D3AE147AE147B"
51,2100061223,26,615,1,0.99,"B",16.36,1,"3FEFAE147AE147AE","40305C28F5C28F5C"
51,2100061223,27,588,1,0.99,"B",16.36,1,"3FEFAE147AE147AE","40305C28F5C28F5C"
51,2100061223,28,143,1,1.17,"",29.23,1,"3FF2B851EB851EB8","403D3AE147AE147B"
51,2100061223,29,192,1,1.17,"",29.23,1,"3FF2B851EB851EB8","403D3AE147AE147B"
51,2100061223,30,547,1,0.99,"",23.33,1,"3FEFAE147AE147AE","4037547AE147AE14"
