cmov.csv
"STORE","UPC","WEEK","MOVE","QTY","PRICE","SALE","PROFIT","OK","PRICE_HEX","PROFIT_HEX"
51,2100061223,31,173,1,1.17,"",35.13,1,"3FF2B851EB851EB8","404190A3D70A3D71"
51,2100061223,32,178,1,1.17,"",31.79,1,"3FF2B851EB851EB8","403FCA3D70A3D70A"
51,2100061223,33,243,1,1.17,"",31.79,1,"3FF2B851EB851EB8","403FCA3D70A3D70A"
51,2100061223,34,173,1,1.17,"",31.79,1,"3FF2B851EB851EB8","403FCA3D70A3D70A"
51,2100061223,35,867,1,0.89,"B",7.98,1,"3FEC7AE147AE147B","401FEB851EB851EC"
51,2100061223,36,340,1,0.89,"B",7.98,1,"3FEC7AE147AE147B","401FEB851EB851EC"
51,2100061223,37,199,1,0.89,"",7.98,1,"3FEC7AE147AE147B","401FEB851EB851EC"
51,2100061223,38,197,1,1.21,"",27.27,1,"3FF35C28F5C28F5C","403B451EB851EB85"
51,2100061223,39,193,1,1.21,"",27.27,1,"3FF35C28F5C28F5C","403B451EB851EB85"
51,2100061223,40,170,1,1.21,"",26.61,1,"3FF35C28F5C28F5C","403A9C28F5C28F5C"
51,2100061223,41,173,1,1.21,"",26.61,1,"3FF35C28F5C28F5C","403A9C28F5C28F5C"
51,2100061223,42,190,1,1.21,"",26.61,1,"3FF35C28F5C28F5C","403A9C28F5C28F5C"
51,2100061223,43,168,1,1.21,"",26.61,1,"3FF35C28F5C28F5C","403A9C28F5C28F5C"
51,2100061223,44,262,1,1.21,"",28.84,1,"3FF35C28F5C28F5C","403CD70A3D70A3D7"
51,2100061223,45,264,1,1.21,"",28.84,1,"3FF35C28F5C28F5C","403CD70A3D70A3D7"
51,2100061223,46,603,1,0.99,"B",15.86,1,"3FEFAE147AE147AE","402FB851EB851EB8"
51,2100061223,47,278,1,0.99,"B",16.06,1,"3FEFAE147AE147AE","40300F5C28F5C28F"
51,2100061223,48,285,1,0.99,"",16.06,1,"3FEFAE147AE147AE","40300F5C28F5C28F"
51,2100061223,49,127,1,1.21,"",31.32,1,"3FF35C28F5C28F5C","403F51EB851EB852"
51,2100061223,50,139,1,1.21,"",31.32,1,"3FF35C28F5C28F5C","403F51EB851EB852"
51,2100061223,51,144,1,1.21,"",31.49,1,"3FF35C28F5C28F5C","403F7D70A3D70A3D"
51,2100061223,52,275,1,1.21,"",31.49,1,"3FF35C28F5C28F5C","403F7D70A3D70A3D"
51,2100061223,53,2042,1,0.65,"S",27.38,1,"3FE4CCCCCCCCCCCD","403B6147AE147AE1"
51,2100061223,54,154,1,1.21,"",31.57,1,"3FF35C28F5C28F5C","403F91EB851EB852"
51,2100061223,55,1116,1,0.99,"B",16.36,1,"3FEFAE147AE147AE","40305C28F5C28F5C"
51,2100061223,56,220,1,0.99,"",16.36,1,"3FEFAE147AE147AE","40305C28F5C28F5C"
51,2100061223,57,228,1,1.21,"",31.57,1,"3FF35C28F5C28F5C","403F91EB851EB852"
51,2100061223,58,250,1,1.21,"",31.57,1,"3FF35C28F5C28F5C","403F91EB851EB852"
51,2100061223,59,1769,1,0.89,"B",11.12,1,"3FEC7AE147AE147B","40263D70A3D70A3D"
51,2100061223,60,980,1,1.21,"B",32.48,1,"3FF35C28F5C28F5C","40403D70A3D70A3D"
51,2100061223,61,657,1,0.99,"B",16.97,1,"3FEFAE147AE147AE","4030F851EB851EB8"
51,2100061223,62,154,1,0.99,"B",16.97,1,"3FEFAE147AE147AE","4030F851EB851EB8"
51,2100061223,63,146,1,1.21,"B",32.07,1,"3FF35C28F5C28F5C","404008F5C28F5C29"
51,2100061223,64,335,1,0.89,"B",11.46,1,"3FEC7AE147AE147B","4026EB851EB851EC"
51,2100061223,65,160,1,1.21,"",34.88,1,"3FF35C28F5C28F5C","404170A3D70A3D71"
51,2100061223,66,110,1,1.21,"",34.88,1,"3FF35C28F5C28F5C","404170A3D70A3D71"
51,2100061223,67,135,1,1.21,"",34.88,1,"3FF35C28F5C28F5C","404170A3D70A3D71"
51,2100061223,68,145,1,1.21,"",34.88,1,"3FF35C28F5C28F5C","404170A3D70A3D71"
51,2100061223,69,134,1,1.21,"",31.57,1,"3FF35C28F5C28F5C","403F91EB851EB852"
51,2100061223,70,173,1,1.21,"",31.57,1,"3FF35C28F5C28F5C","403F91EB851EB852"
51,2100061223,71,77,1,1.21,"",31.74,1,"3FF35C28F5C28F5C","403FBD70A3D70A3D"
51,2100061223,72,104,1,1.21,"",31.74,1,"3FF35C28F5C28F5C","403FBD70A3D70A3D"
51,2100061223,73,135,1,1.21,"",31.74,1,"3FF35C28F5C28F5C","403FBD70A3D70A3D"
51,2100061223,74,139,1,1.21,"",26.61,1,"3FF35C28F5C28F5C","403A9C28F5C28F5C"
51,2100061223,75,552,1,0.99,"B",16.46,1,"3FEFAE147AE147AE","403075C28F5C28F6"
51,2100061223,76,193,1,0.99,"",19.39,1,"3FEFAE147AE147AE","403363D70A3D70A4"
51,2100061223,77,157,1,0.99,"B",19.39,1,"3FEFAE147AE147AE","403363D70A3D70A4"
51,2100061223,78,191,1,0.99,"B",16.57,1,"3FEFAE147AE147AE","403091EB851EB852"
51,2100061223,79,131,1,0.99,"B",16.36,1,"3FEFAE147AE147AE","40305C28F5C28F5C"
51,2100061223,80,511,1,0.99,"B",16.36,1,"3FEFAE147AE147AE","40305C28F5C28F5C"
51,2100061223,81,203,1,0.99,"B",16.36,1,"3FEFAE147AE147AE","40305C28F5C28F5C"
51,2100061223,82,122,1,1.21,"",31.57,1,"3FF35C28F5C28F5C","403F91EB851EB852"
51,2100061223,83,92,1,1.21,"",31.57,1,"3FF35C28F5C28F5C","403F91EB851EB852"
51,2100061223,84,113,1,1.21,"",31.57,1,"3FF35C28F5C28F5C","403F91EB851EB852"
51,2100061223,85,125,1,1.21,"",30.17,1,"3FF35C28F5C28F5C","403E2B851EB851EC"
51,2100061223,86,108,1,1.21,"",26.78,1,"3FF35C28F5C28F5C","403AC7AE147AE148"
51,2100061223,87,133,1,1.21,"",26.61,1,"3FF35C28F5C28F5C","403A9C28F5C28F5C"
51,2100061223,88,129,1,1.25,"",28.96,1,"3FF4000000000000","403CF5C28F5C28F6"
51,2100061223,89,151,1,1.39,"",39.14,1,"3FF63D70A3D70A3D","404391EB851EB852"
51,2100061223,90,168,1,1.39,"",40.07,1,"3FF63D70A3D70A3D","404408F5C28F5C29"
51,2100061223,91,794,1,0.89,"B",6.85,1,"3FEC7AE147AE147B","401B666666666666"
51,2100061223,92,469,1,0.89,"B",6.85,1,"3FEC7AE147AE147B","401B666666666666"
51,2100061223,93,205,1,0.89,"",6.85,1,"3FEC7AE147AE147B","401B666666666666"
51,2100061223,94,112,1,1.39,"",40.36,1,"3FF63D70A3D70A3D","40442E147AE147AE"
51,2100061223,95,123,1,1.29,"",35.74,1,"3FF4A3D70A3D70A4","4041DEB851EB851F"
51,2100061223,96,281,1,1.09,"S",22.66,1,"3FF170A3D70A3D71","4036A8F5C28F5C29"
51,2100061223,97,116,1,1.29,"",34.19,1,"3FF4A3D70A3D70A4","40411851EB851EB8"
51,2100061223,98,148,1,1.29,"",34.03,1,"3FF4A3D70A3D70A4","404103D70A3D70A4"
51,2100061223,99,129,1,1.29,"",34.03,1,"3FF4A3D70A3D70A4","404103D70A3D70A4"
51,2100061223,100,220,1,1.29,"",34.03,1,"3FF4A3D70A3D70A4","404103D70A3D70A4"
51,2100061223,101,1332,1,0.89,"B",3.6,1,"3FEC7AE147AE147B","400CCCCCCCCCCCCD"
51,2100061223,102,149,1,0.89,"B",10.45,1,"3FEC7AE147AE147B","4024E66666666666"
51,2100061223,103,196,1,1.29,"",38.22,1,"3FF4A3D70A3D70A4","40431C28F5C28F5C"
51,2100061223,104,442,1,1.29,"",38.22,1,"3FF4A3D70A3D70A4","40431C28F5C28F5C"
51,2100061223,105,1849,1,0.99,"B",14.34,1,"3FEFAE147AE147AE","402CAE147AE147AE"
51,2100061223,106,576,1,0.99,"B",14.34,1,"3FEFAE147AE147AE","402CAE147AE147AE"
51,2100061223,107,151,1,0.99,"B",10.51,1,"3FEFAE147AE147AE","4025051EB851EB85"
51,2100061223,108,118,1,1.29,"",31.32,1,"3FF4A3D70A3D70A4","403F51EB851EB852"
51,2100061223,109,310,1,1.19,"B",26.72,1,"3FF30A3D70A3D70A","403AB851EB851EB8"
51,2100061223,110,165,1,1.19,"",26.81,1,"3FF30A3D70A3D70A","403ACF5C28F5C28F"
51,2100061223,111,98,1,1.29,"",32.48,1,"3FF4A3D70A3D70A4","40403D70A3D70A3D"
51,2100061223,112,105,1,1.29,"",32.48,1,"3FF4A3D70A3D70A4","40403D70A3D70A3D"
51,2100061223,113,109,1,1.29,"",32.48,1,"3FF4A3D70A3D70A4","40403D70A3D70A3D"
51,2100061223,114,103,1,1.29,"",34.26,1,"3FF4A3D70A3D70A4","40412147AE147AE1"
51,2100061223,115,83,1,1.29,"",34.26,1,"3FF4A3D70A3D70A4","40412147AE147AE1"
51,2100061223,116,97,1,1.26,"",32.7,1,"3FF428F5C28F5C29","404059999999999A"
51,2100061223,117,151,1,1.26,"",34.29,1,"3FF428F5C28F5C29","4041251EB851EB85"
51,2100061223,118,187,1,0.99,"",23.43,1,"3FEFAE147AE147AE","40376E147AE147AE"
51,2100061223,119,197,1,0.99,"B",23.43,1,"3FEFAE147AE147AE","40376E147AE147AE"
51,2100061223,120,153,1,0.99,"B",23.43,1,"3FEFAE147AE147AE","40376E147AE147AE"
51,2100061223,121,525,1,0.99,"B",16.36,1,"3FEFAE147AE147AE","40305C28F5C28F5C"
51,2100061223,122,622,1,0.99,"B",16.36,1,"3FEFAE147AE147AE","40305C28F5C28F5C"
51,2100061223,123,198,1,0.99,"B",16.36,1,"3FEFAE147AE147AE","40305C28F5C28F5C"
51,2100061223,124,141,1,1.26,"",34.29,1,"3FF428F5C28F5C29","4041251EB851EB85"
51,2100061223,125,384,1,0.99,"B",16.36,1,"3FEFAE147AE147AE","40305C28F5C28F5C"
51,2100061223,126,239,1,0.99,"",16.36,1,"3FEFAE147AE147AE","40305C28F5C28F5C"
51,2100061223,127,129,1,1.26,"",34.29,1,"3FF428F5C28F5C29","4041251EB851EB85"
51,2100061223,128,117,1,1.26,"",34.29,1,"3FF428F5C28F5C29","4041251EB851EB85"
51,2100061223,129,82,1,1.26,"",34.29,1,"3FF428F5C28F5C29","4041251EB851EB85"
51,2100061223,130,138,1,1.12,"",26.07,1,"3FF1EB851EB851EC","403A11EB851EB852"
51,2100061223,131,360,1,1.09,"B",24.04,1,"3FF170A3D70A3D71","40380A3D70A3D70A"
51,2100061223,132,342,1,1.09,"B",24.04,1,"3FF170A3D70A3D71","40380A3D70A3D70A"
51,2100061223,133,122,1,1.12,"",26.16,1,"3FF1EB851EB851EC","403A28F5C28F5C29"
51,2100061223,134,97,1,1.12,"",26.16,1,"3FF1EB851EB851EC","403A28F5C28F5C29"
51,2100061223,135,107,1,1.12,"",26.25,1,"3FF1EB851EB851EC","403A400000000000"
51,2100061223,136,110,1,1.12,"",26.25,1,"3FF1EB851EB851EC","403A400000000000"
51,2100061223,137,84,1,1.12,"",26.25,1,"3FF1EB851EB851EC","403A400000000000"
51,2100061223,138,142,1,1.12,"",26.25,1,"3FF1EB851EB851EC","403A400000000000"
51,2100061223,139,131,1,1.12,"",26.07,1,"3FF1EB851EB851EC","403A11EB851EB852"
51,2100061223,140,196,1,1.12,"B",26.25,1,"3FF1EB851EB851EC","403A400000000000"
51,2100061223,141,205,1,1.12,"B",26.25,1,"3FF1EB851EB851EC","403A400000000000"
51,2100061223,142,115,1,1.12,"",26.25,1,"3FF1EB851EB851EC","403A400000000000"
51,2100061223,143,116,1,1.12,"",26.25,1,"3FF1EB851EB851EC","403A400000000000"
51,2100061223,144,108,1,1.12,"",26.25,1,"3FF1EB851EB851EC","403A400000000000"
51,2100061223,145,115,1,1.12,"",26.25,1,"3FF1EB851EB851EC","403A400000000000"
51,2100061223,146,135,1,1.12,"",26.25,1,"3FF1EB851EB851EC","403A400000000000"
51,2100061223,147,119,1,1.12,"",26.25,1,"3FF1EB851EB851EC","403A400000000000"
51,2100061223,148,161,1,1.12,"",26.25,1,"3FF1EB851EB851EC","403A400000000000"
51,2100061223,149,135,1,1.12,"",26.25,1,"3FF1EB851EB851EC","403A400000000000"
51,2100061223,150,143,1,1.12,"",26.25,1,"3FF1EB851EB851EC","403A400000000000"
51,2100061223,151,821,1,0.99,"B",16.57,1,"3FEFAE147AE147AE","403091EB851EB852"
51,2100061223,152,1409,1,0.99,"B",16.57,1,"3FEFAE147AE147AE","403091EB851EB852"
51,2100061223,153,190,1,0.99,"B",16.57,1,"3FEFAE147AE147AE","403091EB851EB852"
51,2100061223,154,218,1,1.12,"",26.25,1,"3FF1EB851EB851EC","403A400000000000"
51,2100061223,155,377,1,1.12,"",26.25,1,"3FF1EB851EB851EC","403A400000000000"
51,2100061223,156,960,1,1.12,"B",26.25,1,"3FF1EB851EB851EC","403A400000000000"
51,2100061223,157,636,1,1.12,"",26.25,1,"3FF1EB851EB851EC","403A400000000000"
51,2100061223,158,173,1,1.12,"",26.25,1,"3FF1EB851EB851EC","403A400000000000"
51,2100061223,159,106,1,1.12,"",26.25,1,"3FF1EB851EB851EC","403A400000000000"
51,2100061223,160,95,1,1.12,"",26.25,1,"3FF1EB851EB851EC","403A400000000000"
51,2100061223,161,382,1,1.09,"B",24.22,1,"3FF170A3D70A3D71","40383851EB851EB8"
51,2100061223,162,300,1,1.09,"B",24.22,1,"3FF170A3D70A3D71","40383851EB851EB8"
51,2100061223,163,95,1,1.12,"",26.25,1,"3FF1EB851EB851EC","403A400000000000"
51,2100061223,164,114,1,1.12,"",26.25,1,"3FF1EB851EB851EC","403A400000000000"
51,2100061223,165,135,1,1.09,"B",24.22,1,"3FF170A3D70A3D71","40383851EB851EB8"
51,2100061223,166,148,1,1.09,"B",24.22,1,"3FF170A3D70A3D71","40383851EB851EB8"
51,2100061223,167,95,1,1.09,"B",24.22,1,"3FF170A3D70A3D71","40383851EB851EB8"
51,2100061223,168,114,1,1.09,"B",24.22,1,"3FF170A3D70A3D71","40383851EB851EB8"
51,2100061223,169,117,1,1.12,"",26.25,1,"3FF1EB851EB851EC","403A400000000000"
51,2100061223,170,151,1,0.99,"B",16.57,1,"3FEFAE147AE147AE","403091EB851EB852"
51,2100061223,171,880,1,0.99,"B",16.57,1,"3FEFAE147AE147AE","403091EB851EB852"
51,2100061223,172,172,1,1.12,"",26.25,1,"3FF1EB851EB851EC","403A400000000000"
51,2100061223,173,106,1,1.12,"",26.25,1,"3FF1EB851EB851EC","403A400000000000"
51,2100061223,174,133,1,0.99,"B",16.57,1,"3FEFAE147AE147AE","403091EB851EB852"
51,2100061223,175,142,1,0.99,"B",16.57,1,"3FEFAE147AE147AE","403091EB851EB852"
51,2100061223,176,126,1,1.12,"B",26.25,1,"3FF1EB851EB851EC","403A400000000000"
51,2100061223,177,93,1,1.12,"B",26.25,1,"3FF1EB851EB851EC","403A400000000000"
51,2100061223,178,283,1,0.99,"S",16.57,1,"3FEFAE147AE147AE","403091EB851EB852"
51,2100061223,179,172,1,1.12,"",26.25,1,"3FF1EB851EB851EC","403A400000000000"
51,2100061223,180,92,1,1.09,"",24.22,1,"3FF170A3D70A3D71","40383851EB851EB8"
51,2100061223,181,142,1,1.09,"",24.22,1,"3FF170A3D70A3D71","40383851EB851EB8"
51,2100061223,182,137,1,1.09,"",24.22,1,"3FF170A3D70A3D71","40383851EB851EB8"
51,2100061223,183,264,1,0.99,"S",16.56,1,"3FEFAE147AE147AE","40308F5C28F5C28F"
51,2100061223,184,278,1,1.09,"",24.22,1,"3FF170A3D70A3D71","40383851EB851EB8"
51,2100061223,185,84,1,1.09,"",23.02,1,"3FF170A3D70A3D71","4037051EB851EB85"
51,2100061223,186,127,1,1.09,"",19.54,1,"3FF170A3D70A3D71","40338A3D70A3D70A"
51,2100061223,187,136,1,1.09,"",19.08,1,"3FF170A3D70A3D71","4033147AE147AE14"
51,2100061223,188,169,1,1.09,"",18.89,1,"3FF170A3D70A3D71","4032E3D70A3D70A4"
51,2100061223,189,122,1,1.09,"",20.91,1,"3FF170A3D70A3D71","4034E8F5C28F5C29"
51,2100061223,190,131,1,1.09,"",24.22,1,"3FF170A3D70A3D71","40383851EB851EB8"
51,2100061223,191,228,1,1.09,"",24.22,1,"3FF170A3D70A3D71","40383851EB851EB8"
51,2100061223,192,194,1,1.09,"",24.22,1,"3FF170A3D70A3D71","40383851EB851EB8"
51,2100061223,193,213,1,1.09,"",24.22,1,"3FF170A3D70A3D71","40383851EB851EB8"
51,2100061223,194,181,1,1.09,"",24.22,1,"3FF170A3D70A3D71","40383851EB851EB8"
51,2100061223,195,307,1,0.99,"S",16.56,1,"3FEFAE147AE147AE","40308F5C28F5C28F"
51,2100061223,196,153,1,1.08,"",23.51,1,"3FF147AE147AE148","4037828F5C28F5C3"
51,2100061223,197,81,1,1.06,"B",22.07,1,"3FF0F5C28F5C28F6","403611EB851EB852"
51,2100061223,198,128,1,1.08,"",23.51,1,"3FF147AE147AE148","4037828F5C28F5C3"
51,2100061223,199,136,1,1.06,"B",22.07,1,"3FF0F5C28F5C28F6","403611EB851EB852"
51,2100061223,200,432,1,0.99,"B",16.56,1,"3FEFAE147AE147AE","40308F5C28F5C28F"
51,2100061223,201,291,1,1,"B",17.4,1,"3FF0000000000000","4031666666666666"
51,2100061223,202,146,1,1.09,"",24.22,1,"3FF170A3D70A3D71","40383851EB851EB8"
51,2100061223,203,131,1,1.09,"",24.22,1,"3FF170A3D70A3D71","40383851EB851EB8"
51,2100061223,204,193,1,0.95,"S",13.05,1,"3FEE666666666666","402A19999999999A"
51,2100061223,205,240,1,1.09,"",24.22,1,"3FF170A3D70A3D71","40383851EB851EB8"
51,2100061223,206,453,1,1.09,"",54.49,1,"3FF170A3D70A3D71","404B3EB851EB851F"
51,2100061223,207,3336,1,0.5,"",-53.6,1,"3FE0000000000000","C04ACCCCCCCCCCCD"
51,2100061223,208,1132,1,0.54,"B",-52.96,1,"3FE147AE147AE148","C04A7AE147AE147B"
51,2100061223,209,206,1,1.09,"",24.22,1,"3FF170A3D70A3D71","40383851EB851EB8"
51,2100061223,210,104,1,1.09,"",24.22,1,"3FF170A3D70A3D71","40383851EB851EB8"
51,2100061223,211,102,1,1.09,"",24.22,1,"3FF170A3D70A3D71","40383851EB851EB8"
51,2100061223,212,319,1,0.99,"S",16.56,1,"3FEFAE147AE147AE","40308F5C28F5C28F"
51,2100061223,213,153,1,1.1,"",24.9,1,"3FF199999999999A","4038E66666666666"
51,2100061223,214,102,1,1.19,"",30.58,1,"3FF30A3D70A3D70A","403E947AE147AE14"
51,2100061223,215,78,1,1.19,"",30.58,1,"3FF30A3D70A3D70A","403E947AE147AE14"
51,2100061223,216,102,1,1.19,"",30.58,1,"3FF30A3D70A3D70A","403E947AE147AE14"
51,2100061223,217,78,1,1.19,"",30.58,1,"3FF30A3D70A3D70A","403E947AE147AE14"
51,2100061223,218,215,1,0.99,"S",16.56,1,"3FEFAE147AE147AE","40308F5C28F5C28F"
51,2100061223,219,99,1,1.18,"S",30,1,"3FF2E147AE147AE1","403E000000000000"
51,2100061223,220,102,1,1.19,"",30.58,1,"3FF30A3D70A3D70A","403E947AE147AE14"
51,2100061223,221,1502,1,0.49,"",-68.57,1,"3FDF5C28F5C28F5C","C051247AE147AE14"
51,2100061223,222,262,1,1.13,"",26.9,1,"3FF2147AE147AE14","403AE66666666666"
51,2100061223,223,76,1,1.19,"",30.58,1,"3FF30A3D70A3D70A","403E947AE147AE14"
51,2100061223,224,123,1,1.19,"",30.58,1,"3FF30A3D70A3D70A","403E947AE147AE14"
51,2100061223,225,135,1,1.19,"",30.58,1,"3FF30A3D70A3D70A","403E947AE147AE14"
51,2100061223,226,243,1,0.99,"S",25.05,1,"3FEFAE147AE147AE","40390CCCCCCCCCCD"
51,2100061223,227,149,1,1.19,"",38.99,1,"3FF30A3D70A3D70A","40437EB851EB851F"
51,2100061223,228,121,1,1.19,"",38.99,1,"3FF30A3D70A3D70A","40437EB851EB851F"
51,2100061223,229,223,1,0.99,"",26.66,1,"3FEFAE147AE147AE","403AA8F5C28F5C29"
51,2100061223,230,114,1,1.19,"",38.99,1,"3FF30A3D70A3D70A","40437EB851EB851F"
51,2100061223,231,94,1,1.19,"",38.99,1,"3FF30A3D70A3D70A","40437EB851EB851F"
51,2100061223,232,110,1,1.19,"",38.99,1,"3FF30A3D70A3D70A","40437EB851EB851F"
51,2100061223,233,117,1,1.19,"",38.99,1,"3FF30A3D70A3D70A","40437EB851EB851F"
51,2100061223,234,210,1,0.99,"",26.66,1,"3FEFAE147AE147AE","403AA8F5C28F5C29"
51,2100061223,235,157,1,1.19,"",38.99,1,"3FF30A3D70A3D70A","40437EB851EB851F"
51,2100061223,236,79,1,1.19,"",38.99,1,"3FF30A3D70A3D70A","40437EB851EB851F"
51,2100061223,237,114,1,1.19,"",38.99,1,"3FF30A3D70A3D70A","40437EB851EB851F"
51,2100061223,238,95,1,1.19,"",38.82,1,"3FF30A3D70A3D70A","404368F5C28F5C29"
51,2100061223,239,125,1,1.19,"",35.29,1,"3FF30A3D70A3D70A","4041A51EB851EB85"
51,2100061223,240,302,1,0.99,"S",25.85,1,"3FEFAE147AE147AE","4039D9999999999A"
51,2100061223,241,89,1,1.18,"S",31.44,1,"3FF2E147AE147AE1","403F70A3D70A3D71"
51,2100061223,242,114,1,1.19,"",30.58,1,"3FF30A3D70A3D70A","403E947AE147AE14"
51,2100061223,243,84,1,1.19,"",30.58,1,"3FF30A3D70A3D70A","403E947AE147AE14"
51,2100061223,244,126,1,1.19,"",30.44,1,"3FF30A3D70A3D70A","403E70A3D70A3D71"
51,2100061223,245,131,1,0.91,"",4.58,1,"3FED1EB851EB851F","401251EB851EB852"
51,2100061223,246,535,1,0.98,"S",11.07,1,"3FEF5C28F5C28F5C","402623D70A3D70A4"
51,2100061223,247,94,1,1.17,"S",27.17,1,"3FF2B851EB851EB8","403B2B851EB851EC"
51,2100061223,248,101,1,1.19,"",30.97,1,"3FF30A3D70A3D70A","403EF851EB851EB8"
51,2100061223,249,108,1,1.19,"",32.88,1,"3FF30A3D70A3D70A","404070A3D70A3D71"
51,2100061223,250,117,1,1.19,"",30.05,1,"3FF30A3D70A3D70A","403E0CCCCCCCCCCD"
51,2100061223,251,308,1,0.99,"S",14.54,1,"3FEFAE147AE147AE","402D147AE147AE14"
51,2100061223,252,109,1,1.18,"S",29.49,1,"3FF2E147AE147AE1","403D7D70A3D70A3D"
51,2100061223,253,107,1,1.19,"",31.67,1,"3FF30A3D70A3D70A","403FAB851EB851EC"
51,2100061223,254,99,1,1.19,"",31.73,1,"3FF30A3D70A3D70A","403FBAE147AE147B"
51,2100061223,255,1192,1,1.09,"S",34.92,1,"3FF170A3D70A3D71","404175C28F5C28F6"
51,2100061223,256,151,1,1.15,"S",32.51,1,"3FF2666666666666","40404147AE147AE1"
51,2100061223,257,160,1,1.19,"",30.67,1,"3FF30A3D70A3D70A","403EAB851EB851EC"
51,2100061223,258,130,1,1.19,"",30.23,1,"3FF30A3D70A3D70A","403E3AE147AE147B"
51,2100061223,259,94,1,1.19,"",30.46,1,"3FF30A3D70A3D70A","403E75C28F5C28F6"
