cmov.csv
"STORE","UPC","WEEK","MOVE","QTY","PRICE","SALE","PROFIT","OK","PRICE_HEX","PROFIT_HEX"
51,2100061223,260,1068,1,0.79,"B",8.66,1,"3FE947AE147AE148","402151EB851EB852"
51,2100061223,261,174,1,1.18,"B",30.18,1,"3FF2E147AE147AE1","403E2E147AE147AE"
51,2100061223,262,130,1,1.19,"",30.23,1,"3FF30A3D70A3D70A","403E3AE147AE147B"
51,2100061223,263,94,1,1.19,"",30.46,1,"3FF30A3D70A3D70A","403E75C28F5C28F6"
51,2100061223,264,72,1,1.19,"",29.11,1,"3FF30A3D70A3D70A","403D1C28F5C28F5C"
51,2100061223,265,89,1,1.19,"",29.24,1,"3FF30A3D70A3D70A","403D3D70A3D70A3D"
51,2100061223,266,73,1,1.19,"",29.35,1,"3FF30A3D70A3D70A","403D59999999999A"
51,2100061223,267,92,1,1.19,"",29.72,1,"3FF30A3D70A3D70A","403DB851EB851EB8"
51,2100061223,268,95,1,1.19,"",30.26,1,"3FF30A3D70A3D70A","403E428F5C28F5C3"
51,2100061223,269,520,1,0.79,"B",18.17,1,"3FE947AE147AE148","40322B851EB851EC"
51,2100061223,270,681,1,0.79,"B",19.72,1,"3FE947AE147AE148","4033B851EB851EB8"
51,2100061223,271,80,1,1.19,"",31.42,1,"3FF30A3D70A3D70A","403F6B851EB851EC"
51,2100061223,272,101,1,1.19,"",31.42,1,"3FF30A3D70A3D70A","403F6B851EB851EC"
51,2100061223,273,77,1,1.19,"",31.42,1,"3FF30A3D70A3D70A","403F6B851EB851EC"
51,2100061223,274,130,1,1.19,"",31.23,1,"3FF30A3D70A3D70A","403F3AE147AE147B"
51,2100061223,275,306,1,0.79,"S",-6.49,1,"3FE947AE147AE148","C019F5C28F5C28F6"
51,2100061223,276,122,1,1.17,"S",24.8,1,"3FF2B851EB851EB8","4038CCCCCCCCCCCD"
51,2100061223,277,102,1,1.19,"",25.47,1,"3FF30A3D70A3D70A","40397851EB851EB8"
51,2100061223,278,115,1,1.19,"",24.03,1,"3FF30A3D70A3D70A","403807AE147AE148"
51,2100061223,279,109,1,1.19,"",23.85,1,"3FF30A3D70A3D70A","4037D9999999999A"
51,2100061223,280,93,1,1.15,"",25.47,1,"3FF2666666666666","40397851EB851EB8"
51,2100061223,281,342,1,0.99,"B",20.91,1,"3FEFAE147AE147AE","4034E8F5C28F5C29"
51,2100061223,282,142,1,1.01,"B",19.69,1,"3FF028F5C28F5C29","4033B0A3D70A3D71"
51,2100061223,283,84,1,1.19,"",25.87,1,"3FF30A3D70A3D70A","4039DEB851EB851F"
51,2100061223,284,89,1,1.21,"",25.85,1,"3FF35C28F5C28F5C","4039D9999999999A"
51,2100061223,285,85,1,1.29,"",29.46,1,"3FF4A3D70A3D70A4","403D75C28F5C28F6"
51,2100061223,286,83,1,1.29,"",28.96,1,"3FF4A3D70A3D70A4","403CF5C28F5C28F6"
51,2100061223,287,118,1,1.23,"B",25.68,1,"3FF3AE147AE147AE","4039AE147AE147AE"
51,2100061223,288,361,1,0.99,"B",7.17,1,"3FEFAE147AE147AE","401CAE147AE147AE"
51,2100061223,289,91,1,1,"B",14.88,1,"3FF0000000000000","402DC28F5C28F5C3"
51,2100061223,290,143,1,1.09,"B",30.36,1,"3FF170A3D70A3D71","403E5C28F5C28F5C"
51,2100061223,291,75,1,1.16,"B",29.72,1,"3FF28F5C28F5C28F","403DB851EB851EB8"
51,2100061223,292,81,1,1.29,"",35.39,1,"3FF4A3D70A3D70A4","4041B1EB851EB852"
51,2100061223,293,157,1,1.02,"B",42.39,1,"3FF051EB851EB852","404531EB851EB852"
51,2100061223,294,186,1,0.91,"B",33.36,1,"3FED1EB851EB851F","4040AE147AE147AE"
51,2100061223,295,104,1,1.29,"",28.75,1,"3FF4A3D70A3D70A4","403CC00000000000"
51,2100061223,296,93,1,1.29,"",28.75,1,"3FF4A3D70A3D70A4","403CC00000000000"
51,2100061223,297,113,1,1.29,"",28.75,1,"3FF4A3D70A3D70A4","403CC00000000000"
51,2100061223,298,118,1,1.29,"",28.75,1,"3FF4A3D70A3D70A4","403CC00000000000"
51,2100061223,299,98,1,1.3,"",29.75,1,"3FF4CCCCCCCCCCCD","403DC00000000000"
51,2100061223,300,98,1,1.35,"",38.16,1,"3FF599999999999A","4043147AE147AE14"
51,2100061223,301,1785,1,0.71,"B",17.41,1,"3FE6B851EB851EB8","403168F5C28F5C29"
51,2100061223,302,194,1,1.12,"B",41.69,1,"3FF1EB851EB851EC","4044D851EB851EB8"
51,2100061223,303,204,1,0.99,"B",22.32,1,"3FEFAE147AE147AE","403651EB851EB852"
51,2100061223,304,281,1,1.06,"B",33.14,1,"3FF0F5C28F5C28F6","404091EB851EB852"
51,2100061223,305,1182,1,0.79,"B",25.44,1,"3FE947AE147AE148","403970A3D70A3D71"
51,2100061223,306,1468,1,0.79,"B",25.4,1,"3FE947AE147AE148","4039666666666666"
51,2100061223,307,485,1,0.98,"S",6.63,1,"3FEF5C28F5C28F5C","401A851EB851EB85"
51,2100061223,308,152,1,1.13,"",19.16,1,"3FF2147AE147AE14","403328F5C28F5C29"
51,2100061223,309,75,1,1.33,"",36.7,1,"3FF547AE147AE148","404259999999999A"
51,2100061223,310,282,1,0.99,"S",32.42,1,"3FEFAE147AE147AE","404035C28F5C28F6"
51,2100061223,311,114,1,1.34,"",43.52,1,"3FF570A3D70A3D71","4045C28F5C28F5C3"
51,2100061223,312,88,1,1.35,"",31.92,1,"3FF599999999999A","403FEB851EB851EC"
51,2100061223,313,78,1,1.35,"",31.92,1,"3FF599999999999A","403FEB851EB851EC"
51,2100061223,314,87,1,1.35,"",31.92,1,"3FF599999999999A","403FEB851EB851EC"
51,2100061223,315,69,1,1.35,"",31.92,1,"3FF599999999999A","403FEB851EB851EC"
51,2100061223,316,79,1,1.35,"",31.92,1,"3FF599999999999A","403FEB851EB851EC"
51,2100061223,317,67,1,1.35,"",31.92,1,"3FF599999999999A","403FEB851EB851EC"
51,2100061223,318,125,1,1.35,"",31.92,1,"3FF599999999999A","403FEB851EB851EC"
51,2100061223,319,257,1,0.99,"S",32.51,1,"3FEFAE147AE147AE","40404147AE147AE1"
51,2100061223,320,210,1,1.03,"B",39.52,1,"3FF07AE147AE147B","4043C28F5C28F5C3"
51,2100061223,321,586,1,0.89,"B",33.82,1,"3FEC7AE147AE147B","4040E8F5C28F5C29"
51,2100061223,322,73,1,1.35,"",50.89,1,"3FF599999999999A","404971EB851EB852"
51,2100061223,323,252,1,0.99,"S",25.35,1,"3FEFAE147AE147AE","403959999999999A"
51,2100061223,324,70,1,1.34,"",39.88,1,"3FF570A3D70A3D71","4043F0A3D70A3D71"
51,2100061223,325,79,1,1.35,"",31.92,1,"3FF599999999999A","403FEB851EB851EC"
51,2100061223,326,133,1,1.35,"",35.96,1,"3FF599999999999A","4041FAE147AE147B"
51,2100061223,327,411,1,0.79,"S",25.44,1,"3FE947AE147AE148","403970A3D70A3D71"
51,2100061223,328,109,1,1.35,"",49.86,1,"3FF599999999999A","4048EE147AE147AE"
51,2100061223,329,89,1,1.35,"",31.92,1,"3FF599999999999A","403FEB851EB851EC"
51,2100061223,330,120,1,1.35,"",31.92,1,"3FF599999999999A","403FEB851EB851EC"
51,2100061223,331,109,1,1.35,"",31.92,1,"3FF599999999999A","403FEB851EB851EC"
51,2100061223,332,93,1,1.35,"",31.92,1,"3FF599999999999A","403FEB851EB851EC"
51,2100061223,333,630,1,0.79,"S",18.31,1,"3FE947AE147AE148","40324F5C28F5C28F"
51,2100061223,334,118,1,1.07,"",42.32,1,"3FF11EB851EB851F","404528F5C28F5C29"
51,2100061223,335,97,1,1.35,"",31.92,1,"3FF599999999999A","403FEB851EB851EC"
51,2100061223,336,85,1,1.35,"",31.92,1,"3FF599999999999A","403FEB851EB851EC"
51,2100061223,337,74,1,1.35,"",31.92,1,"3FF599999999999A","403FEB851EB851EC"
51,2100061223,338,84,1,1.35,"",31.92,1,"3FF599999999999A","403FEB851EB851EC"
51,2100061223,339,100,1,1.35,"",31.92,1,"3FF599999999999A","403FEB851EB851EC"
51,2100061223,340,92,1,1.35,"",31.92,1,"3FF599999999999A","403FEB851EB851EC"
51,2100061223,341,102,1,1.35,"",31.92,1,"3FF599999999999A","403FEB851EB851EC"
51,2100061223,342,363,1,0.99,"S",19.31,1,"3FEFAE147AE147AE","40334F5C28F5C28F"
51,2100061223,343,78,1,1.34,"",36.69,1,"3FF570A3D70A3D71","40425851EB851EB8"
51,2100061223,344,110,1,1.35,"",31.92,1,"3FF599999999999A","403FEB851EB851EC"
51,2100061223,345,316,1,0.99,"S",11.77,1,"3FEFAE147AE147AE","40278A3D70A3D70A"
51,2100061223,346,69,1,1.34,"",39.42,1,"3FF570A3D70A3D71","4043B5C28F5C28F6"
51,2100061223,347,57,1,1.35,"",31.92,1,"3FF599999999999A","403FEB851EB851EC"
51,2100061223,348,57,1,1.35,"",31.92,1,"3FF599999999999A","403FEB851EB851EC"
51,2100061223,349,161,1,1.42,"",35.31,1,"3FF6B851EB851EB8","4041A7AE147AE148"
51,2100061223,350,93,1,1.45,"",36.62,1,"3FF7333333333333","40424F5C28F5C28F"
51,2100061223,351,119,1,1.45,"",37.01,1,"3FF7333333333333","40428147AE147AE1"
51,2100061223,352,76,1,1.45,"",38.02,1,"3FF7333333333333","4043028F5C28F5C3"
51,2100061223,353,74,1,1.45,"",37.16,1,"3FF7333333333333","4042947AE147AE14"
51,2100061223,354,135,1,1.45,"",36.12,1,"3FF7333333333333","40420F5C28F5C28F"
51,2100061223,355,1183,1,0.89,"S",2.78,1,"3FEC7AE147AE147B","40063D70A3D70A3D"
51,2100061223,356,166,1,1.24,"",34.59,1,"3FF3D70A3D70A3D7","40414B851EB851EC"
51,2100061223,357,93,1,1.45,"",39.77,1,"3FF7333333333333","4043E28F5C28F5C3"
51,2100061223,358,277,1,1.45,"",40.13,1,"3FF7333333333333","404410A3D70A3D71"
51,2100061223,359,1772,1,1.29,"S",38.44,1,"3FF4A3D70A3D70A4","40433851EB851EB8"
51,2100061223,360,197,1,1.45,"",39.7,1,"3FF7333333333333","4043D9999999999A"
51,2100061223,361,84,1,1.45,"",35.58,1,"3FF7333333333333","4041CA3D70A3D70A"
51,2100061223,362,100,1,1.45,"",37.93,1,"3FF7333333333333","4042F70A3D70A3D7"
51,2100061223,363,353,1,0.99,"B",25.05,1,"3FEFAE147AE147AE","40390CCCCCCCCCCD"
51,2100061223,364,205,1,0.99,"B",22.48,1,"3FEFAE147AE147AE","40367AE147AE147B"
51,2100061223,365,123,1,1.45,"",42.65,1,"3FF7333333333333","4045533333333333"
51,2100061223,366,123,1,1.45,"",42.65,1,"3FF7333333333333","4045533333333333"
51,2100061223,367,103,1,1.45,"",32.09,1,"3FF7333333333333","40400B851EB851EC"
51,2100061223,368,110,1,1.45,"",31.51,1,"3FF7333333333333","403F828F5C28F5C3"
51,2100061223,369,70,1,1.45,"",31.51,1,"3FF7333333333333","403F828F5C28F5C3"
51,2100061223,370,121,1,1.45,"",32.03,1,"3FF7333333333333","404003D70A3D70A4"
51,2100061223,371,146,1,1.45,"",41.01,1,"3FF7333333333333","40448147AE147AE1"
51,2100061223,372,146,1,1.45,"",41.01,1,"3FF7333333333333","40448147AE147AE1"
51,2100061223,373,1034,1,1.35,"B",35.82,1,"3FF599999999999A","4041E8F5C28F5C29"
51,2100061223,374,85,1,1.45,"",43.68,1,"3FF7333333333333","4045D70A3D70A3D7"
51,2100061223,375,83,1,1.43,"",39.14,1,"3FF6E147AE147AE1","404391EB851EB852"
51,2100061223,376,138,1,1.29,"S",32.32,1,"3FF4A3D70A3D70A4","404028F5C28F5C29"
51,2100061223,377,362,1,1.29,"S",45.54,1,"3FF4A3D70A3D70A4","4046C51EB851EB85"
