cmov.csv
"STORE","UPC","WEEK","MOVE","QTY","PRICE","SALE","PROFIT","OK","PRICE_HEX","PROFIT_HEX"
52,2100061223,1,490,1,0.99,"B",16.46,1,"3FEFAE147AE147AE","403075C28F5C28F6"
52,2100061223,2,344,1,0.99,"B",16.46,1,"3FEFAE147AE147AE","403075C28F5C28F6"
52,2100061223,3,521,1,0.99,"B",17.68,1,"3FEFAE147AE147AE","4031AE147AE147AE"
52,2100061223,4,394,1,0.99,"",17.68,1,"3FEFAE147AE147AE","4031AE147AE147AE"
52,2100061223,5,553,1,0.89,"B",7.75,1,"3FEC7AE147AE147B","401F000000000000"
52,2100061223,6,168,1,1.27,"",33.78,1,"3FF451EB851EB852","4040E3D70A3D70A4"
52,2100061223,7,301,1,1.27,"",34.8,1,"3FF451EB851EB852","4041666666666666"
52,2100061223,8,658,1,0.99,"B",16.36,1,"3FEFAE147AE147AE","40305C28F5C28F5C"
52,2100061223,9,296,1,0.99,"B",16.36,1,"3FEFAE147AE147AE","40305C28F5C28F5C"
52,2100061223,10,800,1,0.99,"",16.36,1,"3FEFAE147AE147AE","40305C28F5C28F5C"
52,2100061223,11,247,1,0.99,"",16.36,1,"3FEFAE147AE147AE","40305C28F5C28F5C"
52,2100061223,12,164,1,1.27,"",34.8,1,"3FF451EB851EB852","4041666666666666"
52,2100061223,13,256,1,1.27,"",34.8,1,"3FF451EB851EB852","4041666666666666"
52,2100061223,14,783,1,0.99,"B",16.36,1,"3FEFAE147AE147AE","40305C28F5C28F5C"
52,2100061223,15,777,1,0.99,"B",16.36,1,"3FEFAE147AE147AE","40305C28F5C28F5C"
52,2100061223,16,417,1,0.99,"B",16.36,1,"3FEFAE147AE147AE","40305C28F5C28F5C"
52,2100061223,17,150,1,1.27,"",34.8,1,"3FF451EB851EB852","4041666666666666"
52,2100061223,18,144,1,1.27,"",34.8,1,"3FF451EB851EB852","4041666666666666"
52,2100061223,19,213,1,1.27,"",34.8,1,"3FF451EB851EB852","4041666666666666"
52,2100061223,20,556,1,0.99,"",16.36,1,"3FEFAE147AE147AE","40305C28F5C28F5C"
52,2100061223,21,239,1,0.99,"B",16.36,1,"3FEFAE147AE147AE","40305C28F5C28F5C"
52,2100061223,22,173,1,1.27,"",34.8,1,"3FF451EB851EB852","4041666666666666"
52,2100061223,23,203,1,1.27,"",34.8,1,"3FF451EB851EB852","4041666666666666"
52,2100061223,24,192,1,1.27,"",30.08,1,"3FF451EB851EB852","403E147AE147AE14"
52,2100061223,25,171,1,1.27,"",30.08,1,"3FF451EB851EB852","403E147AE147AE14"
52,2100061223,26,178,1,1.27,"",30.08,1,"3FF451EB851EB852","403E147AE147AE14"
52,2100061223,27,204,1,1.27,"",30.08,1,"3FF451EB851EB852","403E147AE147AE14"
52,2100061223,28,181,1,1.27,"",30.08,1,"3FF451EB851EB852","403E147AE147AE14"
52,2100061223,29,246,1,1.27,"",34.8,1,"3FF451EB851EB852","4041666666666666"
52,2100061223,30,498,1,0.99,"B",16.36,1,"3FEFAE147AE147AE","40305C28F5C28F5C"
52,2100061223,31,263,1,0.99,"B",16.36,1,"3FEFAE147AE147AE","40305C28F5C28F5C"
52,2100061223,32,110,1,1.27,"",34.8,1,"3FF451EB851EB852","4041666666666666"
52,2100061223,33,195,1,1.27,"",34.8,1,"3FF451EB851EB852","4041666666666666"
52,2100061223,34,195,1,1.27,"",34.8,1,"3FF451EB851EB852","4041666666666666"
52,2100061223,35,309,1,1.09,"B",24.04,1,"3FF170A3D70A3D71","40380A3D70A3D70A"
52,2100061223,36,289,1,1.09,"B",24.04,1,"3FF170A3D70A3D71","40380A3D70A3D70A"
52,2100061223,37,494,1,0.99,"",23.33,1,"3FEFAE147AE147AE","4037547AE147AE14"
52,2100061223,38,192,1,1.27,"",40.24,1,"3FF451EB851EB852","40441EB851EB851F"
52,2100061223,39,195,1,1.27,"",37.17,1,"3FF451EB851EB852","404295C28F5C28F6"
52,2100061223,40,296,1,1.27,"",37.17,1,"3FF451EB851EB852","404295C28F5C28F6"
52,2100061223,41,223,1,1.27,"",37.17,1,"3FF451EB851EB852","404295C28F5C28F6"
52,2100061223,42,807,1,0.89,"B",7.98,1,"3FEC7AE147AE147B","401FEB851EB851EC"
52,2100061223,43,358,1,0.89,"B",7.98,1,"3FEC7AE147AE147B","401FEB851EB851EC"
52,2100061223,44,273,1,0.89,"",7.98,1,"3FEC7AE147AE147B","401FEB851EB851EC"
52,2100061223,45,230,1,1.29,"",31.78,1,"3FF4A3D70A3D70A4","403FC7AE147AE148"
52,2100061223,46,231,1,1.29,"",31.78,1,"3FF4A3D70A3D70A4","403FC7AE147AE148"
52,2100061223,47,186,1,1.29,"",31.16,1,"3FF4A3D70A3D70A4","403F28F5C28F5C29"
52,2100061223,48,199,1,1.29,"",31.16,1,"3FF4A3D70A3D70A4","403F28F5C28F5C29"
52,2100061223,49,176,1,1.29,"",31.16,1,"3FF4A3D70A3D70A4","403F28F5C28F5C29"
52,2100061223,50,235,1,1.29,"",31.16,1,"3FF4A3D70A3D70A4","403F28F5C28F5C29"
52,2100061223,51,221,1,1.29,"",33.26,1,"3FF4A3D70A3D70A4","4040A147AE147AE1"
52,2100061223,52,816,1,0.99,"B",15.86,1,"3FEFAE147AE147AE","402FB851EB851EB8"
52,2100061223,53,400,1,0.99,"B",16.06,1,"3FEFAE147AE147AE","40300F5C28F5C28F"
52,2100061223,54,320,1,0.99,"",16.06,1,"3FEFAE147AE147AE","40300F5C28F5C28F"
52,2100061223,55,184,1,1.29,"",35.58,1,"3FF4A3D70A3D70A4","4041CA3D70A3D70A"
52,2100061223,56,175,1,1.29,"",35.58,1,"3FF4A3D70A3D70A4","4041CA3D70A3D70A"
52,2100061223,57,183,1,1.29,"",35.74,1,"3FF4A3D70A3D70A4","4041DEB851EB851F"
52,2100061223,58,395,1,1.29,"",35.74,1,"3FF4A3D70A3D70A4","4041DEB851EB851F"
52,2100061223,59,1681,1,0.65,"S",27.38,1,"3FE4CCCCCCCCCCCD","403B6147AE147AE1"
52,2100061223,60,133,1,1.29,"",35.81,1,"3FF4A3D70A3D70A4","4041E7AE147AE148"
52,2100061223,61,911,1,0.99,"B",16.36,1,"3FEFAE147AE147AE","40305C28F5C28F5C"
52,2100061223,62,192,1,0.99,"",16.36,1,"3FEFAE147AE147AE","40305C28F5C28F5C"
52,2100061223,63,176,1,1.29,"",35.81,1,"3FF4A3D70A3D70A4","4041E7AE147AE148"
52,2100061223,64,264,1,1.29,"",35.81,1,"3FF4A3D70A3D70A4","4041E7AE147AE148"
52,2100061223,65,1174,1,0.89,"B",11.12,1,"3FEC7AE147AE147B","40263D70A3D70A3D"
52,2100061223,66,565,1,1.29,"B",36.67,1,"3FF4A3D70A3D70A4","404255C28F5C28F6"
52,2100061223,67,509,1,0.99,"B",16.97,1,"3FEFAE147AE147AE","4030F851EB851EB8"
52,2100061223,68,222,1,0.99,"B",16.97,1,"3FEFAE147AE147AE","4030F851EB851EB8"
52,2100061223,69,147,1,1.3,"B",36.77,1,"3FF4CCCCCCCCCCCD","4042628F5C28F5C3"
52,2100061223,70,562,1,0.89,"B",11.46,1,"3FEC7AE147AE147B","4026EB851EB851EC"
52,2100061223,71,173,1,1.3,"",39.38,1,"3FF4CCCCCCCCCCCD","4043B0A3D70A3D71"
52,2100061223,72,123,1,1.3,"",39.38,1,"3FF4CCCCCCCCCCCD","4043B0A3D70A3D71"
52,2100061223,73,148,1,1.33,"",40.75,1,"3FF547AE147AE148","4044600000000000"
52,2100061223,74,135,1,1.33,"",40.75,1,"3FF547AE147AE148","4044600000000000"
52,2100061223,75,136,1,1.33,"",40.75,1,"3FF547AE147AE148","4044600000000000"
52,2100061223,76,86,1,1.33,"",40.75,1,"3FF547AE147AE148","4044600000000000"
52,2100061223,77,126,1,1.33,"",37.74,1,"3FF547AE147AE148","4042DEB851EB851F"
52,2100061223,78,150,1,1.33,"",37.74,1,"3FF547AE147AE148","4042DEB851EB851F"
52,2100061223,79,316,1,1.33,"",37.74,1,"3FF547AE147AE148","4042DEB851EB851F"
52,2100061223,80,695,1,0.89,"B",7.98,1,"3FEC7AE147AE147B","401FEB851EB851EC"
52,2100061223,81,245,1,0.89,"B",7.98,1,"3FEC7AE147AE147B","401FEB851EB851EC"
52,2100061223,82,122,1,1.33,"",38.27,1,"3FF547AE147AE148","4043228F5C28F5C3"
52,2100061223,83,149,1,1.33,"",37.89,1,"3FF547AE147AE148","4042F1EB851EB852"
52,2100061223,84,145,1,1.33,"",37.89,1,"3FF547AE147AE148","4042F1EB851EB852"
52,2100061223,85,168,1,1.33,"",37.89,1,"3FF547AE147AE148","4042F1EB851EB852"
52,2100061223,86,203,1,1.33,"",37.89,1,"3FF547AE147AE148","4042F1EB851EB852"
52,2100061223,87,234,1,1.33,"",33.23,1,"3FF547AE147AE148","40409D70A3D70A3D"
52,2100061223,88,770,1,0.99,"B",16.46,1,"3FEFAE147AE147AE","403075C28F5C28F6"
52,2100061223,89,318,1,0.99,"",19.39,1,"3FEFAE147AE147AE","403363D70A3D70A4"
52,2100061223,90,255,1,0.99,"B",19.39,1,"3FEFAE147AE147AE","403363D70A3D70A4"
52,2100061223,91,291,1,0.99,"B",16.57,1,"3FEFAE147AE147AE","403091EB851EB852"
52,2100061223,92,278,1,0.99,"B",16.36,1,"3FEFAE147AE147AE","40305C28F5C28F5C"
52,2100061223,93,542,1,0.99,"B",16.36,1,"3FEFAE147AE147AE","40305C28F5C28F5C"
52,2100061223,94,272,1,0.99,"B",16.36,1,"3FEFAE147AE147AE","40305C28F5C28F5C"
52,2100061223,95,124,1,1.33,"",37.74,1,"3FF547AE147AE148","4042DEB851EB851F"
52,2100061223,96,167,1,1.33,"",36.47,1,"3FF547AE147AE148","40423C28F5C28F5C"
52,2100061223,97,166,1,1.33,"",33.38,1,"3FF547AE147AE148","4040B0A3D70A3D71"
52,2100061223,98,148,1,1.33,"",33.23,1,"3FF547AE147AE148","40409D70A3D70A3D"
52,2100061223,99,170,1,1.38,"",35.65,1,"3FF6147AE147AE14","4041D33333333333"
52,2100061223,100,260,1,1.44,"",41.25,1,"3FF70A3D70A3D70A","4044A00000000000"
52,2100061223,101,288,1,1.44,"",42.15,1,"3FF70A3D70A3D70A","4045133333333333"
52,2100061223,102,760,1,0.89,"B",6.85,1,"3FEC7AE147AE147B","401B666666666666"
52,2100061223,103,461,1,0.89,"B",6.85,1,"3FEC7AE147AE147B","401B666666666666"
52,2100061223,104,215,1,0.89,"",6.85,1,"3FEC7AE147AE147B","401B666666666666"
52,2100061223,105,141,1,1.44,"",42.43,1,"3FF70A3D70A3D70A","4045370A3D70A3D7"
52,2100061223,106,167,1,1.38,"",39.93,1,"3FF6147AE147AE14","4043F70A3D70A3D7"
52,2100061223,107,278,1,1.09,"S",22.66,1,"3FF170A3D70A3D71","4036A8F5C28F5C29"
52,2100061223,108,139,1,1.38,"",38.48,1,"3FF6147AE147AE14","40433D70A3D70A3D"
52,2100061223,109,151,1,1.38,"",38.33,1,"3FF6147AE147AE14","40432A3D70A3D70A"
52,2100061223,110,1232,1,0.89,"B",3.6,1,"3FEC7AE147AE147B","400CCCCCCCCCCCCD"
52,2100061223,111,251,1,0.89,"B",10.45,1,"3FEC7AE147AE147B","4024E66666666666"
52,2100061223,112,218,1,1.38,"",42.25,1,"3FF6147AE147AE14","4045200000000000"
52,2100061223,113,436,1,1.38,"",42.25,1,"3FF6147AE147AE14","4045200000000000"
52,2100061223,114,973,1,0.99,"B",14.34,1,"3FEFAE147AE147AE","402CAE147AE147AE"
52,2100061223,115,389,1,0.99,"B",14.34,1,"3FEFAE147AE147AE","402CAE147AE147AE"
52,2100061223,116,176,1,0.99,"B",10.51,1,"3FEFAE147AE147AE","4025051EB851EB85"
52,2100061223,117,104,1,1.38,"",35.8,1,"3FF6147AE147AE14","4041E66666666666"
52,2100061223,118,274,1,1.19,"B",26.72,1,"3FF30A3D70A3D70A","403AB851EB851EB8"
52,2100061223,119,221,1,1.19,"",26.81,1,"3FF30A3D70A3D70A","403ACF5C28F5C28F"
52,2100061223,120,135,1,1.38,"",36.88,1,"3FF6147AE147AE14","404270A3D70A3D71"
52,2100061223,121,163,1,1.38,"",36.88,1,"3FF6147AE147AE14","404270A3D70A3D71"
52,2100061223,122,164,1,1.38,"",36.88,1,"3FF6147AE147AE14","404270A3D70A3D71"
52,2100061223,123,117,1,1.38,"",38.55,1,"3FF6147AE147AE14","4043466666666666"
52,2100061223,124,150,1,1.38,"",38.55,1,"3FF6147AE147AE14","4043466666666666"
52,2100061223,125,123,1,1.35,"",37.19,1,"3FF599999999999A","40429851EB851EB8"
52,2100061223,126,197,1,1.35,"",38.67,1,"3FF599999999999A","404355C28F5C28F6"
52,2100061223,127,280,1,0.99,"",23.43,1,"3FEFAE147AE147AE","40376E147AE147AE"
52,2100061223,128,282,1,0.99,"B",23.43,1,"3FEFAE147AE147AE","40376E147AE147AE"
52,2100061223,129,207,1,0.99,"B",23.43,1,"3FEFAE147AE147AE","40376E147AE147AE"
52,2100061223,130,347,1,0.99,"B",16.36,1,"3FEFAE147AE147AE","40305C28F5C28F5C"
52,2100061223,131,429,1,0.99,"B",16.36,1,"3FEFAE147AE147AE","40305C28F5C28F5C"
52,2100061223,132,175,1,0.99,"B",16.36,1,"3FEFAE147AE147AE","40305C28F5C28F5C"
52,2100061223,133,190,1,1.35,"",38.67,1,"3FF599999999999A","404355C28F5C28F6"
52,2100061223,134,375,1,0.99,"B",16.36,1,"3FEFAE147AE147AE","40305C28F5C28F5C"
52,2100061223,135,161,1,0.99,"",16.36,1,"3FEFAE147AE147AE","40305C28F5C28F5C"
52,2100061223,136,155,1,1.35,"",38.67,1,"3FF599999999999A","404355C28F5C28F6"
